--------- beginning of main
03-23 01:34:04.966   431   431 I SELinux : SELinux: Loaded service_contexts from:
03-23 01:34:04.967   431   431 I SELinux :     /vendor/etc/selinux/vndservice_contexts
03-23 01:34:04.967   431   431 E SELinux : avc:  denied  { add } for pid=431 uid=0 name=manager scontext=u:r:recovery:s0 tcontext=u:object_r:service_manager_vndservice:s0 tclass=service_manager permissive=1
03-23 01:34:04.967   430   430 I SELinux : SELinux: Loaded service_contexts from:
03-23 01:34:04.967   430   430 I SELinux :     /system/etc/selinux/plat_service_contexts
03-23 01:34:04.968   430   430 E SELinux : avc:  denied  { add } for pid=430 uid=0 name=manager scontext=u:r:recovery:s0 tcontext=u:object_r:service_manager_service:s0 tclass=service_manager permissive=1
--------- beginning of kernel
03-23 01:34:04.076     0     0 I         : Booting Linux on physical CPU 0x0000000000 [0x410fd811]
03-23 01:34:04.076     0     0 I         : Linux version 6.6.87-android15-8-gc2569c3b141c-ab13768703-4k (kleaf@build-host) (Android (11368308, +pgo, +bolt, +lto, +mlgo, based on r510928) clang version 18.0.0 (https://android.googlesource.com/toolchain/llvm-project 477610d4d0d988e69dbc3fae4fe86bff3f07f2b5), LLD 18.0.0) #1 SMP PREEMPT Fri Jul 11 15:27:01 UTC 2025
03-23 01:34:04.076     0     0 I         : KASLR enabled
03-23 01:34:04.076     0     0 I random  : crng init done
03-23 01:34:04.076     0     0 I Machine model: Qualcomm Technologies, Inc. Tuna QRD
03-23 01:34:04.076     0     0 I stackdepot: disabled
03-23 01:34:04.076     0     0 W         : KVM is not available. Ignoring kvm-arm.mode
03-23 01:34:04.076     0     0 I printk  : debug: ignoring loglevel setting.
03-23 01:34:04.076     0     0 I efi     : UEFI not found.
03-23 01:34:04.076     0     0 I Reserved memory: created CMA memory pool at 0x00000000ff400000, size 4 MiB
03-23 01:34:04.076     0     0 I OF      : reserved mem: initialized node cdsp_eva_region, compatible id shared-dma-pool
03-23 01:34:04.076     0     0 I OF      : reserved mem: 0x00000000ff400000..0x00000000ff7fffff (4096 KiB) map reusable cdsp_eva_region
03-23 01:34:04.076     0     0 I Reserved memory: created CMA memory pool at 0x00000000f1400000, size 36 MiB
03-23 01:34:04.076     0     0 I OF      : reserved mem: initialized node linux,cma, compatible id shared-dma-pool
03-23 01:34:04.076     0     0 I OF      : reserved mem: 0x00000000f1400000..0x00000000f37fffff (36864 KiB) map reusable linux,cma
03-23 01:34:04.076     0     0 I OF      : reserved mem: 0x0000000afffff000..0x0000000affffffff (4 KiB) nomap non-reusable debug_kinfo_region
03-23 01:34:04.076     0     0 I Reserved memory: created CMA memory pool at 0x00000000f0400000, size 16 MiB
03-23 01:34:04.076     0     0 I OF      : reserved mem: initialized node va_md_mem_region, compatible id shared-dma-pool
03-23 01:34:04.076     0     0 I OF      : reserved mem: 0x00000000f0400000..0x00000000f13fffff (16384 KiB) map reusable va_md_mem_region
03-23 01:34:04.076     0     0 I OF      : reserved mem: 0x0000000affbff000..0x0000000affffefff (4096 KiB) nomap non-reusable ramoops-region
03-23 01:34:04.076     0     0 I Reserved memory: created CMA memory pool at 0x00000000efc00000, size 8 MiB
03-23 01:34:04.076     0     0 I OF      : reserved mem: initialized node vm_comm_mem_region, compatible id shared-dma-pool
03-23 01:34:04.076     0     0 I OF      : reserved mem: 0x00000000efc00000..0x00000000f03fffff (8192 KiB) map reusable vm_comm_mem_region
03-23 01:34:04.076     0     0 I Reserved memory: created CMA memory pool at 0x00000000ef000000, size 12 MiB
03-23 01:34:04.076     0     0 I OF      : reserved mem: initialized node adsp_heap_region, compatible id shared-dma-pool
03-23 01:34:04.076     0     0 I OF      : reserved mem: 0x00000000ef000000..0x00000000efbfffff (12288 KiB) map reusable adsp_heap_region
03-23 01:34:04.076     0     0 I Reserved memory: created CMA memory pool at 0x00000000ea800000, size 72 MiB
03-23 01:34:04.076     0     0 I OF      : reserved mem: initialized node secure_cdsp_region, compatible id shared-dma-pool
03-23 01:34:04.076     0     0 I OF      : reserved mem: 0x00000000ea800000..0x00000000eeffffff (73728 KiB) map reusable secure_cdsp_region
03-23 01:34:04.076     0     0 I Reserved memory: created CMA memory pool at 0x00000000cb800000, size 200 MiB
03-23 01:34:04.076     0     0 I OF      : reserved mem: initialized node non_secure_display_region, compatible id shared-dma-pool
03-23 01:34:04.076     0     0 I OF      : reserved mem: 0x00000000cb800000..0x00000000d7ffffff (204800 KiB) map reusable non_secure_display_region
03-23 01:34:04.076     0     0 I Reserved memory: created CMA memory pool at 0x00000000e9400000, size 20 MiB
03-23 01:34:04.076     0     0 I OF      : reserved mem: initialized node qseecom_region, compatible id shared-dma-pool
03-23 01:34:04.076     0     0 I OF      : reserved mem: 0x00000000e9400000..0x00000000ea7fffff (20480 KiB) map reusable qseecom_region
03-23 01:34:04.076     0     0 I Reserved memory: created CMA memory pool at 0x00000000e8000000, size 20 MiB
03-23 01:34:04.076     0     0 I OF      : reserved mem: initialized node qseecom_ta_region, compatible id shared-dma-pool
03-23 01:34:04.076     0     0 I OF      : reserved mem: 0x00000000e8000000..0x00000000e93fffff (20480 KiB) map reusable qseecom_ta_region
03-23 01:34:04.076     0     0 I OF      : reserved mem: 0x0000000afe3ff000..0x0000000affbfefff (24576 KiB) map non-reusable mem_dump_region
03-23 01:34:04.076     0     0 I OF      : reserved mem: 0x0000000080000000..0x0000000080dfffff (14336 KiB) nomap non-reusable gunyah_hyp_region@80000000
03-23 01:34:04.076     0     0 I OF      : reserved mem: 0x0000000080e00000..0x00000000811fffff (4096 KiB) nomap non-reusable cpusys_vm_region@80e00000
03-23 01:34:04.076     0     0 I OF      : reserved mem: 0x0000000081200000..0x00000000812fffff (1024 KiB) nomap non-reusable cpucp_region@81200000
03-23 01:34:04.076     0     0 I OF      : reserved mem: 0x0000000081a00000..0x0000000081a3ffff (256 KiB) nomap non-reusable xbl_dtlog_region@81a00000
03-23 01:34:04.076     0     0 I OF      : reserved mem: 0x0000000081c00000..0x0000000081c5ffff (384 KiB) nomap non-reusable aop_image_region@81c00000
03-23 01:34:04.076     0     0 I OF      : reserved mem: 0x0000000081c60000..0x0000000081c7ffff (128 KiB) nomap non-reusable aop_cmd_db_region@81c60000
03-23 01:34:04.076     0     0 I OF      : reserved mem: 0x0000000081c80000..0x0000000081c9ffff (128 KiB) nomap non-reusable aop_config_region@81c80000
03-23 01:34:04.076     0     0 I OF      : reserved mem: 0x0000000081ca0000..0x0000000081cdffff (256 KiB) nomap non-reusable tme_crash_dump_region@81ca0000
03-23 01:34:04.076     0     0 I OF      : reserved mem: 0x0000000081ce0000..0x0000000081ce3fff (16 KiB) nomap non-reusable tme_log_region@81ce0000
03-23 01:34:04.076     0     0 I OF      : reserved mem: 0x0000000081ce4000..0x0000000081cf3fff (64 KiB) nomap non-reusable uefi_log_region@81ce4000
03-23 01:34:04.076     0     0 I OF      : reserved mem: 0x0000000081cf4000..0x0000000081cf4fff (4 KiB) nomap non-reusable chipinfo_region@81cf4000
03-23 01:34:04.076     0     0 I OF      : reserved mem: 0x0000000081d00000..0x0000000081efffff (2048 KiB) nomap non-reusable smem_region@81d00000
03-23 01:34:04.076     0     0 I OF      : reserved mem: 0x0000000082200000..0x000000008237ffff (1536 KiB) nomap non-reusable cpucp_scandump_region@82200000
03-23 01:34:04.076     0     0 I OF      : reserved mem: 0x0000000082380000..0x000000008239ffff (128 KiB) nomap non-reusable adsp_mhi_region@82380000
03-23 01:34:04.076     0     0 I OF      : reserved mem: 0x00000000823a0000..0x00000000823dffff (256 KiB) nomap non-reusable soccp_sdi_region@823a0000
03-23 01:34:04.076     0     0 I OF      : reserved mem: 0x00000000823e0000..0x000000008245ffff (512 KiB) nomap non-reusable pmic_minii_dump_region@823e0000
03-23 01:34:04.076     0     0 I OF      : reserved mem: 0x00000000824a0000..0x000000008259ffff (1024 KiB) nomap non-reusable pvm_fw_region@824a0000
03-23 01:34:04.076     0     0 I OF      : reserved mem: 0x00000000825a0000..0x00000000825fffff (384 KiB) nomap non-reusable hyp_mem_database_region@825a0000
03-23 01:34:04.076     0     0 I OF      : reserved mem: 0x0000000082600000..0x00000000826fffff (1024 KiB) nomap non-reusable global_sync_region@82600000
03-23 01:34:04.076     0     0 I OF      : reserved mem: 0x0000000082700000..0x00000000827fffff (1024 KiB) nomap non-reusable tz_stat_region@82700000
03-23 01:34:04.076     0     0 I Reserved memory: created CMA memory pool at 0x0000000082800000, size 32 MiB
03-23 01:34:04.076     0     0 I OF      : reserved mem: initialized node qdss_apps_region@82800000, compatible id shared-dma-pool
03-23 01:34:04.076     0     0 I OF      : reserved mem: 0x0000000082800000..0x00000000847fffff (32768 KiB) map reusable qdss_apps_region@82800000
03-23 01:34:04.076     0     0 I OF      : reserved mem: 0x0000000084a00000..0x00000000880fffff (56320 KiB) nomap non-reusable dsm_partition_1_region@84a00000
03-23 01:34:04.076     0     0 I OF      : reserved mem: 0x0000000088100000..0x0000000094dfffff (209920 KiB) nomap non-reusable mpss_region@88100000
03-23 01:34:04.076     0     0 I OF      : reserved mem: 0x0000000094e00000..0x0000000094e7ffff (512 KiB) nomap non-reusable q6_mpss_dtb_region@94e00000
03-23 01:34:04.076     0     0 I OF      : reserved mem: 0x0000000094e80000..0x0000000094e8ffff (64 KiB) nomap non-reusable ipa_fw_region@94e80000
03-23 01:34:04.076     0     0 I OF      : reserved mem: 0x0000000094e90000..0x0000000094e99fff (40 KiB) nomap non-reusable ipa_gsi_region@94e90000
03-23 01:34:04.076     0     0 I OF      : reserved mem: 0x0000000094e9a000..0x0000000094e9bfff (8 KiB) nomap non-reusable gpu_microcode_region@94e9a000
03-23 01:34:04.076     0     0 I OF      : reserved mem: 0x0000000094f00000..0x00000000956fffff (8192 KiB) nomap non-reusable camera_region@94f00000
03-23 01:34:04.975   429   429 E SELinux : avc:  denied  { add } for interface=android.hidl.base::IBase sid=u:r:recovery:s0 pid=429 scontext=u:r:recovery:s0 tcontext=u:object_r:hidl_base_hwservice:s0 tclass=hwservice_manager permissive=1
03-23 01:34:04.076     0     0 I OF      : reserved mem: 0x0000000095700000..0x0000000095efffff (8192 KiB) nomap non-reusable camera_2_region@95700000
03-23 01:34:04.076     0     0 I OF      : reserved mem: 0x0000000095f00000..0x00000000966fffff (8192 KiB) nomap non-reusable video_region@95f00000
03-23 01:34:04.076     0     0 I OF      : reserved mem: 0x0000000096700000..0x0000000096dfffff (7168 KiB) nomap non-reusable cvp_region@96700000
03-23 01:34:04.076     0     0 I OF      : reserved mem: 0x0000000096e00000..0x0000000096f7ffff (1536 KiB) nomap non-reusable soccp_region@96e00000
03-23 01:34:04.076     0     0 I OF      : reserved mem: 0x0000000097000000..0x00000000988fffff (25600 KiB) nomap non-reusable wpss_region@97000000
03-23 01:34:04.076     0     0 I OF      : reserved mem: 0x0000000098900000..0x0000000099cfffff (20480 KiB) nomap non-reusable cdsp_region@98900000
03-23 01:34:04.076     0     0 I OF      : reserved mem: 0x0000000099d00000..0x0000000099d7ffff (512 KiB) nomap non-reusable q6_cdsp_dtb_region@99d00000
03-23 01:34:04.076     0     0 I OF      : reserved mem: 0x0000000099d80000..0x0000000099dfffff (512 KiB) nomap non-reusable q6_adsp_dtb_region@99d80000
03-23 01:34:04.076     0     0 I OF      : reserved mem: 0x0000000099e00000..0x000000009f87ffff (92672 KiB) nomap non-reusable adspslpi_region@0x99e00000
03-23 01:34:04.076     0     0 I OF      : reserved mem: 0x00000000a6400000..0x00000000a6ffffff (12288 KiB) nomap non-reusable wlan_msa_region@a6400000
03-23 01:34:04.076     0     0 I OF      : reserved mem: 0x00000000b8000000..0x00000000b81bffff (1792 KiB) nomap non-reusable xbl_ramdump_region@b8000000
03-23 01:34:04.076     0     0 I OF      : reserved mem: 0x00000000d8000000..0x00000000d85fffff (6144 KiB) nomap non-reusable tz_merged_region@d8000000
03-23 01:34:04.076     0     0 I Reserved memory: created CMA memory pool at 0x00000000f3800000, size 68 MiB
03-23 01:34:04.076     0     0 I OF      : reserved mem: initialized node trust_ui_vm_region@f3800000, compatible id shared-dma-pool
03-23 01:34:04.076     0     0 I OF      : reserved mem: 0x00000000f3800000..0x00000000f7bfffff (69632 KiB) map reusable trust_ui_vm_region@f3800000
03-23 01:34:04.076     0     0 I Reserved memory: created CMA memory pool at 0x00000000f7c00000, size 76 MiB
03-23 01:34:04.076     0     0 I OF      : reserved mem: initialized node oem_vm_region@f7c00000, compatible id shared-dma-pool
03-23 01:34:04.076     0     0 I OF      : reserved mem: 0x00000000f7c00000..0x00000000fc7fffff (77824 KiB) map reusable oem_vm_region@f7c00000
03-23 01:34:04.076     0     0 I OF      : reserved mem: 0x00000000fc800000..0x00000000ff2fffff (44032 KiB) map non-reusable splash_region
03-23 01:34:04.076     0     0 I OF      : reserved mem: 0x00000000ff800000..0x00000000ffdfffff (6144 KiB) nomap non-reusable llcc_lpi_region@ff800000
03-23 01:34:04.076     0     0 I Zone ranges:  
03-23 01:34:04.076     0     0 I         : DMA32    empty
03-23 01:34:04.076     0     0 I         : Normal   [mem 0x0000000081300000-0x0000000affffffff]
03-23 01:34:04.975   429   429 E SELinux : avc:  denied  { add } for interface=android.hidl.manager::IServiceManager sid=u:r:recovery:s0 pid=429 scontext=u:r:recovery:s0 tcontext=u:object_r:hidl_manager_hwservice:s0 tclass=hwservice_manager permissive=1
03-23 01:34:04.076     0     0 I         : Movable zone start for each node
03-23 01:34:04.076     0     0 I         : NoSplit zone start for each node
03-23 01:34:04.076     0     0 I         : NoMerge zone start for each node
03-23 01:34:04.076     0     0 I         : Early memory node ranges
03-23 01:34:04.076     0     0 I node   0: [mem 0x0000000081300000-0x00000000813fffff]
03-23 01:34:04.076     0     0 I node   0: [mem 0x0000000081960000-0x00000000819fffff]
03-23 01:34:04.076     0     0 I node   0: [mem 0x0000000081a40000-0x0000000081bfffff]
03-23 01:34:04.076     0     0 I node   0: [mem 0x0000000081cf5000-0x0000000081cfffff]
03-23 01:34:04.076     0     0 I node   0: [mem 0x0000000081f00000-0x00000000821fffff]
03-23 01:34:04.076     0     0 I node   0: [mem 0x0000000082460000-0x000000008249ffff]
03-23 01:34:04.076     0     0 I node   0: [mem 0x0000000082800000-0x00000000849fffff]
03-23 01:34:04.975   429   429 I hwservicemanager: getFrameworkHalManifest: Reading VINTF information.
03-23 01:34:04.076     0     0 I node   0: [mem 0x0000000094e9c000-0x0000000094efffff]
03-23 01:34:04.076     0     0 I node   0: [mem 0x0000000096f80000-0x0000000096ffffff]
03-23 01:34:04.076     0     0 I node   0: [mem 0x000000009f880000-0x00000000a63fffff]
03-23 01:34:04.076     0     0 I node   0: [mem 0x00000000a7000000-0x00000000b7ffffff]
03-23 01:34:04.076     0     0 I node   0: [mem 0x00000000b81c0000-0x00000000d7ffffff]
03-23 01:34:04.076     0     0 I node   0: [mem 0x00000000e2320000-0x00000000ff7fffff]
03-23 01:34:04.076     0     0 I node   0: [mem 0x00000000ffe00000-0x00000000ffffffff]
03-23 01:34:04.076     0     0 I node   0: [mem 0x0000000880000000-0x00000008af8fdfff]
03-23 01:34:04.076     0     0 I node   0: [mem 0x00000008b0000000-0x00000008ba2fffff]
03-23 01:34:04.076     0     0 I node   0: [mem 0x00000008c0000000-0x0000000affbfefff]
03-23 01:34:04.076     0     0 I node   0: [mem 0x0000000affbff000-0x0000000affffffff]
03-23 01:34:04.076     0     0 I         : Initmem setup node 0 [mem 0x0000000081300000-0x0000000affffffff]
03-23 01:34:04.076     0     0 I         : On node 0, zone Normal: 4864 pages in unavailable ranges
03-23 01:34:04.076     0     0 I         : On node 0, zone Normal: 1376 pages in unavailable ranges
03-23 01:34:04.076     0     0 I         : On node 0, zone Normal: 64 pages in unavailable ranges
03-23 01:34:04.076     0     0 I         : On node 0, zone Normal: 245 pages in unavailable ranges
03-23 01:34:04.076     0     0 I         : On node 0, zone Normal: 512 pages in unavailable ranges
03-23 01:34:04.076     0     0 I         : On node 0, zone Normal: 608 pages in unavailable ranges
03-23 01:34:04.076     0     0 I         : On node 0, zone Normal: 864 pages in unavailable ranges
03-23 01:34:04.076     0     0 I         : On node 0, zone Normal: 33948 pages in unavailable ranges
03-23 01:34:04.076     0     0 I         : On node 0, zone Normal: 8320 pages in unavailable ranges
03-23 01:34:04.076     0     0 I         : On node 0, zone Normal: 34944 pages in unavailable ranges
03-23 01:34:04.076     0     0 I         : On node 0, zone Normal: 3072 pages in unavailable ranges
03-23 01:34:04.076     0     0 I         : On node 0, zone Normal: 448 pages in unavailable ranges
03-23 01:34:04.076     0     0 I         : On node 0, zone Normal: 8992 pages in unavailable ranges
03-23 01:34:04.076     0     0 I         : On node 0, zone Normal: 1536 pages in unavailable ranges
03-23 01:34:04.076     0     0 I         : On node 0, zone Normal: 1794 pages in unavailable ranges
03-23 01:34:04.076     0     0 I         : On node 0, zone Normal: 23808 pages in unavailable ranges
03-23 01:34:04.076     0     0 I psci    : probing for conduit method from DT.
03-23 01:34:04.076     0     0 I psci    : PSCIv1.1 detected in firmware.
03-23 01:34:04.076     0     0 I psci    : Using standard PSCI v0.2 function IDs
03-23 01:34:04.076     0     0 I psci    : MIGRATE_INFO_TYPE not supported.
03-23 01:34:04.076     0     0 I psci    : SMC Calling Convention v1.3
03-23 01:34:04.076     0     0 I psci    : OSI mode supported.
03-23 01:34:04.076     0     0 I Load bootconfig: 1910 bytes 113 nodes
03-23 01:34:04.076     0     0 I percpu  : Embedded 31 pages/cpu s88232 r8192 d30552 u126976
03-23 01:34:04.076     0     0 D pcpu-alloc: s88232 r8192 d30552 u126976 alloc=31*4096
03-23 01:34:04.076     0     0 D pcpu-alloc: [0] 0 [0] 1 [0] 2 [0] 3 [0] 4 [0] 5 [0] 6 [0] 7
03-23 01:34:04.076     0     0 I         : Detected PIPT I-cache on CPU0
03-23 01:34:04.076     0     0 W CPU features: SYS_ID_AA64MMFR1_EL1[11:8]: forced to 0
03-23 01:34:04.076     0     0 I CPU features: detected: Address authentication (architected QARMA3 algorithm)
03-23 01:34:04.076     0     0 I CPU features: detected: GIC system register CPU interface
03-23 01:34:04.076     0     0 I CPU features: detected: HCRX_EL2 register
03-23 01:34:04.076     0     0 I CPU features: detected: Hardware dirty bit management
03-23 01:34:04.076     0     0 I CPU features: detected: Spectre-v4
03-23 01:34:04.076     0     0 I CPU features: kernel page table isolation forced OFF by kpti command line option
03-23 01:34:04.076     0     0 I CPU features: detected: SSBS not fully self-synchronizing
03-23 01:34:04.076     0     0 I alternatives: applying boot alternatives
03-23 01:34:04.076     0     0 I         : Kernel command line: console=ttynull stack_depot_disable=on cgroup_disable=pressure kasan.stacktrace=off kvm-arm.mode=protected bootconfig ioremap_guard loglevel=6 cpufreq.default_governor=performance sysctl.kernel.sched_pelt_multiplier=4 no-steal-acc kpti=0 swiotlb=0 loop.max_part=7 pcie_ports=compat irqaffinity=0-1 printk.console_no_auto_verbose=1 kasan=off rcupdate.rcu_expedited=1 rcu_nocbs=0-7 kernel.panic_on_rcu_stall=1 disable_dma32=on cgroup_disable=pressure fw_devlink.strict=1 can.stats_timer=0 ftrace_dump_on_oops cpufreq.default_governor=performance page_poison=on cgroup.memory=nokmem,nosocket pci-msm-drv.pcie_sm_regs=0x1D07000,0x1040,0x1048,0x3000,0x1 restrict_cma_redirect=false video=vfb:640x400,bpp=32,memsize=3072000 qcom_geni_serial.con_enabled=0 nosoftlockup console=ttynull qcom_geni_serial.con_enabled=0 log_buf_len=1M ignore_loglevel printk.devkmsg=on bootconfig  secure_state.is_secure_fuse=1 rpmb_state.is_secure_rpmb=1 erofs.reserved_pages=128 msm_drm.dsi_display0=qcom,mdss_dsi_rm692j0_120h
03-23 01:34:04.076     0     0 I cgroup  : Disabling pressure control group feature
03-23 01:34:04.076     0     0 I cgroup  : Disabling pressure control group feature
03-23 01:34:04.076     0     0 I         : Unknown kernel command line parameters "page_poison=on", will be passed to user space.
03-23 01:34:04.076     0     0 I printk  : log_buf_len: 1048576 bytes
03-23 01:34:04.076     0     0 I printk  : early log buf free: 116504(88%)
03-23 01:34:04.076     0     0 I         : Dentry cache hash table entries: 2097152 (order: 12, 16777216 bytes, linear)
03-23 01:34:04.076     0     0 I         : Inode-cache hash table entries: 1048576 (order: 11, 8388608 bytes, linear)
03-23 01:34:04.076     0     0 I         : Built 1 zonelists, mobility grouping on.  Total pages: 2908628
03-23 01:34:04.076     0     0 I mem auto-init: stack:all(zero), heap alloc:on, heap free:off
03-23 01:34:04.076     0     0 I         : software IO TLB: area num 8.
03-23 01:34:04.076     0     0 I         : software IO TLB: SWIOTLB bounce buffer size roundup to 2MB
03-23 01:34:04.076     0     0 I         : software IO TLB: mapped [mem 0x0000000aeed6e000-0x0000000aeef6e000] (2MB)
03-23 01:34:04.076     0     0 I Memory  : 10824616K/11819188K available (16832K kernel code, 2066K rwdata, 12400K rodata, 4160K init, 583K bss, 417036K reserved, 577536K cma-reserved)
03-23 01:34:04.076     0     0 I SLUB    : HWalign=64, Order=0-3, MinObjects=0, CPUs=8, Nodes=1
03-23 01:34:04.076     0     0 I         : trace event string verifier disabled
03-23 01:34:04.076     0     0 I rcu     : Preemptible hierarchical RCU implementation.
03-23 01:34:04.076     0     0 I rcu     : RCU event tracing is enabled.
03-23 01:34:04.076     0     0 I rcu     : RCU restricting CPUs from NR_CPUS=32 to nr_cpu_ids=8.
03-23 01:34:04.076     0     0 I rcu     : RCU priority boosting: priority 1 delay 500 ms.
03-23 01:34:04.076     0     0 I         : All grace periods are expedited (rcu_expedited).
03-23 01:34:04.076     0     0 I         : Trampoline variant of Tasks RCU enabled.
03-23 01:34:04.076     0     0 I         : Tracing variant of Tasks RCU enabled.
03-23 01:34:04.076     0     0 I rcu     : RCU calculated value of scheduler-enlistment delay is 25 jiffies.
03-23 01:34:04.076     0     0 I rcu     : Adjusting geometry for rcu_fanout_leaf=16, nr_cpu_ids=8
03-23 01:34:04.076     0     0 I NR_IRQS : 64, nr_irqs: 64, preallocated irqs: 0
03-23 01:34:04.076     0     0 I GICv3   : 988 SPIs implemented
03-23 01:34:04.076     0     0 I GICv3   : 1024 Extended SPIs implemented
03-23 01:34:04.076     0     0 I         : Root IRQ handler: gic_handle_irq
03-23 01:34:04.076     0     0 I GICv3   : GICv3 features: 16 PPIs, DirectLPI
03-23 01:34:04.076     0     0 I GICv3   : Enabling SGIs without active state
03-23 01:34:04.076     0     0 I GICv3   : CPU0: found redistributor 0 region 0:0x0000000017180000
03-23 01:34:04.076     0     0 I         : ITS [mem 0x17140000-0x1715ffff]
03-23 01:34:04.076     0     0 W ITS@0x0000000017140000: Devices Table too large, reduce ids 32->19
03-23 01:34:04.076     0     0 W ITS@0x0000000017140000: Devices too large, reduce ITS pages 1024->256
03-23 01:34:04.076     0     0 I ITS@0x0000000017140000: allocated 131072 Devices @81300000 (indirect, esz 8, psz 4K, shr 1)
03-23 01:34:04.076     0     0 I ITS@0x0000000017140000: allocated 4096 Interrupt Collections @e2336000 (flat, esz 1, psz 4K, shr 1)
03-23 01:34:04.076     0     0 I GICv3   : using LPI property table @0x0000000094ed0000
03-23 01:34:04.076     0     0 I GICv3   : CPU0: using allocated LPI pending table @0x0000000094ee0000
03-23 01:34:04.076     0     0 I rcu     : Offload RCU callbacks from CPUs: 0-7.
03-23 01:34:04.076     0     0 I rcu     : srcu_init: Setting srcu_struct sizes based on contention.
03-23 01:34:04.076     0     0 I arch_timer: cp15 and mmio timer(s) running at 19.20MHz (virt/virt).
03-23 01:34:04.076     0     0 I clocksource: arch_sys_counter: mask: 0xffffffffffffff max_cycles: 0x46d987e47, max_idle_ns: 440795202767 ns
03-23 01:34:04.076     0     0 I sched_clock: 56 bits at 19MHz, resolution 52ns, wraps every 4398046511078ns
03-23 01:34:04.078     0     0 I arm-pv  : using stolen time PV
03-23 01:34:04.078     0     0 I kfence  : initialized - using 524288 bytes for 63 objects at 0x(____ptrval____)-0x(____ptrval____)
03-23 01:34:04.078     0     0 I         : Calibrating delay loop (skipped), value calculated using timer frequency.. 38.40 BogoMIPS (lpj=76800)
03-23 01:34:04.078     0     0 I pid_max : default: 32768 minimum: 301
03-23 01:34:04.078     0     0 I LSM     : initializing lsm=capability,selinux,bpf,integrity
03-23 01:34:04.078     0     0 I SELinux : Initializing.
03-23 01:34:04.078     0     0 I         : LSM support for eBPF active
03-23 01:34:04.078     0     0 I         : Mount-cache hash table entries: 32768 (order: 6, 262144 bytes, linear)
03-23 01:34:04.078     0     0 I         : Mountpoint-cache hash table entries: 32768 (order: 6, 262144 bytes, linear)
03-23 01:34:04.079     1     1 W cacheinfo: Unable to detect cache hierarchy for CPU 0
03-23 01:34:04.079     1     1 I RCU Tasks: Setting shift to 3 and lim to 1 rcu_task_cb_adjust=1.
03-23 01:34:04.079     1     1 I         : RCU Tasks Trace: Setting shift to 3 and lim to 1 rcu_task_cb_adjust=1.
03-23 01:34:04.079     1     1 I rcu     : Hierarchical SRCU implementation.
03-23 01:34:04.079     1     1 I rcu     : Max phase no-delay instances is 1000.
03-23 01:34:04.079     1     1 I dyndbg  : Ignore empty _ddebug table in a CONFIG_DYNAMIC_DEBUG_CORE build
03-23 01:34:04.079     1     1 I Platform MSI: msi-controller@0x17140000 domain created
03-23 01:34:04.080     1     1 I PCI/MSI : /soc/interrupt-controller@17100000/msi-controller@0x17140000 domain created
03-23 01:34:04.083     1     1 I         : EFI services will not be available.
03-23 01:34:04.083     1     1 I smp     : Bringing up secondary CPUs ...
03-23 01:34:04.084     0     0 I         : Detected PIPT I-cache on CPU1
03-23 01:34:04.084     0     0 I GICv3   : CPU1: found redistributor 100 region 0:0x00000000171c0000
03-23 01:34:04.084     0     0 I GICv3   : CPU1: using allocated LPI pending table @0x0000000094ef0000
03-23 01:34:04.084     0     0 I CPU1    : Booted secondary processor 0x0000000100 [0x410fd811]
03-23 01:34:04.085     0     0 I         : Detected PIPT I-cache on CPU2
03-23 01:34:04.085     0     0 I GICv3   : CPU2: found redistributor 200 region 0:0x0000000017200000
03-23 01:34:04.085     0     0 I GICv3   : CPU2: using allocated LPI pending table @0x00000000b81c0000
03-23 01:34:04.085     0     0 I CPU2    : Booted secondary processor 0x0000000200 [0x410fd811]
03-23 01:34:04.086     0     0 I         : Detected PIPT I-cache on CPU3
03-23 01:34:04.086     0     0 I GICv3   : CPU3: found redistributor 300 region 0:0x0000000017240000
03-23 01:34:04.086     0     0 I GICv3   : CPU3: using allocated LPI pending table @0x00000000b81d0000
03-23 01:34:04.086     0     0 I CPU3    : Booted secondary processor 0x0000000300 [0x410fd811]
03-23 01:34:04.087     0     0 I         : Detected PIPT I-cache on CPU4
03-23 01:34:04.087     0     0 I GICv3   : CPU4: found redistributor 400 region 0:0x0000000017280000
03-23 01:34:04.087     0     0 I GICv3   : CPU4: using allocated LPI pending table @0x00000000b81e0000
03-23 01:34:04.087     0     0 I CPU4    : Booted secondary processor 0x0000000400 [0x410fd811]
03-23 01:34:04.088     0     0 I         : Detected PIPT I-cache on CPU5
03-23 01:34:04.088     0     0 I GICv3   : CPU5: found redistributor 500 region 0:0x00000000172c0000
03-23 01:34:04.088     0     0 I GICv3   : CPU5: using allocated LPI pending table @0x00000000b81f0000
03-23 01:34:04.089     0     0 I CPU5    : Booted secondary processor 0x0000000500 [0x410fd811]
03-23 01:34:04.089     0     0 I         : Detected PIPT I-cache on CPU6
03-23 01:34:04.089     0     0 I GICv3   : CPU6: found redistributor 600 region 0:0x0000000017300000
03-23 01:34:04.089     0     0 I GICv3   : CPU6: using allocated LPI pending table @0x00000000e2340000
03-23 01:34:04.090     0     0 I CPU6    : Booted secondary processor 0x0000000600 [0x410fd811]
03-23 01:34:04.090     0     0 I         : Detected PIPT I-cache on CPU7
03-23 01:34:04.090     0     0 I GICv3   : CPU7: found redistributor 700 region 0:0x0000000017340000
03-23 01:34:04.091     0     0 I GICv3   : CPU7: using allocated LPI pending table @0x00000000e2350000
03-23 01:34:04.091     0     0 I CPU7    : Booted secondary processor 0x0000000700 [0x410fd821]
03-23 01:34:04.091     1     1 I smp     : Brought up 1 node, 8 CPUs
03-23 01:34:04.976   429   429 I hwservicemanager: getDeviceHalManifest: Reading VINTF information.
03-23 01:34:04.091     1     1 I SMP     : Total of 8 processors activated.
03-23 01:34:04.091     1     1 I CPU features: detected: Branch Target Identification
03-23 01:34:04.091     1     1 I CPU features: detected: ARMv8.4 Translation Table Level
03-23 01:34:04.091     1     1 I CPU features: detected: Data cache clean to the PoU not required for I/D coherence
03-23 01:34:04.091     1     1 I CPU features: detected: Common not Private translations
03-23 01:34:04.091     1     1 I CPU features: detected: CRC32 instructions
03-23 01:34:04.091     1     1 I CPU features: detected: Data cache clean to Point of Deep Persistence
03-23 01:34:04.091     1     1 I CPU features: detected: Data cache clean to Point of Persistence
03-23 01:34:04.091     1     1 I CPU features: detected: Data independent timing control (DIT)
03-23 01:34:04.091     1     1 I CPU features: detected: E0PD
03-23 01:34:04.091     1     1 I CPU features: detected: Enhanced Counter Virtualization
03-23 01:34:04.091     1     1 I CPU features: detected: Enhanced Counter Virtualization (CNTPOFF)
03-23 01:34:04.091     1     1 I CPU features: detected: Enhanced Privileged Access Never
03-23 01:34:04.091     1     1 I CPU features: detected: Enhanced Virtualization Traps
03-23 01:34:04.091     1     1 I CPU features: detected: Fine Grained Traps
03-23 01:34:04.091     1     1 I CPU features: detected: Generic authentication (architected QARMA3 algorithm)
03-23 01:34:04.091     1     1 I CPU features: detected: RCpc load-acquire (LDAPR)
03-23 01:34:04.091     1     1 I CPU features: detected: LSE atomic instructions
03-23 01:34:04.091     1     1 I CPU features: detected: Privileged Access Never
03-23 01:34:04.091     1     1 I CPU features: detected: Speculation barrier (SB)
03-23 01:34:04.091     1     1 I CPU features: detected: Stage-2 Force Write-Back
03-23 01:34:04.091     1     1 I CPU features: detected: TLB range maintenance instructions
03-23 01:34:04.091     1     1 I CPU features: detected: Speculative Store Bypassing Safe (SSBS)
03-23 01:34:04.091    22    22 I CPU features: detected CPU0: Activity Monitors Unit (AMU)
03-23 01:34:04.091    34    34 I CPU features: detected CPU2: Activity Monitors Unit (AMU)
03-23 01:34:04.091    41    41 I CPU features: detected CPU3: Activity Monitors Unit (AMU)
03-23 01:34:04.091    56    56 I CPU features: detected CPU5: Activity Monitors Unit (AMU)
03-23 01:34:04.091    63    63 I CPU features: detected CPU6: Activity Monitors Unit (AMU)
03-23 01:34:04.091    27    27 I CPU features: detected CPU1: Activity Monitors Unit (AMU)
03-23 01:34:04.091    48    48 I CPU features: detected CPU4: Activity Monitors Unit (AMU)
03-23 01:34:04.091    70    70 I CPU features: detected CPU7: Activity Monitors Unit (AMU)
03-23 01:34:04.091     1     1 I         : CPU: All CPU(s) started at EL1
03-23 01:34:04.091     1     1 I alternatives: applying system-wide alternatives
03-23 01:34:04.119     1     1 I clocksource: jiffies: mask: 0xffffffff max_cycles: 0xffffffff, max_idle_ns: 7645041785100000 ns
03-23 01:34:04.119     1     1 I         : futex hash table entries: 2048 (order: 5, 131072 bytes, linear)
03-23 01:34:04.121     1     1 I pinctrl core: initialized pinctrl subsystem
03-23 01:34:04.122     1     1 I NET     : Registered PF_NETLINK/PF_ROUTE protocol family
03-23 01:34:04.122     1     1 I DMA     : preallocated 2048 KiB GFP_KERNEL pool for atomic allocations
03-23 01:34:04.123     1     1 I audit   : initializing netlink subsys (disabled)
01-01 00:00:00.044   427   427 W auditd  : type=2000 audit(0.0:1): state=initialized audit_enabled=0 res=1
03-23 01:34:04.123     1     1 I thermal_sys: Registered thermal governor 'bang_bang'
03-23 01:34:04.123     1     1 I thermal_sys: Registered thermal governor 'step_wise'
03-23 01:34:04.123     1     1 I thermal_sys: Registered thermal governor 'user_space'
03-23 01:34:04.123     1     1 I thermal_sys: Registered thermal governor 'power_allocator'
03-23 01:34:04.123     1     1 I cpuidle : using governor menu
03-23 01:34:04.123     1     1 I hw-breakpoint: found 6 breakpoint and 4 watchpoint registers.
03-23 01:34:04.123     1     1 I         : ASID allocator initialised with 65536 entries
03-23 01:34:04.123     1     1 I Serial  : AMBA PL011 UART driver
03-23 01:34:04.148     1     1 E OF      : /soc/spf_core_platform/lpass-cdc/va-macro@7660000: could not get #gpio-cells for /soc/interrupt-controller@17100000
03-23 01:34:04.155     1     1 E OF      : /soc/qcom,wcn7750: could not get #gpio-cells for /soc/clocks/pcie_0_pipe_clk
03-23 01:34:04.155     1     1 E OF      : /soc/qcom,wcn7750: could not get #gpio-cells for /cpus/cpu@200
03-23 01:34:04.155     1     1 E OF      : /soc/qcom,wcn7750: could not get #gpio-cells for /reserved-memory/debug_kinfo_region
03-23 01:34:04.155     1     1 E OF      : /soc/qcom,wcn7750: could not get #gpio-cells for /cpus/cpu@500
03-23 01:34:04.155     1     1 I /soc    : Fixed dependency cycle(s) with /soc/interrupt-controller@17100000
03-23 01:34:04.155     1     1 I /soc/interrupt-controller@17100000: Fixed dependency cycle(s) with /soc/interrupt-controller@17100000
03-23 01:34:04.155     1     1 I /soc/ufsphy_mem@1d80000: Fixed dependency cycle(s) with /soc/ufshc@1d84000
03-23 01:34:04.155     1     1 I /soc/ufshc@1d84000: Fixed dependency cycle(s) with /soc/ufsphy_mem@1d80000
03-23 01:34:04.155     1     1 I /soc/qcom,pmic_glink/qcom,ucsi/connector: Fixed dependency cycle(s) with /soc/ssusb@a600000
03-23 01:34:04.156     1     1 I /soc/qcom,gdsc@19e000: Fixed dependency cycle(s) with /soc/qcom,gdsc@19e000
03-23 01:34:04.156     1     1 I /soc/qcom,gdsc@177004: Fixed dependency cycle(s) with /soc/qcom,gdsc@177004
03-23 01:34:04.156     1     1 I /soc/qcom,gdsc@139004: Fixed dependency cycle(s) with /soc/qcom,gdsc@139004
03-23 01:34:04.156     1     1 I /soc/qcom,gdsc@150018: Fixed dependency cycle(s) with /soc/qcom,gdsc@150018
03-23 01:34:04.156     1     1 I /soc/tpdm@10900000: Fixed dependency cycle(s) with /soc/funnel@10902000
03-23 01:34:04.156     1     1 I /soc/funnel@10902000: Fixed dependency cycle(s) with /soc/funnel@10c2d000
03-23 01:34:04.156     1     1 I /soc/funnel@10902000: Fixed dependency cycle(s) with /soc/tpda@10c2c000
03-23 01:34:04.156     1     1 I /soc/funnel@10902000: Fixed dependency cycle(s) with /soc/tpdm@10900000
03-23 01:34:04.156     1     1 I /soc/tpda@10c2c000: Fixed dependency cycle(s) with /soc/funnel@10c2d000
03-23 01:34:04.156     1     1 I /soc/tpda@10c2c000: Fixed dependency cycle(s) with /soc/funnel@10902000
03-23 01:34:04.156     1     1 I /soc/tpda@10c2c000: Fixed dependency cycle(s) with /soc/funnel@109c2000
03-23 01:34:04.156     1     1 I /soc/tpda@10c2c000: Fixed dependency cycle(s) with /soc/funnel@10832000
03-23 01:34:04.156     1     1 I /soc/funnel@10c2d000: Fixed dependency cycle(s) with /soc/tn@109a0000
03-23 01:34:04.156     1     1 I /soc/funnel@10c2d000: Fixed dependency cycle(s) with /soc/funnel@10902000
03-23 01:34:04.156     1     1 I /soc/funnel@10c2d000: Fixed dependency cycle(s) with /soc/funnel@109c2000
03-23 01:34:04.156     1     1 I /soc/funnel@10c2d000: Fixed dependency cycle(s) with /soc/funnel@10832000
03-23 01:34:04.156     1     1 I /soc/funnel@10c2d000: Fixed dependency cycle(s) with /soc/tpda@10c2c000
03-23 01:34:04.156     1     1 I /soc/tpdm@10830000: Fixed dependency cycle(s) with /soc/funnel@10832000
03-23 01:34:04.156     1     1 I /soc/funnel@10832000: Fixed dependency cycle(s) with /soc/funnel@10c2d000
03-23 01:34:04.156     1     1 I /soc/funnel@10832000: Fixed dependency cycle(s) with /soc/tpda@10c2c000
03-23 01:34:04.156     1     1 I /soc/funnel@10832000: Fixed dependency cycle(s) with /soc/tpdm@10830000
03-23 01:34:04.157     1     1 I /soc/tpdm@109c0000: Fixed dependency cycle(s) with /soc/funnel@109c2000
03-23 01:34:04.157     1     1 I /soc/funnel@109c2000: Fixed dependency cycle(s) with /soc/funnel@10c2d000
03-23 01:34:04.157     1     1 I /soc/funnel@109c2000: Fixed dependency cycle(s) with /soc/tpda@10c2c000
03-23 01:34:04.157     1     1 I /soc/funnel@109c2000: Fixed dependency cycle(s) with /soc/tpdm@109c0000
03-23 01:34:04.157     1     1 I /soc/funnel@10c63000: Fixed dependency cycle(s) with /soc/tpda@10c08000
03-23 01:34:04.157     1     1 I /soc/tpda@10c08000: Fixed dependency cycle(s) with /soc/funnel@10c09000
03-23 01:34:04.157     1     1 I /soc/tpda@10c08000: Fixed dependency cycle(s) with /soc/funnel@10c63000
03-23 01:34:04.157     1     1 I /soc/funnel@10c09000: Fixed dependency cycle(s) with /soc/tn@109a0000
03-23 01:34:04.157     1     1 I /soc/funnel@10c09000: Fixed dependency cycle(s) with /soc/tpda@10c08000
03-23 01:34:04.157     1     1 I /soc/tpdm@10ba4000: Fixed dependency cycle(s) with /soc/traceNoc@10ba0000
03-23 01:34:04.157     1     1 I /soc/traceNoc@10ba0000: Fixed dependency cycle(s) with /soc/tn@109a0000
03-23 01:34:04.157     1     1 I /soc/traceNoc@10ba0000: Fixed dependency cycle(s) with /soc/tpdm@10ba4000
03-23 01:34:04.157     1     1 I /soc/tpdm@10980000: Fixed dependency cycle(s) with /soc/funnel@10983000
03-23 01:34:04.157     1     1 I /soc/tpdm@10981000: Fixed dependency cycle(s) with /soc/funnel@10983000
03-23 01:34:04.157     1     1 I /soc/funnel@10983000: Fixed dependency cycle(s) with /soc/funnel@10c15000
03-23 01:34:04.157     1     1 I /soc/funnel@10983000: Fixed dependency cycle(s) with /soc/tpda@10c14000
03-23 01:34:04.157     1     1 I /soc/funnel@10983000: Fixed dependency cycle(s) with /soc/funnel@10940000
03-23 01:34:04.157     1     1 I /soc/funnel@10983000: Fixed dependency cycle(s) with /soc/tpdm@10981000
03-23 01:34:04.157     1     1 I /soc/funnel@10983000: Fixed dependency cycle(s) with /soc/tpdm@10980000
03-23 01:34:04.157     1     1 I /soc/tpda@10c14000: Fixed dependency cycle(s) with /soc/funnel@10c15000
03-23 01:34:04.157     1     1 I /soc/tpda@10c14000: Fixed dependency cycle(s) with /soc/funnel@10983000
03-23 01:34:04.157     1     1 I /soc/funnel@10c15000: Fixed dependency cycle(s) with /soc/tn@109a0000
03-23 01:34:04.157     1     1 I /soc/funnel@10c15000: Fixed dependency cycle(s) with /soc/funnel@10983000
03-23 01:34:04.157     1     1 I /soc/funnel@10c15000: Fixed dependency cycle(s) with /soc/tpda@10c14000
03-23 01:34:04.158     1     1 I /soc/tpdm@10800000: Fixed dependency cycle(s) with /soc/tpda@10803000
03-23 01:34:04.158     1     1 I /soc/tpdm@10801000: Fixed dependency cycle(s) with /soc/tpda@10803000
03-23 01:34:04.158     1     1 I /soc/tpdm@1080d000: Fixed dependency cycle(s) with /soc/funnel@1080c000
03-23 01:34:04.158     1     1 I /soc/turing-qmi: Fixed dependency cycle(s) with /soc/turing-etm0
03-23 01:34:04.158     1     1 I /soc/turing-etm0: Fixed dependency cycle(s) with /soc/turing-qmi
03-23 01:34:04.158     1     1 I /soc/turing-etm0: Fixed dependency cycle(s) with /soc/funnel@10940000
03-23 01:34:04.158     1     1 I /soc/wpss_etm0: Fixed dependency cycle(s) with /soc/wpss-qmi
03-23 01:34:04.158     1     1 I /soc/wpss_etm0: Fixed dependency cycle(s) with /soc/funnel@10883000
03-23 01:34:04.158     1     1 I /soc/wpss-qmi: Fixed dependency cycle(s) with /soc/wpss_etm0
03-23 01:34:04.158     1     1 I /soc/funnel@10940000: Fixed dependency cycle(s) with /soc/funnel@10983000
03-23 01:34:04.158     1     1 I /soc/funnel@10940000: Fixed dependency cycle(s) with /soc/turing-etm0
03-23 01:34:04.158     1     1 I /soc/modem-etm0: Fixed dependency cycle(s) with /soc/modem0-qmi
03-23 01:34:04.158     1     1 I /soc/modem-etm0: Fixed dependency cycle(s) with /soc/funnel@1080d000
03-23 01:34:04.158     1     1 I /soc/modem2-etm0: Fixed dependency cycle(s) with /soc/modem2-qmi
03-23 01:34:04.158     1     1 I /soc/modem2-etm0: Fixed dependency cycle(s) with /soc/funnel@10804000
03-23 01:34:04.158     1     1 I /soc/modem_diag: Fixed dependency cycle(s) with /soc/funnel@1080c000
03-23 01:34:04.158     1     1 I /soc/tpda@10803000: Fixed dependency cycle(s) with /soc/funnel@10804000
03-23 01:34:04.158     1     1 I /soc/tpda@10803000: Fixed dependency cycle(s) with /soc/tpdm@10801000
03-23 01:34:04.158     1     1 I /soc/tpda@10803000: Fixed dependency cycle(s) with /soc/tpdm@10800000
03-23 01:34:04.158     1     1 I /soc/funnel@1080d000: Fixed dependency cycle(s) with /soc/funnel@1080c000
03-23 01:34:04.158     1     1 I /soc/funnel@1080d000: Fixed dependency cycle(s) with /soc/modem-etm0
03-23 01:34:04.159     1     1 I /soc/funnel@1080c000: Fixed dependency cycle(s) with /soc/funnel@10804000
03-23 01:34:04.159     1     1 I /soc/funnel@1080c000: Fixed dependency cycle(s) with /soc/tpdm@1080d000
03-23 01:34:04.159     1     1 I /soc/funnel@1080c000: Fixed dependency cycle(s) with /soc/modem_diag
03-23 01:34:04.159     1     1 I /soc/funnel@1080c000: Fixed dependency cycle(s) with /soc/funnel@1080d000
03-23 01:34:04.159     1     1 I /soc/funnel@10804000: Fixed dependency cycle(s) with /soc/tn@109a0000
03-23 01:34:04.159     1     1 I /soc/funnel@10804000: Fixed dependency cycle(s) with /soc/funnel@1080c000
03-23 01:34:04.159     1     1 I /soc/funnel@10804000: Fixed dependency cycle(s) with /soc/modem2-etm0
03-23 01:34:04.159     1     1 I /soc/funnel@10804000: Fixed dependency cycle(s) with /soc/tpda@10803000
03-23 01:34:04.159     1     1 I /soc/tpdm@10cc1000: Fixed dependency cycle(s) with /soc/tpda@10cc4000
03-23 01:34:04.159     1     1 I /soc/tpda@10cc4000: Fixed dependency cycle(s) with /soc/funnel@10cc5000
03-23 01:34:04.159     1     1 I /soc/tpda@10cc4000: Fixed dependency cycle(s) with /soc/tpdm@10cc1000
03-23 01:34:04.159     1     1 I /soc/funnel@10cc5000: Fixed dependency cycle(s) with /soc/tn@109a0000
03-23 01:34:04.159     1     1 I /soc/funnel@10cc5000: Fixed dependency cycle(s) with /soc/tpda@10cc4000
03-23 01:34:04.159     1     1 I /soc/tpda@10c71000: Fixed dependency cycle(s) with /soc/tn@109a0000
03-23 01:34:04.159     1     1 I /soc/tpdm@138a0000: Fixed dependency cycle(s) with /soc/tpda@13864000
03-23 01:34:04.159     1     1 I /soc/tpdm@138b0000: Fixed dependency cycle(s) with /soc/tpda@13864000
03-23 01:34:04.159     1     1 I /soc/tpdm@138c0000: Fixed dependency cycle(s) with /soc/tpda@13864000
03-23 01:34:04.159     1     1 I /soc/tpdm@13880000: Fixed dependency cycle(s) with /soc/tpda@13864000
03-23 01:34:04.159     1     1 I /soc/tpdm@13890000: Fixed dependency cycle(s) with /soc/tpda@13864000
03-23 01:34:04.159     1     1 I /soc/tpdm@13860000: Fixed dependency cycle(s) with /soc/tpda@13864000
03-23 01:34:04.159     1     1 I /soc/tpdm@13861000: Fixed dependency cycle(s) with /soc/tpda@13864000
03-23 01:34:04.159     1     1 I /soc/tpdm@13862000: Fixed dependency cycle(s) with /soc/tpda@13864000
03-23 01:34:04.159     1     1 I /soc/ete0: Fixed dependency cycle(s) with /soc/funnel_ete
03-23 01:34:04.159     1     1 I /soc/ete1: Fixed dependency cycle(s) with /soc/funnel_ete
03-23 01:34:04.159     1     1 I /soc/ete2: Fixed dependency cycle(s) with /soc/funnel_ete
03-23 01:34:04.159     1     1 I /soc/ete3: Fixed dependency cycle(s) with /soc/funnel_ete
03-23 01:34:04.159     1     1 I /soc/ete4: Fixed dependency cycle(s) with /soc/funnel_ete
03-23 01:34:04.159     1     1 I /soc/ete5: Fixed dependency cycle(s) with /soc/funnel_ete
03-23 01:34:04.160     1     1 I /soc/ete6: Fixed dependency cycle(s) with /soc/funnel_ete
03-23 01:34:04.160     1     1 I /soc/ete7: Fixed dependency cycle(s) with /soc/funnel_ete
03-23 01:34:04.160     1     1 I /soc/funnel_ete: Fixed dependency cycle(s) with /soc/funnel@13810000
03-23 01:34:04.160     1     1 I /soc/funnel_ete: Fixed dependency cycle(s) with /soc/ete7
03-23 01:34:04.160     1     1 I /soc/funnel_ete: Fixed dependency cycle(s) with /soc/ete6
03-23 01:34:04.160     1     1 I /soc/funnel_ete: Fixed dependency cycle(s) with /soc/ete5
03-23 01:34:04.160     1     1 I /soc/funnel_ete: Fixed dependency cycle(s) with /soc/ete4
03-23 01:34:04.160     1     1 I /soc/funnel_ete: Fixed dependency cycle(s) with /soc/ete3
03-23 01:34:04.160     1     1 I /soc/funnel_ete: Fixed dependency cycle(s) with /soc/ete2
03-23 01:34:04.160     1     1 I /soc/funnel_ete: Fixed dependency cycle(s) with /soc/ete1
03-23 01:34:04.160     1     1 I /soc/funnel_ete: Fixed dependency cycle(s) with /soc/ete0
03-23 01:34:04.160     1     1 I /soc/tpda@13864000: Fixed dependency cycle(s) with /soc/funnel@13810000
03-23 01:34:04.160     1     1 I /soc/tpda@13864000: Fixed dependency cycle(s) with /soc/tpdm@13862000
03-23 01:34:04.160     1     1 I /soc/tpda@13864000: Fixed dependency cycle(s) with /soc/tpdm@13861000
03-23 01:34:04.160     1     1 I /soc/tpda@13864000: Fixed dependency cycle(s) with /soc/tpdm@13860000
03-23 01:34:04.160     1     1 I /soc/tpda@13864000: Fixed dependency cycle(s) with /soc/tpdm@13890000
03-23 01:34:04.160     1     1 I /soc/tpda@13864000: Fixed dependency cycle(s) with /soc/tpdm@13880000
03-23 01:34:04.160     1     1 I /soc/tpda@13864000: Fixed dependency cycle(s) with /soc/tpdm@138c0000
03-23 01:34:04.160     1     1 I /soc/tpda@13864000: Fixed dependency cycle(s) with /soc/tpdm@138b0000
03-23 01:34:04.160     1     1 I /soc/tpda@13864000: Fixed dependency cycle(s) with /soc/tpdm@138a0000
03-23 01:34:04.160     1     1 I /soc/funnel@13810000: Fixed dependency cycle(s) with /soc/tn@109a0000
03-23 01:34:04.160     1     1 I /soc/funnel@13810000: Fixed dependency cycle(s) with /soc/tpda@13864000
03-23 01:34:04.160     1     1 I /soc/funnel@13810000: Fixed dependency cycle(s) with /soc/funnel_ete
03-23 01:34:04.160     1     1 I /soc/tpdm@10b34000: Fixed dependency cycle(s) with /soc/audio-qmi
03-23 01:34:04.160     1     1 I /soc/tpdm@10b34000: Fixed dependency cycle(s) with /soc/funnel@10b04000
03-23 01:34:04.160     1     1 I /soc/tpdm@10f82000: Fixed dependency cycle(s) with /soc/TN@10d00000
03-23 01:34:04.160     1     1 I /soc/tpdm@10f84000: Fixed dependency cycle(s) with /soc/TN@10d00000
03-23 01:34:04.160     1     1 I /soc/tpdm@10f83000: Fixed dependency cycle(s) with /soc/TN@10d00000
03-23 01:34:04.160     1     1 I /soc/tpdm@10f85000: Fixed dependency cycle(s) with /soc/TN@10d00000
03-23 01:34:04.160     1     1 I /soc/tpdm@10d06000: Fixed dependency cycle(s) with /soc/TN@10d00000
03-23 01:34:04.160     1     1 I /soc/tpdm@10d08000: Fixed dependency cycle(s) with /soc/TN@10d00000
03-23 01:34:04.160     1     1 I /soc/gladiator: Fixed dependency cycle(s) with /soc/TN@10d00000
03-23 01:34:04.160     1     1 I /soc/TN@10d00000: Fixed dependency cycle(s) with /soc/tn@109a0000
03-23 01:34:04.160     1     1 I /soc/TN@10d00000: Fixed dependency cycle(s) with /soc/tpdm@10d08000
03-23 01:34:04.160     1     1 I /soc/TN@10d00000: Fixed dependency cycle(s) with /soc/tpdm@10d06000
03-23 01:34:04.160     1     1 I /soc/TN@10d00000: Fixed dependency cycle(s) with /soc/tpdm@10f85000
03-23 01:34:04.160     1     1 I /soc/TN@10d00000: Fixed dependency cycle(s) with /soc/tpdm@10f83000
03-23 01:34:04.160     1     1 I /soc/TN@10d00000: Fixed dependency cycle(s) with /soc/tpdm@10f84000
03-23 01:34:04.160     1     1 I /soc/TN@10d00000: Fixed dependency cycle(s) with /soc/tpdm@10f82000
03-23 01:34:04.160     1     1 I /soc/TN@10d00000: Fixed dependency cycle(s) with /soc/gladiator
03-23 01:34:04.161     1     1 I /soc/audio_etm0: Fixed dependency cycle(s) with /soc/audio-qmi
03-23 01:34:04.161     1     1 I /soc/audio_etm0: Fixed dependency cycle(s) with /soc/funnel@10b44000
03-23 01:34:04.161     1     1 I /soc/tpdm@10b46000: Fixed dependency cycle(s) with /soc/audio-qmi
03-23 01:34:04.162     1     1 I /soc/tpdm@10b46000: Fixed dependency cycle(s) with /soc/funnel@10b50000
03-23 01:34:04.162     1     1 I /soc/tpdm@10b52000: Fixed dependency cycle(s) with /soc/audio-qmi
03-23 01:34:04.162     1     1 I /soc/tpdm@10b52000: Fixed dependency cycle(s) with /soc/funnel@10b50000
03-23 01:34:04.162     1     1 I /soc/TN@10b80000: Fixed dependency cycle(s) with /soc/tn@109a0000
03-23 01:34:04.162     1     1 I /soc/lpass-stm: Fixed dependency cycle(s) with /soc/audio-qmi
03-23 01:34:04.163     1     1 I /soc/lpass-stm: Fixed dependency cycle(s) with /soc/funnel@10b50000
03-23 01:34:04.163     1     1 I /soc/funnel@10b50000: Fixed dependency cycle(s) with /soc/funnel@10b44000
03-23 01:34:04.163     1     1 I /soc/funnel@10b50000: Fixed dependency cycle(s) with /soc/tpdm@10b52000
03-23 01:34:04.163     1     1 I /soc/funnel@10b50000: Fixed dependency cycle(s) with /soc/tpdm@10b46000
03-23 01:34:04.163     1     1 I /soc/funnel@10b50000: Fixed dependency cycle(s) with /soc/lpass-stm
03-23 01:34:04.163     1     1 I /soc/funnel@10b44000: Fixed dependency cycle(s) with /soc/funnel@10b04000
03-23 01:34:04.164     1     1 I /soc/funnel@10b44000: Fixed dependency cycle(s) with /soc/funnel@10b50000
03-23 01:34:04.164     1     1 I /soc/funnel@10b44000: Fixed dependency cycle(s) with /soc/audio_etm0
03-23 01:34:04.164     1     1 I /soc/stm@10002000: Fixed dependency cycle(s) with /soc/funnel@10041000
03-23 01:34:04.164     1     1 I /soc/tpdm@10003000: Fixed dependency cycle(s) with /soc/tpda@10004000
03-23 01:34:04.164     1     1 I /soc/tpdm@10841000: Fixed dependency cycle(s) with /soc/tn@109a0000
03-23 01:34:04.164     1     1 I /soc/tpdm@1082c000: Fixed dependency cycle(s) with /soc/tn@109a0000
03-23 01:34:04.164     1     1 I /soc/tpdm@109a4000: Fixed dependency cycle(s) with /soc/tn@109a0000
