12-19 16:22:43.818   410   485 W libc    : Unable to set property "ctl.interface_start" to "aidl/android.system.keystore2.IKeystoreService/default": error code: 0x20
12-19 16:22:43.818   410   485 I servicemanager: Tried to start aidl service android.system.keystore2.IKeystoreService/default as a lazy service, but was unable to. Usually this happens when a service is not installed, but if the service is intended to be used as a lazy service, then it may be configured incorrectly.
12-19 16:22:43.819   489   489 E cutils-trace: Error opening trace file: No such file or directory (2)
12-19 16:22:43.819   487   487 E cutils-trace: Error opening trace file: No such file or directory (2)
12-19 16:22:43.819   409   409 E SELinux : avc:  denied  { find } for interface=android.hardware.health::IHealth sid=u:r:recovery:s0 pid=489 scontext=u:r:recovery:s0 tcontext=u:object_r:hal_health_hwservice:s0 tclass=hwservice_manager permissive=1
12-19 16:22:43.819   409   409 I hwservicemanager: getDeviceHalManifest: Reading VINTF information.
03-23 01:43:51.285     1     1 E init    : Control message: Could not find 'aidl/android.system.keystore2.IKeystoreService/default' for ctl.interface_start from pid: 410 (/system/bin/servicemanager)
03-23 01:43:51.285     1     1 I init    : processing action (ro.boot.dynamic_partitions=true && ro.crypto.state=encrypted) from (/init.recovery.qcom_decrypt.rc:15)
03-23 01:43:51.285     1     1 I init    : starting service 'prepdecrypt'...
03-23 01:43:51.285   490   490 I KernelSU: hook_manager: unmark 490 exec /system/bin/prepdecrypt.sh
03-23 01:43:51.285     1     1 I init    : processing action (ro.crypto.state=encrypted && ro.crypto.type=file) from (/init.recovery.qcom_decrypt.fbe.rc:3)
03-23 01:43:51.285     1     1 I init    : Keyring created with id 447350 in process 1
03-23 01:43:51.285     1     1 I init    : processing action (ro.crypto.state=encrypted && ro.crypto.type=file) from (/init.recovery.qcom_decrypt.fbe.rc:3)
03-23 01:43:51.285     1     1 I init    : Keyring is already created
12-19 16:22:43.821   409   409 E hwservicemanager: getDeviceHalManifest: status from fetching VINTF information: -2147483648
12-19 16:22:43.821   409   409 E hwservicemanager: getDeviceHalManifest: -2147483648 VINTF parse error: Cannot add manifest fragment /vendor/etc/vintf/manifest/android.hardware.security.keymint-service-qti.xml: HAL "android.hardware.health" has a conflict: Conflicting major version: 2.1 (from /vendor/etc/vintf/manifest/vendor.qti.hardware.vibrator.service.xml) vs. 2.1 (from /vendor/etc/vintf/manifest/android.hardware.security.keymint-service-qti.xml). Check whether or not multiple modules providing the same HAL are installed.
12-19 16:22:43.821   409   409 I hwservicemanager: getTransport: Cannot find entry android.hardware.health@2.0::IHealth/default in either framework or device VINTF manifest.
12-19 16:22:43.821   489   489 E HidlServiceManagement: Could not find instance 'default' in library android.hardware.health@2.0-impl-default.so. Keeping library open.
12-19 16:22:43.821   409   409 I hwservicemanager: getDeviceHalManifest: Reading VINTF information.
12-19 16:22:43.814   489   489 I android.hardwar: type=1400 audit(0.0:106): avc: denied { getattr } for path="/dev/kmsg" dev="tmpfs" ino=5 scontext=u:r:recovery:s0 tcontext=u:object_r:kmsg_device:s0 tclass=chr_file permissive=1
03-23 01:43:51.288   489   489 W healthd : No battery devices found
12-19 16:22:43.822   409   409 E hwservicemanager: getDeviceHalManifest: status from fetching VINTF information: -2147483648
12-19 16:22:43.822   409   409 E hwservicemanager: getDeviceHalManifest: -2147483648 VINTF parse error: Cannot add manifest fragment /vendor/etc/vintf/manifest/android.hardware.security.keymint-service-qti.xml: HAL "android.hardware.health" has a conflict: Conflicting major version: 2.1 (from /vendor/etc/vintf/manifest/vendor.qti.hardware.vibrator.service.xml) vs. 2.1 (from /vendor/etc/vintf/manifest/android.hardware.security.keymint-service-qti.xml). Check whether or not multiple modules providing the same HAL are installed.
12-19 16:22:43.822   409   409 I hwservicemanager: getTransport: Cannot find entry android.hardware.boot@1.0::IBootControl/default in either framework or device VINTF manifest.
12-19 16:22:43.822   487   487 E LegacySupport: Could not get passthrough implementation for android.hardware.boot@1.0::IBootControl/default.
12-19 16:22:43.823   489   489 I android.hardware.health@2.1-service: default instance initializing with healthd_config...
12-19 16:22:43.823   409   409 I hwservicemanager: getDeviceHalManifest: Reading VINTF information.
03-23 01:43:51.289     1     1 I init    : Service 'boot-hal-1-2' (pid 487) exited with status 1
03-23 01:43:51.289     1     1 I init    : Sending signal 9 to service 'boot-hal-1-2' (pid 487) process group...
03-23 01:43:51.290     1     1 I libprocessgroup: Successfully killed process cgroup uid 0 pid 487 in 0ms
12-19 16:22:43.824   486   486 I adbd    : persist.adb.watchdog set to ''
12-19 16:22:43.824   409   409 E hwservicemanager: getDeviceHalManifest: status from fetching VINTF information: -2147483648
12-19 16:22:43.824   409   409 E hwservicemanager: getDeviceHalManifest: -2147483648 VINTF parse error: Cannot add manifest fragment /vendor/etc/vintf/manifest/android.hardware.security.keymint-service-qti.xml: HAL "android.hardware.health" has a conflict: Conflicting major version: 2.1 (from /vendor/etc/vintf/manifest/vendor.qti.hardware.vibrator.service.xml) vs. 2.1 (from /vendor/etc/vintf/manifest/android.hardware.security.keymint-service-qti.xml). Check whether or not multiple modules providing the same HAL are installed.
12-19 16:22:43.824   409   409 I hwservicemanager: getTransport: Cannot find entry android.hardware.health@2.1::IHealth/default in either framework or device VINTF manifest.
12-19 16:22:43.824   486   486 I adbd    : persist.sys.test_harness set to ''
12-19 16:22:43.824   489   489 E HidlServiceManagement: Service android.hardware.health@2.1::IHealth/default must be in VINTF manifest in order to register/get.
12-19 16:22:43.824   486   486 I adbd    : adb watchdog timeout set to 600 seconds
12-19 16:22:43.824   489   489 F android.hardware.health@2.1-service: Check failed: registerAsService(instance_name()) == android::OK (registerAsService(instance_name())=-2147483648, android::OK=0) default: Failed to register HAL
12-19 16:22:43.824   489   489 F libc    : Fatal signal 6 (SIGABRT), code -1 (SI_QUEUE) in tid 489 (android.hardwar), pid 489 (android.hardwar)
12-19 16:22:43.824   486   495 I adbd    : Waiting for persist.adb.tls_server.enable=1
12-19 16:22:43.824   486   486 I adbd    : adbd started
12-19 16:22:43.824   486   497 I adbd    : opening control endpoint /dev/usb-ffs/adb/ep0
03-23 01:43:51.291   497   497 I         : read descriptors
03-23 01:43:51.291   497   497 W         : bcdVersion must be 0x0100, stored in Little Endian order. Userspace driver should be fixed, accepting 0x0001 for compatibility.
03-23 01:43:51.291   497   497 W         : bcdVersion must be 0x0100, stored in Little Endian order. Userspace driver should be fixed, accepting 0x0001 for compatibility.
12-19 16:22:43.824   498   498 F libc    : failed to exec crash_dump helper: No such file or directory
03-23 01:43:51.291   497   497 I         : read strings
12-19 16:22:43.824   489   489 F libc    : crash_dump helper failed to exec, or was killed
12-19 16:22:43.824   489   489 F libc    : failed to wait for crash_dump helper: No child processes
12-19 16:22:43.825   486   497 I adbd    : UsbFfsConnection constructed
12-19 16:22:43.825   486   499 I adbd    : UsbFfs-monitor thread spawned
03-23 01:43:51.291     1     1 I init    : processing action (sys.usb.config=adb && sys.usb.configfs=1 && sys.usb.ffs.ready=1) from (/system/etc/init/hw/init.rc:201)
03-23 01:43:51.292     1     1 I init    : Service 'health-hal-2-1' (pid 489) received signal 6
03-23 01:43:51.292     1     1 I init    : Sending signal 9 to service 'health-hal-2-1' (pid 489) process group...
03-23 01:43:51.292     1     1 I libprocessgroup: Successfully killed process cgroup uid 0 pid 489 in 0ms
03-23 01:43:51.292     1     1 I init    : Untracked pid 498 exited with status 1
03-23 01:43:51.292     1     1 I init    : Command 'symlink /config/usb_gadget/g1/functions/ffs.adb /config/usb_gadget/g1/configs/b.1/f1' action=sys.usb.config=adb && sys.usb.configfs=1 && sys.usb.ffs.ready=1 (/system/etc/init/hw/init.rc:204) took 0ms and failed: symlink() failed: File exists
03-23 01:43:51.293     1     1 W         : bcdVersion must be 0x0100, stored in Little Endian order. Userspace driver should be fixed, accepting 0x0001 for compatibility.
03-23 01:43:51.293     1     1 W         : bcdVersion must be 0x0100, stored in Little Endian order. Userspace driver should be fixed, accepting 0x0001 for compatibility.
12-19 16:22:43.826   486   499 I adbd    : USB event: FUNCTIONFS_BIND
12-19 16:22:43.830   488   488 I keystore2: keystore2_main: Keystore2 is starting.
12-19 16:22:43.830   488   488 I keystore2: keystore2_main: Starting thread pool now.
12-19 16:22:43.830   488   505 I keystore2: getDeviceHalManifest: Reading VINTF information.
12-19 16:22:43.826   488   488 I keystore2: type=1400 audit(0.0:107): avc: denied { read } for name="u:object_r:keystore_crash_prop:s0" dev="tmpfs" ino=190 scontext=u:r:recovery:s0 tcontext=u:object_r:keystore_crash_prop:s0 tclass=file permissive=1
12-19 16:22:43.826   488   488 I keystore2: type=1400 audit(0.0:108): avc: denied { open } for path="/dev/__properties__/u:object_r:keystore_crash_prop:s0" dev="tmpfs" ino=190 scontext=u:r:recovery:s0 tcontext=u:object_r:keystore_crash_prop:s0 tclass=file permissive=1
12-19 16:22:43.826   488   488 I keystore2: type=1400 audit(0.0:109): avc: denied { getattr } for path="/dev/__properties__/u:object_r:keystore_crash_prop:s0" dev="tmpfs" ino=190 scontext=u:r:recovery:s0 tcontext=u:object_r:keystore_crash_prop:s0 tclass=file permissive=1
12-19 16:22:43.826   488   488 I keystore2: type=1400 audit(0.0:110): avc: denied { map } for path="/dev/__properties__/u:object_r:keystore_crash_prop:s0" dev="tmpfs" ino=190 scontext=u:r:recovery:s0 tcontext=u:object_r:keystore_crash_prop:s0 tclass=file permissive=1
03-23 01:43:51.298   392   392 I aw9380x_cap 8-0012: [aw9380x_rc_irqscr:3728] i2c read reg: 0xf080, val= 16
03-23 01:43:51.298   392   392 I aw9380x_cap 8-0012: [aw9380x_cap_default_irq_handle:4109] gpio_low_count 0
03-23 01:43:51.298   392   392 I aw9380x_cap 8-0012: [aw9380x_irq_handle_func:4065] IRQSEN = 0x000F0FFF
03-23 01:43:51.298   392   392 I aw9380x_cap 8-0012: [aw9380x_irq_handle_func:4067] IRQSRC = 0x00000010
03-23 01:43:51.298   392   392 I aw9380x_cap 8-0012: [aw9380x_noth_button_key_report:3855] touch0_state Cap 0 Force 0 currentBtn 0
12-19 16:22:43.833   488   505 E keystore2: getDeviceHalManifest: status from fetching VINTF information: -2147483648
12-19 16:22:43.833   488   505 E keystore2: getDeviceHalManifest: -2147483648 VINTF parse error: Cannot add manifest fragment /vendor/etc/vintf/manifest/android.hardware.security.keymint-service-qti.xml: HAL "android.hardware.health" has a conflict: Conflicting major version: 2.1 (from /vendor/etc/vintf/manifest/vendor.qti.hardware.vibrator.service.xml) vs. 2.1 (from /vendor/etc/vintf/manifest/android.hardware.security.keymint-service-qti.xml). Check whether or not multiple modules providing the same HAL are installed.
12-19 16:22:43.833   488   488 I keystore2: getDeviceHalManifest: Reading VINTF information.
12-19 16:22:43.833   488   505 F libc    : Fatal signal 11 (SIGSEGV), code 1 (SEGV_MAPERR), fault addr 0x0 in tid 505 (keystore2), pid 488 (Binder:488_2)
12-19 16:22:43.834   510   510 F libc    : failed to exec crash_dump helper: No such file or directory
12-19 16:22:43.834   488   505 F libc    : crash_dump helper failed to exec, or was killed
12-19 16:22:43.834   488   505 F libc    : failed to wait for crash_dump helper: No child processes
03-23 01:43:51.318     1     1 I dwc3 a600000.dwc3: Set IRQ thread:irq/291-dwc3 pid:501 to SCHED_NORMAL prio
03-23 01:43:51.320     1     1 I init    : Service 'keystore2' (pid 488) received signal 11
03-23 01:43:51.320     1     1 I init    : Sending signal 9 to service 'keystore2' (pid 488) process group...
03-23 01:43:51.320     1     1 I libprocessgroup: Successfully killed process cgroup uid 0 pid 488 in 0ms
03-23 01:43:51.320     1     1 I init    : Untracked pid 510 exited with status 1
03-23 01:43:51.320     1     1 I init    : processing action (sys.usb.config=adb && sys.usb.configfs=1 && sys.usb.ffs.ready=1) from (/init.recovery.usb.rc:96)
03-23 01:43:51.321     1     1 I init    : Command 'symlink /config/usb_gadget/g1/functions/ffs.adb /config/usb_gadget/g1/configs/b.1/f1' action=sys.usb.config=adb && sys.usb.configfs=1 && sys.usb.ffs.ready=1 (/init.recovery.usb.rc:100) took 0ms and failed: symlink() failed: File exists
03-23 01:43:51.321     1     1 I init    : Command 'write /config/usb_gadget/g1/UDC ${sys.usb.controller}' action=sys.usb.config=adb && sys.usb.configfs=1 && sys.usb.ffs.ready=1 (/init.recovery.usb.rc:101) took 0ms and failed: Unable to write to file '/config/usb_gadget/g1/UDC': Unable to write file contents: Device or resource busy
03-23 01:43:51.340   392   392 I aw9380x_cap 8-0012: [aw9380x_rc_irqscr:3728] i2c read reg: 0xf080, val= 16
03-23 01:43:51.340   392   392 I aw9380x_cap 8-0012: [aw9380x_cap_default_irq_handle:4109] gpio_low_count 0
03-23 01:43:51.341   392   392 I aw9380x_cap 8-0012: [aw9380x_irq_handle_func:4065] IRQSEN = 0x000F0FFF
03-23 01:43:51.341   392   392 I aw9380x_cap 8-0012: [aw9380x_irq_handle_func:4067] IRQSRC = 0x00000010
03-23 01:43:51.341   392   392 I aw9380x_cap 8-0012: [aw9380x_noth_button_key_report:3855] touch0_state Cap 0 Force 0 currentBtn 0
03-23 01:43:51.363   392   392 I aw9380x_cap 8-0012: [aw9380x_rc_irqscr:3728] i2c read reg: 0xf080, val= 16
03-23 01:43:51.363   392   392 I aw9380x_cap 8-0012: [aw9380x_cap_default_irq_handle:4109] gpio_low_count 0
03-23 01:43:51.363   392   392 I aw9380x_cap 8-0012: [aw9380x_irq_handle_func:4065] IRQSEN = 0x000F0FFF
03-23 01:43:51.363   392   392 I aw9380x_cap 8-0012: [aw9380x_irq_handle_func:4067] IRQSRC = 0x00000010
03-23 01:43:51.364   392   392 I aw9380x_cap 8-0012: [aw9380x_noth_button_key_report:3855] touch0_state Cap 0 Force 0 currentBtn 0
03-23 01:43:51.405   392   392 I aw9380x_cap 8-0012: [aw9380x_rc_irqscr:3728] i2c read reg: 0xf080, val= 16
03-23 01:43:51.405   392   392 I aw9380x_cap 8-0012: [aw9380x_cap_default_irq_handle:4109] gpio_low_count 0
03-23 01:43:51.406   392   392 I aw9380x_cap 8-0012: [aw9380x_irq_handle_func:4065] IRQSEN = 0x000F0FFF
03-23 01:43:51.406   392   392 I aw9380x_cap 8-0012: [aw9380x_irq_handle_func:4067] IRQSRC = 0x00000010
03-23 01:43:51.406   392   392 I aw9380x_cap 8-0012: [aw9380x_noth_button_key_report:3855] touch0_state Cap 0 Force 0 currentBtn 0
03-23 01:43:51.427   392   392 I aw9380x_cap 8-0012: [aw9380x_rc_irqscr:3728] i2c read reg: 0xf080, val= 16
03-23 01:43:51.427   392   392 I aw9380x_cap 8-0012: [aw9380x_cap_default_irq_handle:4109] gpio_low_count 0
03-23 01:43:51.427   392   392 I aw9380x_cap 8-0012: [aw9380x_irq_handle_func:4065] IRQSEN = 0x000F0FFF
03-23 01:43:51.427   392   392 I aw9380x_cap 8-0012: [aw9380x_irq_handle_func:4067] IRQSRC = 0x00000010
03-23 01:43:51.428   392   392 I aw9380x_cap 8-0012: [aw9380x_noth_button_key_report:3855] touch0_state Cap 0 Force 0 currentBtn 0
03-23 01:43:51.431   131   131 E msm_eusb2_phy 88e3000.hsphy: Could not get usb psy
03-23 01:43:51.470   392   392 I aw9380x_cap 8-0012: [aw9380x_rc_irqscr:3728] i2c read reg: 0xf080, val= 16
03-23 01:43:51.470   392   392 I aw9380x_cap 8-0012: [aw9380x_cap_default_irq_handle:4109] gpio_low_count 0
03-23 01:43:51.470   392   392 I aw9380x_cap 8-0012: [aw9380x_irq_handle_func:4065] IRQSEN = 0x000F0FFF
03-23 01:43:51.470   392   392 I aw9380x_cap 8-0012: [aw9380x_irq_handle_func:4067] IRQSRC = 0x00000010
03-23 01:43:51.471   392   392 I aw9380x_cap 8-0012: [aw9380x_noth_button_key_report:3855] touch0_state Cap 0 Force 0 currentBtn 0
03-23 01:43:51.492   392   392 I aw9380x_cap 8-0012: [aw9380x_rc_irqscr:3728] i2c read reg: 0xf080, val= 16
03-23 01:43:51.492   392   392 I aw9380x_cap 8-0012: [aw9380x_cap_default_irq_handle:4109] gpio_low_count 0
03-23 01:43:51.492   392   392 I aw9380x_cap 8-0012: [aw9380x_irq_handle_func:4065] IRQSEN = 0x000F0FFF
03-23 01:43:51.492   392   392 I aw9380x_cap 8-0012: [aw9380x_irq_handle_func:4067] IRQSRC = 0x00000010
03-23 01:43:51.493   392   392 I aw9380x_cap 8-0012: [aw9380x_noth_button_key_report:3855] touch0_state Cap 0 Force 0 currentBtn 0
12-19 16:22:44.033   413   413 W ServiceManager: Waited one second for android.system.keystore2.IKeystoreService/default (is service started? are binder threads started and available?)
12-19 16:22:44.033   410   410 I servicemanager: Since 'android.system.keystore2.IKeystoreService/default' could not be found, trying to start it as a lazy AIDL service
12-19 16:22:44.033   410   512 W libc    : Unable to set property "ctl.interface_start" to "aidl/android.system.keystore2.IKeystoreService/default": error code: 0x20
12-19 16:22:44.033   410   512 I servicemanager: Tried to start aidl service android.system.keystore2.IKeystoreService/default as a lazy service, but was unable to. Usually this happens when a service is not installed, but if the service is intended to be used as a lazy service, then it may be configured incorrectly.
03-23 01:43:51.500     1     1 E init    : Control message: Could not find 'aidl/android.system.keystore2.IKeystoreService/default' for ctl.interface_start from pid: 410 (/system/bin/servicemanager)
03-23 01:43:51.534   392   392 I aw9380x_cap 8-0012: [aw9380x_rc_irqscr:3728] i2c read reg: 0xf080, val= 16
03-23 01:43:51.534   392   392 I aw9380x_cap 8-0012: [aw9380x_cap_default_irq_handle:4109] gpio_low_count 0
03-23 01:43:51.535   392   392 I aw9380x_cap 8-0012: [aw9380x_irq_handle_func:4065] IRQSEN = 0x000F0FFF
03-23 01:43:51.535   392   392 I aw9380x_cap 8-0012: [aw9380x_irq_handle_func:4067] IRQSRC = 0x00000010
03-23 01:43:51.535   392   392 I aw9380x_cap 8-0012: [aw9380x_noth_button_key_report:3855] touch0_state Cap 0 Force 0 currentBtn 0
03-23 01:43:51.556   392   392 I aw9380x_cap 8-0012: [aw9380x_rc_irqscr:3728] i2c read reg: 0xf080, val= 16
03-23 01:43:51.556   392   392 I aw9380x_cap 8-0012: [aw9380x_cap_default_irq_handle:4109] gpio_low_count 0
03-23 01:43:51.556   392   392 I aw9380x_cap 8-0012: [aw9380x_irq_handle_func:4065] IRQSEN = 0x000F0FFF
03-23 01:43:51.556   392   392 I aw9380x_cap 8-0012: [aw9380x_irq_handle_func:4067] IRQSRC = 0x00000010
03-23 01:43:51.557   392   392 I aw9380x_cap 8-0012: [aw9380x_noth_button_key_report:3855] touch0_state Cap 0 Force 0 currentBtn 0
03-23 01:43:51.599   392   392 I aw9380x_cap 8-0012: [aw9380x_rc_irqscr:3728] i2c read reg: 0xf080, val= 16
03-23 01:43:51.599   392   392 I aw9380x_cap 8-0012: [aw9380x_cap_default_irq_handle:4109] gpio_low_count 0
03-23 01:43:51.599   392   392 I aw9380x_cap 8-0012: [aw9380x_irq_handle_func:4065] IRQSEN = 0x000F0FFF
03-23 01:43:51.599   392   392 I aw9380x_cap 8-0012: [aw9380x_irq_handle_func:4067] IRQSRC = 0x00000010
03-23 01:43:51.600   392   392 I aw9380x_cap 8-0012: [aw9380x_noth_button_key_report:3855] touch0_state Cap 0 Force 0 currentBtn 0
03-23 01:43:51.613    29    29 I         : USB_STATE=CONNECTED
03-23 01:43:51.621   392   392 I aw9380x_cap 8-0012: [aw9380x_rc_irqscr:3728] i2c read reg: 0xf080, val= 16
03-23 01:43:51.621   392   392 I aw9380x_cap 8-0012: [aw9380x_cap_default_irq_handle:4109] gpio_low_count 0
03-23 01:43:51.621   392   392 I aw9380x_cap 8-0012: [aw9380x_irq_handle_func:4065] IRQSEN = 0x000F0FFF
03-23 01:43:51.621   392   392 I aw9380x_cap 8-0012: [aw9380x_irq_handle_func:4067] IRQSRC = 0x00000010
03-23 01:43:51.622   392   392 I aw9380x_cap 8-0012: [aw9380x_noth_button_key_report:3855] touch0_state Cap 0 Force 0 currentBtn 0
12-19 16:22:44.177   486   499 I adbd    : USB event: FUNCTIONFS_ENABLE
03-23 01:43:51.644    29    29 E msm_eusb2_phy 88e3000.hsphy: Could not get usb psy
03-23 01:43:51.644    29    29 I         : USB_STATE=CONFIGURED
12-19 16:22:44.177   486   513 I adbd    : UsbFfs-worker thread spawned
03-23 01:43:51.663   392   392 I aw9380x_cap 8-0012: [aw9380x_rc_irqscr:3728] i2c read reg: 0xf080, val= 16
03-23 01:43:51.663   392   392 I aw9380x_cap 8-0012: [aw9380x_cap_default_irq_handle:4109] gpio_low_count 0
03-23 01:43:51.664   392   392 I aw9380x_cap 8-0012: [aw9380x_irq_handle_func:4065] IRQSEN = 0x000F0FFF
03-23 01:43:51.664   392   392 I aw9380x_cap 8-0012: [aw9380x_irq_handle_func:4067] IRQSRC = 0x00000010
03-23 01:43:51.664   392   392 I aw9380x_cap 8-0012: [aw9380x_noth_button_key_report:3855] touch0_state Cap 0 Force 0 currentBtn 0
03-23 01:43:51.685   392   392 I aw9380x_cap 8-0012: [aw9380x_rc_irqscr:3728] i2c read reg: 0xf080, val= 16
03-23 01:43:51.685   392   392 I aw9380x_cap 8-0012: [aw9380x_cap_default_irq_handle:4109] gpio_low_count 0
03-23 01:43:51.686   392   392 I aw9380x_cap 8-0012: [aw9380x_irq_handle_func:4065] IRQSEN = 0x000F0FFF
03-23 01:43:51.686   392   392 I aw9380x_cap 8-0012: [aw9380x_irq_handle_func:4067] IRQSRC = 0x00000010
03-23 01:43:51.686   392   392 I aw9380x_cap 8-0012: [aw9380x_noth_button_key_report:3855] touch0_state Cap 0 Force 0 currentBtn 0
03-23 01:43:51.728   392   392 I aw9380x_cap 8-0012: [aw9380x_rc_irqscr:3728] i2c read reg: 0xf080, val= 16
03-23 01:43:51.728   392   392 I aw9380x_cap 8-0012: [aw9380x_cap_default_irq_handle:4109] gpio_low_count 0
03-23 01:43:51.728   392   392 I aw9380x_cap 8-0012: [aw9380x_irq_handle_func:4065] IRQSEN = 0x000F0FFF
03-23 01:43:51.728   392   392 I aw9380x_cap 8-0012: [aw9380x_irq_handle_func:4067] IRQSRC = 0x00000010
03-23 01:43:51.729   392   392 I aw9380x_cap 8-0012: [aw9380x_noth_button_key_report:3855] touch0_state Cap 0 Force 0 currentBtn 0
03-23 01:43:51.750   392   392 I aw9380x_cap 8-0012: [aw9380x_rc_irqscr:3728] i2c read reg: 0xf080, val= 16
03-23 01:43:51.750   392   392 I aw9380x_cap 8-0012: [aw9380x_cap_default_irq_handle:4109] gpio_low_count 0
03-23 01:43:51.750   392   392 I aw9380x_cap 8-0012: [aw9380x_irq_handle_func:4065] IRQSEN = 0x000F0FFF
03-23 01:43:51.750   392   392 I aw9380x_cap 8-0012: [aw9380x_irq_handle_func:4067] IRQSRC = 0x00000010
03-23 01:43:51.751   392   392 I aw9380x_cap 8-0012: [aw9380x_noth_button_key_report:3855] touch0_state Cap 0 Force 0 currentBtn 0
03-23 01:43:51.792   392   392 I aw9380x_cap 8-0012: [aw9380x_rc_irqscr:3728] i2c read reg: 0xf080, val= 16
03-23 01:43:51.792   392   392 I aw9380x_cap 8-0012: [aw9380x_cap_default_irq_handle:4109] gpio_low_count 0
03-23 01:43:51.792   392   392 I aw9380x_cap 8-0012: [aw9380x_irq_handle_func:4065] IRQSEN = 0x000F0FFF
03-23 01:43:51.792   392   392 I aw9380x_cap 8-0012: [aw9380x_irq_handle_func:4067] IRQSRC = 0x00000010
03-23 01:43:51.793   392   392 I aw9380x_cap 8-0012: [aw9380x_noth_button_key_report:3855] touch0_state Cap 0 Force 0 currentBtn 0
03-23 01:43:51.814   392   392 I aw9380x_cap 8-0012: [aw9380x_rc_irqscr:3728] i2c read reg: 0xf080, val= 16
03-23 01:43:51.814   392   392 I aw9380x_cap 8-0012: [aw9380x_cap_default_irq_handle:4109] gpio_low_count 0
03-23 01:43:51.814   392   392 I aw9380x_cap 8-0012: [aw9380x_irq_handle_func:4065] IRQSEN = 0x000F0FFF
03-23 01:43:51.814   392   392 I aw9380x_cap 8-0012: [aw9380x_irq_handle_func:4067] IRQSRC = 0x00000010
03-23 01:43:51.815   392   392 I aw9380x_cap 8-0012: [aw9380x_noth_button_key_report:3855] touch0_state Cap 0 Force 0 currentBtn 0
12-19 16:22:44.390   486   486 I adbd    : UsbFfs: already offline
12-19 16:22:44.390   486   486 I adbd    : authentication not required
03-23 01:43:51.857   392   392 I aw9380x_cap 8-0012: [aw9380x_rc_irqscr:3728] i2c read reg: 0xf080, val= 2097168
03-23 01:43:51.857   392   392 I aw9380x_cap 8-0012: [aw9380x_cap_default_irq_handle:4109] gpio_low_count 0
03-23 01:43:51.857   392   392 I aw9380x_cap 8-0012: [aw9380x_irq_handle_func:4065] IRQSEN = 0x000F0FFF
03-23 01:43:51.857   392   392 I aw9380x_cap 8-0012: [aw9380x_irq_handle_func:4067] IRQSRC = 0x00200010
03-23 01:43:51.858   392   392 I aw9380x_cap 8-0012: [aw9380x_noth_button_key_report:3855] touch0_state Cap 0 Force 0 currentBtn 0
03-23 01:43:51.879   392   392 I aw9380x_cap 8-0012: [aw9380x_rc_irqscr:3728] i2c read reg: 0xf080, val= 16
03-23 01:43:51.879   392   392 I aw9380x_cap 8-0012: [aw9380x_cap_default_irq_handle:4109] gpio_low_count 0
03-23 01:43:51.879   392   392 I aw9380x_cap 8-0012: [aw9380x_irq_handle_func:4065] IRQSEN = 0x000F0FFF
03-23 01:43:51.879   392   392 I aw9380x_cap 8-0012: [aw9380x_irq_handle_func:4067] IRQSRC = 0x00000010
03-23 01:43:51.880   392   392 I aw9380x_cap 8-0012: [aw9380x_noth_button_key_report:3855] touch0_state Cap 0 Force 0 currentBtn 0
03-23 01:43:51.921   392   392 I aw9380x_cap 8-0012: [aw9380x_rc_irqscr:3728] i2c read reg: 0xf080, val= 16
03-23 01:43:51.921   392   392 I aw9380x_cap 8-0012: [aw9380x_cap_default_irq_handle:4109] gpio_low_count 0
03-23 01:43:51.921   392   392 I aw9380x_cap 8-0012: [aw9380x_irq_handle_func:4065] IRQSEN = 0x000F0FFF
03-23 01:43:51.921   392   392 I aw9380x_cap 8-0012: [aw9380x_irq_handle_func:4067] IRQSRC = 0x00000010
03-23 01:43:51.922   392   392 I aw9380x_cap 8-0012: [aw9380x_noth_button_key_report:3855] touch0_state Cap 0 Force 0 currentBtn 0
03-23 01:43:51.943   392   392 I aw9380x_cap 8-0012: [aw9380x_rc_irqscr:3728] i2c read reg: 0xf080, val= 16
03-23 01:43:51.943   392   392 I aw9380x_cap 8-0012: [aw9380x_cap_default_irq_handle:4109] gpio_low_count 0
03-23 01:43:51.943   392   392 I aw9380x_cap 8-0012: [aw9380x_irq_handle_func:4065] IRQSEN = 0x000F0FFF
03-23 01:43:51.943   392   392 I aw9380x_cap 8-0012: [aw9380x_irq_handle_func:4067] IRQSRC = 0x00000010
03-23 01:43:51.944   392   392 I aw9380x_cap 8-0012: [aw9380x_noth_button_key_report:3855] touch0_state Cap 0 Force 0 currentBtn 0
03-23 01:43:51.986   392   392 I aw9380x_cap 8-0012: [aw9380x_rc_irqscr:3728] i2c read reg: 0xf080, val= 16
03-23 01:43:51.986   392   392 I aw9380x_cap 8-0012: [aw9380x_cap_default_irq_handle:4109] gpio_low_count 0
03-23 01:43:51.986   392   392 I aw9380x_cap 8-0012: [aw9380x_irq_handle_func:4065] IRQSEN = 0x000F0FFF
03-23 01:43:51.986   392   392 I aw9380x_cap 8-0012: [aw9380x_irq_handle_func:4067] IRQSRC = 0x00000010
03-23 01:43:51.987   392   392 I aw9380x_cap 8-0012: [aw9380x_noth_button_key_report:3855] touch0_state Cap 0 Force 0 currentBtn 0
03-23 01:43:52.008   392   392 I aw9380x_cap 8-0012: [aw9380x_rc_irqscr:3728] i2c read reg: 0xf080, val= 16
03-23 01:43:52.008   392   392 I aw9380x_cap 8-0012: [aw9380x_cap_default_irq_handle:4109] gpio_low_count 0
03-23 01:43:52.008   392   392 I aw9380x_cap 8-0012: [aw9380x_irq_handle_func:4065] IRQSEN = 0x000F0FFF
03-23 01:43:52.008   392   392 I aw9380x_cap 8-0012: [aw9380x_irq_handle_func:4067] IRQSRC = 0x00000010
03-23 01:43:52.009   392   392 I aw9380x_cap 8-0012: [aw9380x_noth_button_key_report:3855] touch0_state Cap 0 Force 0 currentBtn 0
03-23 01:43:52.050   392   392 I aw9380x_cap 8-0012: [aw9380x_rc_irqscr:3728] i2c read reg: 0xf080, val= 16
03-23 01:43:52.050   392   392 I aw9380x_cap 8-0012: [aw9380x_cap_default_irq_handle:4109] gpio_low_count 0
03-23 01:43:52.051   392   392 I aw9380x_cap 8-0012: [aw9380x_irq_handle_func:4065] IRQSEN = 0x000F0FFF
03-23 01:43:52.051   392   392 I aw9380x_cap 8-0012: [aw9380x_irq_handle_func:4067] IRQSRC = 0x00000010
03-23 01:43:52.051   392   392 I aw9380x_cap 8-0012: [aw9380x_noth_button_key_report:3855] touch0_state Cap 0 Force 0 currentBtn 0
03-23 01:43:52.072   392   392 I aw9380x_cap 8-0012: [aw9380x_rc_irqscr:3728] i2c read reg: 0xf080, val= 16
03-23 01:43:52.072   392   392 I aw9380x_cap 8-0012: [aw9380x_cap_default_irq_handle:4109] gpio_low_count 0
03-23 01:43:52.072   392   392 I aw9380x_cap 8-0012: [aw9380x_irq_handle_func:4065] IRQSEN = 0x000F0FFF
03-23 01:43:52.072   392   392 I aw9380x_cap 8-0012: [aw9380x_irq_handle_func:4067] IRQSRC = 0x00000010
03-23 01:43:52.073   392   392 I aw9380x_cap 8-0012: [aw9380x_noth_button_key_report:3855] touch0_state Cap 0 Force 0 currentBtn 0
03-23 01:43:52.115   392   392 I aw9380x_cap 8-0012: [aw9380x_rc_irqscr:3728] i2c read reg: 0xf080, val= 16
03-23 01:43:52.115   392   392 I aw9380x_cap 8-0012: [aw9380x_cap_default_irq_handle:4109] gpio_low_count 0
03-23 01:43:52.115   392   392 I aw9380x_cap 8-0012: [aw9380x_irq_handle_func:4065] IRQSEN = 0x000F0FFF
03-23 01:43:52.115   392   392 I aw9380x_cap 8-0012: [aw9380x_irq_handle_func:4067] IRQSRC = 0x00000010
03-23 01:43:52.116   392   392 I aw9380x_cap 8-0012: [aw9380x_noth_button_key_report:3855] touch0_state Cap 0 Force 0 currentBtn 0
03-23 01:43:52.137   392   392 I aw9380x_cap 8-0012: [aw9380x_rc_irqscr:3728] i2c read reg: 0xf080, val= 16
03-23 01:43:52.137   392   392 I aw9380x_cap 8-0012: [aw9380x_cap_default_irq_handle:4109] gpio_low_count 0
03-23 01:43:52.137   392   392 I aw9380x_cap 8-0012: [aw9380x_irq_handle_func:4065] IRQSEN = 0x000F0FFF
03-23 01:43:52.137   392   392 I aw9380x_cap 8-0012: [aw9380x_irq_handle_func:4067] IRQSRC = 0x00000010
03-23 01:43:52.138   392   392 I aw9380x_cap 8-0012: [aw9380x_noth_button_key_report:3855] touch0_state Cap 0 Force 0 currentBtn 0
03-23 01:43:52.179   392   392 I aw9380x_cap 8-0012: [aw9380x_rc_irqscr:3728] i2c read reg: 0xf080, val= 16
03-23 01:43:52.179   392   392 I aw9380x_cap 8-0012: [aw9380x_cap_default_irq_handle:4109] gpio_low_count 0
03-23 01:43:52.180   392   392 I aw9380x_cap 8-0012: [aw9380x_irq_handle_func:4065] IRQSEN = 0x000F0FFF
03-23 01:43:52.180   392   392 I aw9380x_cap 8-0012: [aw9380x_irq_handle_func:4067] IRQSRC = 0x00000010
03-23 01:43:52.180   392   392 I aw9380x_cap 8-0012: [aw9380x_noth_button_key_report:3855] touch0_state Cap 0 Force 0 currentBtn 0
03-23 01:43:52.201   392   392 I aw9380x_cap 8-0012: [aw9380x_rc_irqscr:3728] i2c read reg: 0xf080, val= 16
03-23 01:43:52.201   392   392 I aw9380x_cap 8-0012: [aw9380x_cap_default_irq_handle:4109] gpio_low_count 0
03-23 01:43:52.201   392   392 I aw9380x_cap 8-0012: [aw9380x_irq_handle_func:4065] IRQSEN = 0x000F0FFF
03-23 01:43:52.201   392   392 I aw9380x_cap 8-0012: [aw9380x_irq_handle_func:4067] IRQSRC = 0x00000010
03-23 01:43:52.202   392   392 I aw9380x_cap 8-0012: [aw9380x_noth_button_key_report:3855] touch0_state Cap 0 Force 0 currentBtn 0
03-23 01:43:52.244   392   392 I aw9380x_cap 8-0012: [aw9380x_rc_irqscr:3728] i2c read reg: 0xf080, val= 16
03-23 01:43:52.244   392   392 I aw9380x_cap 8-0012: [aw9380x_cap_default_irq_handle:4109] gpio_low_count 0
03-23 01:43:52.244   392   392 I aw9380x_cap 8-0012: [aw9380x_irq_handle_func:4065] IRQSEN = 0x000F0FFF
03-23 01:43:52.244   392   392 I aw9380x_cap 8-0012: [aw9380x_irq_handle_func:4067] IRQSRC = 0x00000010
03-23 01:43:52.245   392   392 I aw9380x_cap 8-0012: [aw9380x_noth_button_key_report:3855] touch0_state Cap 0 Force 0 currentBtn 0
03-23 01:43:52.266   392   392 I aw9380x_cap 8-0012: [aw9380x_rc_irqscr:3728] i2c read reg: 0xf080, val= 16
03-23 01:43:52.266   392   392 I aw9380x_cap 8-0012: [aw9380x_cap_default_irq_handle:4109] gpio_low_count 0
03-23 01:43:52.266   392   392 I aw9380x_cap 8-0012: [aw9380x_irq_handle_func:4065] IRQSEN = 0x000F0FFF
03-23 01:43:52.266   392   392 I aw9380x_cap 8-0012: [aw9380x_irq_handle_func:4067] IRQSRC = 0x00000010
03-23 01:43:52.267   392   392 I aw9380x_cap 8-0012: [aw9380x_noth_button_key_report:3855] touch0_state Cap 0 Force 0 currentBtn 0
03-23 01:43:52.308   392   392 I aw9380x_cap 8-0012: [aw9380x_rc_irqscr:3728] i2c read reg: 0xf080, val= 16
03-23 01:43:52.308   392   392 I aw9380x_cap 8-0012: [aw9380x_cap_default_irq_handle:4109] gpio_low_count 0
03-23 01:43:52.308   392   392 I aw9380x_cap 8-0012: [aw9380x_irq_handle_func:4065] IRQSEN = 0x000F0FFF
03-23 01:43:52.308   392   392 I aw9380x_cap 8-0012: [aw9380x_irq_handle_func:4067] IRQSRC = 0x00000010
03-23 01:43:52.309   392   392 I aw9380x_cap 8-0012: [aw9380x_noth_button_key_report:3855] touch0_state Cap 0 Force 0 currentBtn 0
03-23 01:43:52.330   392   392 I aw9380x_cap 8-0012: [aw9380x_rc_irqscr:3728] i2c read reg: 0xf080, val= 16
03-23 01:43:52.330   392   392 I aw9380x_cap 8-0012: [aw9380x_cap_default_irq_handle:4109] gpio_low_count 0
03-23 01:43:52.330   392   392 I aw9380x_cap 8-0012: [aw9380x_irq_handle_func:4065] IRQSEN = 0x000F0FFF
03-23 01:43:52.330   392   392 I aw9380x_cap 8-0012: [aw9380x_irq_handle_func:4067] IRQSRC = 0x00000010
03-23 01:43:52.331   392   392 I aw9380x_cap 8-0012: [aw9380x_noth_button_key_report:3855] touch0_state Cap 0 Force 0 currentBtn 0
03-23 01:43:52.342     1     1 I init    : processing action (crypto.ready=1 && hwservicemanager.ready=true) from (/init.recovery.qcom_decrypt.rc:20)
03-23 01:43:52.342     1     1 I init    : starting service 'qseecomd'...
12-19 16:22:44.878   526   526 F linker  : CANNOT LINK EXECUTABLE "/system/bin/qseecomd": library "libminkdescriptor.so" not found: needed by main executable
03-23 01:43:52.343   526   526 I KernelSU: hook_manager: unmark 526 exec /system/bin/qseecomd
03-23 01:43:52.344     1     1 I init    : Service 'prepdecrypt' (pid 490) exited with status 0 oneshot service took 1.059000 seconds in background
03-23 01:43:52.344     1     1 I init    : Sending signal 9 to service 'prepdecrypt' (pid 490) process group...
03-23 01:43:52.345     1     1 I libprocessgroup: Successfully killed process cgroup uid 0 pid 490 in 0ms
03-23 01:43:52.345     1     1 I init    : Service 'qseecomd' (pid 526) exited with status 1 oneshot service took 0.002000 seconds in background
03-23 01:43:52.345     1     1 I init    : Sending signal 9 to service 'qseecomd' (pid 526) process group...
03-23 01:43:52.345     1     1 I libprocessgroup: Successfully killed process cgroup uid 0 pid 526 in 0ms
03-23 01:43:52.373   392   392 I aw9380x_cap 8-0012: [aw9380x_rc_irqscr:3728] i2c read reg: 0xf080, val= 16
03-23 01:43:52.373   392   392 I aw9380x_cap 8-0012: [aw9380x_cap_default_irq_handle:4109] gpio_low_count 0
03-23 01:43:52.373   392   392 I aw9380x_cap 8-0012: [aw9380x_irq_handle_func:4065] IRQSEN = 0x000F0FFF
03-23 01:43:52.373   392   392 I aw9380x_cap 8-0012: [aw9380x_irq_handle_func:4067] IRQSRC = 0x00000010
03-23 01:43:52.374   392   392 I aw9380x_cap 8-0012: [aw9380x_noth_button_key_report:3855] touch0_state Cap 0 Force 0 currentBtn 0
03-23 01:43:52.395   392   392 I aw9380x_cap 8-0012: [aw9380x_rc_irqscr:3728] i2c read reg: 0xf080, val= 16
03-23 01:43:52.395   392   392 I aw9380x_cap 8-0012: [aw9380x_cap_default_irq_handle:4109] gpio_low_count 0
03-23 01:43:52.395   392   392 I aw9380x_cap 8-0012: [aw9380x_irq_handle_func:4065] IRQSEN = 0x000F0FFF
03-23 01:43:52.395   392   392 I aw9380x_cap 8-0012: [aw9380x_irq_handle_func:4067] IRQSRC = 0x00000010
03-23 01:43:52.396   392   392 I aw9380x_cap 8-0012: [aw9380x_noth_button_key_report:3855] touch0_state Cap 0 Force 0 currentBtn 0
03-23 01:43:52.438   392   392 I aw9380x_cap 8-0012: [aw9380x_rc_irqscr:3728] i2c read reg: 0xf080, val= 16
03-23 01:43:52.438   392   392 I aw9380x_cap 8-0012: [aw9380x_cap_default_irq_handle:4109] gpio_low_count 0
03-23 01:43:52.438   392   392 I aw9380x_cap 8-0012: [aw9380x_irq_handle_func:4065] IRQSEN = 0x000F0FFF
03-23 01:43:52.438   392   392 I aw9380x_cap 8-0012: [aw9380x_irq_handle_func:4067] IRQSRC = 0x00000010
03-23 01:43:52.439   392   392 I aw9380x_cap 8-0012: [aw9380x_noth_button_key_report:3855] touch0_state Cap 0 Force 0 currentBtn 0
03-23 01:43:52.460   392   392 I aw9380x_cap 8-0012: [aw9380x_rc_irqscr:3728] i2c read reg: 0xf080, val= 16
03-23 01:43:52.460   392   392 I aw9380x_cap 8-0012: [aw9380x_cap_default_irq_handle:4109] gpio_low_count 0
03-23 01:43:52.460   392   392 I aw9380x_cap 8-0012: [aw9380x_irq_handle_func:4065] IRQSEN = 0x000F0FFF
03-23 01:43:52.460   392   392 I aw9380x_cap 8-0012: [aw9380x_irq_handle_func:4067] IRQSRC = 0x00000010
03-23 01:43:52.461   392   392 I aw9380x_cap 8-0012: [aw9380x_noth_button_key_report:3855] touch0_state Cap 0 Force 0 currentBtn 0
12-19 16:22:45.033   413   413 W ServiceManager: Waited one second for android.system.keystore2.IKeystoreService/default (is service started? are binder threads started and available?)
12-19 16:22:45.034   410   410 I servicemanager: Since 'android.system.keystore2.IKeystoreService/default' could not be found, trying to start it as a lazy AIDL service
12-19 16:22:45.034   410   527 W libc    : Unable to set property "ctl.interface_start" to "aidl/android.system.keystore2.IKeystoreService/default": error code: 0x20
12-19 16:22:45.034   410   527 I servicemanager: Tried to start aidl service android.system.keystore2.IKeystoreService/default as a lazy service, but was unable to. Usually this happens when a service is not installed, but if the service is intended to be used as a lazy service, then it may be configured incorrectly.
03-23 01:43:52.500     1     1 E init    : Control message: Could not find 'aidl/android.system.keystore2.IKeystoreService/default' for ctl.interface_start from pid: 410 (/system/bin/servicemanager)
03-23 01:43:52.502   392   392 I aw9380x_cap 8-0012: [aw9380x_rc_irqscr:3728] i2c read reg: 0xf080, val= 16
03-23 01:43:52.502   392   392 I aw9380x_cap 8-0012: [aw9380x_cap_default_irq_handle:4109] gpio_low_count 0
03-23 01:43:52.502   392   392 I aw9380x_cap 8-0012: [aw9380x_irq_handle_func:4065] IRQSEN = 0x000F0FFF
03-23 01:43:52.502   392   392 I aw9380x_cap 8-0012: [aw9380x_irq_handle_func:4067] IRQSRC = 0x00000010
03-23 01:43:52.503   392   392 I aw9380x_cap 8-0012: [aw9380x_noth_button_key_report:3855] touch0_state Cap 0 Force 0 currentBtn 0
03-23 01:43:52.524   392   392 I aw9380x_cap 8-0012: [aw9380x_rc_irqscr:3728] i2c read reg: 0xf080, val= 16
03-23 01:43:52.524   392   392 I aw9380x_cap 8-0012: [aw9380x_cap_default_irq_handle:4109] gpio_low_count 0
03-23 01:43:52.524   392   392 I aw9380x_cap 8-0012: [aw9380x_irq_handle_func:4065] IRQSEN = 0x000F0FFF
03-23 01:43:52.524   392   392 I aw9380x_cap 8-0012: [aw9380x_irq_handle_func:4067] IRQSRC = 0x00000010
03-23 01:43:52.525   392   392 I aw9380x_cap 8-0012: [aw9380x_noth_button_key_report:3855] touch0_state Cap 0 Force 0 currentBtn 0
03-23 01:43:52.567   392   392 I aw9380x_cap 8-0012: [aw9380x_rc_irqscr:3728] i2c read reg: 0xf080, val= 16
03-23 01:43:52.567   392   392 I aw9380x_cap 8-0012: [aw9380x_cap_default_irq_handle:4109] gpio_low_count 0
03-23 01:43:52.567   392   392 I aw9380x_cap 8-0012: [aw9380x_irq_handle_func:4065] IRQSEN = 0x000F0FFF
03-23 01:43:52.567   392   392 I aw9380x_cap 8-0012: [aw9380x_irq_handle_func:4067] IRQSRC = 0x00000010
03-23 01:43:52.568   392   392 I aw9380x_cap 8-0012: [aw9380x_noth_button_key_report:3855] touch0_state Cap 0 Force 0 currentBtn 0
03-23 01:43:52.588   392   392 I aw9380x_cap 8-0012: [aw9380x_rc_irqscr:3728] i2c read reg: 0xf080, val= 16
03-23 01:43:52.588   392   392 I aw9380x_cap 8-0012: [aw9380x_cap_default_irq_handle:4109] gpio_low_count 0
03-23 01:43:52.589   392   392 I aw9380x_cap 8-0012: [aw9380x_irq_handle_func:4065] IRQSEN = 0x000F0FFF
03-23 01:43:52.589   392   392 I aw9380x_cap 8-0012: [aw9380x_irq_handle_func:4067] IRQSRC = 0x00000010
03-23 01:43:52.589   392   392 I aw9380x_cap 8-0012: [aw9380x_noth_button_key_report:3855] touch0_state Cap 0 Force 0 currentBtn 0
03-23 01:43:52.631   392   392 I aw9380x_cap 8-0012: [aw9380x_rc_irqscr:3728] i2c read reg: 0xf080, val= 16
03-23 01:43:52.631   392   392 I aw9380x_cap 8-0012: [aw9380x_cap_default_irq_handle:4109] gpio_low_count 0
03-23 01:43:52.631   392   392 I aw9380x_cap 8-0012: [aw9380x_irq_handle_func:4065] IRQSEN = 0x000F0FFF
03-23 01:43:52.631   392   392 I aw9380x_cap 8-0012: [aw9380x_irq_handle_func:4067] IRQSRC = 0x00000010
03-23 01:43:52.632   392   392 I aw9380x_cap 8-0012: [aw9380x_noth_button_key_report:3855] touch0_state Cap 0 Force 0 currentBtn 0
03-23 01:43:52.653   392   392 I aw9380x_cap 8-0012: [aw9380x_rc_irqscr:3728] i2c read reg: 0xf080, val= 16
03-23 01:43:52.653   392   392 I aw9380x_cap 8-0012: [aw9380x_cap_default_irq_handle:4109] gpio_low_count 0
03-23 01:43:52.653   392   392 I aw9380x_cap 8-0012: [aw9380x_irq_handle_func:4065] IRQSEN = 0x000F0FFF
03-23 01:43:52.653   392   392 I aw9380x_cap 8-0012: [aw9380x_irq_handle_func:4067] IRQSRC = 0x00000010
03-23 01:43:52.654   392   392 I aw9380x_cap 8-0012: [aw9380x_noth_button_key_report:3855] touch0_state Cap 0 Force 0 currentBtn 0
03-23 01:43:52.696   392   392 I aw9380x_cap 8-0012: [aw9380x_rc_irqscr:3728] i2c read reg: 0xf080, val= 16
03-23 01:43:52.696   392   392 I aw9380x_cap 8-0012: [aw9380x_cap_default_irq_handle:4109] gpio_low_count 0
03-23 01:43:52.696   392   392 I aw9380x_cap 8-0012: [aw9380x_irq_handle_func:4065] IRQSEN = 0x000F0FFF
03-23 01:43:52.696   392   392 I aw9380x_cap 8-0012: [aw9380x_irq_handle_func:4067] IRQSRC = 0x00000010
03-23 01:43:52.697   392   392 I aw9380x_cap 8-0012: [aw9380x_noth_button_key_report:3855] touch0_state Cap 0 Force 0 currentBtn 0
03-23 01:43:52.717   392   392 I aw9380x_cap 8-0012: [aw9380x_rc_irqscr:3728] i2c read reg: 0xf080, val= 16
03-23 01:43:52.717   392   392 I aw9380x_cap 8-0012: [aw9380x_cap_default_irq_handle:4109] gpio_low_count 0
03-23 01:43:52.718   392   392 I aw9380x_cap 8-0012: [aw9380x_irq_handle_func:4065] IRQSEN = 0x000F0FFF
03-23 01:43:52.718   392   392 I aw9380x_cap 8-0012: [aw9380x_irq_handle_func:4067] IRQSRC = 0x00000010
03-23 01:43:52.718   392   392 I aw9380x_cap 8-0012: [aw9380x_noth_button_key_report:3855] touch0_state Cap 0 Force 0 currentBtn 0
03-23 01:43:52.760   392   392 I aw9380x_cap 8-0012: [aw9380x_rc_irqscr:3728] i2c read reg: 0xf080, val= 16
03-23 01:43:52.760   392   392 I aw9380x_cap 8-0012: [aw9380x_cap_default_irq_handle:4109] gpio_low_count 0
03-23 01:43:52.760   392   392 I aw9380x_cap 8-0012: [aw9380x_irq_handle_func:4065] IRQSEN = 0x000F0FFF
03-23 01:43:52.760   392   392 I aw9380x_cap 8-0012: [aw9380x_irq_handle_func:4067] IRQSRC = 0x00000010
03-23 01:43:52.761   392   392 I aw9380x_cap 8-0012: [aw9380x_noth_button_key_report:3855] touch0_state Cap 0 Force 0 currentBtn 0
03-23 01:43:52.782   392   392 I aw9380x_cap 8-0012: [aw9380x_rc_irqscr:3728] i2c read reg: 0xf080, val= 16
03-23 01:43:52.782   392   392 I aw9380x_cap 8-0012: [aw9380x_cap_default_irq_handle:4109] gpio_low_count 0
03-23 01:43:52.782   392   392 I aw9380x_cap 8-0012: [aw9380x_irq_handle_func:4065] IRQSEN = 0x000F0FFF
03-23 01:43:52.782   392   392 I aw9380x_cap 8-0012: [aw9380x_irq_handle_func:4067] IRQSRC = 0x00000010
03-23 01:43:52.783   392   392 I aw9380x_cap 8-0012: [aw9380x_noth_button_key_report:3855] touch0_state Cap 0 Force 0 currentBtn 0
03-23 01:43:52.824   392   392 I aw9380x_cap 8-0012: [aw9380x_rc_irqscr:3728] i2c read reg: 0xf080, val= 16
03-23 01:43:52.824   392   392 I aw9380x_cap 8-0012: [aw9380x_cap_default_irq_handle:4109] gpio_low_count 0
03-23 01:43:52.825   392   392 I aw9380x_cap 8-0012: [aw9380x_irq_handle_func:4065] IRQSEN = 0x000F0FFF
03-23 01:43:52.825   392   392 I aw9380x_cap 8-0012: [aw9380x_irq_handle_func:4067] IRQSRC = 0x00000010
03-23 01:43:52.826   392   392 I aw9380x_cap 8-0012: [aw9380x_noth_button_key_report:3855] touch0_state Cap 0 Force 0 currentBtn 0
03-23 01:43:52.846   392   392 I aw9380x_cap 8-0012: [aw9380x_rc_irqscr:3728] i2c read reg: 0xf080, val= 16
03-23 01:43:52.846   392   392 I aw9380x_cap 8-0012: [aw9380x_cap_default_irq_handle:4109] gpio_low_count 0
03-23 01:43:52.847   392   392 I aw9380x_cap 8-0012: [aw9380x_irq_handle_func:4065] IRQSEN = 0x000F0FFF
03-23 01:43:52.847   392   392 I aw9380x_cap 8-0012: [aw9380x_irq_handle_func:4067] IRQSRC = 0x00000010
03-23 01:43:52.847   392   392 I aw9380x_cap 8-0012: [aw9380x_noth_button_key_report:3855] touch0_state Cap 0 Force 0 currentBtn 0
03-23 01:43:52.889   392   392 I aw9380x_cap 8-0012: [aw9380x_rc_irqscr:3728] i2c read reg: 0xf080, val= 16
03-23 01:43:52.889   392   392 I aw9380x_cap 8-0012: [aw9380x_cap_default_irq_handle:4109] gpio_low_count 0
03-23 01:43:52.889   392   392 I aw9380x_cap 8-0012: [aw9380x_irq_handle_func:4065] IRQSEN = 0x000F0FFF
03-23 01:43:52.889   392   392 I aw9380x_cap 8-0012: [aw9380x_irq_handle_func:4067] IRQSRC = 0x00000010
03-23 01:43:52.890   392   392 I aw9380x_cap 8-0012: [aw9380x_noth_button_key_report:3855] touch0_state Cap 0 Force 0 currentBtn 0
03-23 01:43:52.911   392   392 I aw9380x_cap 8-0012: [aw9380x_rc_irqscr:3728] i2c read reg: 0xf080, val= 16
03-23 01:43:52.911   392   392 I aw9380x_cap 8-0012: [aw9380x_cap_default_irq_handle:4109] gpio_low_count 0
03-23 01:43:52.911   392   392 I aw9380x_cap 8-0012: [aw9380x_irq_handle_func:4065] IRQSEN = 0x000F0FFF
03-23 01:43:52.911   392   392 I aw9380x_cap 8-0012: [aw9380x_irq_handle_func:4067] IRQSRC = 0x00000010
03-23 01:43:52.912   392   392 I aw9380x_cap 8-0012: [aw9380x_noth_button_key_report:3855] touch0_state Cap 0 Force 0 currentBtn 0
03-23 01:43:52.953   392   392 I aw9380x_cap 8-0012: [aw9380x_rc_irqscr:3728] i2c read reg: 0xf080, val= 16
03-23 01:43:52.953   392   392 I aw9380x_cap 8-0012: [aw9380x_cap_default_irq_handle:4109] gpio_low_count 0
03-23 01:43:52.954   392   392 I aw9380x_cap 8-0012: [aw9380x_irq_handle_func:4065] IRQSEN = 0x000F0FFF
03-23 01:43:52.954   392   392 I aw9380x_cap 8-0012: [aw9380x_irq_handle_func:4067] IRQSRC = 0x00000010
03-23 01:43:52.954   392   392 I aw9380x_cap 8-0012: [aw9380x_noth_button_key_report:3855] touch0_state Cap 0 Force 0 currentBtn 0
03-23 01:43:52.975   392   392 I aw9380x_cap 8-0012: [aw9380x_rc_irqscr:3728] i2c read reg: 0xf080, val= 16
03-23 01:43:52.975   392   392 I aw9380x_cap 8-0012: [aw9380x_cap_default_irq_handle:4109] gpio_low_count 0
03-23 01:43:52.976   392   392 I aw9380x_cap 8-0012: [aw9380x_irq_handle_func:4065] IRQSEN = 0x000F0FFF
03-23 01:43:52.976   392   392 I aw9380x_cap 8-0012: [aw9380x_irq_handle_func:4067] IRQSRC = 0x00000010
03-23 01:43:52.976   392   392 I aw9380x_cap 8-0012: [aw9380x_noth_button_key_report:3855] touch0_state Cap 0 Force 0 currentBtn 0
03-23 01:43:53.018   392   392 I aw9380x_cap 8-0012: [aw9380x_rc_irqscr:3728] i2c read reg: 0xf080, val= 16
03-23 01:43:53.018   392   392 I aw9380x_cap 8-0012: [aw9380x_cap_default_irq_handle:4109] gpio_low_count 0
03-23 01:43:53.018   392   392 I aw9380x_cap 8-0012: [aw9380x_irq_handle_func:4065] IRQSEN = 0x000F0FFF
03-23 01:43:53.018   392   392 I aw9380x_cap 8-0012: [aw9380x_irq_handle_func:4067] IRQSRC = 0x00000010
03-23 01:43:53.019   392   392 I aw9380x_cap 8-0012: [aw9380x_noth_button_key_report:3855] touch0_state Cap 0 Force 0 currentBtn 0
03-23 01:43:53.040   392   392 I aw9380x_cap 8-0012: [aw9380x_rc_irqscr:3728] i2c read reg: 0xf080, val= 16
03-23 01:43:53.040   392   392 I aw9380x_cap 8-0012: [aw9380x_cap_default_irq_handle:4109] gpio_low_count 0
03-23 01:43:53.040   392   392 I aw9380x_cap 8-0012: [aw9380x_irq_handle_func:4065] IRQSEN = 0x000F0FFF
03-23 01:43:53.040   392   392 I aw9380x_cap 8-0012: [aw9380x_irq_handle_func:4067] IRQSRC = 0x00000010
03-23 01:43:53.041   392   392 I aw9380x_cap 8-0012: [aw9380x_noth_button_key_report:3855] touch0_state Cap 0 Force 0 currentBtn 0
03-23 01:43:53.082   392   392 I aw9380x_cap 8-0012: [aw9380x_rc_irqscr:3728] i2c read reg: 0xf080, val= 16
03-23 01:43:53.082   392   392 I aw9380x_cap 8-0012: [aw9380x_cap_default_irq_handle:4109] gpio_low_count 0
03-23 01:43:53.083   392   392 I aw9380x_cap 8-0012: [aw9380x_irq_handle_func:4065] IRQSEN = 0x000F0FFF
03-23 01:43:53.083   392   392 I aw9380x_cap 8-0012: [aw9380x_irq_handle_func:4067] IRQSRC = 0x00000010
03-23 01:43:53.083   392   392 I aw9380x_cap 8-0012: [aw9380x_noth_button_key_report:3855] touch0_state Cap 0 Force 0 currentBtn 0
03-23 01:43:53.104   392   392 I aw9380x_cap 8-0012: [aw9380x_rc_irqscr:3728] i2c read reg: 0xf080, val= 16
03-23 01:43:53.104   392   392 I aw9380x_cap 8-0012: [aw9380x_cap_default_irq_handle:4109] gpio_low_count 0
03-23 01:43:53.105   392   392 I aw9380x_cap 8-0012: [aw9380x_irq_handle_func:4065] IRQSEN = 0x000F0FFF
03-23 01:43:53.105   392   392 I aw9380x_cap 8-0012: [aw9380x_irq_handle_func:4067] IRQSRC = 0x00000010
03-23 01:43:53.105   392   392 I aw9380x_cap 8-0012: [aw9380x_noth_button_key_report:3855] touch0_state Cap 0 Force 0 currentBtn 0
03-23 01:43:53.147   392   392 I aw9380x_cap 8-0012: [aw9380x_rc_irqscr:3728] i2c read reg: 0xf080, val= 16
03-23 01:43:53.147   392   392 I aw9380x_cap 8-0012: [aw9380x_cap_default_irq_handle:4109] gpio_low_count 0
03-23 01:43:53.147   392   392 I aw9380x_cap 8-0012: [aw9380x_irq_handle_func:4065] IRQSEN = 0x000F0FFF
03-23 01:43:53.147   392   392 I aw9380x_cap 8-0012: [aw9380x_irq_handle_func:4067] IRQSRC = 0x00000010
03-23 01:43:53.148   392   392 I aw9380x_cap 8-0012: [aw9380x_noth_button_key_report:3855] touch0_state Cap 0 Force 0 currentBtn 0
03-23 01:43:53.169   392   392 I aw9380x_cap 8-0012: [aw9380x_rc_irqscr:3728] i2c read reg: 0xf080, val= 16
03-23 01:43:53.169   392   392 I aw9380x_cap 8-0012: [aw9380x_cap_default_irq_handle:4109] gpio_low_count 0
03-23 01:43:53.169   392   392 I aw9380x_cap 8-0012: [aw9380x_irq_handle_func:4065] IRQSEN = 0x000F0FFF
03-23 01:43:53.169   392   392 I aw9380x_cap 8-0012: [aw9380x_irq_handle_func:4067] IRQSRC = 0x00000010
03-23 01:43:53.170   392   392 I aw9380x_cap 8-0012: [aw9380x_noth_button_key_report:3855] touch0_state Cap 0 Force 0 currentBtn 0
03-23 01:43:53.211   392   392 I aw9380x_cap 8-0012: [aw9380x_rc_irqscr:3728] i2c read reg: 0xf080, val= 16
03-23 01:43:53.211   392   392 I aw9380x_cap 8-0012: [aw9380x_cap_default_irq_handle:4109] gpio_low_count 0
03-23 01:43:53.212   392   392 I aw9380x_cap 8-0012: [aw9380x_irq_handle_func:4065] IRQSEN = 0x000F0FFF
03-23 01:43:53.212   392   392 I aw9380x_cap 8-0012: [aw9380x_irq_handle_func:4067] IRQSRC = 0x00000010
03-23 01:43:53.212   392   392 I aw9380x_cap 8-0012: [aw9380x_noth_button_key_report:3855] touch0_state Cap 0 Force 0 currentBtn 0
