03-23 02:02:49.366   147   147 I init    : Loading module /lib/modules/coresight-replicator.ko with args ''
03-23 02:02:49.366    10    10 E coresight-qmi soc: modem0-qmi: qmi client init failed ret:-517
03-23 02:02:49.367   144   144 E qmi-cooling-device soc: qmi-tmd-devices: QMI[0x43] handle init failed. err:-517
03-23 02:02:49.367   149   149 I init    : Loaded kernel module /lib/modules/qcom-pon.ko
03-23 02:02:49.367   149   149 I init    : Loading module /lib/modules/coresight-tgu.ko with args ''
03-23 02:02:49.367    10    10 E coresight-qmi soc: modem2-qmi: qmi client init failed ret:-517
03-23 02:02:49.367   144   144 I init    : Loaded kernel module /lib/modules/qti_qmi_cdev.ko
03-23 02:02:49.367   145   145 I init    : Loaded kernel module /lib/modules/qti_amoled_ecm.ko
03-23 02:02:49.367   144   144 I init    : Loading module /lib/modules/coresight-csr.ko with args ''
03-23 02:02:49.367   145   145 I init    : Loading module /lib/modules/stm_console.ko with args ''
03-23 02:02:49.367   142   142 I init    : Loaded kernel module /lib/modules/coresight-trace-noc.ko
03-23 02:02:49.367   142   142 I init    : Loading module /lib/modules/gh_rm_drv.ko with args ''
03-23 02:02:49.367   146   146 I init    : Loaded kernel module /lib/modules/qcom_smd.ko
03-23 02:02:49.367   145   145 I init    : Loaded kernel module /lib/modules/stm_console.ko
03-23 02:02:49.367   149   149 I init    : Loaded kernel module /lib/modules/coresight-tgu.ko
03-23 02:02:49.368   147   147 I init    : Loaded kernel module /lib/modules/coresight-replicator.ko
03-23 02:02:49.368    10    10 E rdbg    : failed get smem state
03-23 02:02:49.368   144   144 I init    : Loaded kernel module /lib/modules/coresight-csr.ko
03-23 02:02:49.368    10    10 E rdbg_probe: register_smp2p_out failed for rdbg_adsp
03-23 02:02:49.368   148   148 I init    : Loaded kernel module /lib/modules/coresight-funnel.ko
03-23 02:02:49.368   142   142 W gunyah_rsc_mgr hypervisor: qcom,resource-manager-rpc@bca450a905470d38: RM rejected message 5600000a. Error: 3
03-23 02:02:49.368    10    10 E rdbg    : failed get smem state
03-23 02:02:49.368    10    10 E rdbg_probe: register_smp2p_out failed for rdbg_cdsp
03-23 02:02:49.369   142   142 E gh_rm_vm_auth_image: VM_AUTH_IMAGE failed with err: -1
03-23 02:02:49.369   142   142 E         : Ignore previous errors about failed auth call
03-23 02:02:49.370    10    10 E coresight-qmi soc: turing-qmi: qmi client init failed ret:-517
03-23 02:02:49.370   143   143 I <haptic_hv>aw_i2c_init: aw_haptic driver version v1.9.0.8
03-23 02:02:49.370    10    10 E coresight-qmi soc: wpss-qmi: qmi client init failed ret:-517
03-23 02:02:49.370   143   143 I init    : Loaded kernel module /lib/modules/haptic.ko
03-23 02:02:49.370    10    10 E qmi-therm-sensors-v2 soc: qmi-ts-sensors: QMI[0x0] handle init failed. err:-517
03-23 02:02:49.370    10    10 E coresight-qmi soc: audio-qmi: qmi client init failed ret:-517
03-23 02:02:49.370    10    10 E coresight-qmi soc: modem0-qmi: qmi client init failed ret:-517
03-23 02:02:49.370    10    10 E qmi-cooling-device soc: qmi-tmd-devices: QMI[0x43] handle init failed. err:-517
03-23 02:02:49.370   142   142 I gh_rm_setup_feature_scm_assign: gh_feature_use_scm_assign mem Disabled
03-23 02:02:50.629   451   451 I hwservicemanager: getDeviceHalManifest: Successfully processed VINTF information
03-23 02:02:50.629   451   451 I hwservicemanager: getFrameworkHalManifest: Successfully processed VINTF information
03-23 02:02:49.370   142   142 I init    : Loaded kernel module /lib/modules/gh_rm_drv.ko
03-23 02:02:49.370    10    10 E coresight-qmi soc: modem2-qmi: qmi client init failed ret:-517
03-23 02:02:49.371    10    10 E rdbg    : failed get smem state
03-23 02:02:49.371    10    10 E rdbg_probe: register_smp2p_out failed for rdbg_adsp
03-23 02:02:49.371    10    10 E rdbg    : failed get smem state
03-23 02:02:49.371    10    10 E rdbg_probe: register_smp2p_out failed for rdbg_cdsp
03-23 02:02:50.629   451   451 E SELinux : avc:  denied  { add } for interface=android.hidl.token::ITokenManager sid=u:r:recovery:s0 pid=451 scontext=u:r:recovery:s0 tcontext=u:object_r:hidl_token_hwservice:s0 tclass=hwservice_manager permissive=1
03-23 02:02:49.371   166   166 I init    : Loading module /lib/modules/gh_rm_booster.ko with args ''
03-23 02:02:49.372   167   167 I init    : Loading module /lib/modules/coresight-stm.ko with args ''
03-23 02:02:49.372   168   168 I init    : Loading module /lib/modules/coresight-remote-etm.ko with args ''
03-23 02:02:49.372   170   170 I init    : Loading module /lib/modules/gh_mem_notifier.ko with args ''
03-23 02:02:49.372   169   169 I init    : Loading module /lib/modules/qcom-pmu-lib.ko with args ''
03-23 02:02:49.372   173   173 I init    : Loading module /lib/modules/cpu_mpam.ko with args ''
03-23 02:02:49.372   172   172 I init    : Loading module /lib/modules/platform_mpam.ko with args ''
03-23 02:02:49.373    10    10 E coresight-qmi soc: turing-qmi: qmi client init failed ret:-517
03-23 02:02:49.373   170   170 I init    : Loaded kernel module /lib/modules/gh_mem_notifier.ko
03-23 02:02:49.373    10    10 E coresight-qmi soc: wpss-qmi: qmi client init failed ret:-517
03-23 02:02:49.373   167   167 I init    : Loaded kernel module /lib/modules/coresight-stm.ko
03-23 02:02:49.373   170   170 I init    : Loading module /lib/modules/sched-walt.ko with args ''
03-23 02:02:49.373   167   167 I init    : Loading module /lib/modules/coresight-dummy.ko with args ''
03-23 02:02:49.373    10    10 E qmi-therm-sensors-v2 soc: qmi-ts-sensors: QMI[0x0] handle init failed. err:-517
03-23 02:02:49.373    10    10 E coresight-qmi soc: audio-qmi: qmi client init failed ret:-517
03-23 02:02:49.373   168   168 I coresight-remote-etm soc: turing-etm0: Remote ETM initialized
03-23 02:02:49.373    10    10 E coresight-qmi soc: modem0-qmi: qmi client init failed ret:-517
03-23 02:02:49.373   173   173 E cpu-mpam soc: qcom,cpu_mpam: cpu mpam does not have monitoring support
03-23 02:02:49.373   168   168 I coresight-remote-etm soc: wpss_etm0: Remote ETM initialized
03-23 02:02:49.374   171   171 I init    : Loading module /lib/modules/coresight-uetm.ko with args ''
03-23 02:02:49.374    10    10 E qmi-cooling-device soc: qmi-tmd-devices: QMI[0x43] handle init failed. err:-517
03-23 02:02:49.374    10    10 E coresight-qmi soc: modem2-qmi: qmi client init failed ret:-517
03-23 02:02:49.374   168   168 I coresight-remote-etm soc: modem-etm0: Remote ETM initialized
03-23 02:02:49.374   173   173 I init    : Loaded kernel module /lib/modules/cpu_mpam.ko
03-23 02:02:49.374   173   173 I init    : Loading module /lib/modules/qcom-scm.ko with args ''
03-23 02:02:49.374   169   169 I init    : Loaded kernel module /lib/modules/qcom-pmu-lib.ko
03-23 02:02:49.374   168   168 I coresight-remote-etm soc: modem2-etm0: Remote ETM initialized
03-23 02:02:49.375   168   168 I coresight-remote-etm soc: audio_etm0: Remote ETM initialized
03-23 02:02:49.375   132   132 E         : [NT_reserve_kernel_log] Get partition failed, retry count 199
03-23 02:02:49.376    10    10 E rdbg    : failed get smem state
03-23 02:02:49.376    10    10 E rdbg_probe: register_smp2p_out failed for rdbg_adsp
03-23 02:02:49.376   167   167 I init    : Loaded kernel module /lib/modules/coresight-dummy.ko
03-23 02:02:49.376   168   168 I init    : Loaded kernel module /lib/modules/coresight-remote-etm.ko
03-23 02:02:49.376   171   171 I init    : Loaded kernel module /lib/modules/coresight-uetm.ko
03-23 02:02:49.376   173   173 I qcom-scm: __get_convention: qcom_scm: convention: smc arm 64
03-23 02:02:49.376   166   166 I init    : Loaded kernel module /lib/modules/gh_rm_booster.ko
03-23 02:02:49.376   173   173 I qcom-scm: qcom_scm_query_wq_queue_info: WQ Info, feature: 1 call_ctx_cnt: 2 irq: 962
03-23 02:02:49.376    10    10 E rdbg    : failed get smem state
03-23 02:02:49.376    10    10 E rdbg_probe: register_smp2p_out failed for rdbg_cdsp
03-23 02:02:49.376   172   172 I init    : Loaded kernel module /lib/modules/platform_mpam.ko
03-23 02:02:49.376   173   173 E         : qtee shmbridge registered default bridge with size 4194304 bytes
03-23 02:02:49.377   173   173 W         : shmbridge is enabled
03-23 02:02:49.377   170   170 I init    : Loaded kernel module /lib/modules/sched-walt.ko
03-23 02:02:49.377    10    10 E coresight-qmi soc: turing-qmi: qmi client init failed ret:-517
03-23 02:02:49.377    10    10 E coresight-qmi soc: wpss-qmi: qmi client init failed ret:-517
03-23 02:02:49.377    10    10 E qmi-therm-sensors-v2 soc: qmi-ts-sensors: QMI[0x0] handle init failed. err:-517
03-23 02:02:49.378    10    10 E coresight-qmi soc: audio-qmi: qmi client init failed ret:-517
03-23 02:02:49.378    10    10 E coresight-qmi soc: modem0-qmi: qmi client init failed ret:-517
03-23 02:02:49.378    10    10 E qmi-cooling-device soc: qmi-tmd-devices: QMI[0x43] handle init failed. err:-517
03-23 02:02:49.378    10    10 E coresight-qmi soc: modem2-qmi: qmi client init failed ret:-517
03-23 02:02:49.378   173   173 E qcom-scm: scm_mem_protection_init_do: SCM call failed 0, resp 7
03-23 02:02:49.378   173   173 E         : MEM protection Not enabled, 7
03-23 02:02:49.378   173   173 I init    : Loaded kernel module /lib/modules/qcom-scm.ko
03-23 02:02:49.379    10    10 E rdbg    : failed get smem state
03-23 02:02:49.379    10    10 E rdbg_probe: register_smp2p_out failed for rdbg_adsp
03-23 02:02:49.379    10    10 E rdbg    : failed get smem state
03-23 02:02:49.379    10    10 E rdbg_probe: register_smp2p_out failed for rdbg_cdsp
03-23 02:02:50.629   451   451 I hwservicemanager: hwservicemanager is ready now.
03-23 02:02:49.379   188   188 I init    : Loading module /lib/modules/thermal_pause.ko with args ''
03-23 02:02:50.629   450   450 E cutils-trace: Error opening trace file: No such file or directory (2)
03-23 02:02:49.380   189   189 I init    : Loading module /lib/modules/qcom_iommu_util.ko with args ''
03-23 02:02:49.380   187   187 I init    : Loading module /lib/modules/cpucp_fast.ko with args ''
03-23 02:02:49.380   193   193 I init    : Loading module /lib/modules/spmi-pmic-err-debug.ko with args ''
03-23 02:02:49.380   191   191 I init    : Loading module /lib/modules/phy-msm-snps-eusb2.ko with args ''
03-23 02:02:49.380   192   192 I init    : Loading module /lib/modules/qcom_cpuss_sleep_stats.ko with args ''
03-23 02:02:49.380   190   190 I init    : Loading module /lib/modules/qcom_ice.ko with args ''
03-23 02:02:49.380    10    10 E coresight-qmi soc: turing-qmi: qmi client init failed ret:-517
03-23 02:02:49.380    10    10 E coresight-qmi soc: wpss-qmi: qmi client init failed ret:-517
03-23 02:02:49.380   187   187 I init    : Loaded kernel module /lib/modules/cpucp_fast.ko
03-23 02:02:49.380   187   187 I init    : Loading module /lib/modules/eud.ko with args ''
03-23 02:02:49.381    10    10 E qmi-therm-sensors-v2 soc: qmi-ts-sensors: QMI[0x0] handle init failed. err:-517
03-23 02:02:50.629   451   451 E cutils-trace: Error opening trace file: No such file or directory (2)
03-23 02:02:49.381   193   193 I init    : Loaded kernel module /lib/modules/spmi-pmic-err-debug.ko
03-23 02:02:49.381   193   193 I init    : Loading module /lib/modules/mdt_loader.ko with args ''
03-23 02:02:49.381   192   192 W qcom_cpuss_sleep_stats: probe of 17800054.cpuss-sleep-stats failed with error -22
03-23 02:02:49.381    10    10 E coresight-qmi soc: audio-qmi: qmi client init failed ret:-517
03-23 02:02:49.381   191   191 I init    : Loaded kernel module /lib/modules/phy-msm-snps-eusb2.ko
03-23 02:02:49.381   191   191 I init    : Loading module /lib/modules/slc_mpam.ko with args ''
03-23 02:02:49.381    10    10 E coresight-qmi soc: modem0-qmi: qmi client init failed ret:-517
03-23 02:02:49.381    10    10 E qmi-cooling-device soc: qmi-tmd-devices: QMI[0x43] handle init failed. err:-517
03-23 02:02:49.381   192   192 I init    : Loaded kernel module /lib/modules/qcom_cpuss_sleep_stats.ko
03-23 02:02:50.630   450   450 E LegacySupport: Could not get passthrough implementation for android.hardware.boot@1.0::IBootControl/default.
03-23 02:02:49.381   190   190 I init    : Loaded kernel module /lib/modules/qcom_ice.ko
03-23 02:02:49.381   192   192 I init    : Loading module /lib/modules/msm_performance.ko with args ''
03-23 02:02:49.381   190   190 I init    : Loading module /lib/modules/msm_sharedmem.ko with args ''
03-23 02:02:49.381    10    10 E coresight-qmi soc: modem2-qmi: qmi client init failed ret:-517
03-23 02:02:49.382   193   193 I init    : Loaded kernel module /lib/modules/mdt_loader.ko
03-23 02:02:49.382   187   187 I init    : Loaded kernel module /lib/modules/eud.ko
03-23 02:02:49.382   186   186 I init    : Loading module /lib/modules/qcom_lpm.ko with args ''
03-23 02:02:49.382   193   193 I init    : Loading module /lib/modules/phy-msm-m31-eusb2.ko with args ''
03-23 02:02:49.382   189   189 I qcom_dma_iommu soc: dma_dev: assigned reserved memory node linux,cma
03-23 02:02:49.382   187   187 I init    : Loading module /lib/modules/si_core_module.ko with args ''
03-23 02:02:49.384   193   193 I init    : Loaded kernel module /lib/modules/phy-msm-m31-eusb2.ko
03-23 02:02:49.384   193   193 I init    : Loading module /lib/modules/governor_msm_adreno_tz.ko with args ''
03-23 02:02:49.384   187   187 I init    : Loaded kernel module /lib/modules/si_core_module.ko
03-23 02:02:49.384   187   187 I init    : Loading module /lib/modules/coresight-tmc-sec.ko with args ''
03-23 02:02:49.384   189   189 I         : DMA preallocated 2048 KiB GFP_KERNEL pool for atomic allocations
03-23 02:02:49.384   191   191 I init    : Loaded kernel module /lib/modules/slc_mpam.ko
03-23 02:02:49.384    10    10 E rdbg    : failed get smem state
03-23 02:02:49.384    10    10 E rdbg_probe: register_smp2p_out failed for rdbg_adsp
03-23 02:02:49.384   191   191 I init    : Loading module /lib/modules/coresight-tpdm.ko with args ''
03-23 02:02:49.384    10    10 E rdbg    : failed get smem state
03-23 02:02:49.384    10    10 E rdbg_probe: register_smp2p_out failed for rdbg_cdsp
03-23 02:02:49.384   193   193 I init    : Loaded kernel module /lib/modules/governor_msm_adreno_tz.ko
03-23 02:02:49.385   193   193 I init    : Loading module /lib/modules/secure_buffer.ko with args ''
03-23 02:02:49.385   189   189 I init    : Loaded kernel module /lib/modules/qcom_iommu_util.ko
03-23 02:02:49.385   192   192 I init    : Loaded kernel module /lib/modules/msm_performance.ko
03-23 02:02:49.385   189   189 I init    : Loading module /lib/modules/secure_buffer.ko with args ''
03-23 02:02:49.385   187   187 I init    : Loaded kernel module /lib/modules/coresight-tmc-sec.ko
03-23 02:02:49.385   188   188 I init    : Loaded kernel module /lib/modules/thermal_pause.ko
03-23 02:02:49.385   186   186 I cpuidle : using governor qcom-cpu-lpm
03-23 02:02:49.385   191   191 I coresight-static-tpdm soc: tpdm@10981000: static tpdm initialized
03-23 02:02:49.385   191   191 I coresight-static-tpdm soc: tpdm@10801000: static tpdm initialized
03-23 02:02:49.385   191   191 I coresight-static-tpdm soc: tpdm@1080d000: static tpdm initialized
03-23 02:02:49.385    10    10 E coresight-qmi soc: turing-qmi: qmi client init failed ret:-517
03-23 02:02:49.386    10    10 E coresight-qmi soc: wpss-qmi: qmi client init failed ret:-517
03-23 02:02:49.386    10    10 E qmi-therm-sensors-v2 soc: qmi-ts-sensors: QMI[0x0] handle init failed. err:-517
03-23 02:02:49.386    10    10 E coresight-qmi soc: audio-qmi: qmi client init failed ret:-517
03-23 02:02:49.386    10    10 E coresight-qmi soc: modem0-qmi: qmi client init failed ret:-517
03-23 02:02:49.386   190   190 I msm_sharedmem: msm_sharedmem_probe: Device created for client 'rmtfs'
03-23 02:02:49.386   191   191 I init    : Loaded kernel module /lib/modules/coresight-tpdm.ko
03-23 02:02:49.386    10    10 E qmi-cooling-device soc: qmi-tmd-devices: QMI[0x43] handle init failed. err:-517
03-23 02:02:49.386    10    10 E coresight-qmi soc: modem2-qmi: qmi client init failed ret:-517
03-23 02:02:49.386   190   190 I init    : Loaded kernel module /lib/modules/msm_sharedmem.ko
03-23 02:02:49.386   186   186 I init    : Loaded kernel module /lib/modules/qcom_lpm.ko
03-23 02:02:49.386    10    10 E rdbg    : failed get smem state
03-23 02:02:49.386    10    10 E rdbg_probe: register_smp2p_out failed for rdbg_adsp
03-23 02:02:49.386    10    10 E rdbg    : failed get smem state
03-23 02:02:49.386    10    10 E rdbg_probe: register_smp2p_out failed for rdbg_cdsp
03-23 02:02:49.386   189   189 I init    : Loaded kernel module /lib/modules/secure_buffer.ko
03-23 02:02:49.386   193   193 I init    : Loaded kernel module /lib/modules/secure_buffer.ko
03-23 02:02:49.386   193   193 I init    : Loading module /lib/modules/mem_buf_dev.ko with args ''
03-23 02:02:49.387    10    10 E coresight-qmi soc: turing-qmi: qmi client init failed ret:-517
03-23 02:02:49.387    10    10 E coresight-qmi soc: wpss-qmi: qmi client init failed ret:-517
03-23 02:02:49.387    10    10 E qmi-therm-sensors-v2 soc: qmi-ts-sensors: QMI[0x0] handle init failed. err:-517
03-23 02:02:49.387    10    10 E coresight-qmi soc: audio-qmi: qmi client init failed ret:-517
03-23 02:02:49.387    10    10 E coresight-qmi soc: modem0-qmi: qmi client init failed ret:-517
03-23 02:02:49.387    10    10 E qmi-cooling-device soc: qmi-tmd-devices: QMI[0x43] handle init failed. err:-517
03-23 02:02:49.387    10    10 E coresight-qmi soc: modem2-qmi: qmi client init failed ret:-517
03-23 02:02:49.389    10    10 E rdbg    : failed get smem state
03-23 02:02:49.389    10    10 E rdbg_probe: register_smp2p_out failed for rdbg_adsp
03-23 02:02:49.389    10    10 E rdbg    : failed get smem state
03-23 02:02:49.389    10    10 E rdbg_probe: register_smp2p_out failed for rdbg_cdsp
03-23 02:02:49.389   193   193 I init    : Loaded kernel module /lib/modules/mem_buf_dev.ko
03-23 02:02:49.389   193   193 I init    : Loading module /lib/modules/qcom_dma_heaps.ko with args ''
03-23 02:02:49.389    10    10 E coresight-qmi soc: turing-qmi: qmi client init failed ret:-517
03-23 02:02:49.389    10    10 E coresight-qmi soc: wpss-qmi: qmi client init failed ret:-517
03-23 02:02:49.389    10    10 E qmi-therm-sensors-v2 soc: qmi-ts-sensors: QMI[0x0] handle init failed. err:-517
03-23 02:02:49.389    10    10 E coresight-qmi soc: audio-qmi: qmi client init failed ret:-517
03-23 02:02:49.389    10    10 E coresight-qmi soc: modem0-qmi: qmi client init failed ret:-517
03-23 02:02:49.389    10    10 E qmi-cooling-device soc: qmi-tmd-devices: QMI[0x43] handle init failed. err:-517
03-23 02:02:49.389    10    10 E coresight-qmi soc: modem2-qmi: qmi client init failed ret:-517
03-23 02:02:49.390   193   193 E reserve_pool: dynamic_reserve_pool_create_start: start
03-23 02:02:49.390   193   193 E reserve_pool: Created proc entry inpool_pid_0
03-23 02:02:49.390   193   193 E reserve_pool: Created proc entry inpool_pid_1
03-23 02:02:49.390   193   193 E reserve_pool: Created proc entry inpool_pid_2
03-23 02:02:49.390   193   193 E reserve_pool: Created proc entry inpool_pid_3
03-23 02:02:49.390   193   193 I qcom_system_heap_create: DMA-BUF Heap: Created 'qcom,system'
03-23 02:02:49.390   193   193 I qcom_system_heap_create: DMA-BUF Heap: Created 'system'
03-23 02:02:49.391   193   193 I qcom_secure_system_heap_create: DMA-BUF Heap: Created 'qcom,secure-pixel'
03-23 02:02:49.391   193   193 I qcom_secure_system_heap_create: DMA-BUF Heap: Created 'qcom,secure-non-pixel'
03-23 02:02:49.391   193   193 I platform soc: qcom,dma-heaps:qcom,display: assigned reserved memory node non_secure_display_region
03-23 02:02:49.391   193   193 I platform soc: qcom,dma-heaps:qcom,secure_cdsp: assigned reserved memory node secure_cdsp_region
03-23 02:02:49.391   193   193 I platform soc: qcom,dma-heaps:qcom,qseecom: assigned reserved memory node qseecom_region
03-23 02:02:49.391   193   193 I platform soc: qcom,dma-heaps:qcom,qseecom_ta: assigned reserved memory node qseecom_ta_region
03-23 02:02:49.391   193   193 I qcom_dma_heap_probe: DMA-BUF Heap: Created qcom,display
03-23 02:02:49.391   193   193 I qcom_dma_heap_probe: DMA-BUF Heap: Created qcom,cma-secure-cdsp
03-23 02:02:49.391   193   193 I qcom_dma_heap_probe: DMA-BUF Heap: Created qcom,qseecom
03-23 02:02:49.391   193   193 I qcom_dma_heap_probe: DMA-BUF Heap: Created qcom,qseecom-ta
03-23 02:02:49.391    10    10 E rdbg    : failed get smem state
03-23 02:02:49.391    10    10 E rdbg_probe: register_smp2p_out failed for rdbg_adsp
03-23 02:02:49.392    10    10 E rdbg    : failed get smem state
03-23 02:02:49.392    10    10 E rdbg_probe: register_smp2p_out failed for rdbg_cdsp
03-23 02:02:49.392   193   193 I init    : Loaded kernel module /lib/modules/qcom_dma_heaps.ko
03-23 02:02:49.392   193   193 I init    : Loading module /lib/modules/minidump.ko with args ''
03-23 02:02:49.393    10    10 E coresight-qmi soc: turing-qmi: qmi client init failed ret:-517
03-23 02:02:49.393    10    10 E coresight-qmi soc: wpss-qmi: qmi client init failed ret:-517
03-23 02:02:49.393    10    10 E qmi-therm-sensors-v2 soc: qmi-ts-sensors: QMI[0x0] handle init failed. err:-517
03-23 02:02:49.393    10    10 E coresight-qmi soc: audio-qmi: qmi client init failed ret:-517
03-23 02:02:49.393    10    10 E coresight-qmi soc: modem0-qmi: qmi client init failed ret:-517
03-23 02:02:49.393    10    10 E qmi-cooling-device soc: qmi-tmd-devices: QMI[0x43] handle init failed. err:-517
03-23 02:02:49.393    10    10 E coresight-qmi soc: modem2-qmi: qmi client init failed ret:-517
03-23 02:02:49.411   132   132 E         : [NT_reserve_kernel_log] Get partition failed, retry count 198
03-23 02:02:49.423   193   193 I Minidump: Enabled with max number of regions 200
03-23 02:02:49.423    10    10 E rdbg    : failed get smem state
03-23 02:02:49.423    10    10 E rdbg_probe: register_smp2p_out failed for rdbg_adsp
03-23 02:02:49.424    10    10 E rdbg    : failed get smem state
03-23 02:02:49.424    10    10 E rdbg_probe: register_smp2p_out failed for rdbg_cdsp
03-23 02:02:49.424   193   193 I init    : Loaded kernel module /lib/modules/minidump.ko
03-23 02:02:49.424   193   193 I init    : Loading module /lib/modules/qcom_ipc_logging.ko with args ''
03-23 02:02:49.424    10    10 E coresight-qmi soc: turing-qmi: qmi client init failed ret:-517
03-23 02:02:49.424    10    10 E coresight-qmi soc: wpss-qmi: qmi client init failed ret:-517
03-23 02:02:49.424    10    10 E qmi-therm-sensors-v2 soc: qmi-ts-sensors: QMI[0x0] handle init failed. err:-517
03-23 02:02:49.424    10    10 E coresight-qmi soc: audio-qmi: qmi client init failed ret:-517
03-23 02:02:49.424    10    10 E coresight-qmi soc: modem0-qmi: qmi client init failed ret:-517
03-23 02:02:49.424   193   193 I init    : Loaded kernel module /lib/modules/qcom_ipc_logging.ko
03-23 02:02:49.424   193   193 I init    : Loading module /lib/modules/qcom-pdc.ko with args ''
03-23 02:02:49.424    10    10 E qmi-cooling-device soc: qmi-tmd-devices: QMI[0x43] handle init failed. err:-517
03-23 02:02:49.424    10    10 E coresight-qmi soc: modem2-qmi: qmi client init failed ret:-517
03-23 02:02:49.426   193   193 I init    : Loaded kernel module /lib/modules/qcom-pdc.ko
03-23 02:02:49.426    10    10 E rdbg    : failed get smem state
03-23 02:02:49.426   193   193 I init    : Loading module /lib/modules/pinctrl-msm.ko with args ''
03-23 02:02:49.426    10    10 E rdbg_probe: register_smp2p_out failed for rdbg_adsp
03-23 02:02:49.426    10    10 E rdbg    : failed get smem state
03-23 02:02:49.426    10    10 E rdbg_probe: register_smp2p_out failed for rdbg_cdsp
03-23 02:02:49.426   193   193 I init    : Loaded kernel module /lib/modules/pinctrl-msm.ko
03-23 02:02:49.427    11    11 I spmi-0  : PMIC arbiter version v7 (0x70020000)
03-23 02:02:49.427    10    10 E coresight-qmi soc: turing-qmi: qmi client init failed ret:-517
03-23 02:02:49.427   206   206 I init    : Loading module /lib/modules/msm_geni_serial.ko with args ''
03-23 02:02:49.427   205   205 I init    : Loading module /lib/modules/qcom_va_minidump.ko with args ''
03-23 02:02:49.427    10    10 E coresight-qmi soc: wpss-qmi: qmi client init failed ret:-517
03-23 02:02:49.427   207   207 I init    : Loading module /lib/modules/pinctrl-sun.ko with args ''
03-23 02:02:49.427   208   208 I init    : Loading module /lib/modules/smp2p.ko with args ''
03-23 02:02:49.427    10    10 E qmi-therm-sensors-v2 soc: qmi-ts-sensors: QMI[0x0] handle init failed. err:-517
03-23 02:02:49.427   209   209 I init    : Loading module /lib/modules/arm_smmu.ko with args ''
03-23 02:02:49.427   210   210 I init    : Loading module /lib/modules/pinctrl-kera.ko with args ''
03-23 02:02:49.428    10    10 E coresight-qmi soc: audio-qmi: qmi client init failed ret:-517
03-23 02:02:49.428    10    10 E coresight-qmi soc: modem0-qmi: qmi client init failed ret:-517
03-23 02:02:49.428    10    10 I 88e0000.qcom,msm-eud: ttyEUD0 at MMIO 0x0 (irq = 48, base_baud = 0) is a EUD UART
03-23 02:02:49.429    10    10 E qmi-cooling-device soc: qmi-tmd-devices: QMI[0x43] handle init failed. err:-517
03-23 02:02:49.429    10    10 E coresight-qmi soc: modem2-qmi: qmi client init failed ret:-517
03-23 02:02:49.429   205   205 I qcom-va-minidump soc: va_mini_dump: assigned reserved memory node va_md_mem_region
03-23 02:02:49.429   212   212 I init    : Loading module /lib/modules/bam_dma.ko with args ''
03-23 02:02:49.429   211   211 I init    : Loading module /lib/modules/spi-msm-geni.ko with args ''
03-23 02:02:49.433   209   209 E platform 16f2000.anoc_1_qtb: TBU failed probe, QSMMUV500 cannot continue!
03-23 02:02:49.434    10    10 E coresight-qmi soc: turing-qmi: qmi client init failed ret:-517
03-23 02:02:49.434    10    10 E coresight-qmi soc: wpss-qmi: qmi client init failed ret:-517
03-23 02:02:49.434    10    10 E qmi-therm-sensors-v2 soc: qmi-ts-sensors: QMI[0x0] handle init failed. err:-517
03-23 02:02:49.434    11    11 I /soc/qcom,spmi@c42d000/qcom,pmk8550@0/pinctrl@b800: Fixed dependency cycle(s) with /soc/qcom,spmi@c42d000/qcom,pmk8550@0/pinctrl@b800/alt_sleep_clk/alt_sleep_clk_default
03-23 02:02:49.435    10    10 E coresight-qmi soc: audio-qmi: qmi client init failed ret:-517
03-23 02:02:49.435    10    10 E coresight-qmi soc: modem0-qmi: qmi client init failed ret:-517
03-23 02:02:49.435    10    10 E qmi-cooling-device soc: qmi-tmd-devices: QMI[0x43] handle init failed. err:-517
03-23 02:02:49.435    10    10 E coresight-qmi soc: modem2-qmi: qmi client init failed ret:-517
03-23 02:02:49.436    10    10 E platform 16f2000.anoc_1_qtb: TBU failed probe, QSMMUV500 cannot continue!
03-23 02:02:49.436    10    10 E coresight-qmi soc: turing-qmi: qmi client init failed ret:-517
03-23 02:02:49.436    10    10 E coresight-qmi soc: wpss-qmi: qmi client init failed ret:-517
03-23 02:02:49.436    10    10 E qmi-therm-sensors-v2 soc: qmi-ts-sensors: QMI[0x0] handle init failed. err:-517
03-23 02:02:49.436    11    11 I /soc/qcom,spmi@c42d000/qcom,pmxr2230@1/pinctrl@8800: Fixed dependency cycle(s) with /soc/qcom,spmi@c42d000/qcom,pmxr2230@1/pinctrl@8800/uim_level_shift_pin/uim1_level_shift_en_default
03-23 02:02:49.436    11    11 I /soc/qcom,spmi@c42d000/qcom,pmxr2230@1/pinctrl@8800: Fixed dependency cycle(s) with /soc/qcom,spmi@c42d000/qcom,pmxr2230@1/pinctrl@8800/uim_level_shift_pin/uim0_level_shift_en_default
03-23 02:02:49.436    10    10 E coresight-qmi soc: audio-qmi: qmi client init failed ret:-517
03-23 02:02:49.436    10    10 E coresight-qmi soc: modem0-qmi: qmi client init failed ret:-517
03-23 02:02:49.437    10    10 E qmi-cooling-device soc: qmi-tmd-devices: QMI[0x43] handle init failed. err:-517
03-23 02:02:49.437    10    10 E coresight-qmi soc: modem2-qmi: qmi client init failed ret:-517
03-23 02:02:49.437    10    10 E platform 16f2000.anoc_1_qtb: TBU failed probe, QSMMUV500 cannot continue!
03-23 02:02:49.438    10    10 E coresight-qmi soc: turing-qmi: qmi client init failed ret:-517
03-23 02:02:49.438    10    10 E coresight-qmi soc: wpss-qmi: qmi client init failed ret:-517
03-23 02:02:49.438    10    10 E qmi-therm-sensors-v2 soc: qmi-ts-sensors: QMI[0x0] handle init failed. err:-517
03-23 02:02:49.438    10    10 E coresight-qmi soc: audio-qmi: qmi client init failed ret:-517
03-23 02:02:49.438    10    10 E coresight-qmi soc: modem0-qmi: qmi client init failed ret:-517
03-23 02:02:49.438    10    10 E qmi-cooling-device soc: qmi-tmd-devices: QMI[0x43] handle init failed. err:-517
03-23 02:02:49.438    10    10 E coresight-qmi soc: modem2-qmi: qmi client init failed ret:-517
03-23 02:02:49.440    10    10 E platform 16f2000.anoc_1_qtb: TBU failed probe, QSMMUV500 cannot continue!
03-23 02:02:49.440    10    10 E coresight-qmi soc: turing-qmi: qmi client init failed ret:-517
03-23 02:02:49.440    10    10 E coresight-qmi soc: wpss-qmi: qmi client init failed ret:-517
03-23 02:02:49.440    10    10 E qmi-therm-sensors-v2 soc: qmi-ts-sensors: QMI[0x0] handle init failed. err:-517
03-23 02:02:49.440    10    10 E coresight-qmi soc: audio-qmi: qmi client init failed ret:-517
03-23 02:02:49.440    10    10 E coresight-qmi soc: modem0-qmi: qmi client init failed ret:-517
03-23 02:02:49.440    10    10 E qmi-cooling-device soc: qmi-tmd-devices: QMI[0x43] handle init failed. err:-517
03-23 02:02:49.440    10    10 E coresight-qmi soc: modem2-qmi: qmi client init failed ret:-517
03-23 02:02:49.441    10    10 E platform 16f2000.anoc_1_qtb: TBU failed probe, QSMMUV500 cannot continue!
03-23 02:02:49.441    10    10 E coresight-qmi soc: turing-qmi: qmi client init failed ret:-517
03-23 02:02:49.441    10    10 E coresight-qmi soc: wpss-qmi: qmi client init failed ret:-517
03-23 02:02:49.441    10    10 E qmi-therm-sensors-v2 soc: qmi-ts-sensors: QMI[0x0] handle init failed. err:-517
03-23 02:02:49.441    10    10 E coresight-qmi soc: audio-qmi: qmi client init failed ret:-517
03-23 02:02:49.441    10    10 E coresight-qmi soc: modem0-qmi: qmi client init failed ret:-517
03-23 02:02:49.442    10    10 E qmi-cooling-device soc: qmi-tmd-devices: QMI[0x43] handle init failed. err:-517
03-23 02:02:49.442    10    10 E coresight-qmi soc: modem2-qmi: qmi client init failed ret:-517
03-23 02:02:49.443    10    10 E platform 16f2000.anoc_1_qtb: TBU failed probe, QSMMUV500 cannot continue!
03-23 02:02:49.443    10    10 E coresight-qmi soc: turing-qmi: qmi client init failed ret:-517
03-23 02:02:49.443    10    10 E coresight-qmi soc: wpss-qmi: qmi client init failed ret:-517
03-23 02:02:49.443    10    10 E qmi-therm-sensors-v2 soc: qmi-ts-sensors: QMI[0x0] handle init failed. err:-517
03-23 02:02:49.443    10    10 E coresight-qmi soc: audio-qmi: qmi client init failed ret:-517
03-23 02:02:49.443    10    10 E coresight-qmi soc: modem0-qmi: qmi client init failed ret:-517
03-23 02:02:49.443    10    10 E qmi-cooling-device soc: qmi-tmd-devices: QMI[0x43] handle init failed. err:-517
03-23 02:02:49.443    10    10 E coresight-qmi soc: modem2-qmi: qmi client init failed ret:-517
03-23 02:02:49.444    10    10 E platform 16f2000.anoc_1_qtb: TBU failed probe, QSMMUV500 cannot continue!
03-23 02:02:49.444    10    10 E coresight-qmi soc: turing-qmi: qmi client init failed ret:-517
03-23 02:02:49.444    10    10 E coresight-qmi soc: wpss-qmi: qmi client init failed ret:-517
03-23 02:02:49.445    10    10 E qmi-therm-sensors-v2 soc: qmi-ts-sensors: QMI[0x0] handle init failed. err:-517
03-23 02:02:49.445    10    10 E coresight-qmi soc: audio-qmi: qmi client init failed ret:-517
03-23 02:02:49.445    10    10 E coresight-qmi soc: modem0-qmi: qmi client init failed ret:-517
03-23 02:02:49.445    10    10 E qmi-cooling-device soc: qmi-tmd-devices: QMI[0x43] handle init failed. err:-517
03-23 02:02:49.445    10    10 E coresight-qmi soc: modem2-qmi: qmi client init failed ret:-517
03-23 02:02:49.448   209   209 I init    : Loaded kernel module /lib/modules/arm_smmu.ko
03-23 02:02:49.448   207   207 I init    : Loaded kernel module /lib/modules/pinctrl-sun.ko
03-23 02:02:49.448   212   212 I init    : Loaded kernel module /lib/modules/bam_dma.ko
03-23 02:02:49.448   205   205 I init    : Loaded kernel module /lib/modules/qcom_va_minidump.ko
03-23 02:02:49.449   206   206 I init    : Loaded kernel module /lib/modules/msm_geni_serial.ko
03-23 02:02:49.449   209   209 I init    : Loading module /lib/modules/pmic-pon-log.ko with args ''
03-23 02:02:49.449   210   210 I init    : Loaded kernel module /lib/modules/pinctrl-kera.ko
03-23 02:02:49.449   208   208 I init    : Loaded kernel module /lib/modules/smp2p.ko
03-23 02:02:49.449   212   212 I init    : Loading module /lib/modules/qcom_logbuf_vendor_hooks.ko with args ''
03-23 02:02:49.449   207   207 I init    : Loading module /lib/modules/qti-ocp-notifier.ko with args ''
03-23 02:02:49.449   206   206 I init    : Loading module /lib/modules/memory_dump_v2.ko with args ''
03-23 02:02:49.449   210   210 I init    : Loading module /lib/modules/mem_buf_msgq.ko with args ''
03-23 02:02:49.449   205   205 I init    : Loading module /lib/modules/qcom_iommu_debug.ko with args ''
03-23 02:02:49.449   208   208 I init    : Loading module /lib/modules/ufshcd-crypto-qti.ko with args ''
03-23 02:02:49.449    10    10 E platform 16f2000.anoc_1_qtb: TBU failed probe, QSMMUV500 cannot continue!
03-23 02:02:49.449    10    10 E coresight-qmi soc: turing-qmi: qmi client init failed ret:-517
03-23 02:02:49.449    10    10 E coresight-qmi soc: wpss-qmi: qmi client init failed ret:-517
03-23 02:02:49.449    10    10 E qmi-therm-sensors-v2 soc: qmi-ts-sensors: QMI[0x0] handle init failed. err:-517
03-23 02:02:49.449   211   211 I init    : Loaded kernel module /lib/modules/spi-msm-geni.ko
03-23 02:02:49.449    10    10 I input   : pmic_pwrkey as /devices/platform/soc/c42d000.qcom,spmi/spmi-0/0-00/c42d000.qcom,spmi:qcom,pmk8550@0:pon_hlos@1300/c42d000.qcom,spmi:qcom,pmk8550@0:pon_hlos@1300:pwrkey/input/input0
03-23 02:02:49.449   211   211 I init    : Loading module /lib/modules/qcom_logbuf_boot_log.ko with args ''
03-23 02:02:49.449   212   212 I init    : Loaded kernel module /lib/modules/qcom_logbuf_vendor_hooks.ko
03-23 02:02:49.449   212   212 I init    : Loading module /lib/modules/msm_sysstats.ko with args ''
03-23 02:02:49.449   208   208 I init    : Loaded kernel module /lib/modules/ufshcd-crypto-qti.ko
03-23 02:02:49.450   208   208 I init    : Loading module /lib/modules/bcl_pmic5.ko with args ''
03-23 02:02:49.450   210   210 I init    : Loaded kernel module /lib/modules/mem_buf_msgq.ko
03-23 02:02:49.450   206   206 I         : MSM Memory Dump apps data table set up
03-23 02:02:49.450   210   210 I init    : Loading module /lib/modules/pinctrl-tuna.ko with args ''
03-23 02:02:49.450   209   209 I init    : Loaded kernel module /lib/modules/pmic-pon-log.ko
03-23 02:02:49.450   209   209 I init    : Loading module /lib/modules/dcc_v2.ko with args ''
03-23 02:02:49.451   212   212 I         : registered sysstats version 2
03-23 02:02:49.451   212   212 I init    : Loaded kernel module /lib/modules/msm_sysstats.ko
03-23 02:02:49.451   206   206 I         : free unused reserved memory: 6772K
03-23 02:02:49.451   212   212 I init    : Loading module /lib/modules/qcom_wdt_core.ko with args ''
03-23 02:02:49.451   209   209 I msm-dcc 100ff000.dcc_v2: ll-reg-offsets property doesn't exist
03-23 02:02:49.451    10    10 I input   : pmic_resin as /devices/platform/soc/c42d000.qcom,spmi/spmi-0/0-00/c42d000.qcom,spmi:qcom,pmk8550@0:pon_hlos@1300/c42d000.qcom,spmi:qcom,pmk8550@0:pon_hlos@1300:resin/input/input1
03-23 02:02:49.451   206   206 I init    : Loaded kernel module /lib/modules/memory_dump_v2.ko
03-23 02:02:49.452   206   206 I init    : Loading module /lib/modules/f_fs_ipc_log.ko with args ''
03-23 02:02:49.452   212   212 I init    : Loaded kernel module /lib/modules/qcom_wdt_core.ko
03-23 02:02:49.452   212   212 I init    : Loading module /lib/modules/qcom-dload-mode.ko with args ''
03-23 02:02:49.452   205   205 I init    : Loaded kernel module /lib/modules/qcom_iommu_debug.ko
03-23 02:02:49.452   205   205 I init    : Loading module /lib/modules/sps_drv.ko with args ''
03-23 02:02:49.452   132   132 E         : [NT_reserve_kernel_log] Get partition failed, retry count 197
03-23 02:02:49.453   212   212 I qcom_dload_probe: Current dump mode: 0x0
03-23 02:02:49.453   212   212 I init    : Loaded kernel module /lib/modules/qcom-dload-mode.ko
03-23 02:02:49.453    10    10 E coresight-qmi soc: audio-qmi: qmi client init failed ret:-517
03-23 02:02:49.453   207   207 I init    : Loaded kernel module /lib/modules/qti-ocp-notifier.ko
03-23 02:02:49.453   212   212 I init    : Loading module /lib/modules/qcom_tsens.ko with args ''
03-23 02:02:49.453   207   207 I init    : Loading module /lib/modules/qcom_aoss.ko with args ''
03-23 02:02:49.453   210   210 I init    : Loaded kernel module /lib/modules/pinctrl-tuna.ko
03-23 02:02:49.453   209   209 I init    : Loaded kernel module /lib/modules/dcc_v2.ko
03-23 02:02:49.453   209   209 I init    : Loading module /lib/modules/gh_tlmm_vm_mem_access.ko with args ''
03-23 02:02:49.453   210   210 I init    : Loading module /lib/modules/msm_gpi.ko with args ''
03-23 02:02:49.454    10    10 E coresight-qmi soc: modem0-qmi: qmi client init failed ret:-517
03-23 02:02:49.454   211   211 I init    : Loaded kernel module /lib/modules/qcom_logbuf_boot_log.ko
03-23 02:02:49.454   211   211 I init    : Loading module /lib/modules/gunyah_loader.ko with args ''
03-23 02:02:49.454    10    10 E qmi-cooling-device soc: qmi-tmd-devices: QMI[0x43] handle init failed. err:-517
03-23 02:02:49.454    10    10 E coresight-qmi soc: modem2-qmi: qmi client init failed ret:-517
03-23 02:02:49.454   206   206 E         : register_kretprobe failed at functionfs_bind, returned -2
03-23 02:02:49.455    10    10 I input   : gpio-keys as /devices/platform/soc/soc:gpio_key/input/input2
03-23 02:02:49.456   206   206 E         : register_kretprobe failed at ffs_closed, returned -2
03-23 02:02:49.456   206   206 I init    : Loaded kernel module /lib/modules/f_fs_ipc_log.ko
03-23 02:02:49.456   206   206 I init    : Loading module /lib/modules/qcom-spmi-adc5-gen3.ko with args ''
03-23 02:02:49.457   205   205 I msm_sps_probe: sps:sps is ready
03-23 02:02:49.458   207   207 I init    : Loaded kernel module /lib/modules/qcom_aoss.ko
03-23 02:02:49.458   207   207 I init    : Loading module /lib/modules/qcom_glink.ko with args ''
03-23 02:02:49.458   210   210 I init    : Loaded kernel module /lib/modules/msm_gpi.ko
03-23 02:02:49.458   210   210 I init    : Loading module /lib/modules/snd-usb-audio-qmi.ko with args ''
03-23 02:02:49.458   205   205 I init    : Loaded kernel module /lib/modules/sps_drv.ko
03-23 02:02:49.458   209   209 I init    : Loaded kernel module /lib/modules/gh_tlmm_vm_mem_access.ko
03-23 02:02:49.459   209   209 I init    : Loading module /lib/modules/crm-v2.ko with args ''
03-23 02:02:49.459   205   205 I init    : Loading module /lib/modules/qrtr.ko with args ''
03-23 02:02:49.459   206   206 E spmi-0  : disallowed SPMI write to sid=0, addr=0xB941
03-23 02:02:49.459   206   206 E qcom-spmi-gpio c42d000.qcom,spmi: qcom,pmk8550@0:pinctrl@b800: write 0x41 failed
03-23 02:02:49.459   206   206 E qcom-spmi-gpio c42d000.qcom,spmi: qcom,pmk8550@0:pinctrl@b800: pin_config_group_set op failed for group 1
03-23 02:02:49.459   207   207 I init    : Loaded kernel module /lib/modules/qcom_glink.ko
03-23 02:02:49.459   207   207 I init    : Loading module /lib/modules/mem_object.ko with args ''
03-23 02:02:49.460   211   211 I gh_secure_vm_loader soc: gh-secure-vm-loader@0: VM with keep running attribute added
03-23 02:02:49.460   211   211 I gh_secure_vm_loader soc: gh-secure-vm-loader@0: assigned reserved memory node trust_ui_vm_region@f3800000
03-23 02:02:49.461   205   205 I NET     : Registered PF_QIPCRTR protocol family
03-23 02:02:49.461   211   211 I soc     : gh-secure-vm-loader@0:com_mem: assigned reserved memory node vm_comm_mem_region
03-23 02:02:49.461   211   211 I gh_secure_vm_loader soc: gh-secure-vm-loader@0: gh_virtio_backend: Recognized VM 'trustedvm' shmem_size 414000
03-23 02:02:49.461   211   211 I gh_virtio_backend: trustedvm: Recognized virtio backend device with label 11
03-23 02:02:49.461   205   205 I init    : Loaded kernel module /lib/modules/qrtr.ko
03-23 02:02:49.461   210   210 I init    : Loaded kernel module /lib/modules/snd-usb-audio-qmi.ko
03-23 02:02:49.461   211   211 I gh_virtio_backend: trustedvm: Recognized virtio backend device with label 10
03-23 02:02:49.461   211   211 I gh_virtio_backend: trustedvm: Recognized virtio backend device with label 15
03-23 02:02:49.462   211   211 I gh_secure_vm_loader soc: gh-secure-vm-loader@1: VM with keep running attribute added
03-23 02:02:49.462   211   211 I gh_secure_vm_loader soc: gh-secure-vm-loader@1: assigned reserved memory node oem_vm_region@f7c00000
03-23 02:02:49.462   211   211 I soc     : gh-secure-vm-loader@1:com_mem: assigned reserved memory node vm_comm_mem_region
03-23 02:02:49.462   211   211 I gh_secure_vm_loader soc: gh-secure-vm-loader@1: gh_virtio_backend: Recognized VM 'oemvm' shmem_size 108000
03-23 02:02:49.462   211   211 I gh_virtio_backend: oemvm: Recognized virtio backend device with label 16
03-23 02:02:49.462   211   211 I gh_virtio_backend: oemvm: Recognized virtio backend device with label 13
03-23 02:02:49.463   209   209 I init    : Loaded kernel module /lib/modules/crm-v2.ko
03-23 02:02:49.463   207   207 I init    : Loaded kernel module /lib/modules/mem_object.ko
03-23 02:02:49.464   211   211 I init    : Loaded kernel module /lib/modules/gunyah_loader.ko
03-23 02:02:49.472    10    10 I coresight-csr 10001000.csr: CSR initialized: coresight-csr
03-23 02:02:49.472    10    10 I coresight-csr 10b11000.csr: CSR initialized: coresight-swao-csr
03-23 02:02:49.487   132   132 E         : [NT_reserve_kernel_log] Get partition failed, retry count 196
03-23 02:02:49.492    10    10 I coresight-secure-etr soc: tmc-modem: assigned reserved memory node qdss_apps_region@82800000
03-23 02:02:49.499   208   208 I init    : Loaded kernel module /lib/modules/bcl_pmic5.ko
03-23 02:02:49.502    10    10 I rtc-pm8xxx c42d000.qcom,spmi: qcom,pmk8550@0:rtc@6100: registered as rtc0
03-23 02:02:49.502    10    10 I rtc-pm8xxx c42d000.qcom,spmi: qcom,pmk8550@0:rtc@6100: setting system clock to 1970-03-23T02:02:49 UTC (7005769)
03-23 02:02:49.505    10    10 E platform 16f2000.anoc_1_qtb: TBU failed probe, QSMMUV500 cannot continue!
03-23 02:02:49.507    10    10 I coresight-cti-qdss: CTI initialized
03-23 02:02:49.507    10    10 I coresight-cti-swao: CTI initialized
03-23 02:02:49.508    10    10 I coresight-cti-turing_qdsp: CTI initialized
03-23 02:02:49.509    10    10 I coresight-cti-turing: CTI initialized
03-23 02:02:49.509    10    10 I coresight-cti-dl2-cti0: CTI initialized
03-23 02:02:49.510    10    10 I coresight-cti-dl2-cti1: CTI initialized
03-23 02:02:49.511    10    10 I coresight-cti-ddr_center: CTI initialized
03-23 02:02:49.511    10    10 I coresight-cti-ddr_chhm02: CTI initialized
03-23 02:02:49.512    10    10 I coresight-cti-ddr_chhm13: CTI initialized
03-23 02:02:49.512    10    10 I coresight-cti-mdss: CTI initialized
03-23 02:02:49.513    10    10 I coresight-cti-lpass: CTI initialized
03-23 02:02:49.514    10    10 I coresight-cti-mss_qdsp6: CTI initialized
03-23 02:02:49.514    10    10 I coresight-cti-mss: CTI initialized
03-23 02:02:49.515    10    10 I coresight-cti-trace_noc_cti0: CTI initialized
03-23 02:02:49.516    10    10 I coresight-cti-trace_noc_cti1: CTI initialized
03-23 02:02:49.517    10    10 I coresight-cti-trace_noc_cti2: CTI initialized
03-23 02:02:49.517    10    10 I coresight-cti-eva: CTI initialized
03-23 02:02:49.519    10    10 I coresight-cti-soccp: CTI initialized
03-23 02:02:49.519    10    10 I coresight-cti-venus: CTI initialized
03-23 02:02:49.520    10    10 I coresight-cti-dl3: CTI initialized
03-23 02:02:49.521    10    10 I coresight-cti-dl3-1: CTI initialized
03-23 02:02:49.522    10    10 I coresight-cti-dl4: CTI initialized
03-23 02:02:49.523    10    10 I coresight-cti-dl4-1: CTI initialized
03-23 02:02:49.523   206   206 I init    : Loaded kernel module /lib/modules/qcom-spmi-adc5-gen3.ko
03-23 02:02:49.523   132   132 E         : [NT_reserve_kernel_log] Get partition failed, retry count 195
03-23 02:02:49.524    10    10 I coresight-cti-apss-dl: CTI initialized
03-23 02:02:49.528    10    10 I coresight-stm: STM32 initialized
03-23 02:02:49.529    10    10 I coresight-qmi soc: turing-qmi: qmi initialized
03-23 02:02:49.529    10    10 I coresight-qmi soc: wpss-qmi: qmi initialized
03-23 02:02:49.543    10    10 I coresight-qmi soc: audio-qmi: qmi initialized
03-23 02:02:49.547    10    10 I coresight-qmi soc: modem0-qmi: qmi initialized
03-23 02:02:49.547   212   212 I init    : Loaded kernel module /lib/modules/qcom_tsens.ko
03-23 02:02:49.548   253   253 I init    : Loading module /lib/modules/qrtr-smd.ko with args ''
03-23 02:02:49.548   254   254 I init    : Loading module /lib/modules/i2c-msm-geni.ko with args ''
03-23 02:02:49.548   255   255 I init    : Loading module /lib/modules/mem-offline.ko with args ''
03-23 02:02:49.548   256   256 I init    : Loading module /lib/modules/mem_buf.ko with args ''
03-23 02:02:49.548   257   257 I init    : Loading module /lib/modules/gh_virt_wdt.ko with args ''
03-23 02:02:49.548   258   258 I init    : Loading module /lib/modules/qrtr-gunyah.ko with args ''
03-23 02:02:49.549   259   259 I init    : Loading module /lib/modules/glink_pkt.ko with args ''
03-23 02:02:49.549   260   260 I init    : Loading module /lib/modules/msm_qmp.ko with args ''
03-23 02:02:49.549   253   253 I init    : Loaded kernel module /lib/modules/qrtr-smd.ko
03-23 02:02:49.549   253   253 I init    : Loading module /lib/modules/q2spi-geni.ko with args ''
03-23 02:02:49.550   257   257 I gh-watchdog hypervisor: qcom,gh-watchdog: QCOM Apps Watchdog Initialized
03-23 02:02:49.550   257   257 I init    : Loaded kernel module /lib/modules/gh_virt_wdt.ko
03-23 02:02:49.550   255   255 I init    : Loaded kernel module /lib/modules/mem-offline.ko
03-23 02:02:49.550   257   257 I init    : Loading module /lib/modules/gh_irq_lend.ko with args ''
03-23 02:02:49.550   255   255 I init    : Loading module /lib/modules/qcom_rpmh.ko with args ''
03-23 02:02:49.550   256   256 I gh_msgq : Registered client for label: 1
03-23 02:02:49.550   256   256 I gh_msgq : Registered client for label: 12
03-23 02:02:49.551   256   256 I init    : Loaded kernel module /lib/modules/mem_buf.ko
03-23 02:02:49.551   256   256 I init    : Loading module /lib/modules/qcom_stats.ko with args ''
03-23 02:02:49.551   253   253 I         : q2spi_dev_init end ret:0
03-23 02:02:49.551   258   258 I init    : Loaded kernel module /lib/modules/qrtr-gunyah.ko
03-23 02:02:49.551   258   258 I init    : Loading module /lib/modules/hvc_gunyah.ko with args ''
03-23 02:02:49.551   257   257 I init    : Loaded kernel module /lib/modules/gh_irq_lend.ko
03-23 02:02:49.551   257   257 I init    : Loading module /lib/modules/i3c-master-msm-geni.ko with args ''
03-23 02:02:49.552   253   253 I init    : Loaded kernel module /lib/modules/q2spi-geni.ko
03-23 02:02:49.552   253   253 I init    : Loading module /lib/modules/qcom_glink_spss.ko with args ''
03-23 02:02:49.552   259   259 I init    : Loaded kernel module /lib/modules/glink_pkt.ko
03-23 02:02:49.552   259   259 I init    : Loading module /lib/modules/gh_panic_notifier.ko with args ''
03-23 02:02:49.553   254   254 I init    : Loaded kernel module /lib/modules/i2c-msm-geni.ko
03-23 02:02:49.553   254   254 I init    : Loading module /lib/modules/qcom_glink_smem.ko with args ''
03-23 02:02:49.553   257   257 I init    : Loaded kernel module /lib/modules/i3c-master-msm-geni.ko
03-23 02:02:49.553   257   257 I init    : Loading module /lib/modules/qrtr-tun.ko with args ''
03-23 02:02:49.553   253   253 I init    : Loaded kernel module /lib/modules/qcom_glink_spss.ko
03-23 02:02:49.553   259   259 I gh_panic_notifier soc: qcom,gunyah-panic-notifier: assigned reserved memory node vm_comm_mem_region
03-23 02:02:49.553   253   253 I init    : Loading module /lib/modules/clk-qcom.ko with args ''
03-23 02:02:49.553   254   254 I init    : Loaded kernel module /lib/modules/qcom_glink_smem.ko
03-23 02:02:49.553   257   257 I init    : Loaded kernel module /lib/modules/qrtr-tun.ko
03-23 02:02:49.554   254   254 I init    : Loading module /lib/modules/smcinvoke_dlkm.ko with args ''
03-23 02:02:49.554   260   260 I init    : Loaded kernel module /lib/modules/msm_qmp.ko
03-23 02:02:49.554   259   259 I init    : Loaded kernel module /lib/modules/gh_panic_notifier.ko
03-23 02:02:49.554   256   256 I init    : Loaded kernel module /lib/modules/qcom_stats.ko
03-23 02:02:49.554   255   255 I /soc/rsc@17a00000/drv@2/rpmh-regulator-ldob2: Fixed dependency cycle(s) with /soc/rsc@17a00000/drv@2/rpmh-regulator-ldob2/vreg-pmxr2230-l2
03-23 02:02:49.554   258   258 I init    : Loaded kernel module /lib/modules/hvc_gunyah.ko
03-23 02:02:49.554   254   254 I init    : Loaded kernel module /lib/modules/smcinvoke_dlkm.ko
03-23 02:02:49.555   255   255 I /soc/rsc@17a00000/drv@2/rpmh-regulator-ldob4: Fixed dependency cycle(s) with /soc/rsc@17a00000/drv@2/rpmh-regulator-ldob4/vreg-pmxr2230-l4
03-23 02:02:49.555   255   255 I /soc/rsc@17a00000/drv@2/rpmh-regulator-ldob8: Fixed dependency cycle(s) with /soc/rsc@17a00000/drv@2/rpmh-regulator-ldob8/vreg-pmxr2230-l8
03-23 02:02:49.556    10    10 I coresight-qmi soc: modem2-qmi: qmi initialized
03-23 02:02:49.556   255   255 I /soc/rsc@17a00000/drv@2/rpmh-regulator-ldob19: Fixed dependency cycle(s) with /soc/rsc@17a00000/drv@2/rpmh-regulator-ldob19/vreg-pmxr2230-l19
