03-23 01:34:04.760    11    11 I scsi 0  : 0:0:1: Attached scsi generic sg4 type 0
03-23 01:34:04.760    11    11 I scsi 0  : 0:0:2: Attached scsi generic sg5 type 0
03-23 01:34:04.760    11    11 I scsi 0  : 0:0:3: Attached scsi generic sg6 type 0
03-23 01:34:04.760    11    11 I scsi 0  : 0:0:4: Attached scsi generic sg7 type 0
03-23 01:34:04.760    11    11 I scsi 0  : 0:0:5: Attached scsi generic sg8 type 0
03-23 01:34:04.761    11    11 I sd 0    : 0:0:0: [sda] 61521920 4096-byte logical blocks: (252 GB/235 GiB)
03-23 01:34:04.761    11    11 I sd 0    : 0:0:0: [sda] Write Protect is off
03-23 01:34:04.761    11    11 D sd 0    : 0:0:0: [sda] Mode Sense: 00 32 00 10
03-23 01:34:04.761    89    89 I sd 0    : 0:0:2: [sdc] 5120 4096-byte logical blocks: (21.0 MB/20.0 MiB)
03-23 01:34:04.761    86    86 I sd 0    : 0:0:1: [sdb] 5120 4096-byte logical blocks: (21.0 MB/20.0 MiB)
03-23 01:34:04.761    11    11 I sd 0    : 0:0:0: [sda] Disabling FUA
03-23 01:34:04.761    89    89 I sd 0    : 0:0:2: [sdc] Write Protect is off
03-23 01:34:04.761    11    11 I sd 0    : 0:0:0: [sda] Write cache: enabled, read cache: enabled, doesn't support DPO or FUA
03-23 01:34:04.761    11    11 I sd 0    : 0:0:0: [sda] Preferred minimum I/O size 4096 bytes
03-23 01:34:04.761    11    11 I sd 0    : 0:0:0: [sda] Optimal transfer size 524288 bytes
03-23 01:34:04.761    89    89 D sd 0    : 0:0:2: [sdc] Mode Sense: 00 32 00 10
03-23 01:34:04.761   405   405 I sd 0    : 0:0:3: [sdd] 8192 4096-byte logical blocks: (33.6 MB/32.0 MiB)
03-23 01:34:04.761    86    86 I sd 0    : 0:0:1: [sdb] Write Protect is off
03-23 01:34:04.761    86    86 D sd 0    : 0:0:1: [sdb] Mode Sense: 00 32 00 10
03-23 01:34:04.761   405   405 I sd 0    : 0:0:3: [sdd] Write Protect is off
03-23 01:34:04.761   405   405 D sd 0    : 0:0:3: [sdd] Mode Sense: 00 32 00 10
03-23 01:34:04.761    89    89 I sd 0    : 0:0:2: [sdc] Disabling FUA
03-23 01:34:04.761    89    89 I sd 0    : 0:0:2: [sdc] Write cache: disabled, read cache: enabled, doesn't support DPO or FUA
03-23 01:34:04.761    89    89 I sd 0    : 0:0:2: [sdc] Preferred minimum I/O size 4096 bytes
03-23 01:34:04.761    89    89 I sd 0    : 0:0:2: [sdc] Optimal transfer size 524288 bytes
03-23 01:34:04.761    86    86 I sd 0    : 0:0:1: [sdb] Disabling FUA
03-23 01:34:04.761    86    86 I sd 0    : 0:0:1: [sdb] Write cache: disabled, read cache: enabled, doesn't support DPO or FUA
03-23 01:34:04.761    86    86 I sd 0    : 0:0:1: [sdb] Preferred minimum I/O size 4096 bytes
03-23 01:34:04.761    86    86 I sd 0    : 0:0:1: [sdb] Optimal transfer size 524288 bytes
03-23 01:34:04.761   409   409 I sd 0    : 0:0:4: [sde] 917504 4096-byte logical blocks: (3.76 GB/3.50 GiB)
03-23 01:34:04.761   409   409 I sd 0    : 0:0:4: [sde] Write Protect is off
03-23 01:34:04.761   409   409 D sd 0    : 0:0:4: [sde] Mode Sense: 00 32 00 10
03-23 01:34:04.761   409   409 I sd 0    : 0:0:4: [sde] Disabling FUA
03-23 01:34:04.761   409   409 I sd 0    : 0:0:4: [sde] Write cache: enabled, read cache: enabled, doesn't support DPO or FUA
03-23 01:34:04.761   409   409 I sd 0    : 0:0:4: [sde] Preferred minimum I/O size 4096 bytes
03-23 01:34:04.761   409   409 I sd 0    : 0:0:4: [sde] Optimal transfer size 524288 bytes
03-23 01:34:04.761   405   405 I sd 0    : 0:0:3: [sdd] Disabling FUA
03-23 01:34:04.761   405   405 I sd 0    : 0:0:3: [sdd] Write cache: enabled, read cache: enabled, doesn't support DPO or FUA
03-23 01:34:04.761   405   405 I sd 0    : 0:0:3: [sdd] Preferred minimum I/O size 4096 bytes
03-23 01:34:04.761   405   405 I sd 0    : 0:0:3: [sdd] Optimal transfer size 524288 bytes
03-23 01:34:04.762   410   410 I sd 0    : 0:0:5: [sdf] 8192 4096-byte logical blocks: (33.6 MB/32.0 MiB)
03-23 01:34:04.762   410   410 I sd 0    : 0:0:5: [sdf] Write Protect is off
03-23 01:34:04.762   410   410 D sd 0    : 0:0:5: [sdf] Mode Sense: 00 32 00 10
03-23 01:34:04.762   410   410 I sd 0    : 0:0:5: [sdf] Disabling FUA
03-23 01:34:04.762   410   410 I sd 0    : 0:0:5: [sdf] Write cache: enabled, read cache: enabled, doesn't support DPO or FUA
03-23 01:34:04.762   410   410 I sd 0    : 0:0:5: [sdf] Preferred minimum I/O size 4096 bytes
03-23 01:34:04.762   410   410 I sd 0    : 0:0:5: [sdf] Optimal transfer size 524288 bytes
03-23 01:34:04.762    10    10 I WL_L7N  : Bringing 0uV into 1500000-1500000uV
03-23 01:34:04.762    89    89 I sdc     : sdc1 sdc2 sdc3 sdc4 sdc5
03-23 01:34:04.762    11    11 I sda     : sda1 sda2 sda3 sda4 sda5 sda6 sda7 sda8 sda9 sda10 sda11 sda12 sda13 sda14
03-23 01:34:04.762    89    89 I sd 0    : 0:0:2: [sdc] Attached SCSI disk
03-23 01:34:04.762    11    11 I sd 0    : 0:0:0: [sda] Attached SCSI disk
03-23 01:34:04.762    86    86 I sdb     : sdb1 sdb2 sdb3 sdb4 sdb5
03-23 01:34:04.763    86    86 I sd 0    : 0:0:1: [sdb] Attached SCSI disk
03-23 01:34:04.763   405   405 I sdd     : sdd1 sdd2 sdd3
03-23 01:34:04.763   405   405 I sd 0    : 0:0:3: [sdd] Attached SCSI disk
03-23 01:34:04.763   410   410 I sdf     : sdf1 sdf2 sdf3 sdf4 sdf5
03-23 01:34:04.763   410   410 I sd 0    : 0:0:5: [sdf] Attached SCSI disk
03-23 01:34:04.763    10    10 I wl28681 8-0061: WL28681_UVP_INT_MASK = 0 ret = 0
03-23 01:34:04.763    10    10 I wl28681 8-0061: WL28681_OCP_INT_MASK = 0 ret = 0
03-23 01:34:04.763   409   409 I sde     : sde1 sde2 sde3 sde4 sde5 sde6 sde7 sde8 sde9 sde10 sde11 sde12 sde13 sde14 sde15 sde16 sde17 sde18 sde19 sde20 sde21 sde22 sde23 sde24 sde25 sde26 sde27 sde28 sde29 sde30 sde31 sde32 sde33 sde34 sde35 sde36 sde37 sde38 sde39 sde40 sde41 sde42 sde43 sde44 sde45 sde46 sde47 sde48 sde49 sde50 sde51 sde52 sde53 sde54 sde55 sde56 sde57 sde58 sde59 sde60 sde61 sde62 sde63 sde64 sde65 sde66 sde67 sde68 sde69 sde70 sde71 sde72 sde73 sde74 sde75 sde76 sde77 sde78 sde79 sde80 sde81 sde82 sde83
03-23 01:34:04.763    10    10 I wl28681 8-0061: WL28681_TSD_UVLO_INT_MASK = 0 ret = 0
03-23 01:34:04.764    10    10 I wl28681 8-0061: wl28681 WL_LDO0 value is 0x7c
03-23 01:34:04.764    10    10 I wl28681 8-0061: wl28681 WL_LDO1 value is 0x7c
03-23 01:34:04.764    10    10 I wl28681 8-0061: wl28681 WL_LDO2 value is 0x11
03-23 01:34:04.764    10    10 I wl28681 8-0061: wl28681 WL_LDO3 value is 0x11
03-23 01:34:04.764    10    10 I wl28681 8-0061: wl28681 WL_LDO4 value is 0x11
03-23 01:34:04.764   409   409 I sd 0    : 0:0:4: [sde] Attached SCSI disk
03-23 01:34:04.764    10    10 I wl28681 8-0061: wl28681 WL_LDO5 value is 0x11
03-23 01:34:04.765    10    10 I wl28681 8-0061: wl28681 WL_LDO6 value is 0x11
03-23 01:34:04.765   352   352 I init    : Loaded kernel module /lib/modules/msm_drm.ko
03-23 01:34:04.765    10    10 I wl28681 8-0035: RESET GPIO number is 534
03-23 01:34:04.765     1     1 I init    : Loaded 336 modules from /lib/modules
03-23 01:34:04.765     1     1 I init    : Loaded 336 kernel modules took 383 ms
03-23 01:34:04.765     1     1 I init    : Copied ramdisk prop to /second_stage_resources/system/etc/ramdisk/build.prop
03-23 01:34:04.765     1     1 I init    : First stage mount skipped (recovery mode)
03-23 01:34:04.765     1     1 I init    : [libfstab] Using Android DT directory /proc/device-tree/firmware/android/
03-23 01:34:04.766     1     1 I init    : [libfstab] ReadFstabFromDt(): failed to read fstab from dt
03-23 01:34:04.766     1     1 W init    : [libfstab] Warning: unknown flag: sync
03-23 01:34:04.787     1     1 I init    : [libfs_avb] Returning avb_handle with status: VerificationError
03-23 01:34:04.787     1     1 I init    : init first stage completed!
03-23 01:34:04.787     1     1 I KernelSU: /system/bin/init argc: 2
03-23 01:34:04.787     1     1 I KernelSU: /system/bin/init first arg: selinux_setup
03-23 01:34:04.792   139   139 E         : [NT_reserve_kernel_log] Get partition: nt_uefi
03-23 01:34:04.793   139   139 E         : [NT_reserve_kernel_log] Get partition: nt_kmsg
03-23 01:34:04.793   139   139 E         : [NT_reserve_kernel_log] Match magic NOTING_RKL_V0
03-23 01:34:04.793   139   139 E         : [NT_reserve_kernel_log] boot_count is 104 bootloader_count is 123
03-23 01:34:04.793   139   139 E         : [NT_reserve_kernel_log] write_back_kernel_boot_log start!
03-23 01:34:04.795     1     1 W init    : [libfs_mgr]Warning: unknown flag: sync
03-23 01:34:04.795     1     1 W init    : DM_DEV_STATUS failed for system_ext_a: No such device or address
03-23 01:34:04.795     1     1 E init    : Could not update logical partition
03-23 01:34:04.795     1     1 W init    : DM_DEV_STATUS failed for product_a: No such device or address
03-23 01:34:04.795     1     1 E init    : Could not update logical partition
03-23 01:34:04.795     1     1 I init    : Opening SELinux policy
03-23 01:34:04.795     1     1 I init    : Loading SELinux policy
03-23 01:34:04.798     1     1 I SELinux : Permission nlmsg_getneigh in class netlink_route_socket not defined in policy.
03-23 01:34:04.798     1     1 I SELinux : Permission bpf in class capability2 not defined in policy.
03-23 01:34:04.798     1     1 I SELinux : Permission checkpoint_restore in class capability2 not defined in policy.
03-23 01:34:04.798     1     1 I SELinux : Permission bpf in class cap2_userns not defined in policy.
03-23 01:34:04.798     1     1 I SELinux : Permission checkpoint_restore in class cap2_userns not defined in policy.
03-23 01:34:04.798     1     1 I SELinux : Class mctp_socket not defined in policy.
03-23 01:34:04.798     1     1 I SELinux : Class io_uring not defined in policy.
03-23 01:34:04.798     1     1 I SELinux : Class user_namespace not defined in policy.
03-23 01:34:04.798     1     1 I SELinux : the above unknown classes and permissions will be denied
03-23 01:34:04.798    10    10 I WL_L1M  : Bringing 0uV into 1000000-1000000uV
03-23 01:34:04.798     1     1 I SELinux : policy capability network_peer_controls=1
03-23 01:34:04.798     1     1 I SELinux : policy capability open_perms=1
03-23 01:34:04.798     1     1 I SELinux : policy capability extended_socket_class=1
03-23 01:34:04.798     1     1 I SELinux : policy capability always_check_network=0
03-23 01:34:04.798     1     1 I SELinux : policy capability cgroup_seclabel=0
03-23 01:34:04.798     1     1 I SELinux : policy capability nnp_nosuid_transition=1
03-23 01:34:04.798     1     1 I SELinux : policy capability genfs_seclabel_symlinks=0
03-23 01:34:04.798     1     1 I SELinux : policy capability ioctl_skip_cloexec=0
03-23 01:34:04.800    10    10 I WL_L2M  : Bringing 0uV into 1000000-1000000uV
03-23 01:34:04.801    10    10 I WL_L3M  : Bringing 0uV into 1500000-1500000uV
03-23 01:34:04.802    10    10 I WL_L4M  : Bringing 0uV into 1500000-1500000uV
03-23 01:34:04.803    10    10 I WL_L5M  : Bringing 0uV into 1500000-1500000uV
03-23 01:34:04.805    10    10 I WL_L6M  : Bringing 0uV into 1500000-1500000uV
03-23 01:34:04.806    10    10 I WL_L7M  : Bringing 0uV into 1500000-1500000uV
03-23 01:34:04.807    10    10 I wl28681 8-0035: WL28681_UVP_INT_MASK = 0 ret = 0
03-23 01:34:04.807    10    10 I wl28681 8-0035: WL28681_OCP_INT_MASK = 0 ret = 0
03-23 01:34:04.807    10    10 I wl28681 8-0035: WL28681_TSD_UVLO_INT_MASK = 0 ret = 0
03-23 01:34:04.807    10    10 I wl28681 8-0035: wl28681 WL_LDO0 value is 0x7c
03-23 01:34:04.808    10    10 I wl28681 8-0035: wl28681 WL_LDO1 value is 0x7c
03-23 01:34:04.808    10    10 I wl28681 8-0035: wl28681 WL_LDO2 value is 0x11
03-23 01:34:04.808    10    10 I wl28681 8-0035: wl28681 WL_LDO3 value is 0x11
03-23 01:34:04.808    10    10 I wl28681 8-0035: wl28681 WL_LDO4 value is 0x11
03-23 01:34:04.808    10    10 I wl28681 8-0035: wl28681 WL_LDO5 value is 0x11
03-23 01:34:04.809    10    10 I wl28681 8-0035: wl28681 WL_LDO6 value is 0x11
03-23 01:34:04.809    10    10 I         : aw9380x probe entry
03-23 01:34:04.809    10    10 I aw9380x_cap 8-0012: [aw9380x_regulator_power:960] regulator-power-supply = <1>
03-23 01:34:04.809    10    10 I aw9380x_cap 8-0012: [aw9380x_regulator_power_init:894] aw9380x power init enter
03-23 01:34:04.809    10    10 I aw9380x_cap 8-0012: [aw9380x_power_enable:923] aw9380x power enable enter
03-23 01:34:04.807   427   427 W auditd  : type=1403 audit(0.0:2): auid=4294967295 ses=4294967295 lsm=selinux res=1
03-23 01:34:04.807   427   427 W auditd  : type=1404 audit(0.0:3): enforcing=1 old_enforcing=0 auid=4294967295 ses=4294967295 enabled=1 old-enabled=1 lsm=selinux res=1
03-23 01:34:04.816     1     1 I selinux : SELinux: Loaded file_contexts
03-23 01:34:04.816     1     1 I selinux :  
03-23 01:34:04.816     1     1 I KernelSU: /system/bin/init argc: 2
03-23 01:34:04.816     1     1 I KernelSU: /system/bin/init first arg: second_stage
03-23 01:34:04.816     1     1 I KernelSU: /system/bin/init second_stage executed
03-23 01:34:04.832    10    10 E aw9380x_cap 8-0012: [aw9380x_regulator_is_get_voltage:266] aw9380x voltage is : 3000000 uv
03-23 01:34:04.832    10    10 I aw9380x_cap 8-0012: [aw9380x_parse_dts:1047] cap num = 0
03-23 01:34:04.832    10    10 I aw9380x_cap 8-0012: [aw9380x_parse_dts:1060] irq gpio provided ok.
03-23 01:34:04.832    10    10 I aw9380x_cap 8-0012: [aw9380x_parse_dts:1064] channel_use_flag = 0x1fff
03-23 01:34:04.832    10    10 I aw9380x_cap 8-0012: [aw9380x_parse_dts:1072] aw_cap,use_inter_pull_up = <0>
03-23 01:34:04.832    10    10 I aw9380x_cap 8-0012: [aw9380x_parse_dts:1076] aw_cap, using_pm_ops = <0>
03-23 01:34:04.832    10    10 E aw9380x_cap 8-0012: [aw9380x_create_node:3693] enter
03-23 01:34:04.832    10    10 I aw9380x_cap 8-0012: [aw9380x_create_sysclass_group_register:3658] sysfs_class have be created
03-23 01:34:04.832    10    10 I aw9380x_cap 8-0012: [aw9380x_create_sysclass_group_register:3670] sysfs_dev have be created
03-23 01:34:04.832    10    10 I aw9380x_cap 8-0012: [aw9380x_create_sysclass_group_register:3683] sysfs_create have be created
03-23 01:34:04.832    10    10 I aw9380x_cap 8-0012: [aw9380x_irq_init:4179] IRQ request successfully!
03-23 01:34:04.832    10    10 I aw9380x_cap 8-0012: [aw9380x_irq_init:4188] disable_irq
03-23 01:34:04.832    10    10 I aw9380x_cap 8-0012: [aw9380x_irq_init:4192] irq init success!
03-23 01:34:04.832    10    10 I input   : aw9380x_0_ch0 as /devices/platform/soc/8c0000.qcom,qupv3_2_geni_se/880000.i2c/i2c-8/8-0012/input/input5
03-23 01:34:04.832    10    10 I input   : aw9380x_0_ch1 as /devices/platform/soc/8c0000.qcom,qupv3_2_geni_se/880000.i2c/i2c-8/8-0012/input/input6
03-23 01:34:04.832    10    10 I input   : aw9380x_0_ch2 as /devices/platform/soc/8c0000.qcom,qupv3_2_geni_se/880000.i2c/i2c-8/8-0012/input/input7
03-23 01:34:04.832    10    10 I input   : aw9380x_0_ch3 as /devices/platform/soc/8c0000.qcom,qupv3_2_geni_se/880000.i2c/i2c-8/8-0012/input/input8
03-23 01:34:04.832    10    10 I input   : aw9380x_0_ch4 as /devices/platform/soc/8c0000.qcom,qupv3_2_geni_se/880000.i2c/i2c-8/8-0012/input/input9
03-23 01:34:04.832    10    10 I input   : aw9380x_0_ch5 as /devices/platform/soc/8c0000.qcom,qupv3_2_geni_se/880000.i2c/i2c-8/8-0012/input/input10
03-23 01:34:04.832    10    10 I input   : aw9380x_0_ch6 as /devices/platform/soc/8c0000.qcom,qupv3_2_geni_se/880000.i2c/i2c-8/8-0012/input/input11
03-23 01:34:04.832    10    10 I input   : aw9380x_0_ch7 as /devices/platform/soc/8c0000.qcom,qupv3_2_geni_se/880000.i2c/i2c-8/8-0012/input/input12
03-23 01:34:04.832    10    10 I input   : aw9380x_0_ch8 as /devices/platform/soc/8c0000.qcom,qupv3_2_geni_se/880000.i2c/i2c-8/8-0012/input/input13
03-23 01:34:04.832    10    10 I input   : aw9380x_0_ch9 as /devices/platform/soc/8c0000.qcom,qupv3_2_geni_se/880000.i2c/i2c-8/8-0012/input/input14
03-23 01:34:04.832    10    10 I input   : aw9380x_0_ch10 as /devices/platform/soc/8c0000.qcom,qupv3_2_geni_se/880000.i2c/i2c-8/8-0012/input/input15
03-23 01:34:04.832    10    10 I input   : aw9380x_0_ch11 as /devices/platform/soc/8c0000.qcom,qupv3_2_geni_se/880000.i2c/i2c-8/8-0012/input/input16
03-23 01:34:04.832    10    10 I input   : aw9380x_0_wear as /devices/platform/soc/8c0000.qcom,qupv3_2_geni_se/880000.i2c/i2c-8/8-0012/input/input17
03-23 01:34:04.833    10    10 I aw9380x_cap 8-0012: [aw9380x_check_chipid:1100] AW93804 detected 0xa9331010
03-23 01:34:04.833     1     1 I init    : init second stage started!
03-23 01:34:04.838     1     1 I init    : Using Android DT directory /proc/device-tree/firmware/android/
03-23 01:34:04.838     1     1 W init    : Overriding previous property 'persist.sys.usb.config':'adb' with new value 'none'
03-23 01:34:04.838     1     1 W init    : Overriding previous property 'ro.bootimage.build.date.utc':'1766160618' with new value '1763377771'
03-23 01:34:04.838     1     1 W init    : Couldn't load property file '/system/build.prop': open() failed: No such file or directory: No such file or directory
03-23 01:34:04.838     1     1 W init    : Couldn't load property file '/system_ext/etc/build.prop': open() failed: No such file or directory: No such file or directory
03-23 01:34:04.838     1     1 W init    : Couldn't load property file '/system_ext/default.prop': open() failed: No such file or directory: No such file or directory
03-23 01:34:04.838     1     1 W init    : Couldn't load property file '/system_ext/build.prop': open() failed: No such file or directory: No such file or directory
03-23 01:34:04.838     1     1 W init    : Couldn't load property file '/system_ext/default.prop': open() failed: No such file or directory: No such file or directory
03-23 01:34:04.838     1     1 W init    : Couldn't load property file '/system_ext/build.prop': open() failed: No such file or directory: No such file or directory
03-23 01:34:04.838     1     1 W init    : Couldn't load property file '/vendor/default.prop': open() failed: No such file or directory: No such file or directory
03-23 01:34:04.838     1     1 W init    : Couldn't load property file '/vendor/build.prop': open() failed: No such file or directory: No such file or directory
03-23 01:34:04.838     1     1 W init    : Couldn't load property file '/vendor_dlkm/etc/build.prop': open() failed: No such file or directory: No such file or directory
03-23 01:34:04.838     1     1 W init    : Couldn't load property file '/odm_dlkm/etc/build.prop': open() failed: No such file or directory: No such file or directory
03-23 01:34:04.838     1     1 W init    : Couldn't load property file '/odm/etc/build.prop': open() failed: No such file or directory: No such file or directory
03-23 01:34:04.838     1     1 W init    : Couldn't load property file '/odm/default.prop': open() failed: No such file or directory: No such file or directory
03-23 01:34:04.838     1     1 W init    : Couldn't load property file '/odm/build.prop': open() failed: No such file or directory: No such file or directory
03-23 01:34:04.838     1     1 W init    : Couldn't load property file '/odm/default.prop': open() failed: No such file or directory: No such file or directory
03-23 01:34:04.838     1     1 W init    : Couldn't load property file '/odm/build.prop': open() failed: No such file or directory: No such file or directory
03-23 01:34:04.838     1     1 W init    : Couldn't load property file '/product/etc/build.prop': open() failed: No such file or directory: No such file or directory
03-23 01:34:04.838     1     1 W init    : Couldn't load property file '/product/default.prop': open() failed: No such file or directory: No such file or directory
03-23 01:34:04.838     1     1 W init    : Couldn't load property file '/product/build.prop': open() failed: No such file or directory: No such file or directory
03-23 01:34:04.838     1     1 W init    : Couldn't load property file '/product/default.prop': open() failed: No such file or directory: No such file or directory
03-23 01:34:04.838     1     1 W init    : Couldn't load property file '/product/build.prop': open() failed: No such file or directory: No such file or directory
03-23 01:34:04.839     1     1 I init    : Setting product property ro.product.brand to 'nothing' (from ro.product.product.brand)
03-23 01:34:04.839     1     1 I init    : Setting product property ro.product.device to 'Metroid' (from ro.product.product.device)
03-23 01:34:04.839     1     1 I init    : Setting product property ro.product.manufacturer to 'nothing' (from ro.product.product.manufacturer)
03-23 01:34:04.839     1     1 I init    : Setting product property ro.product.model to 'NOTHING_Metroid' (from ro.product.product.model)
03-23 01:34:04.839     1     1 I init    : Setting product property ro.product.name to 'fox_Metroid' (from ro.product.product.name)
03-23 01:34:04.839     1     1 I init    : Setting property 'ro.build.fingerprint' to 'nothing/fox_Metroid/Metroid:99.87.36/SP2A.220405.004/eng.user.20251219.144101:eng/test-keys'
03-23 01:34:04.839     1     1 I init    : Setting property 'ro.product.cpu.abilist' to 'arm64-v8a'
03-23 01:34:04.839     1     1 I init    : Setting property 'ro.product.cpu.abilist32' to ''
03-23 01:34:04.839     1     1 I init    : Setting property 'ro.product.cpu.abilist64' to 'arm64-v8a'
03-23 01:34:04.839     1     1 I selinux : SELinux: Loaded file_contexts
03-23 01:34:04.839     1     1 I selinux :  
03-23 01:34:04.839     1     1 I init    : Running restorecon...
03-23 01:34:04.841     1     1 E selinux : SELinux: Could not get canonical path for /metadata/ota/rollback-indicator restorecon: No such file or directory.
03-23 01:34:04.841     1     1 E selinux :  
03-23 01:34:04.841     1     1 E selinux : SELinux:  Could not stat /metadata/gsi: No such file or directory.
03-23 01:34:04.841     1     1 E selinux :  
03-23 01:34:04.841     1     1 I init    : Created socket '/dev/socket/property_service', mode 666, user 0, group 0
03-23 01:34:04.842     1     1 I init    : SetupMountNamespaces done
03-23 01:34:04.842     1     1 I init    : Forked subcontext for 'u:r:vendor_init:s0' with pid 414
03-23 01:34:04.842     1     1 I init    : Parsing file /system/etc/init/hw/init.rc...
03-23 01:34:04.842     1     1 I init    : Added '/init.recovery.logd.rc' to import list
03-23 01:34:04.842     1     1 I init    : Added '/init.recovery.ldconfig.rc' to import list
03-23 01:34:04.842     1     1 I init    : Added '/init.recovery.mksh.rc' to import list
03-23 01:34:04.842     1     1 I init    : Added '/init.recovery.usb.rc' to import list
03-23 01:34:04.842     1     1 I init    : Added '/init.recovery.service.rc' to import list
03-23 01:34:04.842     1     1 I init    : Added '/init.recovery.qcom.rc' to import list
03-23 01:34:04.842   414   414 I KernelSU: hook_manager: unmark 414 exec /system/bin/init
03-23 01:34:04.842   414   414 I KernelSU: /system/bin/init argc: 4
03-23 01:34:04.842     1     1 I init    : Parsing file /init.recovery.logd.rc...
03-23 01:34:04.842     1     1 I init    : Parsing file /init.recovery.ldconfig.rc...
03-23 01:34:04.842     1     1 I init    : Parsing file /init.recovery.mksh.rc...
03-23 01:34:04.842     1     1 I init    : Unable to read config file '/init.recovery.mksh.rc': open() failed: No such file or directory
03-23 01:34:04.842     1     1 I init    : Parsing file /init.recovery.usb.rc...
03-23 01:34:04.842     1     1 I init    : Parsing file /init.recovery.service.rc...
03-23 01:34:04.842     1     1 I init    : Parsing file /init.recovery.qcom.rc...
03-23 01:34:04.842     1     1 I init    : Added '/init.recovery.qcom_decrypt.rc' to import list
03-23 01:34:04.842     1     1 I init    : Parsing file /init.recovery.qcom_decrypt.rc...
03-23 01:34:04.842     1     1 I init    : Added '/init.recovery.services.qcom_decrypt.rc' to import list
03-23 01:34:04.842     1     1 I init    : Added '/init.recovery.qcom_decrypt.fbe.rc' to import list
03-23 01:34:04.842     1     1 I init    : Parsing file /init.recovery.services.qcom_decrypt.rc...
03-23 01:34:04.842     1     1 I init    : Unable to read config file '/init.recovery.services.qcom_decrypt.rc': open() failed: No such file or directory
03-23 01:34:04.842     1     1 I init    : Parsing file /init.recovery.qcom_decrypt.fbe.rc...
03-23 01:34:04.842     1     1 I init    : Added '/init.recovery.services.qcom_decrypt.fbe.rc' to import list
03-23 01:34:04.843     1     1 I init    : Parsing file /init.recovery.services.qcom_decrypt.fbe.rc...
03-23 01:34:04.843     1     1 I init    : Unable to read config file '/init.recovery.services.qcom_decrypt.fbe.rc': open() failed: No such file or directory
03-23 01:34:04.843     1     1 I init    : Parsing directory /system/etc/init...
03-23 01:34:04.843     1     1 I init    : Parsing file /system/etc/init/android.hardware.boot@1.0-service.rc...
03-23 01:34:04.843     1     1 I init    : Parsing file /system/etc/init/android.hardware.boot@1.1-service.rc...
03-23 01:34:04.843     1     1 I init    : Parsing file /system/etc/init/android.hardware.boot@1.2-service.rc...
03-23 01:34:04.843     1     1 I init    : Parsing file /system/etc/init/android.hardware.health@2.0-service.rc...
03-23 01:34:04.843     1     1 I init    : Parsing file /system/etc/init/android.hardware.health@2.1-service.rc...
03-23 01:34:04.843     1     1 I init    : Parsing file /system/etc/init/hwservicemanager.rc...
03-23 01:34:04.843     1     1 I init    : Parsing file /system/etc/init/keystore2.rc...
03-23 01:34:04.843     1     1 I init    : Parsing file /system/etc/init/lpdumpd.rc...
03-23 01:34:04.843     1     1 I init    : Parsing file /system/etc/init/servicemanager.rc...
03-23 01:34:04.843     1     1 I init    : Parsing file /system/etc/init/snapuserd.rc...
03-23 01:34:04.843     1     1 I init    : Parsing file /system/etc/init/vendor.qti.hardware.vibrator.service.rc...
03-23 01:34:04.843     1     1 I init    : Parsing file /system/etc/init/vndservicemanager.rc...
03-23 01:34:04.843     1     1 I init    : Parsing file /system_ext/etc/init...
03-23 01:34:04.843     1     1 I init    : Unable to read config file '/system_ext/etc/init': open() failed: No such file or directory
03-23 01:34:04.843     1     1 I init    : Parsing directory /vendor/etc/init...
03-23 01:34:04.843     1     1 I init    : Parsing file /vendor/etc/init/android.hardware.security.keymint-service-qti.rc...
03-23 01:34:04.843     1     1 I init    : Parsing file /odm/etc/init...
03-23 01:34:04.843     1     1 I init    : Unable to read config file '/odm/etc/init': open() failed: No such file or directory
03-23 01:34:04.843     1     1 I init    : Parsing file /product/etc/init...
03-23 01:34:04.843     1     1 I init    : Unable to read config file '/product/etc/init': open() failed: No such file or directory
03-23 01:34:04.843     1     1 I init    : processing action (SetupCgroups) from (<Builtin Action>:0)
03-23 01:34:04.843     1     1 E cgroup  : Unknown subsys name 'schedtune'
03-23 01:34:04.843     1     1 E libprocessgroup: Failed to mount schedtune cgroup: Invalid argument
03-23 01:34:04.843     1     1 W libprocessgroup: Failed to setup schedtune cgroup
03-23 01:34:04.844     1     1 I init    : processing action (SetKptrRestrict) from (<Builtin Action>:0)
03-23 01:34:04.844     1     1 I init    : processing action (TestPerfEventSelinux) from (<Builtin Action>:0)
03-23 01:34:04.844     1     1 I init    : processing action (early-init) from (/system/etc/init/hw/init.rc:8)
03-23 01:34:04.844     1     1 I init    : Command 'mount cgroup none /acct cpuacct' action=early-init (/system/etc/init/hw/init.rc:13) took 0ms and failed: mount() failed: Device or resource busy
03-23 01:34:04.844     1     1 I init    : starting service 'ueventd'...
03-23 01:34:04.844   415   415 I KernelSU: hook_manager: unmark 415 exec /system/bin/ueventd
03-23 01:34:04.845     1     1 I init    : processing action (wait_for_coldboot_done) from (<Builtin Action>:0)
03-23 01:34:04.847   415   415 I ueventd : type=1400 audit(0.0:4): avc: denied { sys_nice } for capability=23 scontext=u:r:ueventd:s0 tcontext=u:r:ueventd:s0 tclass=capability permissive=1
03-23 01:34:04.854   415   415 I ueventd : ueventd started!
03-23 01:34:04.855   415   415 I selinux : SELinux: Loaded file_contexts
03-23 01:34:04.855   415   415 I selinux :  
03-23 01:34:04.855   415   415 I ueventd : Parsing file /system/etc/ueventd.rc...
03-23 01:34:04.855   415   415 I ueventd : Added '/vendor/etc/ueventd.rc' to import list
03-23 01:34:04.855   415   415 I ueventd : Added '/odm/etc/ueventd.rc' to import list
03-23 01:34:04.855   415   415 I ueventd : Parsing file /vendor/etc/ueventd.rc...
03-23 01:34:04.855   415   415 I ueventd : Added '/vendor/etc/ueventd.qcom.userdebug.rc' to import list
03-23 01:34:04.855   415   415 E ueventd : /vendor/etc/ueventd.rc: 71: ignoring duplicate subsystem entry
03-23 01:34:04.855   415   415 E ueventd : /vendor/etc/ueventd.rc: 245: /sys/ lines must have 5 or 6 entries
03-23 01:34:04.856   415   415 E ueventd : /vendor/etc/ueventd.rc: 432: /sys/ lines must have 5 or 6 entries
03-23 01:34:04.856   415   415 E ueventd : /vendor/etc/ueventd.rc: 433: /sys/ lines must have 5 or 6 entries
03-23 01:34:04.856   415   415 E ueventd : /vendor/etc/ueventd.rc: 548: Invalid section keyword found
03-23 01:34:04.856   415   415 I ueventd : Parsing file /vendor/etc/ueventd.qcom.userdebug.rc...
03-23 01:34:04.856   415   415 I ueventd : Unable to read config file '/vendor/etc/ueventd.qcom.userdebug.rc': open() failed: No such file or directory
03-23 01:34:04.856   415   415 I ueventd : Parsing file /odm/etc/ueventd.rc...
03-23 01:34:04.856   415   415 I ueventd : Unable to read config file '/odm/etc/ueventd.rc': open() failed: No such file or directory
03-23 01:34:04.856   415   415 I ueventd : Parsing file /vendor/ueventd.rc...
03-23 01:34:04.856   415   415 I ueventd : Unable to read config file '/vendor/ueventd.rc': open() failed: No such file or directory
03-23 01:34:04.856   415   415 I ueventd : Parsing file /odm/ueventd.rc...
03-23 01:34:04.856   415   415 I ueventd : Unable to read config file '/odm/ueventd.rc': open() failed: No such file or directory
03-23 01:34:04.856   415   415 I ueventd : Parsing file /ueventd.qcom.rc...
03-23 01:34:04.856   415   415 I ueventd : Unable to read config file '/ueventd.qcom.rc': open() failed: No such file or directory
03-23 01:34:04.868    10    10 I aw9380x_cap 8-0012: [aw9380x_read_init_over_irq:542] read init irq success!
03-23 01:34:04.868    10    10 I aw9380x_cap 8-0012: [aw9380x_read_init_over_irq:544] firmware version = 0x02000007
03-23 01:34:04.868    10    10 I boot_kpi: M - DRIVER GENI_I2C_8 Ready
03-23 01:34:04.868    10    10 I i2c_geni 880000.i2c: I2C probed
03-23 01:34:04.869    10    10 I boot_kpi: M - DRIVER GENI_SPI Init
03-23 01:34:04.870    10    10 I         : [matrix-leds] matrix_leds_spi_probe
03-23 01:34:04.870    10    10 I [matrix-leds] power_ctrl: power_on 1
03-23 01:34:04.959   413   413 I init    : Wait for property 'ro.cold_boot_done=true' took 114ms
03-23 01:34:04.959   415   415 I ueventd : Coldboot took 0.102 seconds
03-23 01:34:04.959     1     1 I init    : processing action (SetMmapRndBits) from (<Builtin Action>:0)
03-23 01:34:04.959     1     1 I init    : processing action (KeychordInit) from (<Builtin Action>:0)
03-23 01:34:04.959     1     1 I init    : processing action (init) from (/system/etc/init/hw/init.rc:23)
03-23 01:34:04.960     1     1 I init    : Command 'symlink /system/bin /bin' action=init (/system/etc/init/hw/init.rc:35) took 0ms and failed: symlink() failed: File exists
03-23 01:34:04.960     1     1 I init    : Command 'symlink /system/etc /etc' action=init (/system/etc/init/hw/init.rc:36) took 0ms and failed: symlink() failed: File exists
03-23 01:34:04.960     1     1 I init    : Command 'mount cgroup none /acct cpuacct' action=init (/system/etc/init/hw/init.rc:38) took 0ms and failed: mount() failed: Device or resource busy
03-23 01:34:04.961     1     1 I init    : processing action (init) from (/init.recovery.logd.rc:1)
03-23 01:34:04.961     1     1 I init    : starting service 'logd'...
03-23 01:34:04.961     1     1 I init    : Created socket '/dev/socket/logdr', mode 666, user 0, group 0
03-23 01:34:04.961     1     1 I init    : Created socket '/dev/socket/logdw', mode 222, user 0, group 0
03-23 01:34:04.961     1     1 I init    : Opened file '/proc/kmsg', flags 0
03-23 01:34:04.961     1     1 I init    : Opened file '/dev/kmsg', flags 1
03-23 01:34:04.962   427   427 I KernelSU: hook_manager: unmark 427 exec /system/bin/logd
03-23 01:34:04.955   427   427 I init    : type=1400 audit(0.0:5): avc: denied { entrypoint } for path="/system/bin/logd" dev="rootfs" ino=636 scontext=u:r:logd:s0 tcontext=u:object_r:rootfs:s0 tclass=file permissive=1
03-23 01:34:04.962     1     1 I init    : processing action (init) from (/init.recovery.qcom.rc:30)
03-23 01:34:04.991   432   443 E keystore2: getDeviceHalManifest: status from fetching VINTF information: -2147483648
03-23 01:34:04.962     1     1 I init    : starting service 'boot-hal-1-2'...
03-23 01:34:04.962   428   428 I KernelSU: hook_manager: unmark 428 exec /system/bin/android.hardware.boot@1.2-service
03-23 01:34:04.991   432   443 E keystore2: getDeviceHalManifest: -2147483648 VINTF parse error: Cannot add manifest fragment /vendor/etc/vintf/manifest/android.hardware.security.keymint-service-qti.xml: HAL "android.hardware.health" has a conflict: Conflicting major version: 2.1 (from /vendor/etc/vintf/manifest/vendor.qti.hardware.vibrator.service.xml) vs. 2.1 (from /vendor/etc/vintf/manifest/android.hardware.security.keymint-service-qti.xml). Check whether or not multiple modules providing the same HAL are installed.
03-23 01:34:04.991   432   432 I keystore2: getDeviceHalManifest: Reading VINTF information.
--------- beginning of crash
03-23 01:34:04.991   432   443 F libc    : Fatal signal 11 (SIGSEGV), code 1 (SEGV_MAPERR), fault addr 0x0 in tid 443 (keystore2), pid 432 (Binder:432_2)
03-23 01:34:04.955   427   427 I logd    : type=1400 audit(0.0:6): avc: denied { map } for path="/system/bin/logd" dev="rootfs" ino=636 scontext=u:r:logd:s0 tcontext=u:object_r:rootfs:s0 tclass=file permissive=1
03-23 01:34:04.955   427   427 I logd    : type=1400 audit(0.0:7): avc: denied { read } for path="/system/bin/logd" dev="rootfs" ino=636 scontext=u:r:logd:s0 tcontext=u:object_r:rootfs:s0 tclass=file permissive=1
03-23 01:34:04.955   427   427 I logd    : type=1400 audit(0.0:8): avc: denied { execute } for path="/system/bin/logd" dev="rootfs" ino=636 scontext=u:r:logd:s0 tcontext=u:object_r:rootfs:s0 tclass=file permissive=1
03-23 01:34:04.962     1     1 I init    : processing action (init) from (/system/etc/init/hwservicemanager.rc:1)
03-23 01:34:04.962     1     1 I init    : starting service 'hwservicemanager'...
03-23 01:34:04.963   429   429 I KernelSU: hook_manager: unmark 429 exec /system/bin/hwservicemanager
03-23 01:34:04.955   427   427 I logd    : type=1400 audit(0.0:9): avc: denied { getattr } for path="/system/bin/logd" dev="rootfs" ino=636 scontext=u:r:logd:s0 tcontext=u:object_r:rootfs:s0 tclass=file permissive=1
03-23 01:34:04.963     1     1 I init    : processing action (init) from (/system/etc/init/servicemanager.rc:1)
03-23 01:34:04.963     1     1 I init    : starting service 'servicemanager'...
03-23 01:34:04.955   427   427 I logd    : type=1400 audit(0.0:10): avc: denied { read } for name="bin" dev="rootfs" ino=527 scontext=u:r:logd:s0 tcontext=u:object_r:rootfs:s0 tclass=dir permissive=1
03-23 01:34:04.964   430   430 I KernelSU: hook_manager: unmark 430 exec /system/bin/servicemanager
03-23 01:34:04.964     1     1 I init    : processing action (init) from (/system/etc/init/vndservicemanager.rc:1)
03-23 01:34:04.964     1     1 I init    : starting service 'vndservicemanager'...
03-23 01:34:04.964   431   431 E init    : failed to write pid to files: couldn't write 431 to /dev/cpuset/system-background/tasks: No such file or directory
03-23 01:34:04.964     1     1 I init    : processing action (init) from (/vendor/etc/init/android.hardware.security.keymint-service-qti.rc:5)
03-23 01:34:04.964   431   431 I KernelSU: hook_manager: unmark 431 exec /system/bin/vndservicemanager
03-23 01:34:04.965     1     1 I init    : processing action (late-init) from (/system/etc/init/hw/init.rc:82)
03-23 01:34:04.965     1     1 I init    : processing action (late-init) from (/system/etc/init/keystore2.rc:9)
03-23 01:34:04.965     1     1 I init    : starting service 'keystore2'...
03-23 01:34:04.965     1     1 I init    : processing action (queue_property_triggers) from (<Builtin Action>:0)
03-23 01:34:04.965     1     1 I init    : processing action (early-fs) from (/init.recovery.usb.rc:28)
03-23 01:34:04.965     1     1 I init    : processing action (ro.debuggable=1 && fs) from (/system/etc/init/hw/init.rc:115)
03-23 01:34:04.965     1     1 I init    : processing action (sys.usb.configfs=0 && fs) from (/system/etc/init/hw/init.rc:140)
03-23 01:34:04.966     1     1 I init    : processing action (fs) from (/system/etc/init/hw/init.rc:147)
03-23 01:34:04.966     1     1 W         : request_module fs-functionfs succeeded, but still no fs?
03-23 01:34:04.966     1     1 I init    : Command 'mount functionfs adb /dev/usb-ffs/adb uid=2000,gid=2000' action=fs (/system/etc/init/hw/init.rc:151) took 0ms and failed: mount() failed: No such device
03-23 01:34:04.966     1     1 I init    : Command 'mount functionfs fastboot /dev/usb-ffs/fastboot rmode=0770,fmode=0660,uid=1000,gid=1000' action=fs (/system/etc/init/hw/init.rc:153) took 0ms and failed: mount() failed: No such device
03-23 01:34:04.966     1     1 I init    : processing action (fs) from (/init.recovery.ldconfig.rc:1)
03-23 01:34:04.966     1     1 I init    : processing action (fs) from (/init.recovery.usb.rc:31)
03-23 01:34:04.967     1     1 I         : Mass Storage Function, version: 2009/09/11
03-23 01:34:04.967     1     1 I LUN     : removable file: (no medium)
03-23 01:34:04.967     1     1 I         : file system registered
03-23 01:34:04.968     1     1 I init    : processing action (fs) from (/init.recovery.qcom.rc:33)
03-23 01:34:04.968     1     1 I init    : wait for '/dev/block/platform/soc/1d84000.ufshc' took 0ms
03-23 01:34:04.968   432   432 E init    : failed to write pid to files: couldn't write 432 to /dev/cpuset/foreground/tasks: No such file or directory
03-23 01:34:04.968   427   427 W logd    : libprocessgroup: Controller freezer is not found
03-23 01:34:04.968   427   427 W logd    : libprocessgroup: SetAttribute: unknown attribute: FreezerState
03-23 01:34:04.968   427   427 W logd    : libprocessgroup: SetAttribute: unknown attribute: FreezerState
03-23 01:34:04.968     1     1 I init    : processing action (fs) from (/init.recovery.qcom_decrypt.rc:4)
03-23 01:34:04.968   432   432 I KernelSU: hook_manager: unmark 432 exec /system/bin/keystore2
03-23 01:34:04.968     1     1 I init    : processing action (fs) from (/system/etc/init/vendor.qti.hardware.vibrator.service.rc:4)
03-23 01:34:04.968     1     1 I init    : processing action (post-fs) from (/init.recovery.qcom.rc:38)
03-23 01:34:04.968     1     1 I init    : processing action (post-fs-data) from (/system/etc/init/hw/init.rc:94)
03-23 01:34:04.968     1     1 I init    : processing action (post-fs-data) from (/system/etc/init/vendor.qti.hardware.vibrator.service.rc:31)
03-23 01:34:04.969     1     1 I init    : processing action (firmware_mounts_complete) from (/system/etc/init/hw/init.rc:78)
03-23 01:34:04.969     1     1 I init    : processing action (boot) from (/system/etc/init/hw/init.rc:71)
03-23 01:34:04.969     1     1 I init    : starting service 'recovery'...
03-23 01:34:04.969     1     1 I init    : Created socket '/dev/socket/recovery', mode 422, user 1000, group 1000
03-23 01:34:04.970     1     1 I init    : processing action (boot) from (/init.recovery.qcom.rc:43)
03-23 01:34:04.970     1     1 I init    : processing action (enable_property_trigger) from (<Builtin Action>:0)
03-23 01:34:04.970   434   434 I KernelSU: hook_manager: unmark 434 exec /system/bin/recovery
03-23 01:34:04.970     1     1 I init    : processing action (ro.debuggable=1) from (/system/etc/init/hw/init.rc:109)
03-23 01:34:04.970     1     1 I init    : processing action (sys.usb.config=adb) from (/system/etc/init/hw/init.rc:155)
03-23 01:34:04.970     1     1 I init    : starting service 'adbd'...
03-23 01:34:04.970     1     1 I init    : Created socket '/dev/socket/adbd', mode 660, user 1000, group 1000
03-23 01:34:04.976   427   427 I logd.auditd: start
03-23 01:34:04.975     1     1 I unknown : type=1107 audit(0.0:30): uid=0 auid=4294967295 ses=4294967295 subj=u:r:init:s0 msg='avc: denied { set } for property=hwservicemanager.ready pid=429 uid=0 gid=0 scontext=u:r:recovery:s0 tcontext=u:object_r:hwservicemanager_prop:s0 tclass=property_service permissive=1'
03-23 01:34:04.975   428   428 I android.hardwar: type=1400 audit(0.0:31): avc: denied { call } for scontext=u:r:recovery:s0 tcontext=u:r:recovery:s0 tclass=binder permissive=1
03-23 01:34:04.983   432   432 I keystore2: type=1400 audit(0.0:32): avc: denied { read } for name="u:object_r:keystore_crash_prop:s0" dev="tmpfs" ino=190 scontext=u:r:recovery:s0 tcontext=u:object_r:keystore_crash_prop:s0 tclass=file permissive=1
03-23 01:34:04.983   432   432 I keystore2: type=1400 audit(0.0:33): avc: denied { open } for path="/dev/__properties__/u:object_r:keystore_crash_prop:s0" dev="tmpfs" ino=190 scontext=u:r:recovery:s0 tcontext=u:object_r:keystore_crash_prop:s0 tclass=file permissive=1
03-23 01:34:04.983   432   432 I keystore2: type=1400 audit(0.0:34): avc: denied { getattr } for path="/dev/__properties__/u:object_r:keystore_crash_prop:s0" dev="tmpfs" ino=190 scontext=u:r:recovery:s0 tcontext=u:object_r:keystore_crash_prop:s0 tclass=file permissive=1
03-23 01:34:04.983   432   432 I keystore2: type=1400 audit(0.0:35): avc: denied { map } for path="/dev/__properties__/u:object_r:keystore_crash_prop:s0" dev="tmpfs" ino=190 scontext=u:r:recovery:s0 tcontext=u:object_r:keystore_crash_prop:s0 tclass=file permissive=1
03-23 01:34:04.987     1     1 I unknown : type=1107 audit(0.0:36): uid=0 auid=4294967295 ses=4294967295 subj=u:r:init:s0 msg='avc: denied { set } for property=keystore.crash_count pid=432 uid=0 gid=1017 scontext=u:r:recovery:s0 tcontext=u:object_r:keystore_crash_prop:s0 tclass=property_service permissive=1'
03-23 01:34:04.992   450   450 F libc    : failed to exec crash_dump helper: No such file or directory
03-23 01:34:04.993   432   443 F libc    : crash_dump helper failed to exec, or was killed
03-23 01:34:04.993   432   443 F libc    : failed to wait for crash_dump helper: No child processes
03-23 01:34:04.999   434   434 I recovery: type=1400 audit(0.0:37): avc: denied { getattr } for path="/sys/devices/virtual/thermal/thermal_zone34/temp" dev="sysfs" ino=89527 scontext=u:r:recovery:s0 tcontext=u:object_r:sysfs:s0 tclass=file permissive=1
03-23 01:34:04.976     1     1 I init    : processing action (ro.boot.usbcontroller=*) from (/init.recovery.usb.rc:66)
03-23 01:34:04.990   441   441 I         : read descriptors
03-23 01:34:04.990   441   441 W         : bcdVersion must be 0x0100, stored in Little Endian order. Userspace driver should be fixed, accepting 0x0001 for compatibility.
03-23 01:34:04.990   441   441 W         : bcdVersion must be 0x0100, stored in Little Endian order. Userspace driver should be fixed, accepting 0x0001 for compatibility.
03-23 01:34:04.990   441   441 I         : read strings
03-23 01:34:05.003     1     1 I unknown : type=1107 audit(0.0:38): uid=0 auid=4294967295 ses=4294967295 subj=u:r:init:s0 msg='avc: denied { set } for property=ro.fastbootd.available pid=434 uid=0 gid=0 scontext=u:r:recovery:s0 tcontext=u:object_r:default_prop:s0 tclass=property_service permissive=1'
03-23 01:34:05.007   434   434 I recovery: type=1400 audit(0.0:39): avc: denied { write } for name="brightness" dev="sysfs" ino=112579 scontext=u:r:recovery:s0 tcontext=u:object_r:sysfs:s0 tclass=file permissive=1
03-23 01:34:05.007   434   434 I recovery: type=1400 audit(0.0:40): avc: denied { open } for path="/sys/devices/platform/soc/ae00000.qcom,mdss_mdp/backlight/panel0-backlight/brightness" dev="sysfs" ino=112579 scontext=u:r:recovery:s0 tcontext=u:object_r:sysfs:s0 tclass=file permissive=1
03-23 01:34:05.015   452   452 I chmod   : type=1400 audit(0.0:41): avc: denied { setattr } for name="aapt" dev="rootfs" ino=502 scontext=u:r:recovery:s0 tcontext=u:object_r:rootfs:s0 tclass=file permissive=1
03-23 01:34:05.034   434   434 W libc    : Unable to set property "ro.product.device" to "Metroid": error code: 0xb
03-23 01:34:05.038   413   413 E init    : Unable to set property 'ro.product.device' from uid:0 gid:0 pid:434: Read-only property was already set
03-23 01:34:05.031     1     1 I unknown : type=1107 audit(0.0:42): uid=0 auid=4294967295 ses=4294967295 subj=u:r:init:s0 msg='avc: denied { set } for property=ro.product.device pid=434 uid=0 gid=0 scontext=u:r:recovery:s0 tcontext=u:object_r:build_prop:s0 tclass=property_service permissive=1'
03-23 01:34:05.039   434   434 W libc    : Unable to set property "ro.fastbootd.available" to "1": error code: 0xb
03-23 01:34:05.043   413   413 E init    : Unable to set property 'ro.fastbootd.available' from uid:0 gid:0 pid:434: Read-only property was already set
03-23 01:34:05.045   434   434 W recovery: [libfs_mgr]Warning: unknown flag: sync
03-23 01:34:05.047   434   434 I recovery: Boot command: boot-recovery
03-23 01:34:05.047   434   434 I recovery: Got 1 arguments from boot message
03-23 01:34:05.047   434   434 W recovery: [libfs_mgr]Warning: unknown flag: sync
03-23 01:34:05.048   434   434 W recovery: [libfs_mgr]Warning: unknown flag: sync
03-23 01:34:05.047   434   434 I recovery: type=1400 audit(0.0:43): avc: denied { write } for name="etc" dev="rootfs" ino=786 scontext=u:r:recovery:s0 tcontext=u:object_r:rootfs:s0 tclass=dir permissive=1
03-23 01:34:05.047   434   434 I recovery: type=1400 audit(0.0:44): avc: denied { add_name } for name="mtab" scontext=u:r:recovery:s0 tcontext=u:object_r:rootfs:s0 tclass=dir permissive=1
03-23 01:34:05.047   434   434 I recovery: type=1400 audit(0.0:45): avc: denied { create } for name="mtab" scontext=u:r:recovery:s0 tcontext=u:object_r:rootfs:s0 tclass=lnk_file permissive=1
03-23 01:34:05.049   434   434 I recovery: [libfs_mgr]Created logical partition odm_a on device /dev/block/dm-0
03-23 01:34:05.049   434   434 I recovery: [libfs_mgr]Created logical partition odm_b on device /dev/block/dm-1
03-23 01:34:05.049   434   434 I recovery: [libfs_mgr]Created logical partition product_a on device /dev/block/dm-2
03-23 01:34:05.050   434   434 I recovery: [libfs_mgr]Created logical partition product_b on device /dev/block/dm-3
03-23 01:34:05.050   434   434 I recovery: [libfs_mgr]Created logical partition system_a on device /dev/block/dm-4
03-23 01:34:05.050   434   434 I recovery: [libfs_mgr]Created logical partition system_b on device /dev/block/dm-5
03-23 01:34:05.050   434   434 I recovery: [libfs_mgr]Created logical partition system_dlkm_a on device /dev/block/dm-6
03-23 01:34:05.051   434   434 I recovery: [libfs_mgr]Created logical partition system_dlkm_b on device /dev/block/dm-7
03-23 01:34:05.051   434   434 I recovery: [libfs_mgr]Created logical partition system_ext_a on device /dev/block/dm-8
03-23 01:34:05.051   434   434 I recovery: [libfs_mgr]Created logical partition system_ext_b on device /dev/block/dm-9
03-23 01:34:05.052   434   434 I recovery: [libfs_mgr]Created logical partition vendor_a on device /dev/block/dm-10
03-23 01:34:05.052   434   434 I recovery: [libfs_mgr]Created logical partition vendor_b on device /dev/block/dm-11
03-23 01:34:05.052   434   434 I recovery: [libfs_mgr]Created logical partition vendor_dlkm_a on device /dev/block/dm-12
03-23 01:34:05.052   434   434 I recovery: [libfs_mgr]Created logical partition vendor_dlkm_b on device /dev/block/dm-13
03-23 01:34:05.051   434   434 I recovery: type=1400 audit(0.0:46): avc: denied { create } for name="system_root" scontext=u:r:recovery:s0 tcontext=u:object_r:rootfs:s0 tclass=dir permissive=1
03-23 01:34:05.051   434   434 I recovery: type=1400 audit(0.0:47): avc: denied { ioctl } for path="/dev/block/dm-4" dev="tmpfs" ino=1033 ioctlcmd=0x5331 scontext=u:r:recovery:s0 tcontext=u:object_r:dm_device:s0 tclass=blk_file permissive=1
03-23 01:34:05.060   434   434 I erofs   : (device dm-4): mounted with root inode @ nid 56.
03-23 01:34:05.055   434   434 I recovery: type=1400 audit(0.0:48): avc: denied { write } for name="by-name" dev="tmpfs" ino=16 scontext=u:r:recovery:s0 tcontext=u:object_r:block_device:s0 tclass=dir permissive=1
03-23 01:34:05.055   434   434 I recovery: type=1400 audit(0.0:49): avc: denied { add_name } for name="system" scontext=u:r:recovery:s0 tcontext=u:object_r:block_device:s0 tclass=dir permissive=1
03-23 01:34:05.055   434   434 I recovery: type=1400 audit(0.0:50): avc: denied { create } for name="system" scontext=u:r:recovery:s0 tcontext=u:object_r:block_device:s0 tclass=lnk_file permissive=1
03-23 01:34:05.055   434   434 I recovery: type=1400 audit(0.0:51): avc: denied { remove_name } for name="system_ext" dev="rootfs" ino=3835 scontext=u:r:recovery:s0 tcontext=u:object_r:rootfs:s0 tclass=dir permissive=1
03-23 01:34:05.055   434   434 I recovery: type=1400 audit(0.0:52): avc: denied { unlink } for name="system_ext" dev="rootfs" ino=3835 scontext=u:r:recovery:s0 tcontext=u:object_r:rootfs:s0 tclass=lnk_file permissive=1
03-23 01:34:05.055   434   434 I recovery: type=1400 audit(0.0:53): avc: denied { ioctl } for path="/dev/block/dm-8" dev="tmpfs" ino=1045 ioctlcmd=0x5331 scontext=u:r:recovery:s0 tcontext=u:object_r:dm_device:s0 tclass=blk_file permissive=1
03-23 01:34:05.063   434   434 I erofs   : (device dm-8): mounted with root inode @ nid 43.
03-23 01:34:05.055   434   434 I recovery: type=1400 audit(0.0:54): avc: denied { ioctl } for path="/dev/block/dm-2" dev="tmpfs" ino=1027 ioctlcmd=0x5331 scontext=u:r:recovery:s0 tcontext=u:object_r:dm_device:s0 tclass=blk_file permissive=1
