12-19 15:24:32.953   442   536 I servicemanager: Tried to start aidl service android.system.keystore2.IKeystoreService/default as a lazy service, but was unable to. Usually this happens when a service is not installed, but if the service is intended to be used as a lazy service, then it may be configured incorrectly.
12-19 15:24:33.121   510   524 I adbd    : USB event: FUNCTIONFS_ENABLE
12-19 15:24:33.121   510   537 I adbd    : UsbFfs-worker thread spawned
12-19 15:24:33.823   550   550 F linker  : CANNOT LINK EXECUTABLE "/system/bin/qseecomd": library "libminkdescriptor.so" not found: needed by main executable
12-19 15:24:33.953   448   448 W ServiceManager: Waited one second for android.system.keystore2.IKeystoreService/default (is service started? are binder threads started and available?)
12-19 15:24:33.953   442   442 I servicemanager: Since 'android.system.keystore2.IKeystoreService/default' could not be found, trying to start it as a lazy AIDL service
12-19 15:24:33.953   442   551 W libc    : Unable to set property "ctl.interface_start" to "aidl/android.system.keystore2.IKeystoreService/default": error code: 0x20
12-19 15:24:33.953   442   551 I servicemanager: Tried to start aidl service android.system.keystore2.IKeystoreService/default as a lazy service, but was unable to. Usually this happens when a service is not installed, but if the service is intended to be used as a lazy service, then it may be configured incorrectly.
12-19 15:24:34.044   510   510 I adbd    : UsbFfs: already offline
12-19 15:24:34.044   510   510 I adbd    : authentication not required
12-19 15:24:34.953   448   448 W ServiceManager: Waited one second for android.system.keystore2.IKeystoreService/default (is service started? are binder threads started and available?)
12-19 15:24:34.953   442   442 I servicemanager: Since 'android.system.keystore2.IKeystoreService/default' could not be found, trying to start it as a lazy AIDL service
12-19 15:24:34.953   442   553 W libc    : Unable to set property "ctl.interface_start" to "aidl/android.system.keystore2.IKeystoreService/default": error code: 0x20
12-19 15:24:34.953   442   553 I servicemanager: Tried to start aidl service android.system.keystore2.IKeystoreService/default as a lazy service, but was unable to. Usually this happens when a service is not installed, but if the service is intended to be used as a lazy service, then it may be configured incorrectly.
12-19 15:24:35.953   448   448 W ServiceManager: Waited one second for android.system.keystore2.IKeystoreService/default (is service started? are binder threads started and available?)
12-19 15:24:35.953   442   442 I servicemanager: Since 'android.system.keystore2.IKeystoreService/default' could not be found, trying to start it as a lazy AIDL service
12-19 15:24:35.953   442   554 W libc    : Unable to set property "ctl.interface_start" to "aidl/android.system.keystore2.IKeystoreService/default": error code: 0x20
12-19 15:24:35.953   442   554 I servicemanager: Tried to start aidl service android.system.keystore2.IKeystoreService/default as a lazy service, but was unable to. Usually this happens when a service is not installed, but if the service is intended to be used as a lazy service, then it may be configured incorrectly.
12-19 15:24:36.953   448   448 W ServiceManager: Waited one second for android.system.keystore2.IKeystoreService/default (is service started? are binder threads started and available?)
12-19 15:24:36.953   442   442 I servicemanager: Since 'android.system.keystore2.IKeystoreService/default' could not be found, trying to start it as a lazy AIDL service
12-19 15:24:36.953   442   555 W libc    : Unable to set property "ctl.interface_start" to "aidl/android.system.keystore2.IKeystoreService/default": error code: 0x20
12-19 15:24:36.953   442   555 I servicemanager: Tried to start aidl service android.system.keystore2.IKeystoreService/default as a lazy service, but was unable to. Usually this happens when a service is not installed, but if the service is intended to be used as a lazy service, then it may be configured incorrectly.
12-19 15:24:37.768   556   556 E cutils-trace: Error opening trace file: No such file or directory (2)
12-19 15:24:37.769   441   441 I hwservicemanager: getDeviceHalManifest: Reading VINTF information.
12-19 15:24:37.770   441   441 E hwservicemanager: getDeviceHalManifest: status from fetching VINTF information: -22
12-19 15:24:37.770   441   441 E hwservicemanager: getDeviceHalManifest: -22 VINTF parse error: Illformed file: /vendor/etc/vintf/manifest/vendor.qti.hardware.vibrator.service.xml: Unrecognized manifest.version 8.0 (libvintf@4.0)
12-19 15:24:37.770   441   441 I hwservicemanager: getTransport: Cannot find entry android.hardware.boot@1.0::IBootControl/default in either framework or device VINTF manifest.
12-19 15:24:37.770   556   556 E LegacySupport: Could not get passthrough implementation for android.hardware.boot@1.0::IBootControl/default.
12-19 15:24:37.770   557   557 E cutils-trace: Error opening trace file: No such file or directory (2)
12-19 15:24:37.771   441   441 I hwservicemanager: getDeviceHalManifest: Reading VINTF information.
12-19 15:24:37.772   441   441 E hwservicemanager: getDeviceHalManifest: status from fetching VINTF information: -22
12-19 15:24:37.772   441   441 E hwservicemanager: getDeviceHalManifest: -22 VINTF parse error: Illformed file: /vendor/etc/vintf/manifest/vendor.qti.hardware.vibrator.service.xml: Unrecognized manifest.version 8.0 (libvintf@4.0)
12-19 15:24:37.772   441   441 I hwservicemanager: getTransport: Cannot find entry android.hardware.health@2.0::IHealth/default in either framework or device VINTF manifest.
12-19 15:24:37.772   557   557 E HidlServiceManagement: Could not find instance 'default' in library android.hardware.health@2.0-impl-default.so. Keeping library open.
12-19 15:24:37.772   557   557 I android.hardware.health@2.1-service: default instance initializing with healthd_config...
12-19 15:24:37.772   441   441 I hwservicemanager: getDeviceHalManifest: Reading VINTF information.
12-19 15:24:37.773   441   441 E hwservicemanager: getDeviceHalManifest: status from fetching VINTF information: -22
12-19 15:24:37.773   441   441 E hwservicemanager: getDeviceHalManifest: -22 VINTF parse error: Illformed file: /vendor/etc/vintf/manifest/vendor.qti.hardware.vibrator.service.xml: Unrecognized manifest.version 8.0 (libvintf@4.0)
12-19 15:24:37.773   441   441 I hwservicemanager: getTransport: Cannot find entry android.hardware.health@2.1::IHealth/default in either framework or device VINTF manifest.
12-19 15:24:37.773   557   557 E HidlServiceManagement: Service android.hardware.health@2.1::IHealth/default must be in VINTF manifest in order to register/get.
12-19 15:24:37.773   557   557 F android.hardware.health@2.1-service: Check failed: registerAsService(instance_name()) == android::OK (registerAsService(instance_name())=-2147483648, android::OK=0) default: Failed to register HAL
12-19 15:24:37.773   557   557 F libc    : Fatal signal 6 (SIGABRT), code -1 (SI_QUEUE) in tid 557 (android.hardwar), pid 557 (android.hardwar)
12-19 15:24:37.773   560   560 F libc    : failed to exec crash_dump helper: No such file or directory
12-19 15:24:37.774   557   557 F libc    : crash_dump helper failed to exec, or was killed
12-19 15:24:37.774   557   557 F libc    : failed to wait for crash_dump helper: No child processes
12-19 15:24:37.783   558   558 I keystore2: keystore2_main: Keystore2 is starting.
12-19 15:24:37.783   558   558 I keystore2: keystore2_main: Starting thread pool now.
12-19 15:24:37.783   558   561 I keystore2: getDeviceHalManifest: Reading VINTF information.
12-19 15:24:37.785   558   561 E keystore2: getDeviceHalManifest: status from fetching VINTF information: -22
12-19 15:24:37.785   558   561 E keystore2: getDeviceHalManifest: -22 VINTF parse error: Illformed file: /vendor/etc/vintf/manifest/vendor.qti.hardware.vibrator.service.xml: Unrecognized manifest.version 8.0 (libvintf@4.0)
12-19 15:24:37.785   558   558 I keystore2: getDeviceHalManifest: Reading VINTF information.
12-19 15:24:37.785   558   561 F libc    : Fatal signal 11 (SIGSEGV), code 1 (SEGV_MAPERR), fault addr 0x0 in tid 561 (keystore2), pid 558 (Binder:558_2)
12-19 15:24:37.785   565   565 F libc    : failed to exec crash_dump helper: No such file or directory
12-19 15:24:37.786   558   561 F libc    : crash_dump helper failed to exec, or was killed
12-19 15:24:37.786   558   561 F libc    : failed to wait for crash_dump helper: No child processes
12-19 15:24:37.953   448   448 W ServiceManager: Waited one second for android.system.keystore2.IKeystoreService/default (is service started? are binder threads started and available?)
12-19 15:24:37.953   442   442 I servicemanager: Since 'android.system.keystore2.IKeystoreService/default' could not be found, trying to start it as a lazy AIDL service
12-19 15:24:37.954   442   567 W libc    : Unable to set property "ctl.interface_start" to "aidl/android.system.keystore2.IKeystoreService/default": error code: 0x20
12-19 15:24:37.954   442   567 I servicemanager: Tried to start aidl service android.system.keystore2.IKeystoreService/default as a lazy service, but was unable to. Usually this happens when a service is not installed, but if the service is intended to be used as a lazy service, then it may be configured incorrectly.
12-19 15:24:38.954   448   448 W ServiceManager: Waited one second for android.system.keystore2.IKeystoreService/default (is service started? are binder threads started and available?)
12-19 15:24:38.954   442   442 I servicemanager: Since 'android.system.keystore2.IKeystoreService/default' could not be found, trying to start it as a lazy AIDL service
12-19 15:24:38.954   442   568 W libc    : Unable to set property "ctl.interface_start" to "aidl/android.system.keystore2.IKeystoreService/default": error code: 0x20
12-19 15:24:38.954   442   568 I servicemanager: Tried to start aidl service android.system.keystore2.IKeystoreService/default as a lazy service, but was unable to. Usually this happens when a service is not installed, but if the service is intended to be used as a lazy service, then it may be configured incorrectly.
12-19 15:24:39.954   448   448 W ServiceManager: Waited one second for android.system.keystore2.IKeystoreService/default (is service started? are binder threads started and available?)
12-19 15:24:39.954   442   442 I servicemanager: Since 'android.system.keystore2.IKeystoreService/default' could not be found, trying to start it as a lazy AIDL service
12-19 15:24:39.954   442   569 W libc    : Unable to set property "ctl.interface_start" to "aidl/android.system.keystore2.IKeystoreService/default": error code: 0x20
12-19 15:24:39.954   442   569 I servicemanager: Tried to start aidl service android.system.keystore2.IKeystoreService/default as a lazy service, but was unable to. Usually this happens when a service is not installed, but if the service is intended to be used as a lazy service, then it may be configured incorrectly.
12-19 15:24:40.954   448   448 W ServiceManager: Waited one second for android.system.keystore2.IKeystoreService/default (is service started? are binder threads started and available?)
12-19 15:24:40.954   442   442 I servicemanager: Since 'android.system.keystore2.IKeystoreService/default' could not be found, trying to start it as a lazy AIDL service
12-19 15:24:40.954   442   570 W libc    : Unable to set property "ctl.interface_start" to "aidl/android.system.keystore2.IKeystoreService/default": error code: 0x20
12-19 15:24:40.954   442   570 I servicemanager: Tried to start aidl service android.system.keystore2.IKeystoreService/default as a lazy service, but was unable to. Usually this happens when a service is not installed, but if the service is intended to be used as a lazy service, then it may be configured incorrectly.
12-19 15:24:41.954   448   448 W ServiceManager: Waited one second for android.system.keystore2.IKeystoreService/default (is service started? are binder threads started and available?)
12-19 15:24:41.954   442   442 I servicemanager: Since 'android.system.keystore2.IKeystoreService/default' could not be found, trying to start it as a lazy AIDL service
12-19 15:24:41.954   442   571 W libc    : Unable to set property "ctl.interface_start" to "aidl/android.system.keystore2.IKeystoreService/default": error code: 0x20
12-19 15:24:41.954   442   571 I servicemanager: Tried to start aidl service android.system.keystore2.IKeystoreService/default as a lazy service, but was unable to. Usually this happens when a service is not installed, but if the service is intended to be used as a lazy service, then it may be configured incorrectly.
12-19 15:24:42.769   572   572 E cutils-trace: Error opening trace file: No such file or directory (2)
12-19 15:24:42.771   441   441 I hwservicemanager: getDeviceHalManifest: Reading VINTF information.
12-19 15:24:42.772   441   441 E hwservicemanager: getDeviceHalManifest: status from fetching VINTF information: -22
12-19 15:24:42.772   441   441 E hwservicemanager: getDeviceHalManifest: -22 VINTF parse error: Illformed file: /vendor/etc/vintf/manifest/vendor.qti.hardware.vibrator.service.xml: Unrecognized manifest.version 8.0 (libvintf@4.0)
12-19 15:24:42.772   441   441 I hwservicemanager: getTransport: Cannot find entry android.hardware.boot@1.0::IBootControl/default in either framework or device VINTF manifest.
12-19 15:24:42.774   573   573 E cutils-trace: Error opening trace file: No such file or directory (2)
12-19 15:24:42.774   572   572 E LegacySupport: Could not get passthrough implementation for android.hardware.boot@1.0::IBootControl/default.
12-19 15:24:42.774   441   441 I hwservicemanager: getDeviceHalManifest: Reading VINTF information.
12-19 15:24:42.776   441   441 E hwservicemanager: getDeviceHalManifest: status from fetching VINTF information: -22
12-19 15:24:42.776   441   441 E hwservicemanager: getDeviceHalManifest: -22 VINTF parse error: Illformed file: /vendor/etc/vintf/manifest/vendor.qti.hardware.vibrator.service.xml: Unrecognized manifest.version 8.0 (libvintf@4.0)
12-19 15:24:42.776   441   441 I hwservicemanager: getTransport: Cannot find entry android.hardware.health@2.0::IHealth/default in either framework or device VINTF manifest.
12-19 15:24:42.776   573   573 E HidlServiceManagement: Could not find instance 'default' in library android.hardware.health@2.0-impl-default.so. Keeping library open.
12-19 15:24:42.776   573   573 I android.hardware.health@2.1-service: default instance initializing with healthd_config...
12-19 15:24:42.776   441   441 I hwservicemanager: getDeviceHalManifest: Reading VINTF information.
12-19 15:24:42.777   441   441 E hwservicemanager: getDeviceHalManifest: status from fetching VINTF information: -22
12-19 15:24:42.777   441   441 E hwservicemanager: getDeviceHalManifest: -22 VINTF parse error: Illformed file: /vendor/etc/vintf/manifest/vendor.qti.hardware.vibrator.service.xml: Unrecognized manifest.version 8.0 (libvintf@4.0)
12-19 15:24:42.777   441   441 I hwservicemanager: getTransport: Cannot find entry android.hardware.health@2.1::IHealth/default in either framework or device VINTF manifest.
12-19 15:24:42.777   573   573 E HidlServiceManagement: Service android.hardware.health@2.1::IHealth/default must be in VINTF manifest in order to register/get.
12-19 15:24:42.777   573   573 F android.hardware.health@2.1-service: Check failed: registerAsService(instance_name()) == android::OK (registerAsService(instance_name())=-2147483648, android::OK=0) default: Failed to register HAL
12-19 15:24:42.777   573   573 F libc    : Fatal signal 6 (SIGABRT), code -1 (SI_QUEUE) in tid 573 (android.hardwar), pid 573 (android.hardwar)
12-19 15:24:42.777   576   576 F libc    : failed to exec crash_dump helper: No such file or directory
12-19 15:24:42.778   573   573 F libc    : crash_dump helper failed to exec, or was killed
12-19 15:24:42.778   573   573 F libc    : failed to wait for crash_dump helper: No child processes
12-19 15:24:42.786   574   574 I keystore2: keystore2_main: Keystore2 is starting.
12-19 15:24:42.786   574   574 I keystore2: keystore2_main: Starting thread pool now.
12-19 15:24:42.786   574   577 I keystore2: getDeviceHalManifest: Reading VINTF information.
12-19 15:24:42.787   574   577 E keystore2: getDeviceHalManifest: status from fetching VINTF information: -22
12-19 15:24:42.787   574   577 E keystore2: getDeviceHalManifest: -22 VINTF parse error: Illformed file: /vendor/etc/vintf/manifest/vendor.qti.hardware.vibrator.service.xml: Unrecognized manifest.version 8.0 (libvintf@4.0)
12-19 15:24:42.788   574   574 I keystore2: getDeviceHalManifest: Reading VINTF information.
12-19 15:24:42.788   574   577 F libc    : Fatal signal 11 (SIGSEGV), code 1 (SEGV_MAPERR), fault addr 0x0 in tid 577 (keystore2), pid 574 (Binder:574_2)
12-19 15:24:42.788   581   581 F libc    : failed to exec crash_dump helper: No such file or directory
12-19 15:24:42.788   574   577 F libc    : crash_dump helper failed to exec, or was killed
12-19 15:24:42.788   574   577 F libc    : failed to wait for crash_dump helper: No child processes
12-19 15:24:42.954   448   448 W ServiceManager: Waited one second for android.system.keystore2.IKeystoreService/default (is service started? are binder threads started and available?)
12-19 15:24:42.954   442   442 I servicemanager: Since 'android.system.keystore2.IKeystoreService/default' could not be found, trying to start it as a lazy AIDL service
12-19 15:24:42.955   442   583 W libc    : Unable to set property "ctl.interface_start" to "aidl/android.system.keystore2.IKeystoreService/default": error code: 0x20
12-19 15:24:42.955   442   583 I servicemanager: Tried to start aidl service android.system.keystore2.IKeystoreService/default as a lazy service, but was unable to. Usually this happens when a service is not installed, but if the service is intended to be used as a lazy service, then it may be configured incorrectly.
12-19 15:24:43.955   448   448 W ServiceManager: Waited one second for android.system.keystore2.IKeystoreService/default (is service started? are binder threads started and available?)
12-19 15:24:43.955   442   442 I servicemanager: Since 'android.system.keystore2.IKeystoreService/default' could not be found, trying to start it as a lazy AIDL service
12-19 15:24:43.955   442   584 W libc    : Unable to set property "ctl.interface_start" to "aidl/android.system.keystore2.IKeystoreService/default": error code: 0x20
12-19 15:24:43.955   442   584 I servicemanager: Tried to start aidl service android.system.keystore2.IKeystoreService/default as a lazy service, but was unable to. Usually this happens when a service is not installed, but if the service is intended to be used as a lazy service, then it may be configured incorrectly.
12-19 15:24:44.955   448   448 W ServiceManager: Waited one second for android.system.keystore2.IKeystoreService/default (is service started? are binder threads started and available?)
12-19 15:24:44.955   442   442 I servicemanager: Since 'android.system.keystore2.IKeystoreService/default' could not be found, trying to start it as a lazy AIDL service
12-19 15:24:44.955   442   585 W libc    : Unable to set property "ctl.interface_start" to "aidl/android.system.keystore2.IKeystoreService/default": error code: 0x20
12-19 15:24:44.955   442   585 I servicemanager: Tried to start aidl service android.system.keystore2.IKeystoreService/default as a lazy service, but was unable to. Usually this happens when a service is not installed, but if the service is intended to be used as a lazy service, then it may be configured incorrectly.
12-19 15:24:45.955   448   448 W ServiceManager: Waited one second for android.system.keystore2.IKeystoreService/default (is service started? are binder threads started and available?)
12-19 15:24:45.955   442   442 I servicemanager: Since 'android.system.keystore2.IKeystoreService/default' could not be found, trying to start it as a lazy AIDL service
12-19 15:24:45.955   442   586 W libc    : Unable to set property "ctl.interface_start" to "aidl/android.system.keystore2.IKeystoreService/default": error code: 0x20
12-19 15:24:45.955   442   586 I servicemanager: Tried to start aidl service android.system.keystore2.IKeystoreService/default as a lazy service, but was unable to. Usually this happens when a service is not installed, but if the service is intended to be used as a lazy service, then it may be configured incorrectly.
12-19 15:24:46.955   448   448 W ServiceManager: Waited one second for android.system.keystore2.IKeystoreService/default (is service started? are binder threads started and available?)
12-19 15:24:46.955   442   442 I servicemanager: Since 'android.system.keystore2.IKeystoreService/default' could not be found, trying to start it as a lazy AIDL service
12-19 15:24:46.955   442   587 W libc    : Unable to set property "ctl.interface_start" to "aidl/android.system.keystore2.IKeystoreService/default": error code: 0x20
12-19 15:24:46.955   442   587 I servicemanager: Tried to start aidl service android.system.keystore2.IKeystoreService/default as a lazy service, but was unable to. Usually this happens when a service is not installed, but if the service is intended to be used as a lazy service, then it may be configured incorrectly.
12-19 15:24:47.773   588   588 E cutils-trace: Error opening trace file: No such file or directory (2)
12-19 15:24:47.773   441   441 I hwservicemanager: getDeviceHalManifest: Reading VINTF information.
12-19 15:24:47.774   441   441 E hwservicemanager: getDeviceHalManifest: status from fetching VINTF information: -22
12-19 15:24:47.774   441   441 E hwservicemanager: getDeviceHalManifest: -22 VINTF parse error: Illformed file: /vendor/etc/vintf/manifest/vendor.qti.hardware.vibrator.service.xml: Unrecognized manifest.version 8.0 (libvintf@4.0)
12-19 15:24:47.774   441   441 I hwservicemanager: getTransport: Cannot find entry android.hardware.boot@1.0::IBootControl/default in either framework or device VINTF manifest.
12-19 15:24:47.774   588   588 E LegacySupport: Could not get passthrough implementation for android.hardware.boot@1.0::IBootControl/default.
12-19 15:24:47.775   589   589 E cutils-trace: Error opening trace file: No such file or directory (2)
12-19 15:24:47.775   441   441 I hwservicemanager: getDeviceHalManifest: Reading VINTF information.
12-19 15:24:47.776   441   441 E hwservicemanager: getDeviceHalManifest: status from fetching VINTF information: -22
12-19 15:24:47.776   441   441 E hwservicemanager: getDeviceHalManifest: -22 VINTF parse error: Illformed file: /vendor/etc/vintf/manifest/vendor.qti.hardware.vibrator.service.xml: Unrecognized manifest.version 8.0 (libvintf@4.0)
12-19 15:24:47.776   441   441 I hwservicemanager: getTransport: Cannot find entry android.hardware.health@2.0::IHealth/default in either framework or device VINTF manifest.
12-19 15:24:47.776   589   589 E HidlServiceManagement: Could not find instance 'default' in library android.hardware.health@2.0-impl-default.so. Keeping library open.
12-19 15:24:47.776   589   589 I android.hardware.health@2.1-service: default instance initializing with healthd_config...
12-19 15:24:47.776   441   441 I hwservicemanager: getDeviceHalManifest: Reading VINTF information.
12-19 15:24:47.777   441   441 E hwservicemanager: getDeviceHalManifest: status from fetching VINTF information: -22
12-19 15:24:47.777   441   441 E hwservicemanager: getDeviceHalManifest: -22 VINTF parse error: Illformed file: /vendor/etc/vintf/manifest/vendor.qti.hardware.vibrator.service.xml: Unrecognized manifest.version 8.0 (libvintf@4.0)
12-19 15:24:47.777   441   441 I hwservicemanager: getTransport: Cannot find entry android.hardware.health@2.1::IHealth/default in either framework or device VINTF manifest.
12-19 15:24:47.777   589   589 E HidlServiceManagement: Service android.hardware.health@2.1::IHealth/default must be in VINTF manifest in order to register/get.
12-19 15:24:47.777   589   589 F android.hardware.health@2.1-service: Check failed: registerAsService(instance_name()) == android::OK (registerAsService(instance_name())=-2147483648, android::OK=0) default: Failed to register HAL
12-19 15:24:47.777   589   589 F libc    : Fatal signal 6 (SIGABRT), code -1 (SI_QUEUE) in tid 589 (android.hardwar), pid 589 (android.hardwar)
12-19 15:24:47.778   592   592 F libc    : failed to exec crash_dump helper: No such file or directory
12-19 15:24:47.778   589   589 F libc    : crash_dump helper failed to exec, or was killed
12-19 15:24:47.778   589   589 F libc    : failed to wait for crash_dump helper: No child processes
12-19 15:24:47.787   590   590 I keystore2: keystore2_main: Keystore2 is starting.
12-19 15:24:47.787   590   590 I keystore2: keystore2_main: Starting thread pool now.
12-19 15:24:47.787   590   593 I keystore2: getDeviceHalManifest: Reading VINTF information.
12-19 15:24:47.788   590   593 E keystore2: getDeviceHalManifest: status from fetching VINTF information: -22
12-19 15:24:47.788   590   593 E keystore2: getDeviceHalManifest: -22 VINTF parse error: Illformed file: /vendor/etc/vintf/manifest/vendor.qti.hardware.vibrator.service.xml: Unrecognized manifest.version 8.0 (libvintf@4.0)
12-19 15:24:47.788   590   593 F libc    : Fatal signal 11 (SIGSEGV), code 1 (SEGV_MAPERR), fault addr 0x0 in tid 593 (keystore2), pid 590 (keystore2)
12-19 15:24:47.788   590   590 I keystore2: getDeviceHalManifest: Reading VINTF information.
12-19 15:24:47.789   596   596 F libc    : failed to exec crash_dump helper: No such file or directory
12-19 15:24:47.789   590   593 F libc    : crash_dump helper failed to exec, or was killed
12-19 15:24:47.789   590   593 F libc    : failed to wait for crash_dump helper: No child processes
12-19 15:24:47.955   448   448 W ServiceManager: Waited one second for android.system.keystore2.IKeystoreService/default (is service started? are binder threads started and available?)
12-19 15:24:47.955   442   442 I servicemanager: Since 'android.system.keystore2.IKeystoreService/default' could not be found, trying to start it as a lazy AIDL service
12-19 15:24:47.956   442   597 W libc    : Unable to set property "ctl.interface_start" to "aidl/android.system.keystore2.IKeystoreService/default": error code: 0x20
12-19 15:24:47.956   442   597 I servicemanager: Tried to start aidl service android.system.keystore2.IKeystoreService/default as a lazy service, but was unable to. Usually this happens when a service is not installed, but if the service is intended to be used as a lazy service, then it may be configured incorrectly.
12-19 15:24:48.956   448   448 W ServiceManager: Waited one second for android.system.keystore2.IKeystoreService/default (is service started? are binder threads started and available?)
12-19 15:24:48.956   442   442 I servicemanager: Since 'android.system.keystore2.IKeystoreService/default' could not be found, trying to start it as a lazy AIDL service
12-19 15:24:48.956   442   598 W libc    : Unable to set property "ctl.interface_start" to "aidl/android.system.keystore2.IKeystoreService/default": error code: 0x20
12-19 15:24:48.956   442   598 I servicemanager: Tried to start aidl service android.system.keystore2.IKeystoreService/default as a lazy service, but was unable to. Usually this happens when a service is not installed, but if the service is intended to be used as a lazy service, then it may be configured incorrectly.
12-19 15:24:49.956   448   448 W ServiceManager: Waited one second for android.system.keystore2.IKeystoreService/default (is service started? are binder threads started and available?)
12-19 15:24:49.956   442   442 I servicemanager: Since 'android.system.keystore2.IKeystoreService/default' could not be found, trying to start it as a lazy AIDL service
12-19 15:24:49.956   442   599 W libc    : Unable to set property "ctl.interface_start" to "aidl/android.system.keystore2.IKeystoreService/default": error code: 0x20
12-19 15:24:49.956   442   599 I servicemanager: Tried to start aidl service android.system.keystore2.IKeystoreService/default as a lazy service, but was unable to. Usually this happens when a service is not installed, but if the service is intended to be used as a lazy service, then it may be configured incorrectly.
12-19 15:24:50.956   448   448 W ServiceManager: Waited one second for android.system.keystore2.IKeystoreService/default (is service started? are binder threads started and available?)
12-19 15:24:50.956   442   442 I servicemanager: Since 'android.system.keystore2.IKeystoreService/default' could not be found, trying to start it as a lazy AIDL service
12-19 15:24:50.956   442   600 W libc    : Unable to set property "ctl.interface_start" to "aidl/android.system.keystore2.IKeystoreService/default": error code: 0x20
12-19 15:24:50.956   442   600 I servicemanager: Tried to start aidl service android.system.keystore2.IKeystoreService/default as a lazy service, but was unable to. Usually this happens when a service is not installed, but if the service is intended to be used as a lazy service, then it may be configured incorrectly.
12-19 15:24:51.956   448   448 W ServiceManager: Waited one second for android.system.keystore2.IKeystoreService/default (is service started? are binder threads started and available?)
12-19 15:24:51.956   442   442 I servicemanager: Since 'android.system.keystore2.IKeystoreService/default' could not be found, trying to start it as a lazy AIDL service
12-19 15:24:51.956   442   601 W libc    : Unable to set property "ctl.interface_start" to "aidl/android.system.keystore2.IKeystoreService/default": error code: 0x20
12-19 15:24:51.956   442   601 I servicemanager: Tried to start aidl service android.system.keystore2.IKeystoreService/default as a lazy service, but was unable to. Usually this happens when a service is not installed, but if the service is intended to be used as a lazy service, then it may be configured incorrectly.
12-19 15:24:52.773   602   602 E cutils-trace: Error opening trace file: No such file or directory (2)
12-19 15:24:52.775   441   441 I hwservicemanager: getDeviceHalManifest: Reading VINTF information.
12-19 15:24:52.776   441   441 E hwservicemanager: getDeviceHalManifest: status from fetching VINTF information: -22
12-19 15:24:52.776   441   441 E hwservicemanager: getDeviceHalManifest: -22 VINTF parse error: Illformed file: /vendor/etc/vintf/manifest/vendor.qti.hardware.vibrator.service.xml: Unrecognized manifest.version 8.0 (libvintf@4.0)
12-19 15:24:52.776   441   441 I hwservicemanager: getTransport: Cannot find entry android.hardware.boot@1.0::IBootControl/default in either framework or device VINTF manifest.
12-19 15:24:52.776   602   602 E LegacySupport: Could not get passthrough implementation for android.hardware.boot@1.0::IBootControl/default.
12-19 15:24:52.777   603   603 E cutils-trace: Error opening trace file: No such file or directory (2)
12-19 15:24:52.778   441   441 I hwservicemanager: getDeviceHalManifest: Reading VINTF information.
12-19 15:24:52.778   441   441 E hwservicemanager: getDeviceHalManifest: status from fetching VINTF information: -22
12-19 15:24:52.778   441   441 E hwservicemanager: getDeviceHalManifest: -22 VINTF parse error: Illformed file: /vendor/etc/vintf/manifest/vendor.qti.hardware.vibrator.service.xml: Unrecognized manifest.version 8.0 (libvintf@4.0)
12-19 15:24:52.778   441   441 I hwservicemanager: getTransport: Cannot find entry android.hardware.health@2.0::IHealth/default in either framework or device VINTF manifest.
12-19 15:24:52.779   603   603 E HidlServiceManagement: Could not find instance 'default' in library android.hardware.health@2.0-impl-default.so. Keeping library open.
12-19 15:24:52.779   603   603 I android.hardware.health@2.1-service: default instance initializing with healthd_config...
12-19 15:24:52.779   441   441 I hwservicemanager: getDeviceHalManifest: Reading VINTF information.
12-19 15:24:52.780   441   441 E hwservicemanager: getDeviceHalManifest: status from fetching VINTF information: -22
12-19 15:24:52.780   441   441 E hwservicemanager: getDeviceHalManifest: -22 VINTF parse error: Illformed file: /vendor/etc/vintf/manifest/vendor.qti.hardware.vibrator.service.xml: Unrecognized manifest.version 8.0 (libvintf@4.0)
12-19 15:24:52.780   441   441 I hwservicemanager: getTransport: Cannot find entry android.hardware.health@2.1::IHealth/default in either framework or device VINTF manifest.
12-19 15:24:52.780   603   603 E HidlServiceManagement: Service android.hardware.health@2.1::IHealth/default must be in VINTF manifest in order to register/get.
12-19 15:24:52.780   603   603 F android.hardware.health@2.1-service: Check failed: registerAsService(instance_name()) == android::OK (registerAsService(instance_name())=-2147483648, android::OK=0) default: Failed to register HAL
12-19 15:24:52.780   603   603 F libc    : Fatal signal 6 (SIGABRT), code -1 (SI_QUEUE) in tid 603 (android.hardwar), pid 603 (android.hardwar)
12-19 15:24:52.780   606   606 F libc    : failed to exec crash_dump helper: No such file or directory
12-19 15:24:52.781   603   603 F libc    : crash_dump helper failed to exec, or was killed
12-19 15:24:52.781   603   603 F libc    : failed to wait for crash_dump helper: No child processes
12-19 15:24:52.790   604   604 I keystore2: keystore2_main: Keystore2 is starting.
12-19 15:24:52.790   604   604 I keystore2: keystore2_main: Starting thread pool now.
12-19 15:24:52.790   604   607 I keystore2: getDeviceHalManifest: Reading VINTF information.
12-19 15:24:52.791   604   607 E keystore2: getDeviceHalManifest: status from fetching VINTF information: -22
12-19 15:24:52.791   604   607 E keystore2: getDeviceHalManifest: -22 VINTF parse error: Illformed file: /vendor/etc/vintf/manifest/vendor.qti.hardware.vibrator.service.xml: Unrecognized manifest.version 8.0 (libvintf@4.0)
12-19 15:24:52.791   604   607 F libc    : Fatal signal 11 (SIGSEGV), code 1 (SEGV_MAPERR), fault addr 0x0 in tid 607 (keystore2), pid 604 (Binder:604_2)
12-19 15:24:52.791   604   604 I keystore2: getDeviceHalManifest: Reading VINTF information.
12-19 15:24:52.792   611   611 F libc    : failed to exec crash_dump helper: No such file or directory
12-19 15:24:52.792   604   607 F libc    : crash_dump helper failed to exec, or was killed
12-19 15:24:52.792   604   607 F libc    : failed to wait for crash_dump helper: No child processes
12-19 15:24:52.956   448   448 W ServiceManager: Waited one second for android.system.keystore2.IKeystoreService/default (is service started? are binder threads started and available?)
12-19 15:24:52.956   442   442 I servicemanager: Since 'android.system.keystore2.IKeystoreService/default' could not be found, trying to start it as a lazy AIDL service
12-19 15:24:52.957   442   613 W libc    : Unable to set property "ctl.interface_start" to "aidl/android.system.keystore2.IKeystoreService/default": error code: 0x20
12-19 15:24:52.957   442   613 I servicemanager: Tried to start aidl service android.system.keystore2.IKeystoreService/default as a lazy service, but was unable to. Usually this happens when a service is not installed, but if the service is intended to be used as a lazy service, then it may be configured incorrectly.
12-19 15:24:53.957   448   448 W ServiceManager: Waited one second for android.system.keystore2.IKeystoreService/default (is service started? are binder threads started and available?)
12-19 15:24:53.957   442   442 I servicemanager: Since 'android.system.keystore2.IKeystoreService/default' could not be found, trying to start it as a lazy AIDL service
12-19 15:24:53.957   442   614 W libc    : Unable to set property "ctl.interface_start" to "aidl/android.system.keystore2.IKeystoreService/default": error code: 0x20
12-19 15:24:53.957   442   614 I servicemanager: Tried to start aidl service android.system.keystore2.IKeystoreService/default as a lazy service, but was unable to. Usually this happens when a service is not installed, but if the service is intended to be used as a lazy service, then it may be configured incorrectly.
12-19 15:24:54.957   448   448 W ServiceManager: Waited one second for android.system.keystore2.IKeystoreService/default (is service started? are binder threads started and available?)
12-19 15:24:54.957   442   442 I servicemanager: Since 'android.system.keystore2.IKeystoreService/default' could not be found, trying to start it as a lazy AIDL service
12-19 15:24:54.957   442   615 W libc    : Unable to set property "ctl.interface_start" to "aidl/android.system.keystore2.IKeystoreService/default": error code: 0x20
12-19 15:24:54.957   442   615 I servicemanager: Tried to start aidl service android.system.keystore2.IKeystoreService/default as a lazy service, but was unable to. Usually this happens when a service is not installed, but if the service is intended to be used as a lazy service, then it may be configured incorrectly.
12-19 15:24:55.957   448   448 W ServiceManager: Waited one second for android.system.keystore2.IKeystoreService/default (is service started? are binder threads started and available?)
12-19 15:24:55.957   442   442 I servicemanager: Since 'android.system.keystore2.IKeystoreService/default' could not be found, trying to start it as a lazy AIDL service
12-19 15:24:55.957   442   616 W libc    : Unable to set property "ctl.interface_start" to "aidl/android.system.keystore2.IKeystoreService/default": error code: 0x20
12-19 15:24:55.957   442   616 I servicemanager: Tried to start aidl service android.system.keystore2.IKeystoreService/default as a lazy service, but was unable to. Usually this happens when a service is not installed, but if the service is intended to be used as a lazy service, then it may be configured incorrectly.
12-19 15:24:56.957   448   448 W ServiceManager: Waited one second for android.system.keystore2.IKeystoreService/default (is service started? are binder threads started and available?)
12-19 15:24:56.957   442   442 I servicemanager: Since 'android.system.keystore2.IKeystoreService/default' could not be found, trying to start it as a lazy AIDL service
12-19 15:24:56.957   442   617 W libc    : Unable to set property "ctl.interface_start" to "aidl/android.system.keystore2.IKeystoreService/default": error code: 0x20
12-19 15:24:56.957   442   617 I servicemanager: Tried to start aidl service android.system.keystore2.IKeystoreService/default as a lazy service, but was unable to. Usually this happens when a service is not installed, but if the service is intended to be used as a lazy service, then it may be configured incorrectly.
12-19 15:24:57.778   618   618 E cutils-trace: Error opening trace file: No such file or directory (2)
12-19 15:24:57.781   619   619 E cutils-trace: Error opening trace file: No such file or directory (2)
12-19 15:24:57.781   441   441 I hwservicemanager: getDeviceHalManifest: Reading VINTF information.
12-19 15:24:57.782   441   441 E hwservicemanager: getDeviceHalManifest: status from fetching VINTF information: -22
12-19 15:24:57.782   441   441 E hwservicemanager: getDeviceHalManifest: -22 VINTF parse error: Illformed file: /vendor/etc/vintf/manifest/vendor.qti.hardware.vibrator.service.xml: Unrecognized manifest.version 8.0 (libvintf@4.0)
12-19 15:24:57.782   441   441 I hwservicemanager: getTransport: Cannot find entry android.hardware.boot@1.0::IBootControl/default in either framework or device VINTF manifest.
12-19 15:24:57.783   441   441 I hwservicemanager: getDeviceHalManifest: Reading VINTF information.
12-19 15:24:57.783   441   441 E hwservicemanager: getDeviceHalManifest: status from fetching VINTF information: -22
12-19 15:24:57.783   441   441 E hwservicemanager: getDeviceHalManifest: -22 VINTF parse error: Illformed file: /vendor/etc/vintf/manifest/vendor.qti.hardware.vibrator.service.xml: Unrecognized manifest.version 8.0 (libvintf@4.0)
12-19 15:24:57.783   441   441 I hwservicemanager: getTransport: Cannot find entry android.hardware.health@2.0::IHealth/default in either framework or device VINTF manifest.
12-19 15:24:57.784   618   618 E LegacySupport: Could not get passthrough implementation for android.hardware.boot@1.0::IBootControl/default.
12-19 15:24:57.784   619   619 E HidlServiceManagement: Could not find instance 'default' in library android.hardware.health@2.0-impl-default.so. Keeping library open.
12-19 15:24:57.784   619   619 I android.hardware.health@2.1-service: default instance initializing with healthd_config...
12-19 15:24:57.784   441   441 I hwservicemanager: getDeviceHalManifest: Reading VINTF information.
12-19 15:24:57.785   441   441 E hwservicemanager: getDeviceHalManifest: status from fetching VINTF information: -22
12-19 15:24:57.785   441   441 E hwservicemanager: getDeviceHalManifest: -22 VINTF parse error: Illformed file: /vendor/etc/vintf/manifest/vendor.qti.hardware.vibrator.service.xml: Unrecognized manifest.version 8.0 (libvintf@4.0)
12-19 15:24:57.785   441   441 I hwservicemanager: getTransport: Cannot find entry android.hardware.health@2.1::IHealth/default in either framework or device VINTF manifest.
12-19 15:24:57.785   619   619 E HidlServiceManagement: Service android.hardware.health@2.1::IHealth/default must be in VINTF manifest in order to register/get.
12-19 15:24:57.785   619   619 F android.hardware.health@2.1-service: Check failed: registerAsService(instance_name()) == android::OK (registerAsService(instance_name())=-2147483648, android::OK=0) default: Failed to register HAL
12-19 15:24:57.785   619   619 F libc    : Fatal signal 6 (SIGABRT), code -1 (SI_QUEUE) in tid 619 (android.hardwar), pid 619 (android.hardwar)
12-19 15:24:57.786   622   622 F libc    : failed to exec crash_dump helper: No such file or directory
12-19 15:24:57.786   619   619 F libc    : crash_dump helper failed to exec, or was killed
12-19 15:24:57.786   619   619 F libc    : failed to wait for crash_dump helper: No child processes
12-19 15:24:57.794   620   620 I keystore2: keystore2_main: Keystore2 is starting.
12-19 15:24:57.794   620   620 I keystore2: keystore2_main: Starting thread pool now.
12-19 15:24:57.794   620   623 I keystore2: getDeviceHalManifest: Reading VINTF information.
12-19 15:24:57.796   620   623 E keystore2: getDeviceHalManifest: status from fetching VINTF information: -22
12-19 15:24:57.796   620   623 E keystore2: getDeviceHalManifest: -22 VINTF parse error: Illformed file: /vendor/etc/vintf/manifest/vendor.qti.hardware.vibrator.service.xml: Unrecognized manifest.version 8.0 (libvintf@4.0)
12-19 15:24:57.796   620   620 I keystore2: getDeviceHalManifest: Reading VINTF information.
12-19 15:24:57.796   620   623 F libc    : Fatal signal 11 (SIGSEGV), code 1 (SEGV_MAPERR), fault addr 0x0 in tid 623 (keystore2), pid 620 (Binder:620_2)
12-19 15:24:57.796   627   627 F libc    : failed to exec crash_dump helper: No such file or directory
12-19 15:24:57.797   620   623 F libc    : crash_dump helper failed to exec, or was killed
12-19 15:24:57.797   620   623 F libc    : failed to wait for crash_dump helper: No child processes
12-19 15:24:57.957   448   448 W ServiceManager: Waited one second for android.system.keystore2.IKeystoreService/default (is service started? are binder threads started and available?)
12-19 15:24:57.957   442   442 I servicemanager: Since 'android.system.keystore2.IKeystoreService/default' could not be found, trying to start it as a lazy AIDL service
12-19 15:24:57.958   442   629 W libc    : Unable to set property "ctl.interface_start" to "aidl/android.system.keystore2.IKeystoreService/default": error code: 0x20
12-19 15:24:57.958   442   629 I servicemanager: Tried to start aidl service android.system.keystore2.IKeystoreService/default as a lazy service, but was unable to. Usually this happens when a service is not installed, but if the service is intended to be used as a lazy service, then it may be configured incorrectly.
12-19 15:24:58.958   448   448 W ServiceManager: Waited one second for android.system.keystore2.IKeystoreService/default (is service started? are binder threads started and available?)
12-19 15:24:58.958   442   442 I servicemanager: Since 'android.system.keystore2.IKeystoreService/default' could not be found, trying to start it as a lazy AIDL service
12-19 15:24:58.958   442   630 W libc    : Unable to set property "ctl.interface_start" to "aidl/android.system.keystore2.IKeystoreService/default": error code: 0x20
12-19 15:24:58.958   442   630 I servicemanager: Tried to start aidl service android.system.keystore2.IKeystoreService/default as a lazy service, but was unable to. Usually this happens when a service is not installed, but if the service is intended to be used as a lazy service, then it may be configured incorrectly.
12-19 15:24:59.958   448   448 W ServiceManager: Waited one second for android.system.keystore2.IKeystoreService/default (is service started? are binder threads started and available?)
12-19 15:24:59.958   442   442 I servicemanager: Since 'android.system.keystore2.IKeystoreService/default' could not be found, trying to start it as a lazy AIDL service
12-19 15:24:59.958   442   631 W libc    : Unable to set property "ctl.interface_start" to "aidl/android.system.keystore2.IKeystoreService/default": error code: 0x20
12-19 15:24:59.958   442   631 I servicemanager: Tried to start aidl service android.system.keystore2.IKeystoreService/default as a lazy service, but was unable to. Usually this happens when a service is not installed, but if the service is intended to be used as a lazy service, then it may be configured incorrectly.
12-19 15:25:00.958   448   448 W ServiceManager: Waited one second for android.system.keystore2.IKeystoreService/default (is service started? are binder threads started and available?)
12-19 15:25:00.958   442   442 I servicemanager: Since 'android.system.keystore2.IKeystoreService/default' could not be found, trying to start it as a lazy AIDL service
12-19 15:25:00.958   442   632 W libc    : Unable to set property "ctl.interface_start" to "aidl/android.system.keystore2.IKeystoreService/default": error code: 0x20
12-19 15:25:00.958   442   632 I servicemanager: Tried to start aidl service android.system.keystore2.IKeystoreService/default as a lazy service, but was unable to. Usually this happens when a service is not installed, but if the service is intended to be used as a lazy service, then it may be configured incorrectly.
12-19 15:25:01.958   448   448 W ServiceManager: Waited one second for android.system.keystore2.IKeystoreService/default (is service started? are binder threads started and available?)
12-19 15:25:01.958   442   442 I servicemanager: Since 'android.system.keystore2.IKeystoreService/default' could not be found, trying to start it as a lazy AIDL service
12-19 15:25:01.958   442   633 W libc    : Unable to set property "ctl.interface_start" to "aidl/android.system.keystore2.IKeystoreService/default": error code: 0x20
12-19 15:25:01.958   442   633 I servicemanager: Tried to start aidl service android.system.keystore2.IKeystoreService/default as a lazy service, but was unable to. Usually this happens when a service is not installed, but if the service is intended to be used as a lazy service, then it may be configured incorrectly.
12-19 15:25:02.781   634   634 E cutils-trace: Error opening trace file: No such file or directory (2)
12-19 15:25:02.781   441   441 I hwservicemanager: getDeviceHalManifest: Reading VINTF information.
12-19 15:25:02.782   441   441 E hwservicemanager: getDeviceHalManifest: status from fetching VINTF information: -22
12-19 15:25:02.782   441   441 E hwservicemanager: getDeviceHalManifest: -22 VINTF parse error: Illformed file: /vendor/etc/vintf/manifest/vendor.qti.hardware.vibrator.service.xml: Unrecognized manifest.version 8.0 (libvintf@4.0)
12-19 15:25:02.782   441   441 I hwservicemanager: getTransport: Cannot find entry android.hardware.boot@1.0::IBootControl/default in either framework or device VINTF manifest.
12-19 15:25:02.782   634   634 E LegacySupport: Could not get passthrough implementation for android.hardware.boot@1.0::IBootControl/default.
12-19 15:25:02.782   635   635 E cutils-trace: Error opening trace file: No such file or directory (2)
12-19 15:25:02.783   441   441 I hwservicemanager: getDeviceHalManifest: Reading VINTF information.
12-19 15:25:02.784   441   441 E hwservicemanager: getDeviceHalManifest: status from fetching VINTF information: -22
12-19 15:25:02.784   441   441 E hwservicemanager: getDeviceHalManifest: -22 VINTF parse error: Illformed file: /vendor/etc/vintf/manifest/vendor.qti.hardware.vibrator.service.xml: Unrecognized manifest.version 8.0 (libvintf@4.0)
12-19 15:25:02.784   441   441 I hwservicemanager: getTransport: Cannot find entry android.hardware.health@2.0::IHealth/default in either framework or device VINTF manifest.
12-19 15:25:02.784   635   635 E HidlServiceManagement: Could not find instance 'default' in library android.hardware.health@2.0-impl-default.so. Keeping library open.
12-19 15:25:02.784   635   635 I android.hardware.health@2.1-service: default instance initializing with healthd_config...
12-19 15:25:02.784   441   441 I hwservicemanager: getDeviceHalManifest: Reading VINTF information.
12-19 15:25:02.785   441   441 E hwservicemanager: getDeviceHalManifest: status from fetching VINTF information: -22
12-19 15:25:02.785   441   441 E hwservicemanager: getDeviceHalManifest: -22 VINTF parse error: Illformed file: /vendor/etc/vintf/manifest/vendor.qti.hardware.vibrator.service.xml: Unrecognized manifest.version 8.0 (libvintf@4.0)
12-19 15:25:02.785   441   441 I hwservicemanager: getTransport: Cannot find entry android.hardware.health@2.1::IHealth/default in either framework or device VINTF manifest.
