03-23 02:02:49.557   255   255 I /soc/rsc@17a00000/drv@2/rpmh-regulator-mmcxlvl: Fixed dependency cycle(s) with /soc/rsc@17a00000/drv@2/rpmh-regulator-mmcxlvl/vreg-pm-v8f-s2-level
03-23 02:02:49.558   255   255 I /soc/rsc@17a00000/drv@2/rpmh-regulator-mxclvl: Fixed dependency cycle(s) with /soc/rsc@17a00000/drv@2/rpmh-regulator-mxclvl/vreg-pm_v6d-s2-level
03-23 02:02:49.558    10    10 E spmi_pmic_arb_debug 10b14000.qcom,spmi-debug: SPMI PMIC arbiter debug bus disabled by fuse
03-23 02:02:49.558   255   255 I /soc/rsc@17a00000/drv@2/rpmh-regulator-ldod3: Fixed dependency cycle(s) with /soc/rsc@17a00000/drv@2/rpmh-regulator-ldod3/vreg-pm_v6d-l3
03-23 02:02:49.558   255   255 I /soc/rsc@17a00000/drv@2/rpmh-regulator-cxlvl: Fixed dependency cycle(s) with /soc/rsc@17a00000/drv@2/rpmh-regulator-cxlvl/vreg-pm_v8f-s1-level
03-23 02:02:49.559   253   253 I init    : Loaded kernel module /lib/modules/clk-qcom.ko
03-23 02:02:49.559   255   255 I /soc/rsc@17a00000/drv@2/rpmh-regulator-mxlvl: Fixed dependency cycle(s) with /soc/rsc@17a00000/drv@2/rpmh-regulator-mxlvl/vreg-pm_v8f-s8-level
03-23 02:02:49.559    10    10 I tmecom-qmp-client soc: qcom,tmecom-qmp-client: tmecom probe success
03-23 02:02:49.559   255   255 I /soc/rsc@17a00000/drv@2/rpmh-regulator-ldof3: Fixed dependency cycle(s) with /soc/rsc@17a00000/drv@2/rpmh-regulator-ldof3/vreg-pm_v8f-l3
03-23 02:02:49.559   132   132 E         : [NT_reserve_kernel_log] Get partition failed, retry count 194
03-23 02:02:49.560    10    10 I noth-hwid soc: hardware_id: hwid_read_id(): id_0 adv val 1466mv
03-23 02:02:49.561    10    10 I noth-hwid soc: hardware_id: hwid_read_id(): id_1 adv val 202mv
03-23 02:02:49.561    10    10 I noth-hwid soc: hardware_id: hwid_probe() OK
03-23 02:02:49.564   255   255 I init    : Loaded kernel module /lib/modules/qcom_rpmh.ko
03-23 02:02:49.564   281   281 I init    : Loading module /lib/modules/camcc-tuna.ko with args ''
03-23 02:02:49.564   283   283 I init    : Loading module /lib/modules/sdhci-msm.ko with args ''
03-23 02:02:49.565   282   282 I init    : Loading module /lib/modules/gpucc-tuna.ko with args ''
03-23 02:02:49.565   284   284 I init    : Loading module /lib/modules/videocc-sun.ko with args ''
03-23 02:02:49.565   285   285 I init    : Loading module /lib/modules/cambistmclkcc-tuna.ko with args ''
03-23 02:02:49.565   286   286 I init    : Loading module /lib/modules/ufs-qcom.ko with args ''
03-23 02:02:49.565   287   287 I init    : Loading module /lib/modules/gpucc-kera.ko with args ''
03-23 02:02:49.566   283   283 I init    : Loaded kernel module /lib/modules/sdhci-msm.ko
03-23 02:02:49.566   283   283 I init    : Loading module /lib/modules/camcc-kera.ko with args ''
03-23 02:02:49.566   281   281 I init    : Loaded kernel module /lib/modules/camcc-tuna.ko
03-23 02:02:49.566   281   281 I init    : Loading module /lib/modules/gcc-kera.ko with args ''
03-23 02:02:49.567   284   284 I init    : Loaded kernel module /lib/modules/videocc-sun.ko
03-23 02:02:49.567   287   287 I init    : Loaded kernel module /lib/modules/gpucc-kera.ko
03-23 02:02:49.567   284   284 I init    : Loading module /lib/modules/gcc-tuna.ko with args ''
03-23 02:02:49.567   287   287 I init    : Loading module /lib/modules/clk-rpmh.ko with args ''
03-23 02:02:49.567   285   285 I init    : Loaded kernel module /lib/modules/cambistmclkcc-tuna.ko
03-23 02:02:49.567   285   285 I init    : Loading module /lib/modules/dmesg_dumper.ko with args ''
03-23 02:02:49.568   283   283 I init    : Loaded kernel module /lib/modules/camcc-kera.ko
03-23 02:02:49.568   286   286 I init    : Loaded kernel module /lib/modules/ufs-qcom.ko
03-23 02:02:49.568   281   281 I init    : Loaded kernel module /lib/modules/gcc-kera.ko
03-23 02:02:49.568   283   283 I init    : Loading module /lib/modules/tcsrcc-sun.ko with args ''
03-23 02:02:49.568   286   286 I init    : Loading module /lib/modules/gcc-sun.ko with args ''
03-23 02:02:49.568   282   282 I init    : Loaded kernel module /lib/modules/gpucc-tuna.ko
03-23 02:02:49.568   281   281 I init    : Loading module /lib/modules/dispcc-sun.ko with args ''
03-23 02:02:49.568   282   282 I init    : Loading module /lib/modules/evacc-tuna.ko with args ''
03-23 02:02:49.568   285   285 I qcom_dmesg_dumper soc: dmesg-dump: assigned reserved memory node vm_comm_mem_region
03-23 02:02:49.568   284   284 I init    : Loaded kernel module /lib/modules/gcc-tuna.ko
03-23 02:02:49.568   284   284 I init    : Loading module /lib/modules/gpucc-sun.ko with args ''
03-23 02:02:49.569   285   285 I init    : Loaded kernel module /lib/modules/dmesg_dumper.ko
03-23 02:02:49.569   283   283 I init    : Loaded kernel module /lib/modules/tcsrcc-sun.ko
03-23 02:02:49.569   285   285 I init    : Loading module /lib/modules/rpmh-regulator.ko with args ''
03-23 02:02:49.569   283   283 I init    : Loading module /lib/modules/dispcc-tuna.ko with args ''
03-23 02:02:49.569   286   286 I init    : Loaded kernel module /lib/modules/gcc-sun.ko
03-23 02:02:49.569   286   286 I init    : Loading module /lib/modules/evacc-sun.ko with args ''
03-23 02:02:49.569   282   282 I init    : Loaded kernel module /lib/modules/evacc-tuna.ko
03-23 02:02:49.569   282   282 I init    : Loading module /lib/modules/cambistmclkcc-sun.ko with args ''
03-23 02:02:49.569   281   281 I init    : Loaded kernel module /lib/modules/dispcc-sun.ko
03-23 02:02:49.569   284   284 I init    : Loaded kernel module /lib/modules/gpucc-sun.ko
03-23 02:02:49.570   281   281 I init    : Loading module /lib/modules/tcsrcc-tuna.ko with args ''
03-23 02:02:49.570   284   284 I init    : Loading module /lib/modules/videocc-tuna.ko with args ''
03-23 02:02:49.570   287   287 I init    : Loaded kernel module /lib/modules/clk-rpmh.ko
03-23 02:02:49.570   287   287 I init    : Loading module /lib/modules/clk-dummy.ko with args ''
03-23 02:02:49.570   283   283 I init    : Loaded kernel module /lib/modules/dispcc-tuna.ko
03-23 02:02:49.570   283   283 I init    : Loading module /lib/modules/icc-bcm-voter.ko with args ''
03-23 02:02:49.570   286   286 I init    : Loaded kernel module /lib/modules/evacc-sun.ko
03-23 02:02:49.570   286   286 I init    : Loading module /lib/modules/camcc-sun.ko with args ''
03-23 02:02:49.570   281   281 I tcsr_cc-tuna 1fbf000.clock-controller: Registered TCSR CC clocks
03-23 02:02:49.570   282   282 I init    : Loaded kernel module /lib/modules/cambistmclkcc-sun.ko
03-23 02:02:49.571   282   282 I init    : Loading module /lib/modules/dcvs_fp.ko with args ''
03-23 02:02:49.571   284   284 I init    : Loaded kernel module /lib/modules/videocc-tuna.ko
03-23 02:02:49.571   283   283 E bcm_voter soc: bcm_voter@1: crm_name=disp_crm unavailable=-517
03-23 02:02:49.571   284   284 I init    : Loading module /lib/modules/sys_pm_vx.ko with args ''
03-23 02:02:49.571   283   283 E bcm_voter soc: bcm_voter@2: crm_name=disp_crm unavailable=-517
03-23 02:02:49.571   283   283 E bcm_voter soc: bcm_voter@3: crm_name=disp_crm unavailable=-517
03-23 02:02:49.571   283   283 E bcm_voter soc: bcm_voter@4: crm_name=disp_crm unavailable=-517
03-23 02:02:49.571   283   283 E bcm_voter soc: bcm_voter@5: crm_name=disp_crm unavailable=-517
03-23 02:02:49.571   287   287 I init    : Loaded kernel module /lib/modules/clk-dummy.ko
03-23 02:02:49.571   283   283 E bcm_voter soc: bcm_voter@6: crm_name=disp_crm unavailable=-517
03-23 02:02:49.571   287   287 I init    : Loading module /lib/modules/msm-mmrm.ko with args ''
03-23 02:02:49.571   283   283 E bcm_voter soc: bcm_voter@7: crm_name=disp_crm unavailable=-517
03-23 02:02:49.571   281   281 I init    : Loaded kernel module /lib/modules/tcsrcc-tuna.ko
03-23 02:02:49.571   281   281 I init    : Loading module /lib/modules/rproc_qcom_common.ko with args ''
03-23 02:02:49.571   286   286 I init    : Loaded kernel module /lib/modules/camcc-sun.ko
03-23 02:02:49.571   283   283 I init    : Loaded kernel module /lib/modules/icc-bcm-voter.ko
03-23 02:02:49.572   284   284 I init    : Loaded kernel module /lib/modules/sys_pm_vx.ko
03-23 02:02:49.572   282   282 I init    : Loaded kernel module /lib/modules/dcvs_fp.ko
03-23 02:02:49.572   287   287 I init    : Loaded kernel module /lib/modules/msm-mmrm.ko
03-23 02:02:49.573   281   281 I init    : Loaded kernel module /lib/modules/rproc_qcom_common.ko
03-23 02:02:49.577    10    10 E platform 16f2000.anoc_1_qtb: TBU failed probe, QSMMUV500 cannot continue!
03-23 02:02:49.577    10    10 I         : PMIC PON log: Reset Trigger: PS_HOLD
03-23 02:02:49.577    10    10 I         : PMIC PON log: Reset Type: HARD_RESET
03-23 02:02:49.577    10    10 I         : PMIC PON log: PON Trigger: USB_CHARGER
03-23 02:02:49.577    10    10 I         : PMIC PON log: PON Trigger: HARD_RESET
03-23 02:02:49.577    10    10 I         : PMIC PON log: Reset Trigger: PS_HOLD
03-23 02:02:49.577    10    10 I         : PMIC PON log: Reset Type: HARD_RESET
03-23 02:02:49.577    10    10 I         : PMIC PON log: PON Trigger: USB_CHARGER
03-23 02:02:49.577    10    10 I         : PMIC PON log: PON Trigger: HARD_RESET
03-23 02:02:49.577    10    10 I         : PMIC PON log: Reset Trigger: PS_HOLD
03-23 02:02:49.577    10    10 I         : PMIC PON log: Reset Type: HARD_RESET
03-23 02:02:49.577    10    10 I         : PMIC PON log: PON Trigger: HARD_RESET
03-23 02:02:49.577    10    10 I         : PMIC PON log: PON Trigger: USB_CHARGER
03-23 02:02:49.577    10    10 I         : PMIC PON log: Reset Trigger: PS_HOLD
03-23 02:02:49.577    10    10 I         : PMIC PON log: Reset Type: HARD_RESET
03-23 02:02:49.578    10    10 I         : PMIC PON log: PON Trigger: USB_CHARGER
03-23 02:02:49.578    10    10 I         : PMIC PON log: PON Trigger: HARD_RESET
03-23 02:02:49.578    10    10 I         : PMIC PON log: Reset Trigger: PS_HOLD
03-23 02:02:49.578    10    10 I         : PMIC PON log: Reset Type: HARD_RESET
03-23 02:02:49.578    10    10 I         : PMIC PON log: PON Trigger: HARD_RESET
03-23 02:02:49.578    10    10 I         : PMIC PON log: PON Trigger: USB_CHARGER
03-23 02:02:49.579   285   285 E rpmh_regulator_probe: smpi1: could not find RPMh address for resource
03-23 02:02:49.579   285   285 E rpmh_regulator_probe: smpj1: could not find RPMh address for resource
03-23 02:02:49.580   285   285 E rpmh_regulator_probe: ldok5: could not find RPMh address for resource
03-23 02:02:49.580   285   285 E rpmh_regulator_probe: ldom1: could not find RPMh address for resource
03-23 02:02:49.580   285   285 E rpmh_regulator_probe: ldom2: could not find RPMh address for resource
03-23 02:02:49.580   285   285 E rpmh_regulator_probe: ldom3: could not find RPMh address for resource
03-23 02:02:49.580   285   285 E rpmh_regulator_probe: ldom4: could not find RPMh address for resource
03-23 02:02:49.580   285   285 E rpmh_regulator_probe: ldom6: could not find RPMh address for resource
03-23 02:02:49.580   285   285 E rpmh_regulator_probe: ldom7: could not find RPMh address for resource
03-23 02:02:49.581   285   285 E rpmh_regulator_probe: ldon1: could not find RPMh address for resource
03-23 02:02:49.581   285   285 E rpmh_regulator_probe: ldon2: could not find RPMh address for resource
03-23 02:02:49.581   285   285 E rpmh_regulator_probe: ldon3: could not find RPMh address for resource
03-23 02:02:49.581   285   285 E rpmh_regulator_probe: ldon5: could not find RPMh address for resource
03-23 02:02:49.581   285   285 E rpmh_regulator_probe: ldon6: could not find RPMh address for resource
03-23 02:02:49.581   285   285 E rpmh_regulator_probe: ldon7: could not find RPMh address for resource
03-23 02:02:49.581   285   285 E rpmh_regulator_probe: vrm.wcal: could not find RPMh address for resource
03-23 02:02:49.581   285   285 I init    : Loaded kernel module /lib/modules/rpmh-regulator.ko
03-23 02:02:49.581   292   292 I init    : Loading module /lib/modules/qsee_ipc_irq_bridge.ko with args ''
03-23 02:02:49.581   294   294 I init    : Loading module /lib/modules/glink_probe.ko with args ''
03-23 02:02:49.582   295   295 I init    : Loading module /lib/modules/debugcc-kera.ko with args ''
03-23 02:02:49.582   293   293 I init    : Loading module /lib/modules/debugcc-tuna.ko with args ''
03-23 02:02:49.582   296   296 I init    : Loading module /lib/modules/debugcc-sun.ko with args ''
03-23 02:02:49.582   297   297 I init    : Loading module /lib/modules/pci-msm-drv.ko with args 'pcie_sm_regs=0x1D07000,0x1040,0x1048,0x3000,0x1'
03-23 02:02:49.582   298   298 I init    : Loading module /lib/modules/msm_memshare.ko with args ''
03-23 02:02:49.582    10    10 I gcc-tuna 100000.clock-controller: Registered GCC clocks
03-23 02:02:49.583   292   292 I init    : Loaded kernel module /lib/modules/qsee_ipc_irq_bridge.ko
03-23 02:02:49.583   294   294 I init    : Loaded kernel module /lib/modules/glink_probe.ko
03-23 02:02:49.583   295   295 I init    : Loaded kernel module /lib/modules/debugcc-kera.ko
03-23 02:02:49.583   296   296 I init    : Loaded kernel module /lib/modules/debugcc-sun.ko
03-23 02:02:49.583   293   293 I init    : Loaded kernel module /lib/modules/debugcc-tuna.ko
03-23 02:02:49.583   294   294 I init    : Loading module /lib/modules/qcom-dcvs.ko with args ''
03-23 02:02:49.583    10    10 I eva_cc-tuna abf0000.clock-controller: Registered EVA CC clocks
03-23 02:02:49.583   296   296 I init    : Loading module /lib/modules/qcom_sysmon.ko with args ''
03-23 02:02:49.583   295   295 I init    : Loading module /lib/modules/pdr_interface.ko with args ''
03-23 02:02:49.583   298   298 I memshare soc: qcom,memshare:qcom,client_1: memshare: Continuing with allocation from CMA
03-23 02:02:49.583   292   292 I init    : Loading module /lib/modules/icc-rpmh.ko with args ''
03-23 02:02:49.583   298   298 I memshare soc: qcom,memshare:qcom,client_2: memshare: Continuing with allocation from CMA
03-23 02:02:49.583   298   298 I memshare soc: qcom,memshare:qcom,client_3: memshare: Continuing with allocation from CMA
03-23 02:02:49.583   298   298 I memshare soc: qcom,memshare:qcom,client_ims_1: memshare: Continuing with allocation from CMA
03-23 02:02:49.583   298   298 I memshare soc: qcom,memshare:qcom,client_ims_2: memshare: Continuing with allocation from CMA
03-23 02:02:49.584   298   298 I init    : Loaded kernel module /lib/modules/msm_memshare.ko
03-23 02:02:49.584   297   297 I init    : Loaded kernel module /lib/modules/pci-msm-drv.ko
03-23 02:02:49.585   295   295 I init    : Loaded kernel module /lib/modules/pdr_interface.ko
03-23 02:02:49.585   296   296 I init    : Loaded kernel module /lib/modules/qcom_sysmon.ko
03-23 02:02:49.586   292   292 I init    : Loaded kernel module /lib/modules/icc-rpmh.ko
03-23 02:02:49.586    10    10 I disp_cc-tuna af00000.clock-controller: Registered DISP CC clocks
03-23 02:02:49.587    10    10 I video_cc-tuna aaf0000.clock-controller: Registered VIDEO CC clocks
03-23 02:02:49.587    10    10 E bcm_voter soc: bcm_voter@1: crm_name=disp_crm unavailable=-517
03-23 02:02:49.587    10    10 E bcm_voter soc: bcm_voter@2: crm_name=disp_crm unavailable=-517
03-23 02:02:49.587    10    10 E bcm_voter soc: bcm_voter@3: crm_name=disp_crm unavailable=-517
03-23 02:02:49.587    10    10 E bcm_voter soc: bcm_voter@4: crm_name=disp_crm unavailable=-517
03-23 02:02:49.587    10    10 E bcm_voter soc: bcm_voter@5: crm_name=disp_crm unavailable=-517
03-23 02:02:49.587    10    10 E bcm_voter soc: bcm_voter@6: crm_name=disp_crm unavailable=-517
03-23 02:02:49.587    10    10 E bcm_voter soc: bcm_voter@7: crm_name=disp_crm unavailable=-517
03-23 02:02:49.588   294   294 I init    : Loaded kernel module /lib/modules/qcom-dcvs.ko
03-23 02:02:49.588    10    10 E platform 16f2000.anoc_1_qtb: TBU failed probe, QSMMUV500 cannot continue!
03-23 02:02:49.589   301   301 I init    : Loading module /lib/modules/slim-qcom-ngd-ctrl.ko with args ''
03-23 02:02:49.589   303   303 I init    : Loading module /lib/modules/memlat.ko with args ''
03-23 02:02:49.589   302   302 I init    : Loading module /lib/modules/qcom_spss.ko with args ''
03-23 02:02:49.589   304   304 I init    : Loading module /lib/modules/qnoc-sun.ko with args ''
03-23 02:02:49.589   305   305 I init    : Loading module /lib/modules/qnoc-kera.ko with args ''
03-23 02:02:49.589   306   306 I init    : Loading module /lib/modules/mhi.ko with args ''
03-23 02:02:49.589   307   307 I init    : Loading module /lib/modules/qnoc-tuna.ko with args ''
03-23 02:02:49.591   303   303 E qcom-memlat soc: qcom,memlat: error getting kobj from qcom_dcvs: -517
03-23 02:02:49.591   303   303 E qcom-memlat soc: qcom,memlat: Failure to probe memlat device: -517
03-23 02:02:49.591   307   307 I qnoc-tuna soc: interconnect@0: Registered TUNA ICC provider
03-23 02:02:49.591   308   308 I init    : Loading module /lib/modules/bwmon.ko with args ''
03-23 02:02:49.592   307   307 E qnoc-tuna soc: interconnect@1: failed to register ICC provider: -517
03-23 02:02:49.592   303   303 I init    : Loaded kernel module /lib/modules/memlat.ko
03-23 02:02:49.592   303   303 I init    : Loading module /lib/modules/qcom_q6v5.ko with args ''
03-23 02:02:49.592   306   306 I init    : Loaded kernel module /lib/modules/mhi.ko
03-23 02:02:49.592    10    10 I cpu0    : EM: created perf domain
03-23 02:02:49.592   306   306 I init    : Loading module /lib/modules/qti_pmic_glink.ko with args ''
03-23 02:02:49.592   302   302 I init    : Loaded kernel module /lib/modules/qcom_spss.ko
03-23 02:02:49.592   304   304 I init    : Loaded kernel module /lib/modules/qnoc-sun.ko
03-23 02:02:49.592   305   305 I init    : Loaded kernel module /lib/modules/qnoc-kera.ko
03-23 02:02:49.592   301   301 I init    : Loaded kernel module /lib/modules/slim-qcom-ngd-ctrl.ko
03-23 02:02:49.592   307   307 I qnoc-tuna 1600000.interconnect: Registered TUNA ICC provider
03-23 02:02:49.592   307   307 I qnoc-tuna 1500000.interconnect: Registered TUNA ICC provider
03-23 02:02:49.593   307   307 I qnoc-tuna 1680000.interconnect: Registered TUNA ICC provider
03-23 02:02:49.593   303   303 I init    : Loaded kernel module /lib/modules/qcom_q6v5.ko
03-23 02:02:49.593   307   307 I qnoc-tuna 16c0000.interconnect: Registered TUNA ICC provider
03-23 02:02:49.593   307   307 I qnoc-tuna 16e0000.interconnect: Registered TUNA ICC provider
03-23 02:02:49.593   308   308 I init    : Loaded kernel module /lib/modules/bwmon.ko
03-23 02:02:49.594   307   307 I qnoc-tuna 1700000.interconnect: Registered TUNA ICC provider
03-23 02:02:49.594   307   307 E qnoc-tuna 1780000.interconnect: failed to register ICC provider: -517
03-23 02:02:49.594   307   307 E qnoc-tuna 24100000.interconnect: failed to register ICC provider: -517
03-23 02:02:49.594   307   307 I qnoc-tuna 320c0000.interconnect: Registered TUNA ICC provider
03-23 02:02:49.595   307   307 I qnoc-tuna 7e40000.interconnect: Registered TUNA ICC provider
03-23 02:02:49.595   306   306 I init    : Loaded kernel module /lib/modules/qti_pmic_glink.ko
03-23 02:02:49.595   307   307 I qnoc-tuna 7400000.interconnect: Registered TUNA ICC provider
03-23 02:02:49.595   307   307 I qnoc-tuna 7420000.interconnect: Registered TUNA ICC provider
03-23 02:02:49.595   132   132 E         : [NT_reserve_kernel_log] Get partition failed, retry count 193
03-23 02:02:49.596   307   307 I init    : Loaded kernel module /lib/modules/qnoc-tuna.ko
03-23 02:02:49.596   313   313 I init    : Loading module /lib/modules/charger-ulog-glink.ko with args ''
03-23 02:02:49.596   314   314 I init    : Loading module /lib/modules/pmic-glink-debug.ko with args ''
03-23 02:02:49.596   315   315 I init    : Loading module /lib/modules/qti_battery_debug.ko with args ''
03-23 02:02:49.596    10    10 I cpu2    : EM: created perf domain
03-23 02:02:49.596   317   317 I init    : Loading module /lib/modules/qrtr-mhi.ko with args ''
03-23 02:02:49.597   318   318 I init    : Loading module /lib/modules/mhi_dev_uci.ko with args ''
03-23 02:02:49.597   319   319 I init    : Loading module /lib/modules/mhi_dev_satellite.ko with args ''
03-23 02:02:49.597   320   320 I init    : Loading module /lib/modules/altmode-glink.ko with args ''
03-23 02:02:49.597   317   317 I init    : Loaded kernel module /lib/modules/qrtr-mhi.ko
03-23 02:02:49.597   319   319 I init    : Loaded kernel module /lib/modules/mhi_dev_satellite.ko
03-23 02:02:49.597   313   313 I init    : Loaded kernel module /lib/modules/charger-ulog-glink.ko
03-23 02:02:49.597   319   319 I init    : Loading module /lib/modules/qcom_q6v5_pas.ko with args ''
03-23 02:02:49.597   313   313 I init    : Loading module /lib/modules/qti-glink-adc.ko with args ''
03-23 02:02:49.597   321   321 I init    : Loading module /lib/modules/ucsi_qti_glink.ko with args ''
03-23 02:02:49.597   317   317 I init    : Loading module /lib/modules/qti_battery_charger.ko with args ''
03-23 02:02:49.598   318   318 I init    : Loaded kernel module /lib/modules/mhi_dev_uci.ko
03-23 02:02:49.598   315   315 I init    : Loaded kernel module /lib/modules/qti_battery_debug.ko
03-23 02:02:49.598   314   314 I init    : Loaded kernel module /lib/modules/pmic-glink-debug.ko
03-23 02:02:49.599   313   313 I init    : Loaded kernel module /lib/modules/qti-glink-adc.ko
03-23 02:02:49.599   319   319 I qcom_q6v5_pas 97000000.remoteproc-wpss: Low SVS vote for ICC is not set.
03-23 02:02:49.599   320   320 I init    : Loaded kernel module /lib/modules/altmode-glink.ko
03-23 02:02:49.599   321   321 I init    : Loaded kernel module /lib/modules/ucsi_qti_glink.ko
03-23 02:02:49.599   319   319 E         : q6v5_pdev is NULL, save pdev, pdev->dev.kobj name: '97000000.remoteproc-wpss' (00000000f3fae257): qcom_q6v5_init
03-23 02:02:49.599   317   317 I init    : Loaded kernel module /lib/modules/qti_battery_charger.ko
03-23 02:02:49.600   319   319 I remoteproc0: 97000000.remoteproc-wpss is available
03-23 02:02:49.601    10    10 I cpu5    : EM: created perf domain
03-23 02:02:49.601   319   319 I init    : Loaded kernel module /lib/modules/qcom_q6v5_pas.ko
03-23 02:02:49.602   324   324 I init    : Loading module /lib/modules/msm_hw_fence.ko with args ''
03-23 02:02:49.602   325   325 I init    : Loading module /lib/modules/qcom-hv-haptics.ko with args ''
03-23 02:02:49.602   326   326 I init    : Loading module /lib/modules/fsa4480-i2c.ko with args ''
03-23 02:02:49.602   327   327 I init    : Loading module /lib/modules/adsp_sleepmon.ko with args ''
03-23 02:02:49.602   328   328 I init    : Loading module /lib/modules/leds-qti-flash.ko with args ''
03-23 02:02:49.602   329   329 I init    : Loading module /lib/modules/wcd_usbss_i2c.ko with args ''
03-23 02:02:49.603   327   327 I adsp_sleepmon soc: adsp-sleepmon: ADSP sleep monitor probe called
03-23 02:02:49.603   326   326 I init    : Loaded kernel module /lib/modules/fsa4480-i2c.ko
03-23 02:02:49.604    10    10 I cpu7    : EM: created perf domain
03-23 02:02:49.604   327   327 I init    : Loaded kernel module /lib/modules/adsp_sleepmon.ko
03-23 02:02:49.604   325   325 I qcom-hv-haptics c42d000.qcom,spmi: qcom,pmih010x@7:qcom,hv-haptics@f000: haptics revision: HAP_CFG 0x501, HAP_PTN 0x501, HAP_HBST 0x101, hw_type 5
03-23 02:02:49.604   329   329 I init    : Loaded kernel module /lib/modules/wcd_usbss_i2c.ko
03-23 02:02:49.604   324   324 I init    : Loaded kernel module /lib/modules/msm_hw_fence.ko
03-23 02:02:49.605   325   325 W qcom-hv-haptics c42d000.qcom,spmi: qcom,pmih010x@7:qcom,hv-haptics@f000: The calibrated period (2009 us) has large variation, use open-loop LRA period (5880 us) instead
03-23 02:02:49.605   328   328 I init    : Loaded kernel module /lib/modules/leds-qti-flash.ko
03-23 02:02:49.607   325   325 I input   : qcom-hv-haptics as /devices/platform/soc/c42d000.qcom,spmi/spmi-0/0-07/c42d000.qcom,spmi:qcom,pmih010x@7:qcom,hv-haptics@f000/input/input3
03-23 02:02:49.607   234   234 W         : Init cpu array finish!
03-23 02:02:49.607   325   325 I init    : Loaded kernel module /lib/modules/qcom-hv-haptics.ko
03-23 02:02:49.608   339   339 I init    : Loading module /lib/modules/synx-driver.ko with args ''
03-23 02:02:49.608   340   340 I init    : Loading module /lib/modules/dwc3-msm.ko with args ''
03-23 02:02:49.608   234   234 I core_ctl: Creating CPU group 0
03-23 02:02:49.608   234   234 I core_ctl: Init CPU0 state
03-23 02:02:49.608   234   234 I core_ctl: Init CPU1 state
03-23 02:02:49.608   234   234 I core_ctl: Creating CPU group 2
03-23 02:02:49.608   234   234 I core_ctl: Init CPU2 state
03-23 02:02:49.608   234   234 I core_ctl: Init CPU3 state
03-23 02:02:49.608   234   234 I core_ctl: Init CPU4 state
03-23 02:02:49.608   234   234 I core_ctl: Creating CPU group 5
03-23 02:02:49.608   234   234 I core_ctl: Init CPU5 state
03-23 02:02:49.608   234   234 I core_ctl: Init CPU6 state
03-23 02:02:49.608   234   234 I core_ctl: Creating CPU group 7
03-23 02:02:49.608   234   234 I core_ctl: Init CPU7 state
03-23 02:02:49.609   339   339 I synx    : info: synx_init: 3115: device initialization start
03-23 02:02:49.610   339   339 I synx    : info: synx_init: 3200: device initialization success
03-23 02:02:49.610   339   339 I init    : Loaded kernel module /lib/modules/synx-driver.ko
03-23 02:02:49.611    10    10 I cam_cc-tuna ade0000.clock-controller: Registered CAM CC clocks
03-23 02:02:49.612    10    10 I cam_bist_mclk_cc-tuna 1760000.clock-controller: Registered CAM BIST MCLK CC clocks
03-23 02:02:49.612   340   340 I init    : Loaded kernel module /lib/modules/dwc3-msm.ko
03-23 02:02:49.613   353   353 I init    : Loading module /lib/modules/usb_f_qdss.ko with args ''
03-23 02:02:49.613   354   354 I init    : Loading module /lib/modules/usb_f_gsi.ko with args ''
03-23 02:02:49.613    10    10 I gpu_cc-tuna 3d90000.clock-controller: Registered GPU CC clocks
03-23 02:02:49.614   353   353 I init    : Loaded kernel module /lib/modules/usb_f_qdss.ko
03-23 02:02:49.614   353   353 I init    : Loading module /lib/modules/hdcp_qseecom_dlkm.ko with args ''
03-23 02:02:49.614   354   354 I init    : Loaded kernel module /lib/modules/usb_f_gsi.ko
03-23 02:02:49.614   353   353 I init    : Loaded kernel module /lib/modules/hdcp_qseecom_dlkm.ko
03-23 02:02:49.615   359   359 I init    : Loading module /lib/modules/coresight-tmc.ko with args ''
03-23 02:02:49.615   360   360 I init    : Loading module /lib/modules/smmu_proxy_dlkm.ko with args ''
03-23 02:02:49.616   360   360 I gh_msgq : Registered client for label: 10
03-23 02:02:49.616   360   360 I smcinvoke_kernel: do_invoke: root object invocation with 2 arguments (1100) and op 5.
03-23 02:02:49.617   360   360 I smcinvoke_kernel: do_invoke: root object invocation returned with 0.
03-23 02:02:49.617   360   360 I smcinvoke_kernel: do_invoke: qtee-2 object invocation with 2 arguments (1001) and op 0.
03-23 02:02:49.617   360   360 I smcinvoke_kernel: do_invoke: qtee-2 object invocation returned with 0.
03-23 02:02:49.617   360   360 I smcinvoke_kernel: do_invoke: qtee-3 object invocation with 1 arguments (0010) and op 1.
03-23 02:02:49.617   360   360 I smcinvoke_kernel: do_invoke: qtee-3 object invocation returned with 0.
03-23 02:02:49.618   359   359 I init    : Loaded kernel module /lib/modules/coresight-tmc.ko
03-23 02:02:49.618   360   360 I init    : Loaded kernel module /lib/modules/smmu_proxy_dlkm.ko
03-23 02:02:49.618   365   365 I init    : Loading module /lib/modules/msm_drm.ko with args 'dsi_display0=qcom,mdss_dsi_rm692j0_120hz_fhd_plus_dsc_cmd:'
03-23 02:02:49.619    10    10 I tuna-debugcc soc: clock-controller@0: Registered debug measure clocks
03-23 02:02:49.620    10    10 E platform 16f2000.anoc_1_qtb: TBU failed probe, QSMMUV500 cannot continue!
03-23 02:02:49.621    10    10 E qcom-memlat soc: qcom,memlat: error getting kobj from qcom_dcvs: -517
03-23 02:02:49.621    10    10 E qcom-memlat soc: qcom,memlat: Failure to probe memlat device: -517
03-23 02:02:49.621    10    10 E qnoc-tuna soc: interconnect@1: failed to register ICC provider: -517
03-23 02:02:49.621    10    10 E qnoc-tuna 1780000.interconnect: failed to register ICC provider: -517
03-23 02:02:49.621    10    10 E qnoc-tuna 24100000.interconnect: failed to register ICC provider: -517
03-23 02:02:49.623    10    10 E platform 16f2000.anoc_1_qtb: TBU failed probe, QSMMUV500 cannot continue!
03-23 02:02:49.624    10    10 E qcom-memlat soc: qcom,memlat: error getting kobj from qcom_dcvs: -517
03-23 02:02:49.624    10    10 E qcom-memlat soc: qcom,memlat: Failure to probe memlat device: -517
03-23 02:02:49.625    10    10 I qnoc-tuna soc: interconnect@1: Registered TUNA ICC provider
03-23 02:02:49.626    10    10 I qnoc-tuna 1780000.interconnect: Registered TUNA ICC provider
03-23 02:02:49.627   365   365 I [drm:sde_power_mnoc_bus_parse:483]: mnoc interconnect path(s) not defined, rc: 0
03-23 02:02:49.627    10    10 I qnoc-tuna 24100000.interconnect: Registered TUNA ICC provider
03-23 02:02:49.627   365   365 I [sde_cesta:sde_cesta_probe:1305]: sde cesta index:0 probed successfully
03-23 02:02:49.627    10    10 I qcom_q6v5_pas 3000000.remoteproc-adsp: Low SVS vote for ICC is not set.
03-23 02:02:49.627    10    10 E         : q6v5_pdev exist
03-23 02:02:49.627    10    10 I remoteproc1: 3000000.remoteproc-adsp is available
03-23 02:02:49.627   218   218 W remoteproc1: Direct firmware load for adsp.mdt failed with error -2
03-23 02:02:49.627   218   218 I remoteproc1: powering up 3000000.remoteproc-adsp
03-23 02:02:49.627   218   218 W remoteproc1: Direct firmware load for adsp.mdt failed with error -2
03-23 02:02:49.627   218   218 E remoteproc1: request_firmware failed: -2
03-23 02:02:49.628    10    10 I qcom_q6v5_pas 32300000.remoteproc-cdsp: Low SVS vote for ICC is not set.
03-23 02:02:49.628    10    10 E         : q6v5_pdev exist
03-23 02:02:49.628   365   365 I [drm:sde_dbg_init:2868] evtlog_status: enable:11, panic:1, dump:2
03-23 02:02:49.628    10    10 I remoteproc2: 32300000.remoteproc-cdsp is available
03-23 02:02:49.628   277   277 W remoteproc2: Direct firmware load for cdsp.mdt failed with error -2
03-23 02:02:49.628   277   277 I remoteproc2: powering up 32300000.remoteproc-cdsp
03-23 02:02:49.628   277   277 W remoteproc2: Direct firmware load for cdsp.mdt failed with error -2
03-23 02:02:49.628   277   277 E remoteproc2: request_firmware failed: -2
03-23 02:02:49.629   365   365 W dsi_phy ae95000.qcom,mdss_dsi_phy0: supply gdsc not found, using dummy regulator
03-23 02:02:49.629   365   365 I [drm:dsi_pll_init [msm_drm]] [msm-dsi-info]: DSI_PLL_0: DSI pll label = dsi_pll_4nm
03-23 02:02:49.629    10    10 I qcom_q6v5_pas 4080000.remoteproc-mss: assigned reserved memory node linux,cma
03-23 02:02:49.630    10    10 I qcom_q6v5_pas 4080000.remoteproc-mss: Low SVS vote for ICC is not set.
03-23 02:02:49.629   365   365 I [drm:dsi_pll_init [msm_drm]] [msm-dsi-info]: DSI_PLL_0: PLL SSC enabled
03-23 02:02:49.630   365   365 I dsi_pll_init: PLL base=00000000557fd877
03-23 02:02:49.630    10    10 E         : q6v5_pdev exist
03-23 02:02:49.630    10    10 I remoteproc3: 4080000.remoteproc-mss is available
03-23 02:02:49.630   365   365 I [drm:dsi_pll_clock_register_4nm [msm_drm]] [msm-dsi-info]: DSI_PLL_0: Registered clocks successfully
03-23 02:02:49.630   365   365 I [drm:dsi_phy_driver_probe [msm_drm]] [msm-dsi-info]: DSI_0: Probe successful
03-23 02:02:49.630    10    10 I arm-smmu 3da0000.kgsl-smmu: probing hardware configuration...
03-23 02:02:49.630    10    10 I arm-smmu 3da0000.kgsl-smmu: SMMUv2 with:
03-23 02:02:49.630    10    10 I arm-smmu 3da0000.kgsl-smmu: stage 1 translation
03-23 02:02:49.630    10    10 I arm-smmu 3da0000.kgsl-smmu: coherent table walk
03-23 02:02:49.630    10    10 I arm-smmu 3da0000.kgsl-smmu: stream matching with 24 register groups
03-23 02:02:49.630    10    10 I arm-smmu 3da0000.kgsl-smmu: 22 context banks (0 stage-2 only)
03-23 02:02:49.630   365   365 W dsi_phy ae97000.qcom,mdss_dsi_phy1: supply gdsc not found, using dummy regulator
03-23 02:02:49.630    10    10 I arm-smmu 3da0000.kgsl-smmu: Supported page sizes: 0x61311000
03-23 02:02:49.630    10    10 I arm-smmu 3da0000.kgsl-smmu: Stage-1: 48-bit VA -> 36-bit IPA
03-23 02:02:49.630   365   365 I [drm:dsi_pll_init [msm_drm]] [msm-dsi-info]: DSI_PLL_0: DSI pll label = dsi_pll_4nm
03-23 02:02:49.630    10    10 I arm-smmu 3da0000.kgsl-smmu: preserved 0 boot mappings
03-23 02:02:49.630   365   365 I [drm:dsi_pll_init [msm_drm]] [msm-dsi-info]: DSI_PLL_1: PLL SSC enabled
03-23 02:02:49.631   365   365 I dsi_pll_init: PLL base=00000000a8f777ea
03-23 02:02:49.631   365   365 I [drm:dsi_pll_clock_register_4nm [msm_drm]] [msm-dsi-info]: DSI_PLL_1: Registered clocks successfully
03-23 02:02:49.631   365   365 I [drm:dsi_phy_driver_probe [msm_drm]] [msm-dsi-info]: DSI_1: Probe successful
03-23 02:02:49.631   365   365 I [drm:dsi_ctrl_dev_probe [msm_drm]] [msm-dsi-info]: dsi-ctrl-0: Probe successful
03-23 02:02:49.631   365   365 I [drm:dsi_ctrl_dev_probe [msm_drm]] [msm-dsi-info]: dsi-ctrl-1: Probe successful
03-23 02:02:49.632    10    10 E qcom-iommu-debug soc: iommu_test_device: Failed to create device link (0x180) with 3da0000.kgsl-smmu
03-23 02:02:49.632    10    10 E qcom-iommu-debug soc: iommu_test_device: Failed to create device link (0x180) with 3da0000.kgsl-smmu
03-23 02:02:49.632   365   365 E OF      : graph: no port node found in /soc/qcom,dsi-display-primary
03-23 02:02:49.633   365   365 E         : [drm:dsi_panel_get [msm_drm]] *ERROR* [msm-dsi-error]: failed to read qcom,mdss-dsi-panel-version, rc=-22
03-23 02:02:49.634    10    10 W irq     : type mismatch, failed to map hwirq-739 for interrupt-controller@17100000!
03-23 02:02:49.634    10    10 I arm-smmu 15000000.apps-smmu: probing hardware configuration...
03-23 02:02:49.634    10    10 I arm-smmu 15000000.apps-smmu: SMMUv2 with:
03-23 02:02:49.634    10    10 I arm-smmu 15000000.apps-smmu: stage 1 translation
03-23 02:02:49.634    10    10 I arm-smmu 15000000.apps-smmu: coherent table walk
03-23 02:02:49.634    10    10 I arm-smmu 15000000.apps-smmu: stream matching with 138 register groups
03-23 02:02:49.634    10    10 I arm-smmu 15000000.apps-smmu: 83 context banks (0 stage-2 only)
03-23 02:02:49.634    10    10 I arm-smmu 15000000.apps-smmu: Supported page sizes: 0x61311000
03-23 02:02:49.634    10    10 I arm-smmu 15000000.apps-smmu: Stage-1: 36-bit VA -> 36-bit IPA
03-23 02:02:49.635    10    10 I arm-smmu 15000000.apps-smmu: preserved 0 boot mappings
03-23 02:02:49.635   132   132 E         : [NT_reserve_kernel_log] Get partition failed, retry count 192
03-23 02:02:49.637    10    10 E qcom_q6v5_pas 32300000.remoteproc-cdsp: Failed to create device link (0x180) with 15000000.apps-smmu
03-23 02:02:49.637    10    10 E qcom_q6v5_pas 32300000.remoteproc-cdsp: Failed to create device link (0x180) with 15000000.apps-smmu
03-23 02:02:49.637    10    10 E qcom_q6v5_pas 32300000.remoteproc-cdsp: Failed to create device link (0x180) with 15000000.apps-smmu
03-23 02:02:49.637    10    10 E qcom_q6v5_pas 32300000.remoteproc-cdsp: Failed to create device link (0x180) with 15000000.apps-smmu
03-23 02:02:49.637    10    10 E qcom_q6v5_pas 32300000.remoteproc-cdsp: Failed to create device link (0x180) with 15000000.apps-smmu
03-23 02:02:49.637    10    10 E qcom_q6v5_pas 32300000.remoteproc-cdsp: Failed to create device link (0x180) with 15000000.apps-smmu
03-23 02:02:49.637    10    10 E qcom_q6v5_pas 32300000.remoteproc-cdsp: Failed to create device link (0x180) with 15000000.apps-smmu
03-23 02:02:49.637    10    10 E qcom_q6v5_pas 32300000.remoteproc-cdsp: Failed to create device link (0x180) with 15000000.apps-smmu
03-23 02:02:49.637    10    10 E qcom_q6v5_pas 32300000.remoteproc-cdsp: Failed to create device link (0x180) with 15000000.apps-smmu
03-23 02:02:49.637    10    10 E qcom_q6v5_pas 32300000.remoteproc-cdsp: Failed to create device link (0x180) with 15000000.apps-smmu
03-23 02:02:49.637    10    10 E qcom_q6v5_pas 32300000.remoteproc-cdsp: Failed to create device link (0x180) with 15000000.apps-smmu
03-23 02:02:49.637    10    10 E qcom_q6v5_pas 32300000.remoteproc-cdsp: Failed to create device link (0x180) with 15000000.apps-smmu
03-23 02:02:49.637    10    10 E qcom_q6v5_pas 3000000.remoteproc-adsp: Failed to create device link (0x180) with 15000000.apps-smmu
03-23 02:02:49.637    10    10 E qcom_q6v5_pas 3000000.remoteproc-adsp: Failed to create device link (0x180) with 15000000.apps-smmu
03-23 02:02:49.637    10    10 E qcom_q6v5_pas 3000000.remoteproc-adsp: Failed to create device link (0x180) with 15000000.apps-smmu
03-23 02:02:49.637    10    10 E qcom_q6v5_pas 3000000.remoteproc-adsp: Failed to create device link (0x180) with 15000000.apps-smmu
03-23 02:02:49.637    10    10 E qcom_q6v5_pas 3000000.remoteproc-adsp: Failed to create device link (0x180) with 15000000.apps-smmu
03-23 02:02:49.637    10    10 E qcom_q6v5_pas 3000000.remoteproc-adsp: Failed to create device link (0x180) with 15000000.apps-smmu
03-23 02:02:49.637    10    10 E qcom-iommu-debug soc: iommu_test_device: Failed to create device link (0x180) with 15000000.apps-smmu
03-23 02:02:49.637    10    10 E qcom-iommu-debug soc: iommu_test_device: Failed to create device link (0x180) with 15000000.apps-smmu
03-23 02:02:49.637    10    10 E qcom-iommu-debug soc: iommu_test_device: Failed to create device link (0x180) with 15000000.apps-smmu
03-23 02:02:49.637    10    10 E qcom-iommu-debug soc: iommu_test_device: Failed to create device link (0x180) with 15000000.apps-smmu
03-23 02:02:49.637    10    10 E qcom-iommu-debug soc: iommu_test_device: Failed to create device link (0x180) with 15000000.apps-smmu
03-23 02:02:49.637    10    10 I goodix_fp: enter gf_probe
03-23 02:02:49.637    10    10 I input   : qwerty as /devices/virtual/input/input4
03-23 02:02:49.637    10    10 I goodix_fp: version V1.2.11
03-23 02:02:49.637    10    10 I gpi_dma a00000.qcom,gpi-dma: Adding to iommu group 0
03-23 02:02:49.638    10    10 I gpi_dma 800000.qcom,gpi-dma: Adding to iommu group 1
03-23 02:02:49.638    10    10 I uaudio-qmi soc: usb_audio_qmi_dev: Adding to iommu group 2
03-23 02:02:49.639    10    10 I geni_se_qup ac0000.qcom,qupv3_1_geni_se: Adding to iommu group 3
03-23 02:02:49.639    10    10 I boot_kpi: M - DRIVER GENI_I2C Init
03-23 02:02:49.639    10    10 I i2c_geni a80000.i2c: Bus frequency is set to 1000000Hz.
03-23 02:02:49.639    10    10 I boot_kpi: M - DRIVER GENI_I2C_0 Ready
03-23 02:02:49.639    10    10 I i2c_geni a80000.i2c: I2C probed
03-23 02:02:49.640    10    10 I boot_kpi: M - DRIVER GENI_SPI Init
03-23 02:02:49.640    10    10 I spi_geni a88000.spi: spi_geni_probe: completed 0
03-23 02:02:49.640    10    10 I boot_kpi: M - DRIVER GENI_SPI_2 Ready
03-23 02:02:49.640    10    10 I boot_kpi: M - DRIVER GENI_I2C Init
03-23 02:02:49.640    10    10 I i2c_geni a8c000.i2c: Bus frequency is set to 400000Hz.
03-23 02:02:49.640    10    10 I boot_kpi: M - DRIVER GENI_I2C_3 Ready
03-23 02:02:49.640    10    10 I i2c_geni a8c000.i2c: I2C probed
03-23 02:02:49.641    10    10 I boot_kpi: M - DRIVER GENI_SPI Init
03-23 02:02:49.641    10    10 I spi_geni a90000.spi: LA-VM usecase
03-23 02:02:49.641    10    10 I spi_geni a90000.spi: spi_geni_probe: completed 0
03-23 02:02:49.641    10    10 I boot_kpi: M - DRIVER GENI_SPI_4 Ready
03-23 02:02:49.641    10    10 I boot_kpi: M - DRIVER GENI_I2C Init
03-23 02:02:49.641    10    10 I i2c_geni a94000.i2c: Bus frequency is set to 400000Hz.
03-23 02:02:49.641    10    10 I i2c_geni a94000.i2c: Multi-EE usecase
03-23 02:02:49.642    10    10 E ssusb-redriver 5-001c: writing reg 0x00 failure
03-23 02:02:49.642    10    10 I boot_kpi: M - DRIVER GENI_I2C_5 Ready
03-23 02:02:49.642    10    10 I i2c_geni a94000.i2c: I2C probed
03-23 02:02:49.642    10    10 I a9c000.qcom,qup_uart: ttyMSM0 at MMIO 0xa9c000 (irq = 265, base_baud = 0) is a MSM
03-23 02:02:49.642    10    10 I geni_se_qup 8c0000.qcom,qupv3_2_geni_se: Adding to iommu group 4
03-23 02:02:49.643    10    10 I boot_kpi: M - DRIVER GENI_I2C Init
03-23 02:02:49.643    10    10 I i2c_geni 880000.i2c: Bus frequency is set to 400000Hz.
03-23 02:02:49.643    86    86 I wcd-usbss-i2c-driver 3-000e: sdam registration successful
03-23 02:02:49.643    10    10 I wl28681 8-0061: RESET GPIO number is 535
03-23 02:02:49.644    86    86 I wcd-usbss-i2c-driver 3-000e: Probe completed!
03-23 02:02:49.646   365   365 I [drm:dsi_display_dev_probe [msm_drm]] [msm-dsi-info]: secondary default panel not found
03-23 02:02:49.647   365   365 I         : [drm:dp_pll_driver_probe][msm-dp-info][365 ]revision=DP_PLL_4NM_V1_1, ssc_en=0, bonding_en=0
03-23 02:02:49.647   365   365 I init    : Loaded kernel module /lib/modules/msm_drm.ko
03-23 02:02:49.648     1     1 I init    : Loaded 336 modules from /lib/modules
03-23 02:02:49.648     1     1 I init    : Loaded 336 kernel modules took 322 ms
03-23 02:02:49.648     1     1 I init    : Copied ramdisk prop to /second_stage_resources/system/etc/ramdisk/build.prop
03-23 02:02:49.648     1     1 I init    : First stage mount skipped (recovery mode)
03-23 02:02:49.648     1     1 I init    : [libfstab] Using Android DT directory /proc/device-tree/firmware/android/
03-23 02:02:49.648     1     1 I init    : [libfstab] ReadFstabFromDt(): failed to read fstab from dt
03-23 02:02:49.648     1     1 W init    : [libfstab] Warning: unknown flag: sync
03-23 02:02:49.671   132   132 E         : [NT_reserve_kernel_log] Get partition failed, retry count 191
03-23 02:02:49.677    10    10 I WL_L1N  : Bringing 0uV into 1000000-1000000uV
03-23 02:02:49.679    10    10 I WL_L2N  : Bringing 0uV into 1000000-1000000uV
03-23 02:02:49.680    10    10 I WL_L3N  : Bringing 0uV into 1500000-1500000uV
03-23 02:02:49.681    10    10 I WL_L4N  : Bringing 0uV into 1500000-1500000uV
03-23 02:02:49.682    10    10 I WL_L5N  : Bringing 0uV into 1500000-1500000uV
03-23 02:02:49.683    10    10 I WL_L6N  : Bringing 0uV into 1500000-1500000uV
03-23 02:02:49.685    10    10 I WL_L7N  : Bringing 0uV into 1500000-1500000uV
03-23 02:02:49.686    10    10 I wl28681 8-0061: WL28681_UVP_INT_MASK = 0 ret = 0
03-23 02:02:49.686    10    10 I wl28681 8-0061: WL28681_OCP_INT_MASK = 0 ret = 0
03-23 02:02:49.686    10    10 I wl28681 8-0061: WL28681_TSD_UVLO_INT_MASK = 0 ret = 0
03-23 02:02:49.686    10    10 I wl28681 8-0061: wl28681 WL_LDO0 value is 0x7c
03-23 02:02:49.686    10    10 I wl28681 8-0061: wl28681 WL_LDO1 value is 0x7c
03-23 02:02:49.687    10    10 I wl28681 8-0061: wl28681 WL_LDO2 value is 0x11
03-23 02:02:49.687    10    10 I wl28681 8-0061: wl28681 WL_LDO3 value is 0x11
03-23 02:02:49.687    10    10 I wl28681 8-0061: wl28681 WL_LDO4 value is 0x11
03-23 02:02:49.687    10    10 I wl28681 8-0061: wl28681 WL_LDO5 value is 0x11
03-23 02:02:49.687    10    10 I wl28681 8-0061: wl28681 WL_LDO6 value is 0x11
03-23 02:02:49.688    10    10 I wl28681 8-0035: RESET GPIO number is 534
03-23 02:02:49.691     1     1 I init    : bool android::init::BlockDevInitializer::InitDevices(std::set<std::string>): partition(s) not found in /sys, waiting for their uevent(s): boot_a, dtbo_a, init_boot_a, metadata, nt_log, recovery_a, super, vbmeta_a, vbmeta_system_a, vbmeta_vendor_a, vendor_boot_a
03-23 02:02:49.707   132   132 E         : [NT_reserve_kernel_log] Get partition failed, retry count 190
03-23 02:02:49.721    10    10 I WL_L1M  : Bringing 0uV into 1000000-1000000uV
03-23 02:02:49.722    10    10 I WL_L2M  : Bringing 0uV into 1000000-1000000uV
03-23 02:02:49.723    10    10 I WL_L3M  : Bringing 0uV into 1500000-1500000uV
03-23 02:02:49.724    10    10 I WL_L4M  : Bringing 0uV into 1500000-1500000uV
03-23 02:02:49.726    10    10 I WL_L5M  : Bringing 0uV into 1500000-1500000uV
03-23 02:02:49.727    10    10 I WL_L6M  : Bringing 0uV into 1500000-1500000uV
03-23 02:02:49.728    10    10 I WL_L7M  : Bringing 0uV into 1500000-1500000uV
03-23 02:02:49.729    10    10 I wl28681 8-0035: WL28681_UVP_INT_MASK = 0 ret = 0
03-23 02:02:49.729    10    10 I wl28681 8-0035: WL28681_OCP_INT_MASK = 0 ret = 0
03-23 02:02:49.729    10    10 I wl28681 8-0035: WL28681_TSD_UVLO_INT_MASK = 0 ret = 0
03-23 02:02:49.729    10    10 I wl28681 8-0035: wl28681 WL_LDO0 value is 0x7c
03-23 02:02:49.729    10    10 I wl28681 8-0035: wl28681 WL_LDO1 value is 0x7c
03-23 02:02:49.730    10    10 I wl28681 8-0035: wl28681 WL_LDO2 value is 0x11
03-23 02:02:49.730    10    10 I wl28681 8-0035: wl28681 WL_LDO3 value is 0x11
03-23 02:02:49.730    10    10 I wl28681 8-0035: wl28681 WL_LDO4 value is 0x11
03-23 02:02:49.730    10    10 I wl28681 8-0035: wl28681 WL_LDO5 value is 0x11
03-23 02:02:49.730    10    10 I wl28681 8-0035: wl28681 WL_LDO6 value is 0x11
03-23 02:02:49.730    10    10 I         : aw9380x probe entry
03-23 02:02:49.730    10    10 I aw9380x_cap 8-0012: [aw9380x_regulator_power:960] regulator-power-supply = <1>
03-23 02:02:49.730    10    10 I aw9380x_cap 8-0012: [aw9380x_regulator_power_init:894] aw9380x power init enter
03-23 02:02:49.731    10    10 I aw9380x_cap 8-0012: [aw9380x_power_enable:923] aw9380x power enable enter
03-23 02:02:49.743   132   132 E         : [NT_reserve_kernel_log] Get partition failed, retry count 189
03-23 02:02:49.751    10    10 E aw9380x_cap 8-0012: [aw9380x_regulator_is_get_voltage:266] aw9380x voltage is : 3000000 uv
03-23 02:02:49.751    10    10 I aw9380x_cap 8-0012: [aw9380x_parse_dts:1047] cap num = 0
03-23 02:02:49.751    10    10 I aw9380x_cap 8-0012: [aw9380x_parse_dts:1060] irq gpio provided ok.
03-23 02:02:49.751    10    10 I aw9380x_cap 8-0012: [aw9380x_parse_dts:1064] channel_use_flag = 0x1fff
03-23 02:02:49.751    10    10 I aw9380x_cap 8-0012: [aw9380x_parse_dts:1072] aw_cap,use_inter_pull_up = <0>
03-23 02:02:49.751    10    10 I aw9380x_cap 8-0012: [aw9380x_parse_dts:1076] aw_cap, using_pm_ops = <0>
03-23 02:02:49.751    10    10 E aw9380x_cap 8-0012: [aw9380x_create_node:3693] enter
03-23 02:02:49.751    10    10 I aw9380x_cap 8-0012: [aw9380x_create_sysclass_group_register:3658] sysfs_class have be created
03-23 02:02:49.751    10    10 I aw9380x_cap 8-0012: [aw9380x_create_sysclass_group_register:3670] sysfs_dev have be created
03-23 02:02:49.751    10    10 I aw9380x_cap 8-0012: [aw9380x_create_sysclass_group_register:3683] sysfs_create have be created
03-23 02:02:49.751    10    10 I aw9380x_cap 8-0012: [aw9380x_irq_init:4179] IRQ request successfully!
03-23 02:02:49.751    10    10 I aw9380x_cap 8-0012: [aw9380x_irq_init:4188] disable_irq
03-23 02:02:49.751    10    10 I aw9380x_cap 8-0012: [aw9380x_irq_init:4192] irq init success!
03-23 02:02:49.752    10    10 I input   : aw9380x_0_ch0 as /devices/platform/soc/8c0000.qcom,qupv3_2_geni_se/880000.i2c/i2c-8/8-0012/input/input5
03-23 02:02:49.752    10    10 I input   : aw9380x_0_ch1 as /devices/platform/soc/8c0000.qcom,qupv3_2_geni_se/880000.i2c/i2c-8/8-0012/input/input6
03-23 02:02:49.752    10    10 I input   : aw9380x_0_ch2 as /devices/platform/soc/8c0000.qcom,qupv3_2_geni_se/880000.i2c/i2c-8/8-0012/input/input7
03-23 02:02:49.752    10    10 I input   : aw9380x_0_ch3 as /devices/platform/soc/8c0000.qcom,qupv3_2_geni_se/880000.i2c/i2c-8/8-0012/input/input8
03-23 02:02:49.752    10    10 I input   : aw9380x_0_ch4 as /devices/platform/soc/8c0000.qcom,qupv3_2_geni_se/880000.i2c/i2c-8/8-0012/input/input9
03-23 02:02:49.752    10    10 I input   : aw9380x_0_ch5 as /devices/platform/soc/8c0000.qcom,qupv3_2_geni_se/880000.i2c/i2c-8/8-0012/input/input10
03-23 02:02:49.752    10    10 I input   : aw9380x_0_ch6 as /devices/platform/soc/8c0000.qcom,qupv3_2_geni_se/880000.i2c/i2c-8/8-0012/input/input11
03-23 02:02:49.752    10    10 I input   : aw9380x_0_ch7 as /devices/platform/soc/8c0000.qcom,qupv3_2_geni_se/880000.i2c/i2c-8/8-0012/input/input12
03-23 02:02:49.752    10    10 I input   : aw9380x_0_ch8 as /devices/platform/soc/8c0000.qcom,qupv3_2_geni_se/880000.i2c/i2c-8/8-0012/input/input13
03-23 02:02:49.752    10    10 I input   : aw9380x_0_ch9 as /devices/platform/soc/8c0000.qcom,qupv3_2_geni_se/880000.i2c/i2c-8/8-0012/input/input14
03-23 02:02:49.752    10    10 I input   : aw9380x_0_ch10 as /devices/platform/soc/8c0000.qcom,qupv3_2_geni_se/880000.i2c/i2c-8/8-0012/input/input15
03-23 02:02:49.752    10    10 I input   : aw9380x_0_ch11 as /devices/platform/soc/8c0000.qcom,qupv3_2_geni_se/880000.i2c/i2c-8/8-0012/input/input16
03-23 02:02:49.752    10    10 I input   : aw9380x_0_wear as /devices/platform/soc/8c0000.qcom,qupv3_2_geni_se/880000.i2c/i2c-8/8-0012/input/input17
03-23 02:02:49.752    10    10 I aw9380x_cap 8-0012: [aw9380x_check_chipid:1100] AW93804 detected 0xa9331010
03-23 02:02:49.779   132   132 E         : [NT_reserve_kernel_log] Get partition failed, retry count 188
03-23 02:02:49.788    10    10 I aw9380x_cap 8-0012: [aw9380x_read_init_over_irq:542] read init irq success!
03-23 02:02:49.788    10    10 I aw9380x_cap 8-0012: [aw9380x_read_init_over_irq:544] firmware version = 0x02000007
03-23 02:02:49.788    10    10 I boot_kpi: M - DRIVER GENI_I2C_8 Ready
03-23 02:02:49.788    10    10 I i2c_geni 880000.i2c: I2C probed
03-23 02:02:49.788    10    10 I boot_kpi: M - DRIVER GENI_SPI Init
03-23 02:02:49.789    10    10 I         : [matrix-leds] matrix_leds_spi_probe
03-23 02:02:49.789    10    10 I [matrix-leds] power_ctrl: power_on 1
03-23 02:02:49.815   132   132 E         : [NT_reserve_kernel_log] Get partition failed, retry count 187
03-23 02:02:49.851   132   132 E         : [NT_reserve_kernel_log] Get partition failed, retry count 186
03-23 02:02:49.887   132   132 E         : [NT_reserve_kernel_log] Get partition failed, retry count 185
03-23 02:02:49.923   132   132 E         : [NT_reserve_kernel_log] Get partition failed, retry count 184
03-23 02:02:49.959   132   132 E         : [NT_reserve_kernel_log] Get partition failed, retry count 183
03-23 02:02:49.995   132   132 E         : [NT_reserve_kernel_log] Get partition failed, retry count 182
03-23 02:02:50.031   132   132 E         : [NT_reserve_kernel_log] Get partition failed, retry count 181
