03-23 01:43:44.653    86    86 I wl28681 8-0061: wl28681 WL_LDO5 value is 0x11
03-23 01:43:44.653    86    86 I wl28681 8-0061: wl28681 WL_LDO6 value is 0x11
03-23 01:43:44.653    86    86 I wl28681 8-0035: RESET GPIO number is 534
03-23 01:43:44.653    11    11 I scsi 0  : 0:0:49488: Well-known LUN    SKhynix  HN8T174EJKX075   A304 PQ: 0 ANSI: 6
03-23 01:43:44.654    11    11 I ufs_device_wlun 0: 0:0:49488: Attached scsi generic sg0 type 30
03-23 01:43:44.654    11    11 I scsi 0  : 0:0:49476: Well-known LUN    SKhynix  HN8T174EJKX075   A304 PQ: 0 ANSI: 6
03-23 01:43:44.654    11    11 I sd 0    : 0:0:49476: Attached scsi generic sg1 type 30
03-23 01:43:44.654    11    11 I scsi 0  : 0:0:49456: Well-known LUN    SKhynix  HN8T174EJKX075   A304 PQ: 0 ANSI: 6
03-23 01:43:44.655    11    11 I sd 0    : 0:0:49456: Attached scsi generic sg2 type 30
03-23 01:43:44.655    11    11 I scsi 0  : 0:0:0: Direct-Access     SKhynix  HN8T174EJKX075   A304 PQ: 0 ANSI: 6
03-23 01:43:44.655    11    11 I scsi 0  : 0:0:1: Direct-Access     SKhynix  HN8T174EJKX075   A304 PQ: 0 ANSI: 6
03-23 01:43:44.655    11    11 I scsi 0  : 0:0:2: Direct-Access     SKhynix  HN8T174EJKX075   A304 PQ: 0 ANSI: 6
03-23 01:43:44.656    11    11 I scsi 0  : 0:0:3: Direct-Access     SKhynix  HN8T174EJKX075   A304 PQ: 0 ANSI: 6
03-23 01:43:44.656    11    11 I scsi 0  : 0:0:4: Direct-Access     SKhynix  HN8T174EJKX075   A304 PQ: 0 ANSI: 6
03-23 01:43:44.656   139   139 E         : [NT_reserve_kernel_log] Get partition failed, retry count 190
03-23 01:43:44.656    11    11 I scsi 0  : 0:0:5: Direct-Access     SKhynix  HN8T174EJKX075   A304 PQ: 0 ANSI: 6
03-23 01:43:44.657    11    11 I sd 0    : 0:0:0: Attached scsi generic sg3 type 0
03-23 01:43:44.657    11    11 I sd 0    : 0:0:1: Attached scsi generic sg4 type 0
03-23 01:43:44.657    11    11 I scsi 0  : 0:0:2: Attached scsi generic sg5 type 0
03-23 01:43:44.657    11    11 I scsi 0  : 0:0:3: Attached scsi generic sg6 type 0
03-23 01:43:44.657    10    10 I sd 0    : 0:0:0: [sda] 61521920 4096-byte logical blocks: (252 GB/235 GiB)
03-23 01:43:44.657    11    11 I scsi 0  : 0:0:4: Attached scsi generic sg7 type 0
03-23 01:43:44.657    10    10 I sd 0    : 0:0:0: [sda] Write Protect is off
03-23 01:43:44.657    10    10 D sd 0    : 0:0:0: [sda] Mode Sense: 00 32 00 10
03-23 01:43:44.657    89    89 I sd 0    : 0:0:1: [sdb] 5120 4096-byte logical blocks: (21.0 MB/20.0 MiB)
03-23 01:43:44.657    11    11 I scsi 0  : 0:0:5: Attached scsi generic sg8 type 0
03-23 01:43:44.657    10    10 I sd 0    : 0:0:0: [sda] Disabling FUA
03-23 01:43:44.657    10    10 I sd 0    : 0:0:0: [sda] Write cache: enabled, read cache: enabled, doesn't support DPO or FUA
03-23 01:43:44.657    10    10 I sd 0    : 0:0:0: [sda] Preferred minimum I/O size 4096 bytes
03-23 01:43:44.657    10    10 I sd 0    : 0:0:0: [sda] Optimal transfer size 524288 bytes
03-23 01:43:44.657    89    89 I sd 0    : 0:0:1: [sdb] Write Protect is off
03-23 01:43:44.657    89    89 D sd 0    : 0:0:1: [sdb] Mode Sense: 00 32 00 10
03-23 01:43:44.657   383   383 I sd 0    : 0:0:2: [sdc] 5120 4096-byte logical blocks: (21.0 MB/20.0 MiB)
03-23 01:43:44.657    11    11 I sd 0    : 0:0:4: [sdd] 917504 4096-byte logical blocks: (3.76 GB/3.50 GiB)
03-23 01:43:44.657   389   389 I sd 0    : 0:0:3: [sde] 8192 4096-byte logical blocks: (33.6 MB/32.0 MiB)
03-23 01:43:44.657    11    11 I sd 0    : 0:0:4: [sdd] Write Protect is off
03-23 01:43:44.657   383   383 I sd 0    : 0:0:2: [sdc] Write Protect is off
03-23 01:43:44.657    11    11 D sd 0    : 0:0:4: [sdd] Mode Sense: 00 32 00 10
03-23 01:43:44.657   383   383 D sd 0    : 0:0:2: [sdc] Mode Sense: 00 32 00 10
03-23 01:43:44.657    89    89 I sd 0    : 0:0:1: [sdb] Disabling FUA
03-23 01:43:44.657    89    89 I sd 0    : 0:0:1: [sdb] Write cache: disabled, read cache: enabled, doesn't support DPO or FUA
03-23 01:43:44.657   389   389 I sd 0    : 0:0:3: [sde] Write Protect is off
03-23 01:43:44.657   389   389 D sd 0    : 0:0:3: [sde] Mode Sense: 00 32 00 10
03-23 01:43:44.657    11    11 I sd 0    : 0:0:4: [sdd] Disabling FUA
03-23 01:43:44.657   390   390 I sd 0    : 0:0:5: [sdf] 8192 4096-byte logical blocks: (33.6 MB/32.0 MiB)
03-23 01:43:44.657    11    11 I sd 0    : 0:0:4: [sdd] Write cache: enabled, read cache: enabled, doesn't support DPO or FUA
03-23 01:43:44.657    89    89 I sd 0    : 0:0:1: [sdb] Preferred minimum I/O size 4096 bytes
03-23 01:43:44.657    89    89 I sd 0    : 0:0:1: [sdb] Optimal transfer size 524288 bytes
03-23 01:43:44.657    11    11 I sd 0    : 0:0:4: [sdd] Preferred minimum I/O size 4096 bytes
03-23 01:43:44.657    11    11 I sd 0    : 0:0:4: [sdd] Optimal transfer size 524288 bytes
03-23 01:43:44.657   389   389 I sd 0    : 0:0:3: [sde] Disabling FUA
03-23 01:43:44.657   389   389 I sd 0    : 0:0:3: [sde] Write cache: enabled, read cache: enabled, doesn't support DPO or FUA
03-23 01:43:44.657   389   389 I sd 0    : 0:0:3: [sde] Preferred minimum I/O size 4096 bytes
03-23 01:43:44.657   389   389 I sd 0    : 0:0:3: [sde] Optimal transfer size 524288 bytes
03-23 01:43:44.657   390   390 I sd 0    : 0:0:5: [sdf] Write Protect is off
03-23 01:43:44.657   390   390 D sd 0    : 0:0:5: [sdf] Mode Sense: 00 32 00 10
03-23 01:43:44.657   390   390 I sd 0    : 0:0:5: [sdf] Disabling FUA
03-23 01:43:44.657   390   390 I sd 0    : 0:0:5: [sdf] Write cache: enabled, read cache: enabled, doesn't support DPO or FUA
03-23 01:43:44.657   390   390 I sd 0    : 0:0:5: [sdf] Preferred minimum I/O size 4096 bytes
03-23 01:43:44.657   390   390 I sd 0    : 0:0:5: [sdf] Optimal transfer size 524288 bytes
03-23 01:43:44.658   383   383 I sd 0    : 0:0:2: [sdc] Disabling FUA
03-23 01:43:44.658   383   383 I sd 0    : 0:0:2: [sdc] Write cache: disabled, read cache: enabled, doesn't support DPO or FUA
03-23 01:43:44.658   383   383 I sd 0    : 0:0:2: [sdc] Preferred minimum I/O size 4096 bytes
03-23 01:43:44.658   383   383 I sd 0    : 0:0:2: [sdc] Optimal transfer size 524288 bytes
03-23 01:43:44.658    10    10 I sda     : sda1 sda2 sda3 sda4 sda5 sda6 sda7 sda8 sda9 sda10 sda11 sda12 sda13 sda14
03-23 01:43:44.659   389   389 I sde     : sde1 sde2 sde3
03-23 01:43:44.659   390   390 I sdf     : sdf1 sdf2 sdf3 sdf4 sdf5
03-23 01:43:44.659   389   389 I sd 0    : 0:0:3: [sde] Attached SCSI disk
03-23 01:43:44.659   390   390 I sd 0    : 0:0:5: [sdf] Attached SCSI disk
03-23 01:43:44.659    10    10 I sd 0    : 0:0:0: [sda] Attached SCSI disk
03-23 01:43:44.659    89    89 I sdb     : sdb1 sdb2 sdb3 sdb4 sdb5
03-23 01:43:44.659    89    89 I sd 0    : 0:0:1: [sdb] Attached SCSI disk
03-23 01:43:44.659    11    11 I sdd     : sdd1 sdd2 sdd3 sdd4 sdd5 sdd6 sdd7 sdd8 sdd9 sdd10 sdd11 sdd12 sdd13 sdd14 sdd15 sdd16 sdd17 sdd18 sdd19 sdd20 sdd21 sdd22 sdd23 sdd24 sdd25 sdd26 sdd27 sdd28 sdd29 sdd30 sdd31 sdd32 sdd33 sdd34 sdd35 sdd36 sdd37 sdd38 sdd39 sdd40 sdd41 sdd42 sdd43 sdd44 sdd45 sdd46 sdd47 sdd48 sdd49 sdd50 sdd51 sdd52 sdd53 sdd54 sdd55 sdd56 sdd57 sdd58 sdd59 sdd60 sdd61 sdd62 sdd63 sdd64 sdd65 sdd66 sdd67 sdd68 sdd69 sdd70 sdd71 sdd72 sdd73 sdd74 sdd75 sdd76 sdd77 sdd78 sdd79 sdd80 sdd81 sdd82 sdd83
03-23 01:43:44.659   383   383 I sdc     : sdc1 sdc2 sdc3 sdc4 sdc5
03-23 01:43:44.659   383   383 I sd 0    : 0:0:2: [sdc] Attached SCSI disk
03-23 01:43:44.660    11    11 I sd 0    : 0:0:4: [sdd] Attached SCSI disk
03-23 01:43:44.661     1     1 I init    : Wait for partitions returned after 27ms
03-23 01:43:44.664     1     1 I init    : [libfs_avb] Returning avb_handle with status: VerificationError
03-23 01:43:44.664     1     1 I init    : init first stage completed!
03-23 01:43:44.664     1     1 I KernelSU: /system/bin/init argc: 2
03-23 01:43:44.664     1     1 I KernelSU: /system/bin/init first arg: selinux_setup
03-23 01:43:44.672     1     1 W init    : [libfs_mgr]Warning: unknown flag: sync
03-23 01:43:44.672     1     1 W init    : DM_DEV_STATUS failed for system_ext_a: No such device or address
03-23 01:43:44.672     1     1 E init    : Could not update logical partition
03-23 01:43:44.672     1     1 W init    : DM_DEV_STATUS failed for product_a: No such device or address
03-23 01:43:44.672     1     1 E init    : Could not update logical partition
03-23 01:43:44.672     1     1 I init    : Opening SELinux policy
03-23 01:43:44.673     1     1 I init    : Loading SELinux policy
03-23 01:43:44.675     1     1 I SELinux : Permission nlmsg_getneigh in class netlink_route_socket not defined in policy.
03-23 01:43:44.675     1     1 I SELinux : Permission bpf in class capability2 not defined in policy.
03-23 01:43:44.675     1     1 I SELinux : Permission checkpoint_restore in class capability2 not defined in policy.
03-23 01:43:44.675     1     1 I SELinux : Permission bpf in class cap2_userns not defined in policy.
03-23 01:43:44.675     1     1 I SELinux : Permission checkpoint_restore in class cap2_userns not defined in policy.
03-23 01:43:44.675     1     1 I SELinux : Class mctp_socket not defined in policy.
03-23 01:43:44.675     1     1 I SELinux : Class io_uring not defined in policy.
03-23 01:43:44.675     1     1 I SELinux : Class user_namespace not defined in policy.
03-23 01:43:44.675     1     1 I SELinux : the above unknown classes and permissions will be denied
03-23 01:43:44.676     1     1 I SELinux : policy capability network_peer_controls=1
03-23 01:43:44.676     1     1 I SELinux : policy capability open_perms=1
03-23 01:43:44.676     1     1 I SELinux : policy capability extended_socket_class=1
03-23 01:43:44.676     1     1 I SELinux : policy capability always_check_network=0
03-23 01:43:44.676     1     1 I SELinux : policy capability cgroup_seclabel=0
03-23 01:43:44.676     1     1 I SELinux : policy capability nnp_nosuid_transition=1
03-23 01:43:44.676     1     1 I SELinux : policy capability genfs_seclabel_symlinks=0
03-23 01:43:44.676     1     1 I SELinux : policy capability ioctl_skip_cloexec=0
03-23 01:43:44.687    86    86 I WL_L1M  : Bringing 0uV into 1000000-1000000uV
03-23 01:43:44.688    86    86 I WL_L2M  : Bringing 0uV into 1000000-1000000uV
03-23 01:43:44.689    86    86 I WL_L3M  : Bringing 0uV into 1500000-1500000uV
03-23 01:43:44.690    86    86 I WL_L4M  : Bringing 0uV into 1500000-1500000uV
03-23 01:43:44.691    86    86 I WL_L5M  : Bringing 0uV into 1500000-1500000uV
03-23 01:43:44.692   139   139 E         : [NT_reserve_kernel_log] Get partition: nt_uefi
03-23 01:43:44.693    86    86 I WL_L6M  : Bringing 0uV into 1500000-1500000uV
03-23 01:43:44.693   139   139 E         : [NT_reserve_kernel_log] Get partition: nt_kmsg
03-23 01:43:44.693   139   139 E         : [NT_reserve_kernel_log] Match magic NOTING_RKL_V0
03-23 01:43:44.693   139   139 E         : [NT_reserve_kernel_log] boot_count is 106 bootloader_count is 126
03-23 01:43:44.693   139   139 E         : [NT_reserve_kernel_log] write_back_kernel_boot_log start!
03-23 01:43:44.694    86    86 I WL_L7M  : Bringing 0uV into 1500000-1500000uV
03-23 01:43:44.695    86    86 I wl28681 8-0035: WL28681_UVP_INT_MASK = 0 ret = 0
03-23 01:43:44.695    86    86 I wl28681 8-0035: WL28681_OCP_INT_MASK = 0 ret = 0
03-23 01:43:44.696    86    86 I wl28681 8-0035: WL28681_TSD_UVLO_INT_MASK = 0 ret = 0
03-23 01:43:44.696    86    86 I wl28681 8-0035: wl28681 WL_LDO0 value is 0x7c
03-23 01:43:44.696    86    86 I wl28681 8-0035: wl28681 WL_LDO1 value is 0x7c
03-23 01:43:44.696    86    86 I wl28681 8-0035: wl28681 WL_LDO2 value is 0x11
03-23 01:43:44.696    86    86 I wl28681 8-0035: wl28681 WL_LDO3 value is 0x11
03-23 01:43:44.696    86    86 I wl28681 8-0035: wl28681 WL_LDO4 value is 0x11
03-23 01:43:44.697    86    86 I wl28681 8-0035: wl28681 WL_LDO5 value is 0x11
03-23 01:43:44.697    86    86 I wl28681 8-0035: wl28681 WL_LDO6 value is 0x11
03-23 01:43:44.697    86    86 I         : aw9380x probe entry
03-23 01:43:44.697    86    86 I aw9380x_cap 8-0012: [aw9380x_regulator_power:960] regulator-power-supply = <1>
03-23 01:43:44.697    86    86 I aw9380x_cap 8-0012: [aw9380x_regulator_power_init:894] aw9380x power init enter
03-23 01:43:44.872   409   409 E hwservicemanager: getDeviceHalManifest: status from fetching VINTF information: -2147483648
03-23 01:43:44.872   409   409 E hwservicemanager: getDeviceHalManifest: -2147483648 VINTF parse error: Cannot add manifest fragment /vendor/etc/vintf/manifest/android.hardware.security.keymint-service-qti.xml: HAL "android.hardware.health" has a conflict: Conflicting major version: 2.1 (from /vendor/etc/vintf/manifest/vendor.qti.hardware.vibrator.service.xml) vs. 2.1 (from /vendor/etc/vintf/manifest/android.hardware.security.keymint-service-qti.xml). Check whether or not multiple modules providing the same HAL are installed.
03-23 01:43:44.691   407   407 W auditd  : type=1403 audit(0.0:2): auid=4294967295 ses=4294967295 lsm=selinux res=1
03-23 01:43:44.697    86    86 I aw9380x_cap 8-0012: [aw9380x_power_enable:923] aw9380x power enable enter
03-23 01:43:44.691   407   407 W auditd  : type=1404 audit(0.0:3): enforcing=1 old_enforcing=0 auid=4294967295 ses=4294967295 enabled=1 old-enabled=1 lsm=selinux res=1
03-23 01:43:44.872   409   409 W hwservicemanager: Cannot fetch device manifest to determine target FCM version to filter framework manifest HALs.
03-23 01:43:44.698     1     1 I selinux : SELinux: Loaded file_contexts
03-23 01:43:44.872   409   409 I hwservicemanager: getFrameworkHalManifest: Successfully processed VINTF information
03-23 01:43:44.698     1     1 I selinux :  
03-23 01:43:44.698     1     1 I KernelSU: /system/bin/init argc: 2
03-23 01:43:44.698     1     1 I KernelSU: /system/bin/init first arg: second_stage
03-23 01:43:44.698     1     1 I KernelSU: /system/bin/init second_stage executed
03-23 01:43:44.715     1     1 I init    : init second stage started!
03-23 01:43:44.720     1     1 I init    : Using Android DT directory /proc/device-tree/firmware/android/
03-23 01:43:44.720    86    86 E aw9380x_cap 8-0012: [aw9380x_regulator_is_get_voltage:266] aw9380x voltage is : 3000000 uv
03-23 01:43:44.720    86    86 I aw9380x_cap 8-0012: [aw9380x_parse_dts:1047] cap num = 0
03-23 01:43:44.720    86    86 I aw9380x_cap 8-0012: [aw9380x_parse_dts:1060] irq gpio provided ok.
03-23 01:43:44.720    86    86 I aw9380x_cap 8-0012: [aw9380x_parse_dts:1064] channel_use_flag = 0x1fff
03-23 01:43:44.872   409   409 E SELinux : avc:  denied  { add } for interface=android.hidl.token::ITokenManager sid=u:r:recovery:s0 pid=409 scontext=u:r:recovery:s0 tcontext=u:object_r:hidl_token_hwservice:s0 tclass=hwservice_manager permissive=1
03-23 01:43:44.720    86    86 I aw9380x_cap 8-0012: [aw9380x_parse_dts:1072] aw_cap,use_inter_pull_up = <0>
03-23 01:43:44.720    86    86 I aw9380x_cap 8-0012: [aw9380x_parse_dts:1076] aw_cap, using_pm_ops = <0>
03-23 01:43:44.720    86    86 E aw9380x_cap 8-0012: [aw9380x_create_node:3693] enter
03-23 01:43:44.720    86    86 I aw9380x_cap 8-0012: [aw9380x_create_sysclass_group_register:3658] sysfs_class have be created
03-23 01:43:44.720    86    86 I aw9380x_cap 8-0012: [aw9380x_create_sysclass_group_register:3670] sysfs_dev have be created
03-23 01:43:44.720    86    86 I aw9380x_cap 8-0012: [aw9380x_create_sysclass_group_register:3683] sysfs_create have be created
03-23 01:43:44.720     1     1 W init    : Overriding previous property 'persist.sys.usb.config':'adb' with new value 'none'
03-23 01:43:44.721     1     1 W init    : Overriding previous property 'ro.bootimage.build.date.utc':'1766161146' with new value '1763377771'
03-23 01:43:44.721     1     1 W init    : Couldn't load property file '/system/build.prop': open() failed: No such file or directory: No such file or directory
03-23 01:43:44.721     1     1 W init    : Couldn't load property file '/system_ext/etc/build.prop': open() failed: No such file or directory: No such file or directory
03-23 01:43:44.721     1     1 W init    : Couldn't load property file '/system_ext/default.prop': open() failed: No such file or directory: No such file or directory
03-23 01:43:44.721     1     1 W init    : Couldn't load property file '/system_ext/build.prop': open() failed: No such file or directory: No such file or directory
03-23 01:43:44.721     1     1 W init    : Couldn't load property file '/system_ext/default.prop': open() failed: No such file or directory: No such file or directory
03-23 01:43:44.721     1     1 W init    : Couldn't load property file '/system_ext/build.prop': open() failed: No such file or directory: No such file or directory
03-23 01:43:44.721     1     1 W init    : Couldn't load property file '/vendor/default.prop': open() failed: No such file or directory: No such file or directory
03-23 01:43:44.721     1     1 W init    : Couldn't load property file '/vendor/build.prop': open() failed: No such file or directory: No such file or directory
03-23 01:43:44.721     1     1 W init    : Couldn't load property file '/vendor_dlkm/etc/build.prop': open() failed: No such file or directory: No such file or directory
03-23 01:43:44.721     1     1 W init    : Couldn't load property file '/odm_dlkm/etc/build.prop': open() failed: No such file or directory: No such file or directory
03-23 01:43:44.721     1     1 W init    : Couldn't load property file '/odm/etc/build.prop': open() failed: No such file or directory: No such file or directory
03-23 01:43:44.721     1     1 W init    : Couldn't load property file '/odm/default.prop': open() failed: No such file or directory: No such file or directory
03-23 01:43:44.721     1     1 W init    : Couldn't load property file '/odm/build.prop': open() failed: No such file or directory: No such file or directory
03-23 01:43:44.721     1     1 W init    : Couldn't load property file '/odm/default.prop': open() failed: No such file or directory: No such file or directory
03-23 01:43:44.721    86    86 I aw9380x_cap 8-0012: [aw9380x_irq_init:4179] IRQ request successfully!
03-23 01:43:44.721     1     1 W init    : Couldn't load property file '/odm/build.prop': open() failed: No such file or directory: No such file or directory
03-23 01:43:44.721    86    86 I aw9380x_cap 8-0012: [aw9380x_irq_init:4188] disable_irq
03-23 01:43:44.721     1     1 W init    : Couldn't load property file '/product/etc/build.prop': open() failed: No such file or directory: No such file or directory
03-23 01:43:44.721     1     1 W init    : Couldn't load property file '/product/default.prop': open() failed: No such file or directory: No such file or directory
03-23 01:43:44.721    86    86 I aw9380x_cap 8-0012: [aw9380x_irq_init:4192] irq init success!
03-23 01:43:44.721     1     1 W init    : Couldn't load property file '/product/build.prop': open() failed: No such file or directory: No such file or directory
03-23 01:43:44.721     1     1 W init    : Couldn't load property file '/product/default.prop': open() failed: No such file or directory: No such file or directory
03-23 01:43:44.721     1     1 W init    : Couldn't load property file '/product/build.prop': open() failed: No such file or directory: No such file or directory
03-23 01:43:44.721    86    86 I input   : aw9380x_0_ch0 as /devices/platform/soc/8c0000.qcom,qupv3_2_geni_se/880000.i2c/i2c-8/8-0012/input/input5
03-23 01:43:44.721    86    86 I input   : aw9380x_0_ch1 as /devices/platform/soc/8c0000.qcom,qupv3_2_geni_se/880000.i2c/i2c-8/8-0012/input/input6
03-23 01:43:44.721    86    86 I input   : aw9380x_0_ch2 as /devices/platform/soc/8c0000.qcom,qupv3_2_geni_se/880000.i2c/i2c-8/8-0012/input/input7
03-23 01:43:44.721    86    86 I input   : aw9380x_0_ch3 as /devices/platform/soc/8c0000.qcom,qupv3_2_geni_se/880000.i2c/i2c-8/8-0012/input/input8
03-23 01:43:44.721    86    86 I input   : aw9380x_0_ch4 as /devices/platform/soc/8c0000.qcom,qupv3_2_geni_se/880000.i2c/i2c-8/8-0012/input/input9
03-23 01:43:44.721     1     1 I init    : Setting product property ro.product.brand to 'nothing' (from ro.product.product.brand)
03-23 01:43:44.721     1     1 I init    : Setting product property ro.product.device to 'Metroid' (from ro.product.product.device)
03-23 01:43:44.721     1     1 I init    : Setting product property ro.product.manufacturer to 'nothing' (from ro.product.product.manufacturer)
03-23 01:43:44.721    86    86 I input   : aw9380x_0_ch5 as /devices/platform/soc/8c0000.qcom,qupv3_2_geni_se/880000.i2c/i2c-8/8-0012/input/input10
03-23 01:43:44.721     1     1 I init    : Setting product property ro.product.model to 'NOTHING_Metroid' (from ro.product.product.model)
03-23 01:43:44.721     1     1 I init    : Setting product property ro.product.name to 'fox_Metroid' (from ro.product.product.name)
03-23 01:43:44.721     1     1 I init    : Setting property 'ro.build.fingerprint' to 'nothing/fox_Metroid/Metroid:99.87.36/SP2A.220405.004/eng.user.20251219.144101:eng/test-keys'
03-23 01:43:44.721     1     1 I init    : Setting property 'ro.product.cpu.abilist' to 'arm64-v8a'
03-23 01:43:44.721     1     1 I init    : Setting property 'ro.product.cpu.abilist32' to ''
03-23 01:43:44.721     1     1 I init    : Setting property 'ro.product.cpu.abilist64' to 'arm64-v8a'
03-23 01:43:44.721    86    86 I input   : aw9380x_0_ch6 as /devices/platform/soc/8c0000.qcom,qupv3_2_geni_se/880000.i2c/i2c-8/8-0012/input/input11
03-23 01:43:44.721    86    86 I input   : aw9380x_0_ch7 as /devices/platform/soc/8c0000.qcom,qupv3_2_geni_se/880000.i2c/i2c-8/8-0012/input/input12
03-23 01:43:44.721    86    86 I input   : aw9380x_0_ch8 as /devices/platform/soc/8c0000.qcom,qupv3_2_geni_se/880000.i2c/i2c-8/8-0012/input/input13
03-23 01:43:44.721    86    86 I input   : aw9380x_0_ch9 as /devices/platform/soc/8c0000.qcom,qupv3_2_geni_se/880000.i2c/i2c-8/8-0012/input/input14
03-23 01:43:44.721    86    86 I input   : aw9380x_0_ch10 as /devices/platform/soc/8c0000.qcom,qupv3_2_geni_se/880000.i2c/i2c-8/8-0012/input/input15
03-23 01:43:44.721    86    86 I input   : aw9380x_0_ch11 as /devices/platform/soc/8c0000.qcom,qupv3_2_geni_se/880000.i2c/i2c-8/8-0012/input/input16
03-23 01:43:44.721    86    86 I input   : aw9380x_0_wear as /devices/platform/soc/8c0000.qcom,qupv3_2_geni_se/880000.i2c/i2c-8/8-0012/input/input17
03-23 01:43:44.721     1     1 I selinux : SELinux: Loaded file_contexts
03-23 01:43:44.721     1     1 I selinux :  
03-23 01:43:44.721     1     1 I init    : Running restorecon...
03-23 01:43:44.721    86    86 I aw9380x_cap 8-0012: [aw9380x_check_chipid:1100] AW93804 detected 0xa9331010
03-23 01:43:44.723     1     1 E selinux : SELinux: Could not get canonical path for /metadata/ota/rollback-indicator restorecon: No such file or directory.
03-23 01:43:44.723     1     1 E selinux :  
03-23 01:43:44.723     1     1 E selinux : SELinux:  Could not stat /metadata/gsi: No such file or directory.
03-23 01:43:44.723     1     1 E selinux :  
03-23 01:43:44.723     1     1 I init    : Created socket '/dev/socket/property_service', mode 666, user 0, group 0
03-23 01:43:44.724     1     1 I init    : SetupMountNamespaces done
03-23 01:43:44.724     1     1 I init    : Forked subcontext for 'u:r:vendor_init:s0' with pid 394
03-23 01:43:44.724     1     1 I init    : Parsing file /system/etc/init/hw/init.rc...
03-23 01:43:44.724     1     1 I init    : Added '/init.recovery.logd.rc' to import list
03-23 01:43:44.724     1     1 I init    : Added '/init.recovery.ldconfig.rc' to import list
03-23 01:43:44.724     1     1 I init    : Added '/init.recovery.mksh.rc' to import list
03-23 01:43:44.724     1     1 I init    : Added '/init.recovery.usb.rc' to import list
03-23 01:43:44.724     1     1 I init    : Added '/init.recovery.service.rc' to import list
03-23 01:43:44.724     1     1 I init    : Added '/init.recovery.qcom.rc' to import list
03-23 01:43:44.725   394   394 I KernelSU: hook_manager: unmark 394 exec /system/bin/init
03-23 01:43:44.725   394   394 I KernelSU: /system/bin/init argc: 4
03-23 01:43:44.725     1     1 I init    : Parsing file /init.recovery.logd.rc...
03-23 01:43:44.725     1     1 I init    : Parsing file /init.recovery.ldconfig.rc...
03-23 01:43:44.725     1     1 I init    : Parsing file /init.recovery.mksh.rc...
03-23 01:43:44.725     1     1 I init    : Unable to read config file '/init.recovery.mksh.rc': open() failed: No such file or directory
03-23 01:43:44.725     1     1 I init    : Parsing file /init.recovery.usb.rc...
03-23 01:43:44.725     1     1 I init    : Parsing file /init.recovery.service.rc...
03-23 01:43:44.725     1     1 I init    : Parsing file /init.recovery.qcom.rc...
03-23 01:43:44.725     1     1 I init    : Added '/init.recovery.qcom_decrypt.rc' to import list
03-23 01:43:44.725     1     1 I init    : Parsing file /init.recovery.qcom_decrypt.rc...
03-23 01:43:44.725     1     1 I init    : Added '/init.recovery.services.qcom_decrypt.rc' to import list
03-23 01:43:44.725     1     1 I init    : Added '/init.recovery.qcom_decrypt.fbe.rc' to import list
03-23 01:43:44.725     1     1 I init    : Parsing file /init.recovery.services.qcom_decrypt.rc...
03-23 01:43:44.725     1     1 I init    : Unable to read config file '/init.recovery.services.qcom_decrypt.rc': open() failed: No such file or directory
03-23 01:43:44.725     1     1 I init    : Parsing file /init.recovery.qcom_decrypt.fbe.rc...
03-23 01:43:44.725     1     1 I init    : Added '/init.recovery.services.qcom_decrypt.fbe.rc' to import list
03-23 01:43:44.725     1     1 I init    : Parsing file /init.recovery.services.qcom_decrypt.fbe.rc...
03-23 01:43:44.725     1     1 I init    : Unable to read config file '/init.recovery.services.qcom_decrypt.fbe.rc': open() failed: No such file or directory
03-23 01:43:44.725     1     1 I init    : Parsing directory /system/etc/init...
03-23 01:43:44.725     1     1 I init    : Parsing file /system/etc/init/android.hardware.boot@1.0-service.rc...
03-23 01:43:44.725     1     1 I init    : Parsing file /system/etc/init/android.hardware.boot@1.1-service.rc...
03-23 01:43:44.725     1     1 I init    : Parsing file /system/etc/init/android.hardware.boot@1.2-service.rc...
03-23 01:43:44.725     1     1 I init    : Parsing file /system/etc/init/android.hardware.health@2.0-service.rc...
03-23 01:43:44.725     1     1 I init    : Parsing file /system/etc/init/android.hardware.health@2.1-service.rc...
03-23 01:43:44.725     1     1 I init    : Parsing file /system/etc/init/hwservicemanager.rc...
03-23 01:43:44.725     1     1 I init    : Parsing file /system/etc/init/keystore2.rc...
03-23 01:43:44.725     1     1 I init    : Parsing file /system/etc/init/lpdumpd.rc...
03-23 01:43:44.725     1     1 I init    : Parsing file /system/etc/init/servicemanager.rc...
03-23 01:43:44.725     1     1 I init    : Parsing file /system/etc/init/snapuserd.rc...
03-23 01:43:44.725     1     1 I init    : Parsing file /system/etc/init/vendor.qti.hardware.vibrator.service.rc...
03-23 01:43:44.725     1     1 I init    : Parsing file /system/etc/init/vndservicemanager.rc...
03-23 01:43:44.725     1     1 I init    : Parsing file /system_ext/etc/init...
03-23 01:43:44.725     1     1 I init    : Unable to read config file '/system_ext/etc/init': open() failed: No such file or directory
03-23 01:43:44.725     1     1 I init    : Parsing directory /vendor/etc/init...
03-23 01:43:44.725     1     1 I init    : Parsing file /vendor/etc/init/android.hardware.security.keymint-service-qti.rc...
03-23 01:43:44.725     1     1 I init    : Parsing file /odm/etc/init...
03-23 01:43:44.725     1     1 I init    : Unable to read config file '/odm/etc/init': open() failed: No such file or directory
03-23 01:43:44.725     1     1 I init    : Parsing file /product/etc/init...
03-23 01:43:44.725     1     1 I init    : Unable to read config file '/product/etc/init': open() failed: No such file or directory
03-23 01:43:44.725     1     1 I init    : processing action (SetupCgroups) from (<Builtin Action>:0)
03-23 01:43:44.726     1     1 E cgroup  : Unknown subsys name 'schedtune'
03-23 01:43:44.726     1     1 E libprocessgroup: Failed to mount schedtune cgroup: Invalid argument
03-23 01:43:44.726     1     1 W libprocessgroup: Failed to setup schedtune cgroup
03-23 01:43:44.726     1     1 I init    : processing action (SetKptrRestrict) from (<Builtin Action>:0)
03-23 01:43:44.726     1     1 I init    : processing action (TestPerfEventSelinux) from (<Builtin Action>:0)
03-23 01:43:44.726     1     1 I init    : processing action (early-init) from (/system/etc/init/hw/init.rc:8)
03-23 01:43:44.726     1     1 I init    : Command 'mount cgroup none /acct cpuacct' action=early-init (/system/etc/init/hw/init.rc:13) took 0ms and failed: mount() failed: Device or resource busy
03-23 01:43:44.726     1     1 I init    : starting service 'ueventd'...
03-23 01:43:44.727   395   395 I KernelSU: hook_manager: unmark 395 exec /system/bin/ueventd
03-23 01:43:44.727     1     1 I init    : processing action (wait_for_coldboot_done) from (<Builtin Action>:0)
03-23 01:43:44.731   395   395 I ueventd : type=1400 audit(0.0:4): avc: denied { sys_nice } for capability=23 scontext=u:r:ueventd:s0 tcontext=u:r:ueventd:s0 tclass=capability permissive=1
03-23 01:43:44.737   395   395 I ueventd : ueventd started!
03-23 01:43:44.738   395   395 I selinux : SELinux: Loaded file_contexts
03-23 01:43:44.738   395   395 I selinux :  
03-23 01:43:44.738   395   395 I ueventd : Parsing file /system/etc/ueventd.rc...
03-23 01:43:44.738   395   395 I ueventd : Added '/vendor/etc/ueventd.rc' to import list
03-23 01:43:44.738   395   395 I ueventd : Added '/odm/etc/ueventd.rc' to import list
03-23 01:43:44.738   395   395 I ueventd : Parsing file /vendor/etc/ueventd.rc...
03-23 01:43:44.738   395   395 I ueventd : Added '/vendor/etc/ueventd.qcom.userdebug.rc' to import list
03-23 01:43:44.738   395   395 E ueventd : /vendor/etc/ueventd.rc: 71: ignoring duplicate subsystem entry
03-23 01:43:44.872   409   409 I hwservicemanager: hwservicemanager is ready now.
03-23 01:43:44.873   408   408 E cutils-trace: Error opening trace file: No such file or directory (2)
03-23 01:43:44.738   395   395 E ueventd : /vendor/etc/ueventd.rc: 245: /sys/ lines must have 5 or 6 entries
03-23 01:43:44.873   409   409 E cutils-trace: Error opening trace file: No such file or directory (2)
03-23 01:43:44.738   395   395 E ueventd : /vendor/etc/ueventd.rc: 432: /sys/ lines must have 5 or 6 entries
03-23 01:43:44.738   395   395 E ueventd : /vendor/etc/ueventd.rc: 433: /sys/ lines must have 5 or 6 entries
03-23 01:43:44.873   409   409 I hwservicemanager: getDeviceHalManifest: Reading VINTF information.
03-23 01:43:44.738   395   395 E ueventd : /vendor/etc/ueventd.rc: 548: Invalid section keyword found
03-23 01:43:44.738   395   395 I ueventd : Parsing file /vendor/etc/ueventd.qcom.userdebug.rc...
03-23 01:43:44.738   395   395 I ueventd : Unable to read config file '/vendor/etc/ueventd.qcom.userdebug.rc': open() failed: No such file or directory
03-23 01:43:44.738   395   395 I ueventd : Parsing file /odm/etc/ueventd.rc...
03-23 01:43:44.738   395   395 I ueventd : Unable to read config file '/odm/etc/ueventd.rc': open() failed: No such file or directory
03-23 01:43:44.738   395   395 I ueventd : Parsing file /vendor/ueventd.rc...
03-23 01:43:44.738   395   395 I ueventd : Unable to read config file '/vendor/ueventd.rc': open() failed: No such file or directory
03-23 01:43:44.738   395   395 I ueventd : Parsing file /odm/ueventd.rc...
03-23 01:43:44.738   395   395 I ueventd : Unable to read config file '/odm/ueventd.rc': open() failed: No such file or directory
03-23 01:43:44.738   395   395 I ueventd : Parsing file /ueventd.qcom.rc...
03-23 01:43:44.738   395   395 I ueventd : Unable to read config file '/ueventd.qcom.rc': open() failed: No such file or directory
03-23 01:43:44.757    86    86 I aw9380x_cap 8-0012: [aw9380x_read_init_over_irq:542] read init irq success!
03-23 01:43:44.757    86    86 I aw9380x_cap 8-0012: [aw9380x_read_init_over_irq:544] firmware version = 0x02000007
03-23 01:43:44.757    86    86 I boot_kpi: M - DRIVER GENI_I2C_8 Ready
03-23 01:43:44.757    86    86 I i2c_geni 880000.i2c: I2C probed
03-23 01:43:44.757    86    86 I boot_kpi: M - DRIVER GENI_SPI Init
03-23 01:43:44.758    86    86 I         : [matrix-leds] matrix_leds_spi_probe
03-23 01:43:44.758    86    86 I [matrix-leds] power_ctrl: power_on 1
03-23 01:43:44.845   393   393 I init    : Wait for property 'ro.cold_boot_done=true' took 117ms
03-23 01:43:44.845   395   395 I ueventd : Coldboot took 0.106 seconds
03-23 01:43:44.845     1     1 I init    : processing action (SetMmapRndBits) from (<Builtin Action>:0)
03-23 01:43:44.845     1     1 I init    : processing action (KeychordInit) from (<Builtin Action>:0)
03-23 01:43:44.845     1     1 I init    : processing action (init) from (/system/etc/init/hw/init.rc:23)
03-23 01:43:44.845     1     1 I init    : Command 'symlink /system/bin /bin' action=init (/system/etc/init/hw/init.rc:35) took 0ms and failed: symlink() failed: File exists
03-23 01:43:44.845     1     1 I init    : Command 'symlink /system/etc /etc' action=init (/system/etc/init/hw/init.rc:36) took 0ms and failed: symlink() failed: File exists
03-23 01:43:44.845     1     1 I init    : Command 'mount cgroup none /acct cpuacct' action=init (/system/etc/init/hw/init.rc:38) took 0ms and failed: mount() failed: Device or resource busy
03-23 01:43:44.846     1     1 I init    : processing action (init) from (/init.recovery.logd.rc:1)
03-23 01:43:44.846     1     1 I init    : starting service 'logd'...
03-23 01:43:44.846     1     1 I init    : Created socket '/dev/socket/logdr', mode 666, user 0, group 0
03-23 01:43:44.846     1     1 I init    : Created socket '/dev/socket/logdw', mode 222, user 0, group 0
03-23 01:43:44.846     1     1 I init    : Opened file '/proc/kmsg', flags 0
03-23 01:43:44.846     1     1 I init    : Opened file '/dev/kmsg', flags 1
03-23 01:43:44.847   407   407 I KernelSU: hook_manager: unmark 407 exec /system/bin/logd
03-23 01:43:44.847     1     1 I init    : processing action (init) from (/init.recovery.qcom.rc:30)
03-23 01:43:44.839   407   407 I init    : type=1400 audit(0.0:5): avc: denied { entrypoint } for path="/system/bin/logd" dev="rootfs" ino=636 scontext=u:r:logd:s0 tcontext=u:object_r:rootfs:s0 tclass=file permissive=1
03-23 01:43:44.847     1     1 I init    : starting service 'boot-hal-1-2'...
03-23 01:43:44.848   408   408 I KernelSU: hook_manager: unmark 408 exec /system/bin/android.hardware.boot@1.2-service
03-23 01:43:44.839   407   407 I logd    : type=1400 audit(0.0:6): avc: denied { map } for path="/system/bin/logd" dev="rootfs" ino=636 scontext=u:r:logd:s0 tcontext=u:object_r:rootfs:s0 tclass=file permissive=1
03-23 01:43:44.839   407   407 I logd    : type=1400 audit(0.0:7): avc: denied { read } for path="/system/bin/logd" dev="rootfs" ino=636 scontext=u:r:logd:s0 tcontext=u:object_r:rootfs:s0 tclass=file permissive=1
03-23 01:43:44.839   407   407 I logd    : type=1400 audit(0.0:8): avc: denied { execute } for path="/system/bin/logd" dev="rootfs" ino=636 scontext=u:r:logd:s0 tcontext=u:object_r:rootfs:s0 tclass=file permissive=1
03-23 01:43:44.848     1     1 I init    : processing action (init) from (/system/etc/init/hwservicemanager.rc:1)
03-23 01:43:44.848     1     1 I init    : starting service 'hwservicemanager'...
03-23 01:43:44.849   409   409 I KernelSU: hook_manager: unmark 409 exec /system/bin/hwservicemanager
03-23 01:43:44.843   407   407 I logd    : type=1400 audit(0.0:9): avc: denied { getattr } for path="/system/bin/logd" dev="rootfs" ino=636 scontext=u:r:logd:s0 tcontext=u:object_r:rootfs:s0 tclass=file permissive=1
03-23 01:43:44.849     1     1 I init    : processing action (init) from (/system/etc/init/servicemanager.rc:1)
03-23 01:43:44.849     1     1 I init    : starting service 'servicemanager'...
03-23 01:43:44.843   407   407 I logd    : type=1400 audit(0.0:10): avc: denied { read } for name="bin" dev="rootfs" ino=527 scontext=u:r:logd:s0 tcontext=u:object_r:rootfs:s0 tclass=dir permissive=1
03-23 01:43:44.849   410   410 I KernelSU: hook_manager: unmark 410 exec /system/bin/servicemanager
03-23 01:43:44.849     1     1 I init    : processing action (init) from (/system/etc/init/vndservicemanager.rc:1)
03-23 01:43:44.849     1     1 I init    : starting service 'vndservicemanager'...
03-23 01:43:44.850   411   411 E init    : failed to write pid to files: couldn't write 411 to /dev/cpuset/system-background/tasks: No such file or directory
03-23 01:43:44.850     1     1 I init    : processing action (init) from (/vendor/etc/init/android.hardware.security.keymint-service-qti.rc:5)
03-23 01:43:44.850   411   411 I KernelSU: hook_manager: unmark 411 exec /system/bin/vndservicemanager
03-23 01:43:44.850     1     1 I init    : processing action (late-init) from (/system/etc/init/hw/init.rc:82)
03-23 01:43:44.850     1     1 I init    : processing action (late-init) from (/system/etc/init/keystore2.rc:9)
03-23 01:43:44.850     1     1 I init    : starting service 'keystore2'...
03-23 01:43:44.851     1     1 I init    : processing action (queue_property_triggers) from (<Builtin Action>:0)
03-23 01:43:44.851     1     1 I init    : processing action (early-fs) from (/init.recovery.usb.rc:28)
03-23 01:43:44.851     1     1 I init    : processing action (ro.debuggable=1 && fs) from (/system/etc/init/hw/init.rc:115)
03-23 01:43:44.851     1     1 I init    : processing action (sys.usb.configfs=0 && fs) from (/system/etc/init/hw/init.rc:140)
03-23 01:43:44.851     1     1 I init    : processing action (fs) from (/system/etc/init/hw/init.rc:147)
03-23 01:43:44.851     1     1 W         : request_module fs-functionfs succeeded, but still no fs?
03-23 01:43:44.851     1     1 I init    : Command 'mount functionfs adb /dev/usb-ffs/adb uid=2000,gid=2000' action=fs (/system/etc/init/hw/init.rc:151) took 0ms and failed: mount() failed: No such device
03-23 01:43:44.852     1     1 I init    : Command 'mount functionfs fastboot /dev/usb-ffs/fastboot rmode=0770,fmode=0660,uid=1000,gid=1000' action=fs (/system/etc/init/hw/init.rc:153) took 0ms and failed: mount() failed: No such device
03-23 01:43:44.852     1     1 I init    : processing action (fs) from (/init.recovery.ldconfig.rc:1)
03-23 01:43:44.852     1     1 I init    : processing action (fs) from (/init.recovery.usb.rc:31)
03-23 01:43:44.852     1     1 I         : Mass Storage Function, version: 2009/09/11
03-23 01:43:44.852     1     1 I LUN     : removable file: (no medium)
03-23 01:43:44.852   412   412 E init    : failed to write pid to files: couldn't write 412 to /dev/cpuset/foreground/tasks: No such file or directory
03-23 01:43:44.853     1     1 I         : file system registered
03-23 01:43:44.853   412   412 I KernelSU: hook_manager: unmark 412 exec /system/bin/keystore2
03-23 01:43:44.853     1     1 I init    : processing action (fs) from (/init.recovery.qcom.rc:33)
03-23 01:43:44.853     1     1 I init    : wait for '/dev/block/platform/soc/1d84000.ufshc' took 0ms
03-23 01:43:44.854     1     1 I init    : processing action (fs) from (/init.recovery.qcom_decrypt.rc:4)
03-23 01:43:44.854     1     1 I init    : processing action (fs) from (/system/etc/init/vendor.qti.hardware.vibrator.service.rc:4)
03-23 01:43:44.854     1     1 I init    : processing action (post-fs) from (/init.recovery.qcom.rc:38)
03-23 01:43:44.874   412   412 I keystore2: keystore2_main: Keystore2 is starting.
03-23 01:43:44.854     1     1 I init    : processing action (post-fs-data) from (/system/etc/init/hw/init.rc:94)
03-23 01:43:44.854     1     1 I init    : processing action (post-fs-data) from (/system/etc/init/vendor.qti.hardware.vibrator.service.rc:31)
03-23 01:43:44.854     1     1 I init    : processing action (firmware_mounts_complete) from (/system/etc/init/hw/init.rc:78)
03-23 01:43:44.854     1     1 I init    : processing action (boot) from (/system/etc/init/hw/init.rc:71)
03-23 01:43:44.855     1     1 I init    : starting service 'recovery'...
03-23 01:43:44.855     1     1 I init    : Created socket '/dev/socket/recovery', mode 422, user 1000, group 1000
03-23 01:43:44.855   407   407 W logd    : libprocessgroup: Controller freezer is not found
03-23 01:43:44.855   407   407 W logd    : libprocessgroup: SetAttribute: unknown attribute: FreezerState
03-23 01:43:44.855   407   407 W logd    : libprocessgroup: SetAttribute: unknown attribute: FreezerState
03-23 01:43:44.855     1     1 I init    : processing action (boot) from (/init.recovery.qcom.rc:43)
03-23 01:43:44.855     1     1 I init    : processing action (enable_property_trigger) from (<Builtin Action>:0)
03-23 01:43:44.855     1     1 I init    : processing action (ro.debuggable=1) from (/system/etc/init/hw/init.rc:109)
03-23 01:43:44.856     1     1 I init    : processing action (sys.usb.config=adb) from (/system/etc/init/hw/init.rc:155)
03-23 01:43:44.856     1     1 I init    : starting service 'adbd'...
03-23 01:43:44.856     1     1 I init    : Created socket '/dev/socket/adbd', mode 660, user 1000, group 1000
03-23 01:43:44.856   413   413 I KernelSU: hook_manager: unmark 413 exec /system/bin/recovery
03-23 01:43:44.857     1     1 I init    : processing action (ro.boot.usbcontroller=*) from (/init.recovery.usb.rc:66)
03-23 01:43:44.857   407   407 I logd.auditd: start
03-23 01:43:44.874   412   412 I keystore2: keystore2_main: Starting thread pool now.
03-23 01:43:44.874   412   418 I keystore2: getDeviceHalManifest: Reading VINTF information.
03-23 01:43:44.875   409   409 E hwservicemanager: getDeviceHalManifest: status from fetching VINTF information: -2147483648
03-23 01:43:44.875   409   409 E hwservicemanager: getDeviceHalManifest: -2147483648 VINTF parse error: Cannot add manifest fragment /vendor/etc/vintf/manifest/android.hardware.security.keymint-service-qti.xml: HAL "android.hardware.health" has a conflict: Conflicting major version: 2.1 (from /vendor/etc/vintf/manifest/vendor.qti.hardware.vibrator.service.xml) vs. 2.1 (from /vendor/etc/vintf/manifest/android.hardware.security.keymint-service-qti.xml). Check whether or not multiple modules providing the same HAL are installed.
03-23 01:43:44.875   409   409 I hwservicemanager: getTransport: Cannot find entry android.hardware.boot@1.0::IBootControl/default in either framework or device VINTF manifest.
03-23 01:43:44.875   414   414 I adbd    : persist.adb.watchdog set to ''
03-23 01:43:44.875   414   414 I adbd    : persist.sys.test_harness set to ''
03-23 01:43:44.875   408   408 E LegacySupport: Could not get passthrough implementation for android.hardware.boot@1.0::IBootControl/default.
03-23 01:43:44.875   414   414 I adbd    : adb watchdog timeout set to 600 seconds
03-23 01:43:44.876   414   423 I adbd    : Waiting for persist.adb.tls_server.enable=1
03-23 01:43:44.876   414   414 I adbd    : adbd started
03-23 01:43:44.876   414   425 I adbd    : opening control endpoint /dev/usb-ffs/adb/ep0
03-23 01:43:44.876   414   425 I adbd    : UsbFfsConnection constructed
03-23 01:43:44.876   414   426 I adbd    : UsbFfs-monitor thread spawned
03-23 01:43:44.877   412   418 E keystore2: getDeviceHalManifest: status from fetching VINTF information: -2147483648
03-23 01:43:44.877   412   418 E keystore2: getDeviceHalManifest: -2147483648 VINTF parse error: Cannot add manifest fragment /vendor/etc/vintf/manifest/android.hardware.security.keymint-service-qti.xml: HAL "android.hardware.health" has a conflict: Conflicting major version: 2.1 (from /vendor/etc/vintf/manifest/vendor.qti.hardware.vibrator.service.xml) vs. 2.1 (from /vendor/etc/vintf/manifest/android.hardware.security.keymint-service-qti.xml). Check whether or not multiple modules providing the same HAL are installed.
03-23 01:43:44.877   412   412 I keystore2: getDeviceHalManifest: Reading VINTF information.
03-23 01:43:44.851   411   411 I vndservicemanag: type=1400 audit(0.0:29): avc: denied { set_context_mgr } for scontext=u:r:recovery:s0 tcontext=u:r:recovery:s0 tclass=binder permissive=1
--------- beginning of crash
03-23 01:43:44.877   412   418 F libc    : Fatal signal 11 (SIGSEGV), code 1 (SEGV_MAPERR), fault addr 0x0 in tid 418 (keystore2), pid 412 (Binder:412_2)
03-23 01:43:44.867     1     1 I unknown : type=1107 audit(0.0:30): uid=0 auid=4294967295 ses=4294967295 subj=u:r:init:s0 msg='avc: denied { set } for property=hwservicemanager.ready pid=409 uid=0 gid=0 scontext=u:r:recovery:s0 tcontext=u:object_r:hwservicemanager_prop:s0 tclass=property_service permissive=1'
03-23 01:43:44.867   408   408 I android.hardwar: type=1400 audit(0.0:31): avc: denied { call } for scontext=u:r:recovery:s0 tcontext=u:r:recovery:s0 tclass=binder permissive=1
03-23 01:43:44.871   412   412 I keystore2: type=1400 audit(0.0:32): avc: denied { read } for name="u:object_r:keystore_crash_prop:s0" dev="tmpfs" ino=190 scontext=u:r:recovery:s0 tcontext=u:object_r:keystore_crash_prop:s0 tclass=file permissive=1
03-23 01:43:44.871   412   412 I keystore2: type=1400 audit(0.0:33): avc: denied { open } for path="/dev/__properties__/u:object_r:keystore_crash_prop:s0" dev="tmpfs" ino=190 scontext=u:r:recovery:s0 tcontext=u:object_r:keystore_crash_prop:s0 tclass=file permissive=1
03-23 01:43:44.871   412   412 I keystore2: type=1400 audit(0.0:34): avc: denied { getattr } for path="/dev/__properties__/u:object_r:keystore_crash_prop:s0" dev="tmpfs" ino=190 scontext=u:r:recovery:s0 tcontext=u:object_r:keystore_crash_prop:s0 tclass=file permissive=1
03-23 01:43:44.871   412   412 I keystore2: type=1400 audit(0.0:35): avc: denied { map } for path="/dev/__properties__/u:object_r:keystore_crash_prop:s0" dev="tmpfs" ino=190 scontext=u:r:recovery:s0 tcontext=u:object_r:keystore_crash_prop:s0 tclass=file permissive=1
03-23 01:43:44.871     1     1 I unknown : type=1107 audit(0.0:36): uid=0 auid=4294967295 ses=4294967295 subj=u:r:init:s0 msg='avc: denied { set } for property=keystore.crash_count pid=412 uid=0 gid=1017 scontext=u:r:recovery:s0 tcontext=u:object_r:keystore_crash_prop:s0 tclass=property_service permissive=1'
03-23 01:43:44.878   430   430 F libc    : failed to exec crash_dump helper: No such file or directory
03-23 01:43:44.879   412   418 F libc    : crash_dump helper failed to exec, or was killed
03-23 01:43:44.879   412   418 F libc    : failed to wait for crash_dump helper: No child processes
03-23 01:43:44.879   425   425 I         : read descriptors
03-23 01:43:44.879   425   425 W         : bcdVersion must be 0x0100, stored in Little Endian order. Userspace driver should be fixed, accepting 0x0001 for compatibility.
03-23 01:43:44.879   425   425 W         : bcdVersion must be 0x0100, stored in Little Endian order. Userspace driver should be fixed, accepting 0x0001 for compatibility.
03-23 01:43:44.879   425   425 I         : read strings
03-23 01:43:44.883   413   413 I recovery: type=1400 audit(0.0:37): avc: denied { getattr } for path="/sys/devices/virtual/thermal/thermal_zone34/temp" dev="sysfs" ino=88179 scontext=u:r:recovery:s0 tcontext=u:object_r:sysfs:s0 tclass=file permissive=1
03-23 01:43:44.887     1     1 I unknown : type=1107 audit(0.0:38): uid=0 auid=4294967295 ses=4294967295 subj=u:r:init:s0 msg='avc: denied { set } for property=ro.fastbootd.available pid=413 uid=0 gid=0 scontext=u:r:recovery:s0 tcontext=u:object_r:default_prop:s0 tclass=property_service permissive=1'
03-23 01:43:44.891   413   413 I recovery: type=1400 audit(0.0:39): avc: denied { write } for name="brightness" dev="sysfs" ino=112050 scontext=u:r:recovery:s0 tcontext=u:object_r:sysfs:s0 tclass=file permissive=1
03-23 01:43:44.891   413   413 I recovery: type=1400 audit(0.0:40): avc: denied { open } for path="/sys/devices/platform/soc/ae00000.qcom,mdss_mdp/backlight/panel0-backlight/brightness" dev="sysfs" ino=112050 scontext=u:r:recovery:s0 tcontext=u:object_r:sysfs:s0 tclass=file permissive=1
03-23 01:43:44.903   432   432 I chmod   : type=1400 audit(0.0:41): avc: denied { setattr } for name="aapt" dev="rootfs" ino=502 scontext=u:r:recovery:s0 tcontext=u:object_r:rootfs:s0 tclass=file permissive=1
03-23 01:43:44.920   413   413 W libc    : Unable to set property "ro.product.device" to "Metroid": error code: 0xb
03-23 01:43:44.915     1     1 I unknown : type=1107 audit(0.0:42): uid=0 auid=4294967295 ses=4294967295 subj=u:r:init:s0 msg='avc: denied { set } for property=ro.product.device pid=413 uid=0 gid=0 scontext=u:r:recovery:s0 tcontext=u:object_r:build_prop:s0 tclass=property_service permissive=1'
03-23 01:43:44.924   393   393 E init    : Unable to set property 'ro.product.device' from uid:0 gid:0 pid:413: Read-only property was already set
03-23 01:43:44.925   413   413 W libc    : Unable to set property "ro.fastbootd.available" to "1": error code: 0xb
03-23 01:43:44.928   393   393 E init    : Unable to set property 'ro.fastbootd.available' from uid:0 gid:0 pid:413: Read-only property was already set
03-23 01:43:44.932   413   413 W recovery: [libfs_mgr]Warning: unknown flag: sync
03-23 01:43:44.933   413   413 I recovery: Boot command: boot-recovery
03-23 01:43:44.933   413   413 I recovery: Got 1 arguments from boot message
03-23 01:43:44.933   413   413 W recovery: [libfs_mgr]Warning: unknown flag: sync
03-23 01:43:44.934   413   413 W recovery: [libfs_mgr]Warning: unknown flag: sync
03-23 01:43:44.931   413   413 I recovery: type=1400 audit(0.0:43): avc: denied { write } for name="etc" dev="rootfs" ino=786 scontext=u:r:recovery:s0 tcontext=u:object_r:rootfs:s0 tclass=dir permissive=1
03-23 01:43:44.931   413   413 I recovery: type=1400 audit(0.0:44): avc: denied { add_name } for name="mtab" scontext=u:r:recovery:s0 tcontext=u:object_r:rootfs:s0 tclass=dir permissive=1
03-23 01:43:44.931   413   413 I recovery: type=1400 audit(0.0:45): avc: denied { create } for name="mtab" scontext=u:r:recovery:s0 tcontext=u:object_r:rootfs:s0 tclass=lnk_file permissive=1
03-23 01:43:44.935   413   413 I recovery: [libfs_mgr]Created logical partition odm_a on device /dev/block/dm-0
