03-23 02:12:16.964   420   420 I aw9380x_cap 8-0012: [aw9380x_para_loaded:823] reg_addr = 0x051c, reg_data = 0x00000000
03-23 02:12:16.964   420   420 I aw9380x_cap 8-0012: [aw9380x_para_loaded:823] reg_addr = 0x0520, reg_data = 0x00000000
03-23 02:12:16.964   420   420 I aw9380x_cap 8-0012: [aw9380x_para_loaded:823] reg_addr = 0x0524, reg_data = 0x00000000
03-23 02:12:16.965   420   420 I aw9380x_cap 8-0012: [aw9380x_para_loaded:823] reg_addr = 0x052c, reg_data = 0x00000000
03-23 02:12:16.965   420   420 I aw9380x_cap 8-0012: [aw9380x_para_loaded:823] reg_addr = 0x069c, reg_data = 0x00000000
03-23 02:12:16.965   420   420 I aw9380x_cap 8-0012: [aw9380x_para_loaded:823] reg_addr = 0x06a0, reg_data = 0x00000000
03-23 02:12:16.965   420   420 I aw9380x_cap 8-0012: [aw9380x_para_loaded:823] reg_addr = 0x06a8, reg_data = 0x00000000
03-23 02:12:16.966   420   420 I aw9380x_cap 8-0012: [aw9380x_para_loaded:823] reg_addr = 0x06ac, reg_data = 0x000008d0
03-23 02:12:16.966   420   420 I aw9380x_cap 8-0012: [aw9380x_para_loaded:823] reg_addr = 0x06b0, reg_data = 0x00000000
03-23 02:12:16.966   420   420 I aw9380x_cap 8-0012: [aw9380x_para_loaded:823] reg_addr = 0x06b4, reg_data = 0x00000000
03-23 02:12:16.966   420   420 I aw9380x_cap 8-0012: [aw9380x_para_loaded:823] reg_addr = 0x06b8, reg_data = 0x0000c350
03-23 02:12:16.967   420   420 I aw9380x_cap 8-0012: [aw9380x_para_loaded:823] reg_addr = 0x06bc, reg_data = 0x000186a0
03-23 02:12:16.967   420   420 I aw9380x_cap 8-0012: [aw9380x_para_loaded:823] reg_addr = 0x06cc, reg_data = 0x00000000
03-23 02:12:16.967   420   420 I aw9380x_cap 8-0012: [aw9380x_para_loaded:823] reg_addr = 0x06d0, reg_data = 0x00000000
03-23 02:12:16.967   420   420 I aw9380x_cap 8-0012: [aw9380x_para_loaded:823] reg_addr = 0x06d4, reg_data = 0x00000000
03-23 02:12:16.968   420   420 I aw9380x_cap 8-0012: [aw9380x_para_loaded:823] reg_addr = 0x06dc, reg_data = 0x00000000
03-23 02:12:16.968   420   420 I aw9380x_cap 8-0012: [aw9380x_para_loaded:823] reg_addr = 0x084c, reg_data = 0x00000000
03-23 02:12:16.968   420   420 I aw9380x_cap 8-0012: [aw9380x_para_loaded:823] reg_addr = 0x0850, reg_data = 0x00000000
03-23 02:12:16.968   420   420 I aw9380x_cap 8-0012: [aw9380x_para_loaded:823] reg_addr = 0x0858, reg_data = 0x00000000
03-23 02:12:16.969   420   420 I aw9380x_cap 8-0012: [aw9380x_para_loaded:823] reg_addr = 0x085c, reg_data = 0x000008d0
03-23 02:12:16.969   420   420 I aw9380x_cap 8-0012: [aw9380x_para_loaded:823] reg_addr = 0x0860, reg_data = 0x00000000
03-23 02:12:16.969   420   420 I aw9380x_cap 8-0012: [aw9380x_para_loaded:823] reg_addr = 0x0864, reg_data = 0x00000000
03-23 02:12:16.969   420   420 I aw9380x_cap 8-0012: [aw9380x_para_loaded:823] reg_addr = 0x0868, reg_data = 0x0000c350
03-23 02:12:16.970   420   420 I aw9380x_cap 8-0012: [aw9380x_para_loaded:823] reg_addr = 0x086c, reg_data = 0x000186a0
03-23 02:12:16.970   420   420 I aw9380x_cap 8-0012: [aw9380x_para_loaded:823] reg_addr = 0x087c, reg_data = 0x00000000
03-23 02:12:16.970   420   420 I aw9380x_cap 8-0012: [aw9380x_para_loaded:823] reg_addr = 0x0880, reg_data = 0x00000000
03-23 02:12:16.970   420   420 I aw9380x_cap 8-0012: [aw9380x_para_loaded:823] reg_addr = 0x0884, reg_data = 0x00000000
03-23 02:12:16.971   420   420 I aw9380x_cap 8-0012: [aw9380x_para_loaded:823] reg_addr = 0x088c, reg_data = 0x00000000
03-23 02:12:16.971   420   420 I aw9380x_cap 8-0012: [aw9380x_para_loaded:823] reg_addr = 0x09fc, reg_data = 0x00000000
03-23 02:12:16.971   420   420 I aw9380x_cap 8-0012: [aw9380x_para_loaded:823] reg_addr = 0x0a00, reg_data = 0x00000000
03-23 02:12:16.971   420   420 I aw9380x_cap 8-0012: [aw9380x_para_loaded:823] reg_addr = 0x0a08, reg_data = 0x00000000
03-23 02:12:16.971   420   420 I aw9380x_cap 8-0012: [aw9380x_para_loaded:823] reg_addr = 0x0a0c, reg_data = 0x000008d0
03-23 02:12:16.972   420   420 I aw9380x_cap 8-0012: [aw9380x_para_loaded:823] reg_addr = 0x0a10, reg_data = 0x00000000
03-23 02:12:16.972   420   420 I aw9380x_cap 8-0012: [aw9380x_para_loaded:823] reg_addr = 0x0a14, reg_data = 0x00000000
03-23 02:12:16.972   420   420 I aw9380x_cap 8-0012: [aw9380x_para_loaded:823] reg_addr = 0x0a18, reg_data = 0x0000c350
03-23 02:12:16.972   420   420 I aw9380x_cap 8-0012: [aw9380x_para_loaded:823] reg_addr = 0x0a1c, reg_data = 0x000186a0
03-23 02:12:16.973   420   420 I aw9380x_cap 8-0012: [aw9380x_para_loaded:823] reg_addr = 0x0a2c, reg_data = 0x00000000
03-23 02:12:16.973   420   420 I aw9380x_cap 8-0012: [aw9380x_para_loaded:823] reg_addr = 0x0a30, reg_data = 0x00000000
03-23 02:12:16.973   420   420 I aw9380x_cap 8-0012: [aw9380x_para_loaded:823] reg_addr = 0x0a34, reg_data = 0x00000000
03-23 02:12:16.973   420   420 I aw9380x_cap 8-0012: [aw9380x_para_loaded:823] reg_addr = 0x0a3c, reg_data = 0x00000000
03-23 02:12:16.974   420   420 I aw9380x_cap 8-0012: [aw9380x_para_loaded:823] reg_addr = 0x0bac, reg_data = 0x00000000
03-23 02:12:16.974   420   420 I aw9380x_cap 8-0012: [aw9380x_para_loaded:823] reg_addr = 0x0bb0, reg_data = 0x00000000
03-23 02:12:16.974   420   420 I aw9380x_cap 8-0012: [aw9380x_para_loaded:823] reg_addr = 0x0bb8, reg_data = 0x00000000
03-23 02:12:16.974   420   420 I aw9380x_cap 8-0012: [aw9380x_para_loaded:823] reg_addr = 0x0bbc, reg_data = 0x000008d0
03-23 02:12:16.975   420   420 I aw9380x_cap 8-0012: [aw9380x_para_loaded:823] reg_addr = 0x0bc0, reg_data = 0x00000000
03-23 02:12:16.975   420   420 I aw9380x_cap 8-0012: [aw9380x_para_loaded:823] reg_addr = 0x0bc4, reg_data = 0x00000000
03-23 02:12:16.975   420   420 I aw9380x_cap 8-0012: [aw9380x_para_loaded:823] reg_addr = 0x0bc8, reg_data = 0x0000c350
03-23 02:12:16.975   420   420 I aw9380x_cap 8-0012: [aw9380x_para_loaded:823] reg_addr = 0x0bcc, reg_data = 0x000186a0
03-23 02:12:16.976   420   420 I aw9380x_cap 8-0012: [aw9380x_para_loaded:823] reg_addr = 0x0bdc, reg_data = 0x00000000
03-23 02:12:16.976   420   420 I aw9380x_cap 8-0012: [aw9380x_para_loaded:823] reg_addr = 0x0be0, reg_data = 0x00000000
03-23 02:12:16.976   420   420 I aw9380x_cap 8-0012: [aw9380x_para_loaded:823] reg_addr = 0x0be4, reg_data = 0x00000000
03-23 02:12:16.976   420   420 I aw9380x_cap 8-0012: [aw9380x_para_loaded:823] reg_addr = 0x0bec, reg_data = 0x00000000
03-23 02:12:16.976   420   420 I aw9380x_cap 8-0012: [aw9380x_para_loaded:823] reg_addr = 0x0d5c, reg_data = 0x00000000
03-23 02:12:16.977   420   420 I aw9380x_cap 8-0012: [aw9380x_para_loaded:823] reg_addr = 0x0d60, reg_data = 0x00000000
03-23 02:12:16.977   420   420 I aw9380x_cap 8-0012: [aw9380x_para_loaded:823] reg_addr = 0x0d68, reg_data = 0x00000000
03-23 02:12:16.977   420   420 I aw9380x_cap 8-0012: [aw9380x_para_loaded:823] reg_addr = 0x0d6c, reg_data = 0x000008d0
03-23 02:12:16.977   420   420 I aw9380x_cap 8-0012: [aw9380x_para_loaded:823] reg_addr = 0x0d70, reg_data = 0x00000000
03-23 02:12:16.978   420   420 I aw9380x_cap 8-0012: [aw9380x_para_loaded:823] reg_addr = 0x0d74, reg_data = 0x00000000
03-23 02:12:16.978   420   420 I aw9380x_cap 8-0012: [aw9380x_para_loaded:823] reg_addr = 0x0d78, reg_data = 0x000061a8
03-23 02:12:16.978   420   420 I aw9380x_cap 8-0012: [aw9380x_para_loaded:823] reg_addr = 0x0d7c, reg_data = 0x000009c4
03-23 02:12:16.978   420   420 I aw9380x_cap 8-0012: [aw9380x_para_loaded:823] reg_addr = 0x0d8c, reg_data = 0x00000000
03-23 02:12:16.979   420   420 I aw9380x_cap 8-0012: [aw9380x_para_loaded:823] reg_addr = 0x0d90, reg_data = 0x00000000
03-23 02:12:16.979   420   420 I aw9380x_cap 8-0012: [aw9380x_para_loaded:823] reg_addr = 0x0d94, reg_data = 0x00000000
03-23 02:12:16.979   420   420 I aw9380x_cap 8-0012: [aw9380x_para_loaded:823] reg_addr = 0x0d9c, reg_data = 0x00000000
03-23 02:12:16.979   420   420 I aw9380x_cap 8-0012: [aw9380x_para_loaded:823] reg_addr = 0x0f0c, reg_data = 0x00000000
03-23 02:12:16.980   420   420 I aw9380x_cap 8-0012: [aw9380x_para_loaded:823] reg_addr = 0x0f10, reg_data = 0x00000000
03-23 02:12:16.980   420   420 I aw9380x_cap 8-0012: [aw9380x_para_loaded:823] reg_addr = 0x0f18, reg_data = 0x00000000
03-23 02:12:16.980   420   420 I aw9380x_cap 8-0012: [aw9380x_para_loaded:823] reg_addr = 0x0f1c, reg_data = 0x000008d0
03-23 02:12:16.980   420   420 I aw9380x_cap 8-0012: [aw9380x_para_loaded:823] reg_addr = 0x0f20, reg_data = 0x00000000
03-23 02:12:16.981   420   420 I aw9380x_cap 8-0012: [aw9380x_para_loaded:823] reg_addr = 0x0f24, reg_data = 0x00000000
03-23 02:12:16.981   420   420 I aw9380x_cap 8-0012: [aw9380x_para_loaded:823] reg_addr = 0x0f28, reg_data = 0x00000000
03-23 02:12:16.981   420   420 I aw9380x_cap 8-0012: [aw9380x_para_loaded:823] reg_addr = 0x0f2c, reg_data = 0x00000000
03-23 02:12:16.981   420   420 I aw9380x_cap 8-0012: [aw9380x_para_loaded:823] reg_addr = 0x0f3c, reg_data = 0x00000000
03-23 02:12:16.982   420   420 I aw9380x_cap 8-0012: [aw9380x_para_loaded:823] reg_addr = 0x0f40, reg_data = 0x00000000
03-23 02:12:16.982   420   420 I aw9380x_cap 8-0012: [aw9380x_para_loaded:823] reg_addr = 0x0f44, reg_data = 0x00000000
03-23 02:12:16.982   420   420 I aw9380x_cap 8-0012: [aw9380x_para_loaded:823] reg_addr = 0x0f4c, reg_data = 0x00000000
03-23 02:12:16.982   420   420 I aw9380x_cap 8-0012: [aw9380x_para_loaded:823] reg_addr = 0x10bc, reg_data = 0x00000000
03-23 02:12:16.982   420   420 I aw9380x_cap 8-0012: [aw9380x_para_loaded:823] reg_addr = 0x10c0, reg_data = 0x00000000
03-23 02:12:16.983   420   420 I aw9380x_cap 8-0012: [aw9380x_para_loaded:823] reg_addr = 0x10c8, reg_data = 0x00000000
03-23 02:12:16.983   420   420 I aw9380x_cap 8-0012: [aw9380x_para_loaded:823] reg_addr = 0x10cc, reg_data = 0x000008d0
03-23 02:12:16.983   420   420 I aw9380x_cap 8-0012: [aw9380x_para_loaded:823] reg_addr = 0x10d0, reg_data = 0x00000000
03-23 02:12:16.983   420   420 I aw9380x_cap 8-0012: [aw9380x_para_loaded:823] reg_addr = 0x10d4, reg_data = 0x00000000
03-23 02:12:16.984   420   420 I aw9380x_cap 8-0012: [aw9380x_para_loaded:823] reg_addr = 0x10d8, reg_data = 0x00000000
03-23 02:12:16.984   420   420 I aw9380x_cap 8-0012: [aw9380x_para_loaded:823] reg_addr = 0x10dc, reg_data = 0x00000000
03-23 02:12:16.984   420   420 I aw9380x_cap 8-0012: [aw9380x_para_loaded:823] reg_addr = 0x10ec, reg_data = 0x00000000
03-23 02:12:16.984   420   420 I aw9380x_cap 8-0012: [aw9380x_para_loaded:823] reg_addr = 0x10f0, reg_data = 0x00000000
03-23 02:12:16.985   420   420 I aw9380x_cap 8-0012: [aw9380x_para_loaded:823] reg_addr = 0x10f4, reg_data = 0x00000000
03-23 02:12:16.985   420   420 I aw9380x_cap 8-0012: [aw9380x_para_loaded:823] reg_addr = 0x10fc, reg_data = 0x00000000
03-23 02:12:16.985   420   420 I aw9380x_cap 8-0012: [aw9380x_para_loaded:823] reg_addr = 0x126c, reg_data = 0x00000000
03-23 02:12:16.985   420   420 I aw9380x_cap 8-0012: [aw9380x_para_loaded:823] reg_addr = 0x1270, reg_data = 0x00000000
03-23 02:12:16.986   420   420 I aw9380x_cap 8-0012: [aw9380x_para_loaded:823] reg_addr = 0x1278, reg_data = 0x00000000
03-23 02:12:16.986   420   420 I aw9380x_cap 8-0012: [aw9380x_para_loaded:823] reg_addr = 0x127c, reg_data = 0x000008d0
03-23 02:12:16.986   420   420 I aw9380x_cap 8-0012: [aw9380x_para_loaded:823] reg_addr = 0x1280, reg_data = 0x00000000
03-23 02:12:16.986   420   420 I aw9380x_cap 8-0012: [aw9380x_para_loaded:823] reg_addr = 0x1284, reg_data = 0x00000000
03-23 02:12:16.987   420   420 I aw9380x_cap 8-0012: [aw9380x_para_loaded:823] reg_addr = 0x1288, reg_data = 0x00000000
03-23 02:12:16.987   420   420 I aw9380x_cap 8-0012: [aw9380x_para_loaded:823] reg_addr = 0x128c, reg_data = 0x00000000
03-23 02:12:16.987   420   420 I aw9380x_cap 8-0012: [aw9380x_para_loaded:823] reg_addr = 0x129c, reg_data = 0x00000000
03-23 02:12:16.987   420   420 I aw9380x_cap 8-0012: [aw9380x_para_loaded:823] reg_addr = 0x12a0, reg_data = 0x00000000
03-23 02:12:16.988   420   420 I aw9380x_cap 8-0012: [aw9380x_para_loaded:823] reg_addr = 0x12a4, reg_data = 0x00000000
03-23 02:12:16.988   420   420 I aw9380x_cap 8-0012: [aw9380x_para_loaded:823] reg_addr = 0x12ac, reg_data = 0x00000000
03-23 02:12:16.988   420   420 I aw9380x_cap 8-0012: [aw9380x_para_loaded:823] reg_addr = 0x141c, reg_data = 0x00000000
03-23 02:12:16.988   420   420 I aw9380x_cap 8-0012: [aw9380x_para_loaded:823] reg_addr = 0x1420, reg_data = 0x00000000
03-23 02:12:16.989   420   420 I aw9380x_cap 8-0012: [aw9380x_para_loaded:823] reg_addr = 0x1428, reg_data = 0x00000000
03-23 02:12:16.989   420   420 I aw9380x_cap 8-0012: [aw9380x_para_loaded:823] reg_addr = 0x142c, reg_data = 0x000008d0
03-23 02:12:16.989   420   420 I aw9380x_cap 8-0012: [aw9380x_para_loaded:823] reg_addr = 0x1430, reg_data = 0x00000000
03-23 02:12:16.989   420   420 I aw9380x_cap 8-0012: [aw9380x_para_loaded:823] reg_addr = 0x1434, reg_data = 0x00000000
03-23 02:12:16.989   420   420 I aw9380x_cap 8-0012: [aw9380x_para_loaded:823] reg_addr = 0x1438, reg_data = 0x00000000
03-23 02:12:16.990   420   420 I aw9380x_cap 8-0012: [aw9380x_para_loaded:823] reg_addr = 0x143c, reg_data = 0x00000000
03-23 02:12:16.990   420   420 I aw9380x_cap 8-0012: [aw9380x_para_loaded:823] reg_addr = 0x144c, reg_data = 0x00000000
03-23 02:12:16.990   420   420 I aw9380x_cap 8-0012: [aw9380x_para_loaded:823] reg_addr = 0x1450, reg_data = 0x00000000
03-23 02:12:16.990   420   420 I aw9380x_cap 8-0012: [aw9380x_para_loaded:823] reg_addr = 0x1454, reg_data = 0x00000000
03-23 02:12:16.991   420   420 I aw9380x_cap 8-0012: [aw9380x_para_loaded:823] reg_addr = 0x145c, reg_data = 0x00000000
03-23 02:12:16.991   420   420 I aw9380x_cap 8-0012: [aw9380x_para_loaded:823] reg_addr = 0x01d0, reg_data = 0x00000000
03-23 02:12:16.991   420   420 I aw9380x_cap 8-0012: [aw9380x_para_loaded:823] reg_addr = 0x01d4, reg_data = 0x00000000
03-23 02:12:16.991   420   420 I aw9380x_cap 8-0012: [aw9380x_para_loaded:823] reg_addr = 0x01d8, reg_data = 0x00000000
03-23 02:12:16.992   420   420 I aw9380x_cap 8-0012: [aw9380x_para_loaded:823] reg_addr = 0x01e0, reg_data = 0x00000000
03-23 02:12:16.992   420   420 I aw9380x_cap 8-0012: [aw9380x_para_loaded:823] reg_addr = 0x01e4, reg_data = 0xffffffff
03-23 02:12:16.992   420   420 I aw9380x_cap 8-0012: [aw9380x_para_loaded:823] reg_addr = 0x01f8, reg_data = 0x070004b0
03-23 02:12:16.992   420   420 I aw9380x_cap 8-0012: [aw9380x_para_loaded:823] reg_addr = 0x01fc, reg_data = 0x0e000000
03-23 02:12:16.993    86    86 I         : [matrix-leds] write bytes len 4106, ret 0
03-23 02:12:16.993   420   420 I aw9380x_cap 8-0012: [aw9380x_para_loaded:823] reg_addr = 0x0200, reg_data = 0xf2000000
03-23 02:12:16.993   420   420 I aw9380x_cap 8-0012: [aw9380x_para_loaded:823] reg_addr = 0x0204, reg_data = 0x02000000
03-23 02:12:16.993   420   420 I aw9380x_cap 8-0012: [aw9380x_para_loaded:823] reg_addr = 0x0208, reg_data = 0x02000000
03-23 02:12:16.993   420   420 I aw9380x_cap 8-0012: [aw9380x_para_loaded:823] reg_addr = 0x020c, reg_data = 0x00002000
03-23 02:12:16.994   420   420 I aw9380x_cap 8-0012: [aw9380x_para_loaded:823] reg_addr = 0x0210, reg_data = 0x00010000
03-23 02:12:16.994   420   420 I aw9380x_cap 8-0012: [aw9380x_para_loaded:823] reg_addr = 0x0214, reg_data = 0x80007530
03-23 02:12:16.994   420   420 I aw9380x_cap 8-0012: [aw9380x_para_loaded:823] reg_addr = 0x0380, reg_data = 0x00000000
03-23 02:12:16.994   420   420 I aw9380x_cap 8-0012: [aw9380x_para_loaded:823] reg_addr = 0x0384, reg_data = 0x00000000
03-23 02:12:16.995   420   420 I aw9380x_cap 8-0012: [aw9380x_para_loaded:823] reg_addr = 0x0388, reg_data = 0x00000000
03-23 02:12:16.995   420   420 I aw9380x_cap 8-0012: [aw9380x_para_loaded:823] reg_addr = 0x0390, reg_data = 0x00000000
03-23 02:12:16.995   420   420 I aw9380x_cap 8-0012: [aw9380x_para_loaded:823] reg_addr = 0x0394, reg_data = 0xffffffff
03-23 02:12:16.995   420   420 I aw9380x_cap 8-0012: [aw9380x_para_loaded:823] reg_addr = 0x03a8, reg_data = 0x070004b0
03-23 02:12:16.996   420   420 I aw9380x_cap 8-0012: [aw9380x_para_loaded:823] reg_addr = 0x03ac, reg_data = 0x0e000000
03-23 02:12:16.996   420   420 I aw9380x_cap 8-0012: [aw9380x_para_loaded:823] reg_addr = 0x03b0, reg_data = 0xf2000000
03-23 02:12:16.996   420   420 I aw9380x_cap 8-0012: [aw9380x_para_loaded:823] reg_addr = 0x03b4, reg_data = 0x02000000
03-23 02:12:16.996   420   420 I aw9380x_cap 8-0012: [aw9380x_para_loaded:823] reg_addr = 0x03b8, reg_data = 0x02000000
03-23 02:12:16.997   420   420 I aw9380x_cap 8-0012: [aw9380x_para_loaded:823] reg_addr = 0x03bc, reg_data = 0x00002000
03-23 02:12:16.997   420   420 I aw9380x_cap 8-0012: [aw9380x_para_loaded:823] reg_addr = 0x03c0, reg_data = 0x00010000
03-23 02:12:16.997   420   420 I aw9380x_cap 8-0012: [aw9380x_para_loaded:823] reg_addr = 0x03c4, reg_data = 0x80007530
03-23 02:12:16.997   420   420 I aw9380x_cap 8-0012: [aw9380x_para_loaded:823] reg_addr = 0x0530, reg_data = 0x00000000
03-23 02:12:16.998   420   420 I aw9380x_cap 8-0012: [aw9380x_para_loaded:823] reg_addr = 0x0534, reg_data = 0x00000000
03-23 02:12:16.998   420   420 I aw9380x_cap 8-0012: [aw9380x_para_loaded:823] reg_addr = 0x0538, reg_data = 0x00000000
03-23 02:12:16.998   420   420 I aw9380x_cap 8-0012: [aw9380x_para_loaded:823] reg_addr = 0x0540, reg_data = 0x00000000
03-23 02:12:16.998   420   420 I aw9380x_cap 8-0012: [aw9380x_para_loaded:823] reg_addr = 0x0544, reg_data = 0xffffffff
03-23 02:12:16.998   420   420 I aw9380x_cap 8-0012: [aw9380x_para_loaded:823] reg_addr = 0x0558, reg_data = 0x070004b0
03-23 02:12:16.999   420   420 I aw9380x_cap 8-0012: [aw9380x_para_loaded:823] reg_addr = 0x055c, reg_data = 0x0e000000
03-23 02:12:16.999   420   420 I aw9380x_cap 8-0012: [aw9380x_para_loaded:823] reg_addr = 0x0560, reg_data = 0xf2000000
03-23 02:12:16.999   420   420 I aw9380x_cap 8-0012: [aw9380x_para_loaded:823] reg_addr = 0x0564, reg_data = 0x02000000
03-23 02:12:16.999   420   420 I aw9380x_cap 8-0012: [aw9380x_para_loaded:823] reg_addr = 0x0568, reg_data = 0x02000000
03-23 02:12:17.000   420   420 I aw9380x_cap 8-0012: [aw9380x_para_loaded:823] reg_addr = 0x056c, reg_data = 0x00002000
03-23 02:12:17.000   420   420 I aw9380x_cap 8-0012: [aw9380x_para_loaded:823] reg_addr = 0x0570, reg_data = 0x00010000
03-23 02:12:17.000   420   420 I aw9380x_cap 8-0012: [aw9380x_para_loaded:823] reg_addr = 0x0574, reg_data = 0x80007530
03-23 02:12:17.000   420   420 I aw9380x_cap 8-0012: [aw9380x_para_loaded:823] reg_addr = 0x06e0, reg_data = 0x00000000
03-23 02:12:17.001   420   420 I aw9380x_cap 8-0012: [aw9380x_para_loaded:823] reg_addr = 0x06e4, reg_data = 0x00000000
03-23 02:12:17.001   420   420 I aw9380x_cap 8-0012: [aw9380x_para_loaded:823] reg_addr = 0x06e8, reg_data = 0x00000000
03-23 02:12:17.001   420   420 I aw9380x_cap 8-0012: [aw9380x_para_loaded:823] reg_addr = 0x06f0, reg_data = 0x00000000
03-23 02:12:17.001   420   420 I aw9380x_cap 8-0012: [aw9380x_para_loaded:823] reg_addr = 0x06f4, reg_data = 0xffffffff
03-23 02:12:17.002   420   420 I aw9380x_cap 8-0012: [aw9380x_para_loaded:823] reg_addr = 0x0708, reg_data = 0x070004b0
03-23 02:12:17.002   420   420 I aw9380x_cap 8-0012: [aw9380x_para_loaded:823] reg_addr = 0x070c, reg_data = 0x0e000000
03-23 02:12:17.002   420   420 I aw9380x_cap 8-0012: [aw9380x_para_loaded:823] reg_addr = 0x0710, reg_data = 0xf2000000
03-23 02:12:17.002   420   420 I aw9380x_cap 8-0012: [aw9380x_para_loaded:823] reg_addr = 0x0714, reg_data = 0x02000000
03-23 02:12:17.003   420   420 I aw9380x_cap 8-0012: [aw9380x_para_loaded:823] reg_addr = 0x0718, reg_data = 0x02000000
03-23 02:12:17.003   420   420 I aw9380x_cap 8-0012: [aw9380x_para_loaded:823] reg_addr = 0x071c, reg_data = 0x00002000
03-23 02:12:17.003   420   420 I aw9380x_cap 8-0012: [aw9380x_para_loaded:823] reg_addr = 0x0720, reg_data = 0x00010000
03-23 02:12:17.003   420   420 I aw9380x_cap 8-0012: [aw9380x_para_loaded:823] reg_addr = 0x0724, reg_data = 0x80007530
03-23 02:12:17.004   420   420 I aw9380x_cap 8-0012: [aw9380x_para_loaded:823] reg_addr = 0x0890, reg_data = 0x00000000
03-23 02:12:17.004   420   420 I aw9380x_cap 8-0012: [aw9380x_para_loaded:823] reg_addr = 0x0894, reg_data = 0x00000000
03-23 02:12:17.004   420   420 I aw9380x_cap 8-0012: [aw9380x_para_loaded:823] reg_addr = 0x0898, reg_data = 0x00000000
03-23 02:12:17.004   420   420 I aw9380x_cap 8-0012: [aw9380x_para_loaded:823] reg_addr = 0x08a0, reg_data = 0x00000000
03-23 02:12:17.005   420   420 I aw9380x_cap 8-0012: [aw9380x_para_loaded:823] reg_addr = 0x08a4, reg_data = 0xffffffff
03-23 02:12:17.005   420   420 I aw9380x_cap 8-0012: [aw9380x_para_loaded:823] reg_addr = 0x08b8, reg_data = 0x070004b0
03-23 02:12:17.005   420   420 I aw9380x_cap 8-0012: [aw9380x_para_loaded:823] reg_addr = 0x08bc, reg_data = 0x0e000000
03-23 02:12:17.005   420   420 I aw9380x_cap 8-0012: [aw9380x_para_loaded:823] reg_addr = 0x08c0, reg_data = 0xf2000000
03-23 02:12:17.006   420   420 I aw9380x_cap 8-0012: [aw9380x_para_loaded:823] reg_addr = 0x08c4, reg_data = 0x02000000
03-23 02:12:17.006   420   420 I aw9380x_cap 8-0012: [aw9380x_para_loaded:823] reg_addr = 0x08c8, reg_data = 0x02000000
03-23 02:12:17.006   420   420 I aw9380x_cap 8-0012: [aw9380x_para_loaded:823] reg_addr = 0x08cc, reg_data = 0x00002000
03-23 02:12:17.006   420   420 I aw9380x_cap 8-0012: [aw9380x_para_loaded:823] reg_addr = 0x08d0, reg_data = 0x00010000
03-23 02:12:17.006   420   420 I aw9380x_cap 8-0012: [aw9380x_para_loaded:823] reg_addr = 0x08d4, reg_data = 0x80007530
03-23 02:12:17.007   420   420 I aw9380x_cap 8-0012: [aw9380x_para_loaded:823] reg_addr = 0x0a40, reg_data = 0x00000000
03-23 02:12:17.007   420   420 I aw9380x_cap 8-0012: [aw9380x_para_loaded:823] reg_addr = 0x0a44, reg_data = 0x00000000
03-23 02:12:17.007   420   420 I aw9380x_cap 8-0012: [aw9380x_para_loaded:823] reg_addr = 0x0a48, reg_data = 0x00000000
03-23 02:12:17.007   420   420 I aw9380x_cap 8-0012: [aw9380x_para_loaded:823] reg_addr = 0x0a50, reg_data = 0x00000000
03-23 02:12:17.008   420   420 I aw9380x_cap 8-0012: [aw9380x_para_loaded:823] reg_addr = 0x0a54, reg_data = 0xffffffff
03-23 02:12:17.008   420   420 I aw9380x_cap 8-0012: [aw9380x_para_loaded:823] reg_addr = 0x0a68, reg_data = 0x070004b0
03-23 02:12:17.008   420   420 I aw9380x_cap 8-0012: [aw9380x_para_loaded:823] reg_addr = 0x0a6c, reg_data = 0x0e000000
03-23 02:12:17.008   420   420 I aw9380x_cap 8-0012: [aw9380x_para_loaded:823] reg_addr = 0x0a70, reg_data = 0xf2000000
03-23 02:12:17.009   420   420 I aw9380x_cap 8-0012: [aw9380x_para_loaded:823] reg_addr = 0x0a74, reg_data = 0x02000000
03-23 02:12:17.009   420   420 I aw9380x_cap 8-0012: [aw9380x_para_loaded:823] reg_addr = 0x0a78, reg_data = 0x02000000
03-23 02:12:17.009   420   420 I aw9380x_cap 8-0012: [aw9380x_para_loaded:823] reg_addr = 0x0a7c, reg_data = 0x00002000
03-23 02:12:17.009   420   420 I aw9380x_cap 8-0012: [aw9380x_para_loaded:823] reg_addr = 0x0a80, reg_data = 0x00010000
03-23 02:12:17.010   420   420 I aw9380x_cap 8-0012: [aw9380x_para_loaded:823] reg_addr = 0x0a84, reg_data = 0x80007530
03-23 02:12:17.010   420   420 I aw9380x_cap 8-0012: [aw9380x_para_loaded:823] reg_addr = 0x0bf0, reg_data = 0x00000000
03-23 02:12:17.010   420   420 I aw9380x_cap 8-0012: [aw9380x_para_loaded:823] reg_addr = 0x0bf4, reg_data = 0x00000000
03-23 02:12:17.010   420   420 I aw9380x_cap 8-0012: [aw9380x_para_loaded:823] reg_addr = 0x0bf8, reg_data = 0x00000000
03-23 02:12:17.011   420   420 I aw9380x_cap 8-0012: [aw9380x_para_loaded:823] reg_addr = 0x0c00, reg_data = 0x00000000
03-23 02:12:17.011   420   420 I aw9380x_cap 8-0012: [aw9380x_para_loaded:823] reg_addr = 0x0c04, reg_data = 0xffffffff
03-23 02:12:17.011   420   420 I aw9380x_cap 8-0012: [aw9380x_para_loaded:823] reg_addr = 0x0c18, reg_data = 0x070004b0
03-23 02:12:17.011   420   420 I aw9380x_cap 8-0012: [aw9380x_para_loaded:823] reg_addr = 0x0c1c, reg_data = 0x0e000000
03-23 02:12:17.012   420   420 I aw9380x_cap 8-0012: [aw9380x_para_loaded:823] reg_addr = 0x0c20, reg_data = 0xf2000000
03-23 02:12:17.012   420   420 I aw9380x_cap 8-0012: [aw9380x_para_loaded:823] reg_addr = 0x0c24, reg_data = 0x02000000
03-23 02:12:17.012   420   420 I aw9380x_cap 8-0012: [aw9380x_para_loaded:823] reg_addr = 0x0c28, reg_data = 0x02000000
03-23 02:12:17.012   420   420 I aw9380x_cap 8-0012: [aw9380x_para_loaded:823] reg_addr = 0x0c2c, reg_data = 0x00002000
03-23 02:12:17.013   420   420 I aw9380x_cap 8-0012: [aw9380x_para_loaded:823] reg_addr = 0x0c30, reg_data = 0x00010000
03-23 02:12:17.013   420   420 I aw9380x_cap 8-0012: [aw9380x_para_loaded:823] reg_addr = 0x0c34, reg_data = 0x80007530
03-23 02:12:17.013   420   420 I aw9380x_cap 8-0012: [aw9380x_para_loaded:823] reg_addr = 0x0da0, reg_data = 0x00000000
03-23 02:12:17.013   420   420 I aw9380x_cap 8-0012: [aw9380x_para_loaded:823] reg_addr = 0x0da4, reg_data = 0x00000000
03-23 02:12:17.014   420   420 I aw9380x_cap 8-0012: [aw9380x_para_loaded:823] reg_addr = 0x0da8, reg_data = 0x00000000
03-23 02:12:17.014   420   420 I aw9380x_cap 8-0012: [aw9380x_para_loaded:823] reg_addr = 0x0db0, reg_data = 0x00000000
03-23 02:12:17.014   420   420 I aw9380x_cap 8-0012: [aw9380x_para_loaded:823] reg_addr = 0x0db4, reg_data = 0xffffffff
03-23 02:12:17.014   420   420 I aw9380x_cap 8-0012: [aw9380x_para_loaded:823] reg_addr = 0x0dc8, reg_data = 0x070004b0
03-23 02:12:17.015   420   420 I aw9380x_cap 8-0012: [aw9380x_para_loaded:823] reg_addr = 0x0dcc, reg_data = 0x0e000000
03-23 02:12:17.015   420   420 I aw9380x_cap 8-0012: [aw9380x_para_loaded:823] reg_addr = 0x0dd0, reg_data = 0xf2000000
03-23 02:12:17.015   420   420 I aw9380x_cap 8-0012: [aw9380x_para_loaded:823] reg_addr = 0x0dd4, reg_data = 0x02000000
03-23 02:12:17.015   420   420 I aw9380x_cap 8-0012: [aw9380x_para_loaded:823] reg_addr = 0x0dd8, reg_data = 0x02000000
03-23 02:12:17.016   420   420 I aw9380x_cap 8-0012: [aw9380x_para_loaded:823] reg_addr = 0x0ddc, reg_data = 0x00002000
03-23 02:12:17.016   420   420 I aw9380x_cap 8-0012: [aw9380x_para_loaded:823] reg_addr = 0x0de0, reg_data = 0x00010000
03-23 02:12:17.016   420   420 I aw9380x_cap 8-0012: [aw9380x_para_loaded:823] reg_addr = 0x0de4, reg_data = 0x80007530
03-23 02:12:17.016   420   420 I aw9380x_cap 8-0012: [aw9380x_para_loaded:823] reg_addr = 0x0f50, reg_data = 0x00000000
03-23 02:12:17.016   420   420 I aw9380x_cap 8-0012: [aw9380x_para_loaded:823] reg_addr = 0x0f54, reg_data = 0x00000000
03-23 02:12:17.017   420   420 I aw9380x_cap 8-0012: [aw9380x_para_loaded:823] reg_addr = 0x0f58, reg_data = 0x00000000
03-23 02:12:17.017   420   420 I aw9380x_cap 8-0012: [aw9380x_para_loaded:823] reg_addr = 0x0f60, reg_data = 0x00000000
03-23 02:12:17.017   420   420 I aw9380x_cap 8-0012: [aw9380x_para_loaded:823] reg_addr = 0x0f64, reg_data = 0xffffffff
03-23 02:12:17.017   420   420 I aw9380x_cap 8-0012: [aw9380x_para_loaded:823] reg_addr = 0x0f78, reg_data = 0x070004b0
03-23 02:12:17.018   420   420 I aw9380x_cap 8-0012: [aw9380x_para_loaded:823] reg_addr = 0x0f7c, reg_data = 0x0e000000
03-23 02:12:17.018   420   420 I aw9380x_cap 8-0012: [aw9380x_para_loaded:823] reg_addr = 0x0f80, reg_data = 0xf2000000
03-23 02:12:17.018   420   420 I aw9380x_cap 8-0012: [aw9380x_para_loaded:823] reg_addr = 0x0f84, reg_data = 0x02000000
03-23 02:12:17.018   420   420 I aw9380x_cap 8-0012: [aw9380x_para_loaded:823] reg_addr = 0x0f88, reg_data = 0x02000000
03-23 02:12:17.019   420   420 I aw9380x_cap 8-0012: [aw9380x_para_loaded:823] reg_addr = 0x0f8c, reg_data = 0x00002000
03-23 02:12:17.019   420   420 I aw9380x_cap 8-0012: [aw9380x_para_loaded:823] reg_addr = 0x0f90, reg_data = 0x00010000
03-23 02:12:17.019   420   420 I aw9380x_cap 8-0012: [aw9380x_para_loaded:823] reg_addr = 0x0f94, reg_data = 0x80007530
03-23 02:12:17.019   420   420 I aw9380x_cap 8-0012: [aw9380x_para_loaded:823] reg_addr = 0x1100, reg_data = 0x00000000
03-23 02:12:17.020   420   420 I aw9380x_cap 8-0012: [aw9380x_para_loaded:823] reg_addr = 0x1104, reg_data = 0x00000000
03-23 02:12:17.020   420   420 I aw9380x_cap 8-0012: [aw9380x_para_loaded:823] reg_addr = 0x1108, reg_data = 0x00000000
03-23 02:12:17.020   420   420 I aw9380x_cap 8-0012: [aw9380x_para_loaded:823] reg_addr = 0x1110, reg_data = 0x00000000
03-23 02:12:17.020   420   420 I aw9380x_cap 8-0012: [aw9380x_para_loaded:823] reg_addr = 0x1114, reg_data = 0xffffffff
03-23 02:12:17.021   420   420 I aw9380x_cap 8-0012: [aw9380x_para_loaded:823] reg_addr = 0x1128, reg_data = 0x070004b0
03-23 02:12:17.021   420   420 I aw9380x_cap 8-0012: [aw9380x_para_loaded:823] reg_addr = 0x112c, reg_data = 0x0e000000
03-23 02:12:17.021   420   420 I aw9380x_cap 8-0012: [aw9380x_para_loaded:823] reg_addr = 0x1130, reg_data = 0xf2000000
03-23 02:12:17.021   420   420 I aw9380x_cap 8-0012: [aw9380x_para_loaded:823] reg_addr = 0x1134, reg_data = 0x02000000
03-23 02:12:17.022   420   420 I aw9380x_cap 8-0012: [aw9380x_para_loaded:823] reg_addr = 0x1138, reg_data = 0x02000000
03-23 02:12:17.022   420   420 I aw9380x_cap 8-0012: [aw9380x_para_loaded:823] reg_addr = 0x113c, reg_data = 0x00002000
03-23 02:12:17.022   420   420 I aw9380x_cap 8-0012: [aw9380x_para_loaded:823] reg_addr = 0x1140, reg_data = 0x00010000
03-23 02:12:17.022   420   420 I aw9380x_cap 8-0012: [aw9380x_para_loaded:823] reg_addr = 0x1144, reg_data = 0x80007530
03-23 02:12:17.022   420   420 I aw9380x_cap 8-0012: [aw9380x_para_loaded:823] reg_addr = 0x12b0, reg_data = 0x00000000
03-23 02:12:17.023   420   420 I aw9380x_cap 8-0012: [aw9380x_para_loaded:823] reg_addr = 0x12b4, reg_data = 0x00000000
03-23 02:12:17.023   420   420 I aw9380x_cap 8-0012: [aw9380x_para_loaded:823] reg_addr = 0x12b8, reg_data = 0x00000000
03-23 02:12:17.023   420   420 I aw9380x_cap 8-0012: [aw9380x_para_loaded:823] reg_addr = 0x12c0, reg_data = 0x00000000
03-23 02:12:17.023   420   420 I aw9380x_cap 8-0012: [aw9380x_para_loaded:823] reg_addr = 0x12c4, reg_data = 0xffffffff
03-23 02:12:17.024   420   420 I aw9380x_cap 8-0012: [aw9380x_para_loaded:823] reg_addr = 0x12d8, reg_data = 0x070004b0
03-23 02:12:17.024   420   420 I aw9380x_cap 8-0012: [aw9380x_para_loaded:823] reg_addr = 0x12dc, reg_data = 0x0e000000
03-23 02:12:17.024   420   420 I aw9380x_cap 8-0012: [aw9380x_para_loaded:823] reg_addr = 0x12e0, reg_data = 0xf2000000
03-23 02:12:17.024   420   420 I aw9380x_cap 8-0012: [aw9380x_para_loaded:823] reg_addr = 0x12e4, reg_data = 0x02000000
03-23 02:12:17.025   420   420 I aw9380x_cap 8-0012: [aw9380x_para_loaded:823] reg_addr = 0x12e8, reg_data = 0x02000000
03-23 02:12:17.025   420   420 I aw9380x_cap 8-0012: [aw9380x_para_loaded:823] reg_addr = 0x12ec, reg_data = 0x00002000
03-23 02:12:17.025   420   420 I aw9380x_cap 8-0012: [aw9380x_para_loaded:823] reg_addr = 0x12f0, reg_data = 0x00010000
03-23 02:12:17.025   420   420 I aw9380x_cap 8-0012: [aw9380x_para_loaded:823] reg_addr = 0x12f4, reg_data = 0x80007530
03-23 02:12:17.026   420   420 I aw9380x_cap 8-0012: [aw9380x_para_loaded:823] reg_addr = 0x1460, reg_data = 0x00000000
03-23 02:12:17.026   420   420 I aw9380x_cap 8-0012: [aw9380x_para_loaded:823] reg_addr = 0x1464, reg_data = 0x00000000
03-23 02:12:17.026   420   420 I aw9380x_cap 8-0012: [aw9380x_para_loaded:823] reg_addr = 0x1468, reg_data = 0x00000000
03-23 02:12:17.026   420   420 I aw9380x_cap 8-0012: [aw9380x_para_loaded:823] reg_addr = 0x1470, reg_data = 0x00000000
03-23 02:12:17.027   420   420 I aw9380x_cap 8-0012: [aw9380x_para_loaded:823] reg_addr = 0x1474, reg_data = 0xffffffff
03-23 02:12:17.027   420   420 I aw9380x_cap 8-0012: [aw9380x_para_loaded:823] reg_addr = 0x1488, reg_data = 0x070004b0
03-23 02:12:17.027   420   420 I aw9380x_cap 8-0012: [aw9380x_para_loaded:823] reg_addr = 0x148c, reg_data = 0x0e000000
03-23 02:12:17.027   420   420 I aw9380x_cap 8-0012: [aw9380x_para_loaded:823] reg_addr = 0x1490, reg_data = 0xf2000000
03-23 02:12:17.028   420   420 I aw9380x_cap 8-0012: [aw9380x_para_loaded:823] reg_addr = 0x1494, reg_data = 0x02000000
03-23 02:12:17.028   420   420 I aw9380x_cap 8-0012: [aw9380x_para_loaded:823] reg_addr = 0x1498, reg_data = 0x02000000
03-23 02:12:17.028   420   420 I aw9380x_cap 8-0012: [aw9380x_para_loaded:823] reg_addr = 0x149c, reg_data = 0x00002000
03-23 02:12:17.028   420   420 I aw9380x_cap 8-0012: [aw9380x_para_loaded:823] reg_addr = 0x14a0, reg_data = 0x00010000
03-23 02:12:17.029   420   420 I aw9380x_cap 8-0012: [aw9380x_para_loaded:823] reg_addr = 0x14a4, reg_data = 0x80007530
03-23 02:12:17.029   420   420 I aw9380x_cap 8-0012: [aw9380x_para_loaded:823] reg_addr = 0xf084, reg_data = 0x000f0fff
03-23 02:12:17.029   420   420 I aw9380x_cap 8-0012: [aw9380x_para_loaded:823] reg_addr = 0x004c, reg_data = 0xffffffff
03-23 02:12:17.029   420   420 I aw9380x_cap 8-0012: [aw9380x_para_loaded:823] reg_addr = 0x0050, reg_data = 0xffffffff
03-23 02:12:17.029   420   420 I aw9380x_cap 8-0012: [aw9380x_para_loaded:826] para writen completely
03-23 02:12:17.030   420   420 I aw9380x_cap 8-0012: [aw9380x_update_ch_en:325] ch_en_val old:0x000000FF
03-23 02:12:17.034   420   420 I aw9380x_cap 8-0012: [aw9380x_update_ch_en:336] ch_en_val new:0x0000007F
03-23 02:12:17.035   420   420 I aw9380x_cap 8-0012: [aw9380x_fct_cali_coef_def_read:2521] ch=0, diff=0, weight=0, cali_coef_def=0
03-23 02:12:17.035   393   393 I aw9380x_cap 8-0012: [aw9380x_rc_irqscr:3728] i2c read reg: 0xf080, val= 0
03-23 02:12:17.035   393   393 I aw9380x_cap 8-0012: [aw9380x_cap_default_irq_handle:4109] gpio_low_count 0
03-23 02:12:17.036   420   420 I aw9380x_cap 8-0012: [aw9380x_fct_cali_coef_def_read:2521] ch=1, diff=0, weight=0, cali_coef_def=0
03-23 02:12:17.036   393   393 I aw9380x_cap 8-0012: [aw9380x_irq_handle_func:4065] IRQSEN = 0x000F0FFF
03-23 02:12:17.036   393   393 I aw9380x_cap 8-0012: [aw9380x_irq_handle_func:4067] IRQSRC = 0x00000000
03-23 02:12:17.036   393   393 I aw9380x_cap 8-0012: [aw9380x_noth_button_key_report:3855] touch0_state Cap 0 Force 0 currentBtn 2
03-23 02:12:17.036   393   393 I aw9380x_cap 8-0012: [aw9380x_noth_button_key_report:3875] KeyCode 251 newBtn(0/UP) 0 2025-12-19 16:51:08.839404342 UTC
03-23 02:12:17.036   420   420 I aw9380x_cap 8-0012: [aw9380x_fct_cali_coef_def_read:2521] ch=2, diff=0, weight=0, cali_coef_def=0
03-23 02:12:17.037   420   420 I aw9380x_cap 8-0012: [aw9380x_fct_cali_coef_def_read:2521] ch=3, diff=0, weight=0, cali_coef_def=0
03-23 02:12:17.037   420   420 I aw9380x_cap 8-0012: [aw9380x_fct_cali_coef_def_read:2521] ch=4, diff=0, weight=0, cali_coef_def=0
03-23 02:12:17.038   420   420 I aw9380x_cap 8-0012: [aw9380x_fct_cali_coef_def_read:2521] ch=5, diff=0, weight=0, cali_coef_def=0
03-23 02:12:17.038   420   420 I aw9380x_cap 8-0012: [aw9380x_fct_cali_coef_def_read:2521] ch=6, diff=0, weight=0, cali_coef_def=0
03-23 02:12:17.038   420   420 I aw9380x_cap 8-0012: [aw9380x_fct_cali_coef_def_read:2521] ch=7, diff=0, weight=0, cali_coef_def=0
03-23 02:12:17.039   420   420 I aw9380x_cap 8-0012: [aw9380x_fct_cali_coef_def_read:2521] ch=8, diff=0, weight=0, cali_coef_def=0
03-23 02:12:17.039   420   420 I aw9380x_cap 8-0012: [aw9380x_fct_cali_coef_def_read:2521] ch=9, diff=0, weight=0, cali_coef_def=0
03-23 02:12:17.039   420   420 I aw9380x_cap 8-0012: [aw9380x_fct_cali_coef_def_read:2521] ch=10, diff=0, weight=0, cali_coef_def=0
03-23 02:12:17.040   420   420 I aw9380x_cap 8-0012: [aw9380x_fct_cali_coef_def_read:2521] ch=11, diff=0, weight=0, cali_coef_def=0
03-23 02:12:17.040   420   420 I aw9380x_cap 8-0012: [aw9380x_fct_data_write_back_to_fw:2802] Enter
03-23 02:12:17.040   420   420 I aw9380x_cap 8-0012: [aw9380x_fct_data_read_from_flash:2787] Enter
03-23 02:12:17.129    86    86 I         : [matrix-leds] write bytes len 4106, ret 0
12-19 16:51:09.040   453   453 W ServiceManager: Waited one second for android.system.keystore2.IKeystoreService/default (is service started? are binder threads started and available?)
12-19 16:51:09.041   447   447 I servicemanager: Since 'android.system.keystore2.IKeystoreService/default' could not be found, trying to start it as a lazy AIDL service
12-19 16:51:09.041   447   530 W libc    : Unable to set property "ctl.interface_start" to "aidl/android.system.keystore2.IKeystoreService/default": error code: 0x20
12-19 16:51:09.041   447   530 I servicemanager: Tried to start aidl service android.system.keystore2.IKeystoreService/default as a lazy service, but was unable to. Usually this happens when a service is not installed, but if the service is intended to be used as a lazy service, then it may be configured incorrectly.
03-23 02:12:17.238     1     1 E init    : Control message: Could not find 'aidl/android.system.keystore2.IKeystoreService/default' for ctl.interface_start from pid: 447 (/system/bin/servicemanager)
03-23 02:12:17.265    86    86 I         : [matrix-leds] write bytes len 4106, ret 0
03-23 02:12:17.390   393   393 I aw9380x_cap 8-0012: [aw9380x_rc_irqscr:3728] i2c read reg: 0xf080, val= 24
03-23 02:12:17.390   393   393 I aw9380x_cap 8-0012: [aw9380x_cap_default_irq_handle:4109] gpio_low_count 0
03-23 02:12:17.391   393   393 I aw9380x_cap 8-0012: [aw9380x_irq_handle_func:4065] IRQSEN = 0x000F0FFF
03-23 02:12:17.391   393   393 I aw9380x_cap 8-0012: [aw9380x_irq_handle_func:4067] IRQSRC = 0x00000018
03-23 02:12:17.392   393   393 I aw9380x_cap 8-0012: [aw9380x_noth_button_key_report:3855] touch0_state Cap 0 Force 0 currentBtn 0
03-23 02:12:17.401    86    86 I         : [matrix-leds] write bytes len 4106, ret 0
03-23 02:12:17.433   393   393 I aw9380x_cap 8-0012: [aw9380x_rc_irqscr:3728] i2c read reg: 0xf080, val= 16
03-23 02:12:17.433   393   393 I aw9380x_cap 8-0012: [aw9380x_cap_default_irq_handle:4109] gpio_low_count 0
03-23 02:12:17.433   393   393 I aw9380x_cap 8-0012: [aw9380x_irq_handle_func:4065] IRQSEN = 0x000F0FFF
03-23 02:12:17.433   393   393 I aw9380x_cap 8-0012: [aw9380x_irq_handle_func:4067] IRQSRC = 0x00000010
03-23 02:12:17.434   393   393 I aw9380x_cap 8-0012: [aw9380x_noth_button_key_report:3855] touch0_state Cap 0 Force 0 currentBtn 0
03-23 02:12:17.455   393   393 I aw9380x_cap 8-0012: [aw9380x_rc_irqscr:3728] i2c read reg: 0xf080, val= 16
03-23 02:12:17.455   393   393 I aw9380x_cap 8-0012: [aw9380x_cap_default_irq_handle:4109] gpio_low_count 0
03-23 02:12:17.455   393   393 I aw9380x_cap 8-0012: [aw9380x_irq_handle_func:4065] IRQSEN = 0x000F0FFF
03-23 02:12:17.455   393   393 I aw9380x_cap 8-0012: [aw9380x_irq_handle_func:4067] IRQSRC = 0x00000010
03-23 02:12:17.456   393   393 I aw9380x_cap 8-0012: [aw9380x_noth_button_key_report:3855] touch0_state Cap 0 Force 0 currentBtn 0
03-23 02:12:17.497   393   393 I aw9380x_cap 8-0012: [aw9380x_rc_irqscr:3728] i2c read reg: 0xf080, val= 16
03-23 02:12:17.497   393   393 I aw9380x_cap 8-0012: [aw9380x_cap_default_irq_handle:4109] gpio_low_count 0
03-23 02:12:17.497   393   393 I aw9380x_cap 8-0012: [aw9380x_irq_handle_func:4065] IRQSEN = 0x000F0FFF
03-23 02:12:17.497   393   393 I aw9380x_cap 8-0012: [aw9380x_irq_handle_func:4067] IRQSRC = 0x00000010
03-23 02:12:17.498   393   393 I aw9380x_cap 8-0012: [aw9380x_noth_button_key_report:3855] touch0_state Cap 0 Force 0 currentBtn 0
03-23 02:12:17.519   393   393 I aw9380x_cap 8-0012: [aw9380x_rc_irqscr:3728] i2c read reg: 0xf080, val= 16
03-23 02:12:17.519   393   393 I aw9380x_cap 8-0012: [aw9380x_cap_default_irq_handle:4109] gpio_low_count 0
03-23 02:12:17.519   393   393 I aw9380x_cap 8-0012: [aw9380x_irq_handle_func:4065] IRQSEN = 0x000F0FFF
03-23 02:12:17.519   393   393 I aw9380x_cap 8-0012: [aw9380x_irq_handle_func:4067] IRQSRC = 0x00000010
03-23 02:12:17.520   393   393 I aw9380x_cap 8-0012: [aw9380x_noth_button_key_report:3855] touch0_state Cap 0 Force 0 currentBtn 0
03-23 02:12:17.537    86    86 I         : [matrix-leds] write bytes len 4106, ret 0
03-23 02:12:17.562   393   393 I aw9380x_cap 8-0012: [aw9380x_rc_irqscr:3728] i2c read reg: 0xf080, val= 16
03-23 02:12:17.562   393   393 I aw9380x_cap 8-0012: [aw9380x_cap_default_irq_handle:4109] gpio_low_count 0
03-23 02:12:17.562   393   393 I aw9380x_cap 8-0012: [aw9380x_irq_handle_func:4065] IRQSEN = 0x000F0FFF
03-23 02:12:17.562   393   393 I aw9380x_cap 8-0012: [aw9380x_irq_handle_func:4067] IRQSRC = 0x00000010
03-23 02:12:17.563   393   393 I aw9380x_cap 8-0012: [aw9380x_noth_button_key_report:3855] touch0_state Cap 0 Force 0 currentBtn 0
03-23 02:12:17.584   393   393 I aw9380x_cap 8-0012: [aw9380x_rc_irqscr:3728] i2c read reg: 0xf080, val= 16
03-23 02:12:17.584   393   393 I aw9380x_cap 8-0012: [aw9380x_cap_default_irq_handle:4109] gpio_low_count 0
03-23 02:12:17.584   393   393 I aw9380x_cap 8-0012: [aw9380x_irq_handle_func:4065] IRQSEN = 0x000F0FFF
03-23 02:12:17.584   393   393 I aw9380x_cap 8-0012: [aw9380x_irq_handle_func:4067] IRQSRC = 0x00000010
03-23 02:12:17.585   393   393 I aw9380x_cap 8-0012: [aw9380x_noth_button_key_report:3855] touch0_state Cap 0 Force 0 currentBtn 0
12-19 16:51:09.393   531   531 E cutils-trace: Error opening trace file: No such file or directory (2)
12-19 16:51:09.393   531   531 E LegacySupport: Could not get passthrough implementation for android.hardware.boot@1.0::IBootControl/default.
03-23 02:12:17.587     1     1 I init    : starting service 'boot-hal-1-2'...
03-23 02:12:17.588   531   531 I KernelSU: hook_manager: unmark 531 exec /system/bin/android.hardware.boot@1.2-service
03-23 02:12:17.591     1     1 I init    : Service 'boot-hal-1-2' (pid 531) exited with status 1
03-23 02:12:17.591     1     1 I init    : Sending signal 9 to service 'boot-hal-1-2' (pid 531) process group...
03-23 02:12:17.591     1     1 I libprocessgroup: Successfully killed process cgroup uid 0 pid 531 in 0ms
03-23 02:12:17.599     1     1 I init    : starting service 'adbd'...
03-23 02:12:17.599     1     1 I init    : Created socket '/dev/socket/adbd', mode 660, user 1000, group 1000
12-19 16:51:09.413   532   532 I adbd    : persist.adb.watchdog set to ''
12-19 16:51:09.413   532   532 I adbd    : persist.sys.test_harness set to ''
12-19 16:51:09.413   532   532 I adbd    : adb watchdog timeout set to 600 seconds
12-19 16:51:09.413   532   534 I adbd    : Waiting for persist.adb.tls_server.enable=1
12-19 16:51:09.413   532   532 I adbd    : adbd started
12-19 16:51:09.413   532   536 I adbd    : opening control endpoint /dev/usb-ffs/adb/ep0
12-19 16:51:09.413   532   536 I adbd    : UsbFfsConnection constructed
12-19 16:51:09.413   532   537 I adbd    : UsbFfs-monitor thread spawned
12-19 16:51:09.414   532   537 I adbd    : USB event: FUNCTIONFS_BIND
03-23 02:12:17.610   536   536 I         : read descriptors
03-23 02:12:17.610   536   536 W         : bcdVersion must be 0x0100, stored in Little Endian order. Userspace driver should be fixed, accepting 0x0001 for compatibility.
03-23 02:12:17.610   536   536 W         : bcdVersion must be 0x0100, stored in Little Endian order. Userspace driver should be fixed, accepting 0x0001 for compatibility.
03-23 02:12:17.610   536   536 I         : read strings
03-23 02:12:17.610     1     1 I init    : processing action (sys.usb.config=adb && sys.usb.configfs=1 && sys.usb.ffs.ready=1) from (/system/etc/init/hw/init.rc:201)
03-23 02:12:17.611     1     1 I init    : Command 'symlink /config/usb_gadget/g1/functions/ffs.adb /config/usb_gadget/g1/configs/b.1/f1' action=sys.usb.config=adb && sys.usb.configfs=1 && sys.usb.ffs.ready=1 (/system/etc/init/hw/init.rc:204) took 0ms and failed: symlink() failed: File exists
03-23 02:12:17.611     1     1 W         : bcdVersion must be 0x0100, stored in Little Endian order. Userspace driver should be fixed, accepting 0x0001 for compatibility.
03-23 02:12:17.611     1     1 W         : bcdVersion must be 0x0100, stored in Little Endian order. Userspace driver should be fixed, accepting 0x0001 for compatibility.
03-23 02:12:17.626   393   393 I aw9380x_cap 8-0012: [aw9380x_rc_irqscr:3728] i2c read reg: 0xf080, val= 16
03-23 02:12:17.626   393   393 I aw9380x_cap 8-0012: [aw9380x_cap_default_irq_handle:4109] gpio_low_count 0
03-23 02:12:17.627   393   393 I aw9380x_cap 8-0012: [aw9380x_irq_handle_func:4065] IRQSEN = 0x000F0FFF
03-23 02:12:17.627   393   393 I aw9380x_cap 8-0012: [aw9380x_irq_handle_func:4067] IRQSRC = 0x00000010
03-23 02:12:17.627   393   393 I aw9380x_cap 8-0012: [aw9380x_noth_button_key_report:3855] touch0_state Cap 0 Force 0 currentBtn 0
12-19 16:51:09.434   499   499 I health@2.1-serv: type=1400 audit(0.0:109): avc: denied { read } for scontext=u:r:recovery:s0 tcontext=u:r:recovery:s0 tclass=netlink_kobject_uevent_socket permissive=1
03-23 02:12:17.632     1     1 I dwc3 a600000.dwc3: Set IRQ thread:irq/283-dwc3 pid:538 to SCHED_NORMAL prio
03-23 02:12:17.635     1     1 I init    : processing action (sys.usb.config=adb && sys.usb.configfs=1 && sys.usb.ffs.ready=1) from (/init.recovery.usb.rc:96)
03-23 02:12:17.635     1     1 I init    : Command 'symlink /config/usb_gadget/g1/functions/ffs.adb /config/usb_gadget/g1/configs/b.1/f1' action=sys.usb.config=adb && sys.usb.configfs=1 && sys.usb.ffs.ready=1 (/init.recovery.usb.rc:100) took 0ms and failed: symlink() failed: File exists
03-23 02:12:17.635     1     1 I init    : Command 'write /config/usb_gadget/g1/UDC ${sys.usb.controller}' action=sys.usb.config=adb && sys.usb.configfs=1 && sys.usb.ffs.ready=1 (/init.recovery.usb.rc:101) took 0ms and failed: Unable to write to file '/config/usb_gadget/g1/UDC': Unable to write file contents: Device or resource busy
03-23 02:12:17.648   393   393 I aw9380x_cap 8-0012: [aw9380x_rc_irqscr:3728] i2c read reg: 0xf080, val= 16
03-23 02:12:17.648   393   393 I aw9380x_cap 8-0012: [aw9380x_cap_default_irq_handle:4109] gpio_low_count 0
03-23 02:12:17.649   393   393 I aw9380x_cap 8-0012: [aw9380x_irq_handle_func:4065] IRQSEN = 0x000F0FFF
03-23 02:12:17.649   393   393 I aw9380x_cap 8-0012: [aw9380x_irq_handle_func:4067] IRQSRC = 0x00000010
03-23 02:12:17.649   393   393 I aw9380x_cap 8-0012: [aw9380x_noth_button_key_report:3855] touch0_state Cap 0 Force 0 currentBtn 0
03-23 02:12:17.673    86    86 I         : [matrix-leds] write bytes len 4106, ret 0
03-23 02:12:17.691   393   393 I aw9380x_cap 8-0012: [aw9380x_rc_irqscr:3728] i2c read reg: 0xf080, val= 16
03-23 02:12:17.691   393   393 I aw9380x_cap 8-0012: [aw9380x_cap_default_irq_handle:4109] gpio_low_count 0
03-23 02:12:17.691   393   393 I aw9380x_cap 8-0012: [aw9380x_irq_handle_func:4065] IRQSEN = 0x000F0FFF
03-23 02:12:17.691   393   393 I aw9380x_cap 8-0012: [aw9380x_irq_handle_func:4067] IRQSRC = 0x00000010
03-23 02:12:17.692   393   393 I aw9380x_cap 8-0012: [aw9380x_noth_button_key_report:3855] touch0_state Cap 0 Force 0 currentBtn 0
03-23 02:12:17.713   393   393 I aw9380x_cap 8-0012: [aw9380x_rc_irqscr:3728] i2c read reg: 0xf080, val= 16
03-23 02:12:17.713   393   393 I aw9380x_cap 8-0012: [aw9380x_cap_default_irq_handle:4109] gpio_low_count 0
03-23 02:12:17.713   393   393 I aw9380x_cap 8-0012: [aw9380x_irq_handle_func:4065] IRQSEN = 0x000F0FFF
03-23 02:12:17.713   393   393 I aw9380x_cap 8-0012: [aw9380x_irq_handle_func:4067] IRQSRC = 0x00000010
03-23 02:12:17.713   393   393 I aw9380x_cap 8-0012: [aw9380x_noth_button_key_report:3855] touch0_state Cap 0 Force 0 currentBtn 0
03-23 02:12:17.746     8     8 E msm_eusb2_phy 88e3000.hsphy: Could not get usb psy
03-23 02:12:17.755   393   393 I aw9380x_cap 8-0012: [aw9380x_rc_irqscr:3728] i2c read reg: 0xf080, val= 16
03-23 02:12:17.755   393   393 I aw9380x_cap 8-0012: [aw9380x_cap_default_irq_handle:4109] gpio_low_count 0
03-23 02:12:17.756   393   393 I aw9380x_cap 8-0012: [aw9380x_irq_handle_func:4065] IRQSEN = 0x000F0FFF
03-23 02:12:17.756   393   393 I aw9380x_cap 8-0012: [aw9380x_irq_handle_func:4067] IRQSRC = 0x00000010
03-23 02:12:17.756   393   393 I aw9380x_cap 8-0012: [aw9380x_noth_button_key_report:3855] touch0_state Cap 0 Force 0 currentBtn 0
03-23 02:12:17.777   393   393 I aw9380x_cap 8-0012: [aw9380x_rc_irqscr:3728] i2c read reg: 0xf080, val= 16
03-23 02:12:17.777   393   393 I aw9380x_cap 8-0012: [aw9380x_cap_default_irq_handle:4109] gpio_low_count 0
03-23 02:12:17.778   393   393 I aw9380x_cap 8-0012: [aw9380x_irq_handle_func:4065] IRQSEN = 0x000F0FFF
03-23 02:12:17.778   393   393 I aw9380x_cap 8-0012: [aw9380x_irq_handle_func:4067] IRQSRC = 0x00000010
03-23 02:12:17.778   393   393 I aw9380x_cap 8-0012: [aw9380x_noth_button_key_report:3855] touch0_state Cap 0 Force 0 currentBtn 0
03-23 02:12:17.809    86    86 I         : [matrix-leds] write bytes len 4106, ret 0
03-23 02:12:17.820   393   393 I aw9380x_cap 8-0012: [aw9380x_rc_irqscr:3728] i2c read reg: 0xf080, val= 16
03-23 02:12:17.820   393   393 I aw9380x_cap 8-0012: [aw9380x_cap_default_irq_handle:4109] gpio_low_count 0
03-23 02:12:17.820   393   393 I aw9380x_cap 8-0012: [aw9380x_irq_handle_func:4065] IRQSEN = 0x000F0FFF
03-23 02:12:17.820   393   393 I aw9380x_cap 8-0012: [aw9380x_irq_handle_func:4067] IRQSRC = 0x00000010
03-23 02:12:17.821   393   393 I aw9380x_cap 8-0012: [aw9380x_noth_button_key_report:3855] touch0_state Cap 0 Force 0 currentBtn 0
03-23 02:12:17.842   393   393 I aw9380x_cap 8-0012: [aw9380x_rc_irqscr:3728] i2c read reg: 0xf080, val= 16
03-23 02:12:17.842   393   393 I aw9380x_cap 8-0012: [aw9380x_cap_default_irq_handle:4109] gpio_low_count 0
03-23 02:12:17.842   393   393 I aw9380x_cap 8-0012: [aw9380x_irq_handle_func:4065] IRQSEN = 0x000F0FFF
03-23 02:12:17.842   393   393 I aw9380x_cap 8-0012: [aw9380x_irq_handle_func:4067] IRQSRC = 0x00000010
03-23 02:12:17.843   393   393 I aw9380x_cap 8-0012: [aw9380x_noth_button_key_report:3855] touch0_state Cap 0 Force 0 currentBtn 0
03-23 02:12:17.884   393   393 I aw9380x_cap 8-0012: [aw9380x_rc_irqscr:3728] i2c read reg: 0xf080, val= 16
03-23 02:12:17.884   393   393 I aw9380x_cap 8-0012: [aw9380x_cap_default_irq_handle:4109] gpio_low_count 0
03-23 02:12:17.885   393   393 I aw9380x_cap 8-0012: [aw9380x_irq_handle_func:4065] IRQSEN = 0x000F0FFF
03-23 02:12:17.885   393   393 I aw9380x_cap 8-0012: [aw9380x_irq_handle_func:4067] IRQSRC = 0x00000010
03-23 02:12:17.885   393   393 I aw9380x_cap 8-0012: [aw9380x_noth_button_key_report:3855] touch0_state Cap 0 Force 0 currentBtn 0
03-23 02:12:17.906   393   393 I aw9380x_cap 8-0012: [aw9380x_rc_irqscr:3728] i2c read reg: 0xf080, val= 16
