03-23 02:12:17.906   393   393 I aw9380x_cap 8-0012: [aw9380x_cap_default_irq_handle:4109] gpio_low_count 0
03-23 02:12:17.907   393   393 I aw9380x_cap 8-0012: [aw9380x_irq_handle_func:4065] IRQSEN = 0x000F0FFF
03-23 02:12:17.907   393   393 I aw9380x_cap 8-0012: [aw9380x_irq_handle_func:4067] IRQSRC = 0x00000010
03-23 02:12:17.907   393   393 I aw9380x_cap 8-0012: [aw9380x_noth_button_key_report:3855] touch0_state Cap 0 Force 0 currentBtn 0
03-23 02:12:17.928     8     8 I         : USB_STATE=CONNECTED
03-23 02:12:17.945    86    86 I         : [matrix-leds] write bytes len 4106, ret 0
03-23 02:12:17.949   393   393 I aw9380x_cap 8-0012: [aw9380x_rc_irqscr:3728] i2c read reg: 0xf080, val= 16
03-23 02:12:17.949   393   393 I aw9380x_cap 8-0012: [aw9380x_cap_default_irq_handle:4109] gpio_low_count 0
03-23 02:12:17.949   393   393 I aw9380x_cap 8-0012: [aw9380x_irq_handle_func:4065] IRQSEN = 0x000F0FFF
03-23 02:12:17.949   393   393 I aw9380x_cap 8-0012: [aw9380x_irq_handle_func:4067] IRQSRC = 0x00000010
03-23 02:12:17.950   393   393 I aw9380x_cap 8-0012: [aw9380x_noth_button_key_report:3855] touch0_state Cap 0 Force 0 currentBtn 0
12-19 16:51:09.758   532   537 I adbd    : USB event: FUNCTIONFS_ENABLE
12-19 16:51:09.758   532   539 I adbd    : UsbFfs-worker thread spawned
03-23 02:12:17.955     8     8 E msm_eusb2_phy 88e3000.hsphy: Could not get usb psy
03-23 02:12:17.955     8     8 I         : USB_STATE=CONFIGURED
03-23 02:12:17.971   393   393 I aw9380x_cap 8-0012: [aw9380x_rc_irqscr:3728] i2c read reg: 0xf080, val= 16
03-23 02:12:17.971   393   393 I aw9380x_cap 8-0012: [aw9380x_cap_default_irq_handle:4109] gpio_low_count 0
03-23 02:12:17.971   393   393 I aw9380x_cap 8-0012: [aw9380x_irq_handle_func:4065] IRQSEN = 0x000F0FFF
03-23 02:12:17.971   393   393 I aw9380x_cap 8-0012: [aw9380x_irq_handle_func:4067] IRQSRC = 0x00000010
03-23 02:12:17.972   393   393 I aw9380x_cap 8-0012: [aw9380x_noth_button_key_report:3855] touch0_state Cap 0 Force 0 currentBtn 0
03-23 02:12:18.013   393   393 I aw9380x_cap 8-0012: [aw9380x_rc_irqscr:3728] i2c read reg: 0xf080, val= 16
03-23 02:12:18.013   393   393 I aw9380x_cap 8-0012: [aw9380x_cap_default_irq_handle:4109] gpio_low_count 0
03-23 02:12:18.014   393   393 I aw9380x_cap 8-0012: [aw9380x_irq_handle_func:4065] IRQSEN = 0x000F0FFF
03-23 02:12:18.014   393   393 I aw9380x_cap 8-0012: [aw9380x_irq_handle_func:4067] IRQSRC = 0x00000010
03-23 02:12:18.014   393   393 I aw9380x_cap 8-0012: [aw9380x_noth_button_key_report:3855] touch0_state Cap 0 Force 0 currentBtn 0
03-23 02:12:18.035   393   393 I aw9380x_cap 8-0012: [aw9380x_rc_irqscr:3728] i2c read reg: 0xf080, val= 16
03-23 02:12:18.035   393   393 I aw9380x_cap 8-0012: [aw9380x_cap_default_irq_handle:4109] gpio_low_count 0
03-23 02:12:18.035   393   393 I aw9380x_cap 8-0012: [aw9380x_irq_handle_func:4065] IRQSEN = 0x000F0FFF
03-23 02:12:18.035   393   393 I aw9380x_cap 8-0012: [aw9380x_irq_handle_func:4067] IRQSRC = 0x00000010
03-23 02:12:18.036   393   393 I aw9380x_cap 8-0012: [aw9380x_noth_button_key_report:3855] touch0_state Cap 0 Force 0 currentBtn 0
03-23 02:12:18.078   393   393 I aw9380x_cap 8-0012: [aw9380x_rc_irqscr:3728] i2c read reg: 0xf080, val= 16
03-23 02:12:18.078   393   393 I aw9380x_cap 8-0012: [aw9380x_cap_default_irq_handle:4109] gpio_low_count 0
03-23 02:12:18.078   393   393 I aw9380x_cap 8-0012: [aw9380x_irq_handle_func:4065] IRQSEN = 0x000F0FFF
03-23 02:12:18.078   393   393 I aw9380x_cap 8-0012: [aw9380x_irq_handle_func:4067] IRQSRC = 0x00000010
03-23 02:12:18.079   393   393 I aw9380x_cap 8-0012: [aw9380x_noth_button_key_report:3855] touch0_state Cap 0 Force 0 currentBtn 0
03-23 02:12:18.080    86    86 I         : [matrix-leds] write bytes len 4018, ret 0
03-23 02:12:18.100   393   393 I aw9380x_cap 8-0012: [aw9380x_rc_irqscr:3728] i2c read reg: 0xf080, val= 16
03-23 02:12:18.100   393   393 I aw9380x_cap 8-0012: [aw9380x_cap_default_irq_handle:4109] gpio_low_count 0
03-23 02:12:18.100   393   393 I aw9380x_cap 8-0012: [aw9380x_irq_handle_func:4065] IRQSEN = 0x000F0FFF
03-23 02:12:18.100   393   393 I aw9380x_cap 8-0012: [aw9380x_irq_handle_func:4067] IRQSRC = 0x00000010
03-23 02:12:18.101   393   393 I aw9380x_cap 8-0012: [aw9380x_noth_button_key_report:3855] touch0_state Cap 0 Force 0 currentBtn 0
03-23 02:12:18.142   393   393 I aw9380x_cap 8-0012: [aw9380x_rc_irqscr:3728] i2c read reg: 0xf080, val= 16
03-23 02:12:18.142   393   393 I aw9380x_cap 8-0012: [aw9380x_cap_default_irq_handle:4109] gpio_low_count 0
03-23 02:12:18.143   393   393 I aw9380x_cap 8-0012: [aw9380x_irq_handle_func:4065] IRQSEN = 0x000F0FFF
03-23 02:12:18.143   393   393 I aw9380x_cap 8-0012: [aw9380x_irq_handle_func:4067] IRQSRC = 0x00000010
03-23 02:12:18.143   393   393 I aw9380x_cap 8-0012: [aw9380x_noth_button_key_report:3855] touch0_state Cap 0 Force 0 currentBtn 0
03-23 02:12:18.164   393   393 I aw9380x_cap 8-0012: [aw9380x_rc_irqscr:3728] i2c read reg: 0xf080, val= 16
03-23 02:12:18.164   393   393 I aw9380x_cap 8-0012: [aw9380x_cap_default_irq_handle:4109] gpio_low_count 0
03-23 02:12:18.165   393   393 I aw9380x_cap 8-0012: [aw9380x_irq_handle_func:4065] IRQSEN = 0x000F0FFF
03-23 02:12:18.165   393   393 I aw9380x_cap 8-0012: [aw9380x_irq_handle_func:4067] IRQSRC = 0x00000010
03-23 02:12:18.165   393   393 I aw9380x_cap 8-0012: [aw9380x_noth_button_key_report:3855] touch0_state Cap 0 Force 0 currentBtn 0
03-23 02:12:18.183    86    86 I         : [matrix-leds] Video data successfully loaded.
03-23 02:12:18.183    86    86 I [matrix-leds] power_ctrl: power_on 0
03-23 02:12:18.184    86    86 I         : [matrix-leds] write bytes len 14, ret 0
03-23 02:12:18.207   393   393 I aw9380x_cap 8-0012: [aw9380x_rc_irqscr:3728] i2c read reg: 0xf080, val= 16
03-23 02:12:18.207   393   393 I aw9380x_cap 8-0012: [aw9380x_cap_default_irq_handle:4109] gpio_low_count 0
03-23 02:12:18.207   393   393 I aw9380x_cap 8-0012: [aw9380x_irq_handle_func:4065] IRQSEN = 0x000F0FFF
03-23 02:12:18.207   393   393 I aw9380x_cap 8-0012: [aw9380x_irq_handle_func:4067] IRQSRC = 0x00000010
03-23 02:12:18.208   393   393 I aw9380x_cap 8-0012: [aw9380x_noth_button_key_report:3855] touch0_state Cap 0 Force 0 currentBtn 0
03-23 02:12:18.229   393   393 I aw9380x_cap 8-0012: [aw9380x_rc_irqscr:3728] i2c read reg: 0xf080, val= 16
03-23 02:12:18.229   393   393 I aw9380x_cap 8-0012: [aw9380x_cap_default_irq_handle:4109] gpio_low_count 0
03-23 02:12:18.229   393   393 I aw9380x_cap 8-0012: [aw9380x_irq_handle_func:4065] IRQSEN = 0x000F0FFF
03-23 02:12:18.229   393   393 I aw9380x_cap 8-0012: [aw9380x_irq_handle_func:4067] IRQSRC = 0x00000010
03-23 02:12:18.230   393   393 I aw9380x_cap 8-0012: [aw9380x_noth_button_key_report:3855] touch0_state Cap 0 Force 0 currentBtn 0
12-19 16:51:10.041   453   453 W ServiceManager: Waited one second for android.system.keystore2.IKeystoreService/default (is service started? are binder threads started and available?)
12-19 16:51:10.041   447   447 I servicemanager: Since 'android.system.keystore2.IKeystoreService/default' could not be found, trying to start it as a lazy AIDL service
12-19 16:51:10.041   447   540 W libc    : Unable to set property "ctl.interface_start" to "aidl/android.system.keystore2.IKeystoreService/default": error code: 0x20
12-19 16:51:10.041   447   540 I servicemanager: Tried to start aidl service android.system.keystore2.IKeystoreService/default as a lazy service, but was unable to. Usually this happens when a service is not installed, but if the service is intended to be used as a lazy service, then it may be configured incorrectly.
03-23 02:12:18.238     1     1 E init    : Control message: Could not find 'aidl/android.system.keystore2.IKeystoreService/default' for ctl.interface_start from pid: 447 (/system/bin/servicemanager)
03-23 02:12:18.271   393   393 I aw9380x_cap 8-0012: [aw9380x_rc_irqscr:3728] i2c read reg: 0xf080, val= 16
03-23 02:12:18.271   393   393 I aw9380x_cap 8-0012: [aw9380x_cap_default_irq_handle:4109] gpio_low_count 0
03-23 02:12:18.272   393   393 I aw9380x_cap 8-0012: [aw9380x_irq_handle_func:4065] IRQSEN = 0x000F0FFF
03-23 02:12:18.272   393   393 I aw9380x_cap 8-0012: [aw9380x_irq_handle_func:4067] IRQSRC = 0x00000010
03-23 02:12:18.272   393   393 I aw9380x_cap 8-0012: [aw9380x_noth_button_key_report:3855] touch0_state Cap 0 Force 0 currentBtn 0
03-23 02:12:18.293   393   393 I aw9380x_cap 8-0012: [aw9380x_rc_irqscr:3728] i2c read reg: 0xf080, val= 16
03-23 02:12:18.293   393   393 I aw9380x_cap 8-0012: [aw9380x_cap_default_irq_handle:4109] gpio_low_count 0
03-23 02:12:18.294   393   393 I aw9380x_cap 8-0012: [aw9380x_irq_handle_func:4065] IRQSEN = 0x000F0FFF
03-23 02:12:18.294   393   393 I aw9380x_cap 8-0012: [aw9380x_irq_handle_func:4067] IRQSRC = 0x00000010
03-23 02:12:18.294   393   393 I aw9380x_cap 8-0012: [aw9380x_noth_button_key_report:3855] touch0_state Cap 0 Force 0 currentBtn 0
03-23 02:12:18.336   393   393 I aw9380x_cap 8-0012: [aw9380x_rc_irqscr:3728] i2c read reg: 0xf080, val= 16
03-23 02:12:18.336   393   393 I aw9380x_cap 8-0012: [aw9380x_cap_default_irq_handle:4109] gpio_low_count 0
03-23 02:12:18.336   393   393 I aw9380x_cap 8-0012: [aw9380x_irq_handle_func:4065] IRQSEN = 0x000F0FFF
03-23 02:12:18.336   393   393 I aw9380x_cap 8-0012: [aw9380x_irq_handle_func:4067] IRQSRC = 0x00000010
03-23 02:12:18.337   393   393 I aw9380x_cap 8-0012: [aw9380x_noth_button_key_report:3855] touch0_state Cap 0 Force 0 currentBtn 0
03-23 02:12:18.358   393   393 I aw9380x_cap 8-0012: [aw9380x_rc_irqscr:3728] i2c read reg: 0xf080, val= 16
03-23 02:12:18.358   393   393 I aw9380x_cap 8-0012: [aw9380x_cap_default_irq_handle:4109] gpio_low_count 0
03-23 02:12:18.358   393   393 I aw9380x_cap 8-0012: [aw9380x_irq_handle_func:4065] IRQSEN = 0x000F0FFF
03-23 02:12:18.358   393   393 I aw9380x_cap 8-0012: [aw9380x_irq_handle_func:4067] IRQSRC = 0x00000010
03-23 02:12:18.359   393   393 I aw9380x_cap 8-0012: [aw9380x_noth_button_key_report:3855] touch0_state Cap 0 Force 0 currentBtn 0
03-23 02:12:18.400   393   393 I aw9380x_cap 8-0012: [aw9380x_rc_irqscr:3728] i2c read reg: 0xf080, val= 16
03-23 02:12:18.400   393   393 I aw9380x_cap 8-0012: [aw9380x_cap_default_irq_handle:4109] gpio_low_count 0
03-23 02:12:18.401   393   393 I aw9380x_cap 8-0012: [aw9380x_irq_handle_func:4065] IRQSEN = 0x000F0FFF
03-23 02:12:18.401   393   393 I aw9380x_cap 8-0012: [aw9380x_irq_handle_func:4067] IRQSRC = 0x00000010
03-23 02:12:18.401   393   393 I aw9380x_cap 8-0012: [aw9380x_noth_button_key_report:3855] touch0_state Cap 0 Force 0 currentBtn 0
03-23 02:12:18.423   393   393 I aw9380x_cap 8-0012: [aw9380x_rc_irqscr:3728] i2c read reg: 0xf080, val= 16
03-23 02:12:18.423   393   393 I aw9380x_cap 8-0012: [aw9380x_cap_default_irq_handle:4109] gpio_low_count 0
03-23 02:12:18.423   393   393 I aw9380x_cap 8-0012: [aw9380x_irq_handle_func:4065] IRQSEN = 0x000F0FFF
03-23 02:12:18.423   393   393 I aw9380x_cap 8-0012: [aw9380x_irq_handle_func:4067] IRQSRC = 0x00000010
03-23 02:12:18.424   393   393 I aw9380x_cap 8-0012: [aw9380x_noth_button_key_report:3855] touch0_state Cap 0 Force 0 currentBtn 0
03-23 02:12:18.465   393   393 I aw9380x_cap 8-0012: [aw9380x_rc_irqscr:3728] i2c read reg: 0xf080, val= 16
03-23 02:12:18.465   393   393 I aw9380x_cap 8-0012: [aw9380x_cap_default_irq_handle:4109] gpio_low_count 0
03-23 02:12:18.466   393   393 I aw9380x_cap 8-0012: [aw9380x_irq_handle_func:4065] IRQSEN = 0x000F0FFF
03-23 02:12:18.466   393   393 I aw9380x_cap 8-0012: [aw9380x_irq_handle_func:4067] IRQSRC = 0x00000010
03-23 02:12:18.466   393   393 I aw9380x_cap 8-0012: [aw9380x_noth_button_key_report:3855] touch0_state Cap 0 Force 0 currentBtn 0
03-23 02:12:18.487   393   393 I aw9380x_cap 8-0012: [aw9380x_rc_irqscr:3728] i2c read reg: 0xf080, val= 16
03-23 02:12:18.487   393   393 I aw9380x_cap 8-0012: [aw9380x_cap_default_irq_handle:4109] gpio_low_count 0
03-23 02:12:18.488   393   393 I aw9380x_cap 8-0012: [aw9380x_irq_handle_func:4065] IRQSEN = 0x000F0FFF
03-23 02:12:18.488   393   393 I aw9380x_cap 8-0012: [aw9380x_irq_handle_func:4067] IRQSRC = 0x00000010
03-23 02:12:18.488   393   393 I aw9380x_cap 8-0012: [aw9380x_noth_button_key_report:3855] touch0_state Cap 0 Force 0 currentBtn 0
03-23 02:12:18.530   393   393 I aw9380x_cap 8-0012: [aw9380x_rc_irqscr:3728] i2c read reg: 0xf080, val= 16
03-23 02:12:18.530   393   393 I aw9380x_cap 8-0012: [aw9380x_cap_default_irq_handle:4109] gpio_low_count 0
03-23 02:12:18.530   393   393 I aw9380x_cap 8-0012: [aw9380x_irq_handle_func:4065] IRQSEN = 0x000F0FFF
03-23 02:12:18.530   393   393 I aw9380x_cap 8-0012: [aw9380x_irq_handle_func:4067] IRQSRC = 0x00000010
03-23 02:12:18.531   393   393 I aw9380x_cap 8-0012: [aw9380x_noth_button_key_report:3855] touch0_state Cap 0 Force 0 currentBtn 0
03-23 02:12:18.552   393   393 I aw9380x_cap 8-0012: [aw9380x_rc_irqscr:3728] i2c read reg: 0xf080, val= 16
03-23 02:12:18.552   393   393 I aw9380x_cap 8-0012: [aw9380x_cap_default_irq_handle:4109] gpio_low_count 0
03-23 02:12:18.552   393   393 I aw9380x_cap 8-0012: [aw9380x_irq_handle_func:4065] IRQSEN = 0x000F0FFF
03-23 02:12:18.552   393   393 I aw9380x_cap 8-0012: [aw9380x_irq_handle_func:4067] IRQSRC = 0x00000010
03-23 02:12:18.553   393   393 I aw9380x_cap 8-0012: [aw9380x_noth_button_key_report:3855] touch0_state Cap 0 Force 0 currentBtn 0
03-23 02:12:18.594   393   393 I aw9380x_cap 8-0012: [aw9380x_rc_irqscr:3728] i2c read reg: 0xf080, val= 16
03-23 02:12:18.594   393   393 I aw9380x_cap 8-0012: [aw9380x_cap_default_irq_handle:4109] gpio_low_count 0
03-23 02:12:18.595   393   393 I aw9380x_cap 8-0012: [aw9380x_irq_handle_func:4065] IRQSEN = 0x000F0FFF
03-23 02:12:18.595   393   393 I aw9380x_cap 8-0012: [aw9380x_irq_handle_func:4067] IRQSRC = 0x00000010
03-23 02:12:18.596   393   393 I aw9380x_cap 8-0012: [aw9380x_noth_button_key_report:3855] touch0_state Cap 0 Force 0 currentBtn 0
03-23 02:12:18.616   393   393 I aw9380x_cap 8-0012: [aw9380x_rc_irqscr:3728] i2c read reg: 0xf080, val= 16
03-23 02:12:18.616   393   393 I aw9380x_cap 8-0012: [aw9380x_cap_default_irq_handle:4109] gpio_low_count 0
03-23 02:12:18.617   393   393 I aw9380x_cap 8-0012: [aw9380x_irq_handle_func:4065] IRQSEN = 0x000F0FFF
03-23 02:12:18.617   393   393 I aw9380x_cap 8-0012: [aw9380x_irq_handle_func:4067] IRQSRC = 0x00000010
03-23 02:12:18.618   393   393 I aw9380x_cap 8-0012: [aw9380x_noth_button_key_report:3855] touch0_state Cap 0 Force 0 currentBtn 0
12-19 16:51:10.451   532   532 I adbd    : UsbFfs: already offline
12-19 16:51:10.451   532   532 I adbd    : authentication not required
03-23 02:12:18.659   393   393 I aw9380x_cap 8-0012: [aw9380x_rc_irqscr:3728] i2c read reg: 0xf080, val= 16
03-23 02:12:18.659   393   393 I aw9380x_cap 8-0012: [aw9380x_cap_default_irq_handle:4109] gpio_low_count 0
03-23 02:12:18.659   393   393 I aw9380x_cap 8-0012: [aw9380x_irq_handle_func:4065] IRQSEN = 0x000F0FFF
03-23 02:12:18.659   393   393 I aw9380x_cap 8-0012: [aw9380x_irq_handle_func:4067] IRQSRC = 0x00000010
03-23 02:12:18.660   393   393 I aw9380x_cap 8-0012: [aw9380x_noth_button_key_report:3855] touch0_state Cap 0 Force 0 currentBtn 0
03-23 02:12:18.681   393   393 I aw9380x_cap 8-0012: [aw9380x_rc_irqscr:3728] i2c read reg: 0xf080, val= 16
03-23 02:12:18.681   393   393 I aw9380x_cap 8-0012: [aw9380x_cap_default_irq_handle:4109] gpio_low_count 0
03-23 02:12:18.681   393   393 I aw9380x_cap 8-0012: [aw9380x_irq_handle_func:4065] IRQSEN = 0x000F0FFF
03-23 02:12:18.681   393   393 I aw9380x_cap 8-0012: [aw9380x_irq_handle_func:4067] IRQSRC = 0x00000010
03-23 02:12:18.682   393   393 I aw9380x_cap 8-0012: [aw9380x_noth_button_key_report:3855] touch0_state Cap 0 Force 0 currentBtn 0
03-23 02:12:18.724   393   393 I aw9380x_cap 8-0012: [aw9380x_rc_irqscr:3728] i2c read reg: 0xf080, val= 16
03-23 02:12:18.724   393   393 I aw9380x_cap 8-0012: [aw9380x_cap_default_irq_handle:4109] gpio_low_count 0
03-23 02:12:18.724   393   393 I aw9380x_cap 8-0012: [aw9380x_irq_handle_func:4065] IRQSEN = 0x000F0FFF
03-23 02:12:18.724   393   393 I aw9380x_cap 8-0012: [aw9380x_irq_handle_func:4067] IRQSRC = 0x00000010
03-23 02:12:18.725   393   393 I aw9380x_cap 8-0012: [aw9380x_noth_button_key_report:3855] touch0_state Cap 0 Force 0 currentBtn 0
03-23 02:12:18.745   393   393 I aw9380x_cap 8-0012: [aw9380x_rc_irqscr:3728] i2c read reg: 0xf080, val= 16
03-23 02:12:18.745   393   393 I aw9380x_cap 8-0012: [aw9380x_cap_default_irq_handle:4109] gpio_low_count 0
03-23 02:12:18.746   393   393 I aw9380x_cap 8-0012: [aw9380x_irq_handle_func:4065] IRQSEN = 0x000F0FFF
03-23 02:12:18.746   393   393 I aw9380x_cap 8-0012: [aw9380x_irq_handle_func:4067] IRQSRC = 0x00000010
03-23 02:12:18.747   393   393 I aw9380x_cap 8-0012: [aw9380x_noth_button_key_report:3855] touch0_state Cap 0 Force 0 currentBtn 0
03-23 02:12:18.788   393   393 I aw9380x_cap 8-0012: [aw9380x_rc_irqscr:3728] i2c read reg: 0xf080, val= 16
03-23 02:12:18.788   393   393 I aw9380x_cap 8-0012: [aw9380x_cap_default_irq_handle:4109] gpio_low_count 0
03-23 02:12:18.788   393   393 I aw9380x_cap 8-0012: [aw9380x_irq_handle_func:4065] IRQSEN = 0x000F0FFF
03-23 02:12:18.788   393   393 I aw9380x_cap 8-0012: [aw9380x_irq_handle_func:4067] IRQSRC = 0x00000010
03-23 02:12:18.789   393   393 I aw9380x_cap 8-0012: [aw9380x_noth_button_key_report:3855] touch0_state Cap 0 Force 0 currentBtn 0
03-23 02:12:18.810   393   393 I aw9380x_cap 8-0012: [aw9380x_rc_irqscr:3728] i2c read reg: 0xf080, val= 16
03-23 02:12:18.810   393   393 I aw9380x_cap 8-0012: [aw9380x_cap_default_irq_handle:4109] gpio_low_count 0
03-23 02:12:18.810   393   393 I aw9380x_cap 8-0012: [aw9380x_irq_handle_func:4065] IRQSEN = 0x000F0FFF
03-23 02:12:18.810   393   393 I aw9380x_cap 8-0012: [aw9380x_irq_handle_func:4067] IRQSRC = 0x00000010
03-23 02:12:18.811   393   393 I aw9380x_cap 8-0012: [aw9380x_noth_button_key_report:3855] touch0_state Cap 0 Force 0 currentBtn 0
03-23 02:12:18.853   393   393 I aw9380x_cap 8-0012: [aw9380x_rc_irqscr:3728] i2c read reg: 0xf080, val= 16
03-23 02:12:18.853   393   393 I aw9380x_cap 8-0012: [aw9380x_cap_default_irq_handle:4109] gpio_low_count 0
03-23 02:12:18.853   393   393 I aw9380x_cap 8-0012: [aw9380x_irq_handle_func:4065] IRQSEN = 0x000F0FFF
03-23 02:12:18.853   393   393 I aw9380x_cap 8-0012: [aw9380x_irq_handle_func:4067] IRQSRC = 0x00000010
03-23 02:12:18.854   393   393 I aw9380x_cap 8-0012: [aw9380x_noth_button_key_report:3855] touch0_state Cap 0 Force 0 currentBtn 0
03-23 02:12:18.875   393   393 I aw9380x_cap 8-0012: [aw9380x_rc_irqscr:3728] i2c read reg: 0xf080, val= 16
03-23 02:12:18.875   393   393 I aw9380x_cap 8-0012: [aw9380x_cap_default_irq_handle:4109] gpio_low_count 0
03-23 02:12:18.875   393   393 I aw9380x_cap 8-0012: [aw9380x_irq_handle_func:4065] IRQSEN = 0x000F0FFF
03-23 02:12:18.875   393   393 I aw9380x_cap 8-0012: [aw9380x_irq_handle_func:4067] IRQSRC = 0x00000010
03-23 02:12:18.876   393   393 I aw9380x_cap 8-0012: [aw9380x_noth_button_key_report:3855] touch0_state Cap 0 Force 0 currentBtn 0
03-23 02:12:18.917   393   393 I aw9380x_cap 8-0012: [aw9380x_rc_irqscr:3728] i2c read reg: 0xf080, val= 16
03-23 02:12:18.917   393   393 I aw9380x_cap 8-0012: [aw9380x_cap_default_irq_handle:4109] gpio_low_count 0
03-23 02:12:18.917   393   393 I aw9380x_cap 8-0012: [aw9380x_irq_handle_func:4065] IRQSEN = 0x000F0FFF
03-23 02:12:18.917   393   393 I aw9380x_cap 8-0012: [aw9380x_irq_handle_func:4067] IRQSRC = 0x00000010
03-23 02:12:18.918   393   393 I aw9380x_cap 8-0012: [aw9380x_noth_button_key_report:3855] touch0_state Cap 0 Force 0 currentBtn 0
03-23 02:12:18.939   393   393 I aw9380x_cap 8-0012: [aw9380x_rc_irqscr:3728] i2c read reg: 0xf080, val= 16
03-23 02:12:18.939   393   393 I aw9380x_cap 8-0012: [aw9380x_cap_default_irq_handle:4109] gpio_low_count 0
03-23 02:12:18.939   393   393 I aw9380x_cap 8-0012: [aw9380x_irq_handle_func:4065] IRQSEN = 0x000F0FFF
03-23 02:12:18.939   393   393 I aw9380x_cap 8-0012: [aw9380x_irq_handle_func:4067] IRQSRC = 0x00000010
03-23 02:12:18.940   393   393 I aw9380x_cap 8-0012: [aw9380x_noth_button_key_report:3855] touch0_state Cap 0 Force 0 currentBtn 0
03-23 02:12:18.982   393   393 I aw9380x_cap 8-0012: [aw9380x_rc_irqscr:3728] i2c read reg: 0xf080, val= 16
03-23 02:12:18.982   393   393 I aw9380x_cap 8-0012: [aw9380x_cap_default_irq_handle:4109] gpio_low_count 0
03-23 02:12:18.982   393   393 I aw9380x_cap 8-0012: [aw9380x_irq_handle_func:4065] IRQSEN = 0x000F0FFF
03-23 02:12:18.982   393   393 I aw9380x_cap 8-0012: [aw9380x_irq_handle_func:4067] IRQSRC = 0x00000010
03-23 02:12:18.983   393   393 I aw9380x_cap 8-0012: [aw9380x_noth_button_key_report:3855] touch0_state Cap 0 Force 0 currentBtn 0
03-23 02:12:19.004   393   393 I aw9380x_cap 8-0012: [aw9380x_rc_irqscr:3728] i2c read reg: 0xf080, val= 16
03-23 02:12:19.004   393   393 I aw9380x_cap 8-0012: [aw9380x_cap_default_irq_handle:4109] gpio_low_count 0
03-23 02:12:19.004   393   393 I aw9380x_cap 8-0012: [aw9380x_irq_handle_func:4065] IRQSEN = 0x000F0FFF
03-23 02:12:19.004   393   393 I aw9380x_cap 8-0012: [aw9380x_irq_handle_func:4067] IRQSRC = 0x00000010
03-23 02:12:19.005   393   393 I aw9380x_cap 8-0012: [aw9380x_noth_button_key_report:3855] touch0_state Cap 0 Force 0 currentBtn 0
03-23 02:12:19.046   393   393 I aw9380x_cap 8-0012: [aw9380x_rc_irqscr:3728] i2c read reg: 0xf080, val= 16
03-23 02:12:19.046   393   393 I aw9380x_cap 8-0012: [aw9380x_cap_default_irq_handle:4109] gpio_low_count 0
03-23 02:12:19.047   393   393 I aw9380x_cap 8-0012: [aw9380x_irq_handle_func:4065] IRQSEN = 0x000F0FFF
03-23 02:12:19.047   393   393 I aw9380x_cap 8-0012: [aw9380x_irq_handle_func:4067] IRQSRC = 0x00000010
03-23 02:12:19.047   393   393 I aw9380x_cap 8-0012: [aw9380x_noth_button_key_report:3855] touch0_state Cap 0 Force 0 currentBtn 0
03-23 02:12:19.068   393   393 I aw9380x_cap 8-0012: [aw9380x_rc_irqscr:3728] i2c read reg: 0xf080, val= 16
03-23 02:12:19.068   393   393 I aw9380x_cap 8-0012: [aw9380x_cap_default_irq_handle:4109] gpio_low_count 0
03-23 02:12:19.069   393   393 I aw9380x_cap 8-0012: [aw9380x_irq_handle_func:4065] IRQSEN = 0x000F0FFF
03-23 02:12:19.069   393   393 I aw9380x_cap 8-0012: [aw9380x_irq_handle_func:4067] IRQSRC = 0x00000010
03-23 02:12:19.069   393   393 I aw9380x_cap 8-0012: [aw9380x_noth_button_key_report:3855] touch0_state Cap 0 Force 0 currentBtn 0
03-23 02:12:19.111   393   393 I aw9380x_cap 8-0012: [aw9380x_rc_irqscr:3728] i2c read reg: 0xf080, val= 16
03-23 02:12:19.111   393   393 I aw9380x_cap 8-0012: [aw9380x_cap_default_irq_handle:4109] gpio_low_count 0
03-23 02:12:19.111   393   393 I aw9380x_cap 8-0012: [aw9380x_irq_handle_func:4065] IRQSEN = 0x000F0FFF
03-23 02:12:19.111   393   393 I aw9380x_cap 8-0012: [aw9380x_irq_handle_func:4067] IRQSRC = 0x00000010
03-23 02:12:19.112   393   393 I aw9380x_cap 8-0012: [aw9380x_noth_button_key_report:3855] touch0_state Cap 0 Force 0 currentBtn 0
03-23 02:12:19.133   393   393 I aw9380x_cap 8-0012: [aw9380x_rc_irqscr:3728] i2c read reg: 0xf080, val= 16
03-23 02:12:19.133   393   393 I aw9380x_cap 8-0012: [aw9380x_cap_default_irq_handle:4109] gpio_low_count 0
03-23 02:12:19.133   393   393 I aw9380x_cap 8-0012: [aw9380x_irq_handle_func:4065] IRQSEN = 0x000F0FFF
03-23 02:12:19.133   393   393 I aw9380x_cap 8-0012: [aw9380x_irq_handle_func:4067] IRQSRC = 0x00000010
03-23 02:12:19.134   393   393 I aw9380x_cap 8-0012: [aw9380x_noth_button_key_report:3855] touch0_state Cap 0 Force 0 currentBtn 0
03-23 02:12:19.175   393   393 I aw9380x_cap 8-0012: [aw9380x_rc_irqscr:3728] i2c read reg: 0xf080, val= 16
03-23 02:12:19.175   393   393 I aw9380x_cap 8-0012: [aw9380x_cap_default_irq_handle:4109] gpio_low_count 0
03-23 02:12:19.176   393   393 I aw9380x_cap 8-0012: [aw9380x_irq_handle_func:4065] IRQSEN = 0x000F0FFF
03-23 02:12:19.176   393   393 I aw9380x_cap 8-0012: [aw9380x_irq_handle_func:4067] IRQSRC = 0x00000010
03-23 02:12:19.176   393   393 I aw9380x_cap 8-0012: [aw9380x_noth_button_key_report:3855] touch0_state Cap 0 Force 0 currentBtn 0
03-23 02:12:19.197   393   393 I aw9380x_cap 8-0012: [aw9380x_rc_irqscr:3728] i2c read reg: 0xf080, val= 16
03-23 02:12:19.197   393   393 I aw9380x_cap 8-0012: [aw9380x_cap_default_irq_handle:4109] gpio_low_count 0
03-23 02:12:19.198   393   393 I aw9380x_cap 8-0012: [aw9380x_irq_handle_func:4065] IRQSEN = 0x000F0FFF
03-23 02:12:19.198   393   393 I aw9380x_cap 8-0012: [aw9380x_irq_handle_func:4067] IRQSRC = 0x00000010
03-23 02:12:19.198   393   393 I aw9380x_cap 8-0012: [aw9380x_noth_button_key_report:3855] touch0_state Cap 0 Force 0 currentBtn 0
12-19 16:51:11.041   453   453 W ServiceManager: Waited one second for android.system.keystore2.IKeystoreService/default (is service started? are binder threads started and available?)
12-19 16:51:11.041   447   447 I servicemanager: Since 'android.system.keystore2.IKeystoreService/default' could not be found, trying to start it as a lazy AIDL service
12-19 16:51:11.041   447   541 W libc    : Unable to set property "ctl.interface_start" to "aidl/android.system.keystore2.IKeystoreService/default": error code: 0x20
12-19 16:51:11.041   447   541 I servicemanager: Tried to start aidl service android.system.keystore2.IKeystoreService/default as a lazy service, but was unable to. Usually this happens when a service is not installed, but if the service is intended to be used as a lazy service, then it may be configured incorrectly.
03-23 02:12:19.238     1     1 E init    : Control message: Could not find 'aidl/android.system.keystore2.IKeystoreService/default' for ctl.interface_start from pid: 447 (/system/bin/servicemanager)
03-23 02:12:19.240   393   393 I aw9380x_cap 8-0012: [aw9380x_rc_irqscr:3728] i2c read reg: 0xf080, val= 16
03-23 02:12:19.240   393   393 I aw9380x_cap 8-0012: [aw9380x_cap_default_irq_handle:4109] gpio_low_count 0
03-23 02:12:19.240   393   393 I aw9380x_cap 8-0012: [aw9380x_irq_handle_func:4065] IRQSEN = 0x000F0FFF
03-23 02:12:19.240   393   393 I aw9380x_cap 8-0012: [aw9380x_irq_handle_func:4067] IRQSRC = 0x00000010
03-23 02:12:19.241   393   393 I aw9380x_cap 8-0012: [aw9380x_noth_button_key_report:3855] touch0_state Cap 0 Force 0 currentBtn 0
03-23 02:12:19.262   393   393 I aw9380x_cap 8-0012: [aw9380x_rc_irqscr:3728] i2c read reg: 0xf080, val= 16
03-23 02:12:19.262   393   393 I aw9380x_cap 8-0012: [aw9380x_cap_default_irq_handle:4109] gpio_low_count 0
03-23 02:12:19.262   393   393 I aw9380x_cap 8-0012: [aw9380x_irq_handle_func:4065] IRQSEN = 0x000F0FFF
03-23 02:12:19.262   393   393 I aw9380x_cap 8-0012: [aw9380x_irq_handle_func:4067] IRQSRC = 0x00000010
03-23 02:12:19.263   393   393 I aw9380x_cap 8-0012: [aw9380x_noth_button_key_report:3855] touch0_state Cap 0 Force 0 currentBtn 0
03-23 02:12:19.304   393   393 I aw9380x_cap 8-0012: [aw9380x_rc_irqscr:3728] i2c read reg: 0xf080, val= 16
03-23 02:12:19.304   393   393 I aw9380x_cap 8-0012: [aw9380x_cap_default_irq_handle:4109] gpio_low_count 0
03-23 02:12:19.305   393   393 I aw9380x_cap 8-0012: [aw9380x_irq_handle_func:4065] IRQSEN = 0x000F0FFF
03-23 02:12:19.305   393   393 I aw9380x_cap 8-0012: [aw9380x_irq_handle_func:4067] IRQSRC = 0x00000010
03-23 02:12:19.305   393   393 I aw9380x_cap 8-0012: [aw9380x_noth_button_key_report:3855] touch0_state Cap 0 Force 0 currentBtn 0
03-23 02:12:19.326   393   393 I aw9380x_cap 8-0012: [aw9380x_rc_irqscr:3728] i2c read reg: 0xf080, val= 16
03-23 02:12:19.326   393   393 I aw9380x_cap 8-0012: [aw9380x_cap_default_irq_handle:4109] gpio_low_count 0
03-23 02:12:19.327   393   393 I aw9380x_cap 8-0012: [aw9380x_irq_handle_func:4065] IRQSEN = 0x000F0FFF
03-23 02:12:19.327   393   393 I aw9380x_cap 8-0012: [aw9380x_irq_handle_func:4067] IRQSRC = 0x00000010
03-23 02:12:19.327   393   393 I aw9380x_cap 8-0012: [aw9380x_noth_button_key_report:3855] touch0_state Cap 0 Force 0 currentBtn 0
03-23 02:12:19.369   393   393 I aw9380x_cap 8-0012: [aw9380x_rc_irqscr:3728] i2c read reg: 0xf080, val= 16
03-23 02:12:19.369   393   393 I aw9380x_cap 8-0012: [aw9380x_cap_default_irq_handle:4109] gpio_low_count 0
03-23 02:12:19.369   393   393 I aw9380x_cap 8-0012: [aw9380x_irq_handle_func:4065] IRQSEN = 0x000F0FFF
03-23 02:12:19.369   393   393 I aw9380x_cap 8-0012: [aw9380x_irq_handle_func:4067] IRQSRC = 0x00000010
03-23 02:12:19.370   393   393 I aw9380x_cap 8-0012: [aw9380x_noth_button_key_report:3855] touch0_state Cap 0 Force 0 currentBtn 0
03-23 02:12:19.391   393   393 I aw9380x_cap 8-0012: [aw9380x_rc_irqscr:3728] i2c read reg: 0xf080, val= 16
03-23 02:12:19.391   393   393 I aw9380x_cap 8-0012: [aw9380x_cap_default_irq_handle:4109] gpio_low_count 0
03-23 02:12:19.391   393   393 I aw9380x_cap 8-0012: [aw9380x_irq_handle_func:4065] IRQSEN = 0x000F0FFF
03-23 02:12:19.391   393   393 I aw9380x_cap 8-0012: [aw9380x_irq_handle_func:4067] IRQSRC = 0x00000010
03-23 02:12:19.392   393   393 I aw9380x_cap 8-0012: [aw9380x_noth_button_key_report:3855] touch0_state Cap 0 Force 0 currentBtn 0
03-23 02:12:19.433   393   393 I aw9380x_cap 8-0012: [aw9380x_rc_irqscr:3728] i2c read reg: 0xf080, val= 16
03-23 02:12:19.433   393   393 I aw9380x_cap 8-0012: [aw9380x_cap_default_irq_handle:4109] gpio_low_count 0
03-23 02:12:19.434   393   393 I aw9380x_cap 8-0012: [aw9380x_irq_handle_func:4065] IRQSEN = 0x000F0FFF
03-23 02:12:19.434   393   393 I aw9380x_cap 8-0012: [aw9380x_irq_handle_func:4067] IRQSRC = 0x00000010
03-23 02:12:19.434   393   393 I aw9380x_cap 8-0012: [aw9380x_noth_button_key_report:3855] touch0_state Cap 0 Force 0 currentBtn 0
03-23 02:12:19.456   393   393 I aw9380x_cap 8-0012: [aw9380x_rc_irqscr:3728] i2c read reg: 0xf080, val= 16
03-23 02:12:19.456   393   393 I aw9380x_cap 8-0012: [aw9380x_cap_default_irq_handle:4109] gpio_low_count 0
03-23 02:12:19.456   393   393 I aw9380x_cap 8-0012: [aw9380x_irq_handle_func:4065] IRQSEN = 0x000F0FFF
03-23 02:12:19.456   393   393 I aw9380x_cap 8-0012: [aw9380x_irq_handle_func:4067] IRQSRC = 0x00000010
03-23 02:12:19.457   393   393 I aw9380x_cap 8-0012: [aw9380x_noth_button_key_report:3855] touch0_state Cap 0 Force 0 currentBtn 0
03-23 02:12:19.498   393   393 I aw9380x_cap 8-0012: [aw9380x_rc_irqscr:3728] i2c read reg: 0xf080, val= 16
03-23 02:12:19.498   393   393 I aw9380x_cap 8-0012: [aw9380x_cap_default_irq_handle:4109] gpio_low_count 0
03-23 02:12:19.499   393   393 I aw9380x_cap 8-0012: [aw9380x_irq_handle_func:4065] IRQSEN = 0x000F0FFF
03-23 02:12:19.499   393   393 I aw9380x_cap 8-0012: [aw9380x_irq_handle_func:4067] IRQSRC = 0x00000010
03-23 02:12:19.499   393   393 I aw9380x_cap 8-0012: [aw9380x_noth_button_key_report:3855] touch0_state Cap 0 Force 0 currentBtn 0
03-23 02:12:19.520   393   393 I aw9380x_cap 8-0012: [aw9380x_rc_irqscr:3728] i2c read reg: 0xf080, val= 16
03-23 02:12:19.520   393   393 I aw9380x_cap 8-0012: [aw9380x_cap_default_irq_handle:4109] gpio_low_count 0
03-23 02:12:19.521   393   393 I aw9380x_cap 8-0012: [aw9380x_irq_handle_func:4065] IRQSEN = 0x000F0FFF
03-23 02:12:19.521   393   393 I aw9380x_cap 8-0012: [aw9380x_irq_handle_func:4067] IRQSRC = 0x00000010
03-23 02:12:19.521   393   393 I aw9380x_cap 8-0012: [aw9380x_noth_button_key_report:3855] touch0_state Cap 0 Force 0 currentBtn 0
03-23 02:12:19.563   393   393 I aw9380x_cap 8-0012: [aw9380x_rc_irqscr:3728] i2c read reg: 0xf080, val= 16
03-23 02:12:19.563   393   393 I aw9380x_cap 8-0012: [aw9380x_cap_default_irq_handle:4109] gpio_low_count 0
03-23 02:12:19.563   393   393 I aw9380x_cap 8-0012: [aw9380x_irq_handle_func:4065] IRQSEN = 0x000F0FFF
03-23 02:12:19.563   393   393 I aw9380x_cap 8-0012: [aw9380x_irq_handle_func:4067] IRQSRC = 0x00000010
03-23 02:12:19.564   393   393 I aw9380x_cap 8-0012: [aw9380x_noth_button_key_report:3855] touch0_state Cap 0 Force 0 currentBtn 0
03-23 02:12:19.585   393   393 I aw9380x_cap 8-0012: [aw9380x_rc_irqscr:3728] i2c read reg: 0xf080, val= 16
03-23 02:12:19.585   393   393 I aw9380x_cap 8-0012: [aw9380x_cap_default_irq_handle:4109] gpio_low_count 0
03-23 02:12:19.585   393   393 I aw9380x_cap 8-0012: [aw9380x_irq_handle_func:4065] IRQSEN = 0x000F0FFF
03-23 02:12:19.585   393   393 I aw9380x_cap 8-0012: [aw9380x_irq_handle_func:4067] IRQSRC = 0x00000010
03-23 02:12:19.586   393   393 I aw9380x_cap 8-0012: [aw9380x_noth_button_key_report:3855] touch0_state Cap 0 Force 0 currentBtn 0
03-23 02:12:19.627   393   393 I aw9380x_cap 8-0012: [aw9380x_rc_irqscr:3728] i2c read reg: 0xf080, val= 16
03-23 02:12:19.627   393   393 I aw9380x_cap 8-0012: [aw9380x_cap_default_irq_handle:4109] gpio_low_count 0
03-23 02:12:19.628   393   393 I aw9380x_cap 8-0012: [aw9380x_irq_handle_func:4065] IRQSEN = 0x000F0FFF
03-23 02:12:19.628   393   393 I aw9380x_cap 8-0012: [aw9380x_irq_handle_func:4067] IRQSRC = 0x00000010
03-23 02:12:19.628   393   393 I aw9380x_cap 8-0012: [aw9380x_noth_button_key_report:3855] touch0_state Cap 0 Force 0 currentBtn 0
03-23 02:12:19.649   393   393 I aw9380x_cap 8-0012: [aw9380x_rc_irqscr:3728] i2c read reg: 0xf080, val= 16
03-23 02:12:19.649   393   393 I aw9380x_cap 8-0012: [aw9380x_cap_default_irq_handle:4109] gpio_low_count 0
03-23 02:12:19.650   393   393 I aw9380x_cap 8-0012: [aw9380x_irq_handle_func:4065] IRQSEN = 0x000F0FFF
03-23 02:12:19.650   393   393 I aw9380x_cap 8-0012: [aw9380x_irq_handle_func:4067] IRQSRC = 0x00000010
03-23 02:12:19.650   393   393 I aw9380x_cap 8-0012: [aw9380x_noth_button_key_report:3855] touch0_state Cap 0 Force 0 currentBtn 0
03-23 02:12:19.692   393   393 I aw9380x_cap 8-0012: [aw9380x_rc_irqscr:3728] i2c read reg: 0xf080, val= 16
03-23 02:12:19.692   393   393 I aw9380x_cap 8-0012: [aw9380x_cap_default_irq_handle:4109] gpio_low_count 0
03-23 02:12:19.692   393   393 I aw9380x_cap 8-0012: [aw9380x_irq_handle_func:4065] IRQSEN = 0x000F0FFF
03-23 02:12:19.692   393   393 I aw9380x_cap 8-0012: [aw9380x_irq_handle_func:4067] IRQSRC = 0x00000010
03-23 02:12:19.693   393   393 I aw9380x_cap 8-0012: [aw9380x_noth_button_key_report:3855] touch0_state Cap 0 Force 0 currentBtn 0
03-23 02:12:19.714   393   393 I aw9380x_cap 8-0012: [aw9380x_rc_irqscr:3728] i2c read reg: 0xf080, val= 16
03-23 02:12:19.714   393   393 I aw9380x_cap 8-0012: [aw9380x_cap_default_irq_handle:4109] gpio_low_count 0
03-23 02:12:19.714   393   393 I aw9380x_cap 8-0012: [aw9380x_irq_handle_func:4065] IRQSEN = 0x000F0FFF
03-23 02:12:19.714   393   393 I aw9380x_cap 8-0012: [aw9380x_irq_handle_func:4067] IRQSRC = 0x00000010
03-23 02:12:19.715   393   393 I aw9380x_cap 8-0012: [aw9380x_noth_button_key_report:3855] touch0_state Cap 0 Force 0 currentBtn 0
03-23 02:12:19.756   393   393 I aw9380x_cap 8-0012: [aw9380x_rc_irqscr:3728] i2c read reg: 0xf080, val= 16
03-23 02:12:19.756   393   393 I aw9380x_cap 8-0012: [aw9380x_cap_default_irq_handle:4109] gpio_low_count 0
03-23 02:12:19.757   393   393 I aw9380x_cap 8-0012: [aw9380x_irq_handle_func:4065] IRQSEN = 0x000F0FFF
03-23 02:12:19.757   393   393 I aw9380x_cap 8-0012: [aw9380x_irq_handle_func:4067] IRQSRC = 0x00000010
03-23 02:12:19.758   393   393 I aw9380x_cap 8-0012: [aw9380x_noth_button_key_report:3855] touch0_state Cap 0 Force 0 currentBtn 0
03-23 02:12:19.778   393   393 I aw9380x_cap 8-0012: [aw9380x_rc_irqscr:3728] i2c read reg: 0xf080, val= 16
03-23 02:12:19.778   393   393 I aw9380x_cap 8-0012: [aw9380x_cap_default_irq_handle:4109] gpio_low_count 0
03-23 02:12:19.779   393   393 I aw9380x_cap 8-0012: [aw9380x_irq_handle_func:4065] IRQSEN = 0x000F0FFF
03-23 02:12:19.779   393   393 I aw9380x_cap 8-0012: [aw9380x_irq_handle_func:4067] IRQSRC = 0x00000010
03-23 02:12:19.779   393   393 I aw9380x_cap 8-0012: [aw9380x_noth_button_key_report:3855] touch0_state Cap 0 Force 0 currentBtn 0
03-23 02:12:19.821   393   393 I aw9380x_cap 8-0012: [aw9380x_rc_irqscr:3728] i2c read reg: 0xf080, val= 16
03-23 02:12:19.821   393   393 I aw9380x_cap 8-0012: [aw9380x_cap_default_irq_handle:4109] gpio_low_count 0
03-23 02:12:19.821   393   393 I aw9380x_cap 8-0012: [aw9380x_irq_handle_func:4065] IRQSEN = 0x000F0FFF
03-23 02:12:19.821   393   393 I aw9380x_cap 8-0012: [aw9380x_irq_handle_func:4067] IRQSRC = 0x00000010
03-23 02:12:19.822   393   393 I aw9380x_cap 8-0012: [aw9380x_noth_button_key_report:3855] touch0_state Cap 0 Force 0 currentBtn 0
03-23 02:12:19.843   393   393 I aw9380x_cap 8-0012: [aw9380x_rc_irqscr:3728] i2c read reg: 0xf080, val= 16
03-23 02:12:19.843   393   393 I aw9380x_cap 8-0012: [aw9380x_cap_default_irq_handle:4109] gpio_low_count 0
03-23 02:12:19.843   393   393 I aw9380x_cap 8-0012: [aw9380x_irq_handle_func:4065] IRQSEN = 0x000F0FFF
03-23 02:12:19.843   393   393 I aw9380x_cap 8-0012: [aw9380x_irq_handle_func:4067] IRQSRC = 0x00000010
03-23 02:12:19.844   393   393 I aw9380x_cap 8-0012: [aw9380x_noth_button_key_report:3855] touch0_state Cap 0 Force 0 currentBtn 0
03-23 02:12:19.885   393   393 I aw9380x_cap 8-0012: [aw9380x_rc_irqscr:3728] i2c read reg: 0xf080, val= 16
03-23 02:12:19.885   393   393 I aw9380x_cap 8-0012: [aw9380x_cap_default_irq_handle:4109] gpio_low_count 0
03-23 02:12:19.886   393   393 I aw9380x_cap 8-0012: [aw9380x_irq_handle_func:4065] IRQSEN = 0x000F0FFF
03-23 02:12:19.886   393   393 I aw9380x_cap 8-0012: [aw9380x_irq_handle_func:4067] IRQSRC = 0x00000010
03-23 02:12:19.887   393   393 I aw9380x_cap 8-0012: [aw9380x_noth_button_key_report:3855] touch0_state Cap 0 Force 0 currentBtn 0
03-23 02:12:19.907   393   393 I aw9380x_cap 8-0012: [aw9380x_rc_irqscr:3728] i2c read reg: 0xf080, val= 16
03-23 02:12:19.907   393   393 I aw9380x_cap 8-0012: [aw9380x_cap_default_irq_handle:4109] gpio_low_count 0
03-23 02:12:19.908   393   393 I aw9380x_cap 8-0012: [aw9380x_irq_handle_func:4065] IRQSEN = 0x000F0FFF
03-23 02:12:19.908   393   393 I aw9380x_cap 8-0012: [aw9380x_irq_handle_func:4067] IRQSRC = 0x00000010
03-23 02:12:19.908   393   393 I aw9380x_cap 8-0012: [aw9380x_noth_button_key_report:3855] touch0_state Cap 0 Force 0 currentBtn 0
03-23 02:12:19.950   393   393 I aw9380x_cap 8-0012: [aw9380x_rc_irqscr:3728] i2c read reg: 0xf080, val= 16
03-23 02:12:19.950   393   393 I aw9380x_cap 8-0012: [aw9380x_cap_default_irq_handle:4109] gpio_low_count 0
03-23 02:12:19.950   393   393 I aw9380x_cap 8-0012: [aw9380x_irq_handle_func:4065] IRQSEN = 0x000F0FFF
03-23 02:12:19.950   393   393 I aw9380x_cap 8-0012: [aw9380x_irq_handle_func:4067] IRQSRC = 0x00000010
03-23 02:12:19.951   393   393 I aw9380x_cap 8-0012: [aw9380x_noth_button_key_report:3855] touch0_state Cap 0 Force 0 currentBtn 0
03-23 02:12:19.972   393   393 I aw9380x_cap 8-0012: [aw9380x_rc_irqscr:3728] i2c read reg: 0xf080, val= 16
03-23 02:12:19.972   393   393 I aw9380x_cap 8-0012: [aw9380x_cap_default_irq_handle:4109] gpio_low_count 0
03-23 02:12:19.972   393   393 I aw9380x_cap 8-0012: [aw9380x_irq_handle_func:4065] IRQSEN = 0x000F0FFF
03-23 02:12:19.972   393   393 I aw9380x_cap 8-0012: [aw9380x_irq_handle_func:4067] IRQSRC = 0x00000010
03-23 02:12:19.973   393   393 I aw9380x_cap 8-0012: [aw9380x_noth_button_key_report:3855] touch0_state Cap 0 Force 0 currentBtn 0
03-23 02:12:20.014   393   393 I aw9380x_cap 8-0012: [aw9380x_rc_irqscr:3728] i2c read reg: 0xf080, val= 16
03-23 02:12:20.014   393   393 I aw9380x_cap 8-0012: [aw9380x_cap_default_irq_handle:4109] gpio_low_count 0
03-23 02:12:20.015   393   393 I aw9380x_cap 8-0012: [aw9380x_irq_handle_func:4065] IRQSEN = 0x000F0FFF
03-23 02:12:20.015   393   393 I aw9380x_cap 8-0012: [aw9380x_irq_handle_func:4067] IRQSRC = 0x00000010
03-23 02:12:20.016   393   393 I aw9380x_cap 8-0012: [aw9380x_noth_button_key_report:3855] touch0_state Cap 0 Force 0 currentBtn 0
03-23 02:12:20.036   393   393 I aw9380x_cap 8-0012: [aw9380x_rc_irqscr:3728] i2c read reg: 0xf080, val= 16
03-23 02:12:20.036   393   393 I aw9380x_cap 8-0012: [aw9380x_cap_default_irq_handle:4109] gpio_low_count 0
03-23 02:12:20.037   393   393 I aw9380x_cap 8-0012: [aw9380x_irq_handle_func:4065] IRQSEN = 0x000F0FFF
03-23 02:12:20.037   393   393 I aw9380x_cap 8-0012: [aw9380x_irq_handle_func:4067] IRQSRC = 0x00000010
03-23 02:12:20.038   393   393 I aw9380x_cap 8-0012: [aw9380x_noth_button_key_report:3855] touch0_state Cap 0 Force 0 currentBtn 0
03-23 02:12:20.079   393   393 I aw9380x_cap 8-0012: [aw9380x_rc_irqscr:3728] i2c read reg: 0xf080, val= 16
03-23 02:12:20.079   393   393 I aw9380x_cap 8-0012: [aw9380x_cap_default_irq_handle:4109] gpio_low_count 0
03-23 02:12:20.079   393   393 I aw9380x_cap 8-0012: [aw9380x_irq_handle_func:4065] IRQSEN = 0x000F0FFF
03-23 02:12:20.079   393   393 I aw9380x_cap 8-0012: [aw9380x_irq_handle_func:4067] IRQSRC = 0x00000010
03-23 02:12:20.080   393   393 I aw9380x_cap 8-0012: [aw9380x_noth_button_key_report:3855] touch0_state Cap 0 Force 0 currentBtn 0
03-23 02:12:20.101   393   393 I aw9380x_cap 8-0012: [aw9380x_rc_irqscr:3728] i2c read reg: 0xf080, val= 16
03-23 02:12:20.101   393   393 I aw9380x_cap 8-0012: [aw9380x_cap_default_irq_handle:4109] gpio_low_count 0
03-23 02:12:20.101   393   393 I aw9380x_cap 8-0012: [aw9380x_irq_handle_func:4065] IRQSEN = 0x000F0FFF
03-23 02:12:20.101   393   393 I aw9380x_cap 8-0012: [aw9380x_irq_handle_func:4067] IRQSRC = 0x00000010
03-23 02:12:20.102   393   393 I aw9380x_cap 8-0012: [aw9380x_noth_button_key_report:3855] touch0_state Cap 0 Force 0 currentBtn 0
03-23 02:12:20.144   393   393 I aw9380x_cap 8-0012: [aw9380x_rc_irqscr:3728] i2c read reg: 0xf080, val= 16
03-23 02:12:20.144   393   393 I aw9380x_cap 8-0012: [aw9380x_cap_default_irq_handle:4109] gpio_low_count 0
03-23 02:12:20.144   393   393 I aw9380x_cap 8-0012: [aw9380x_irq_handle_func:4065] IRQSEN = 0x000F0FFF
03-23 02:12:20.144   393   393 I aw9380x_cap 8-0012: [aw9380x_irq_handle_func:4067] IRQSRC = 0x00000010
03-23 02:12:20.145   393   393 I aw9380x_cap 8-0012: [aw9380x_noth_button_key_report:3855] touch0_state Cap 0 Force 0 currentBtn 0
03-23 02:12:20.166   393   393 I aw9380x_cap 8-0012: [aw9380x_rc_irqscr:3728] i2c read reg: 0xf080, val= 16
03-23 02:12:20.166   393   393 I aw9380x_cap 8-0012: [aw9380x_cap_default_irq_handle:4109] gpio_low_count 0
03-23 02:12:20.166   393   393 I aw9380x_cap 8-0012: [aw9380x_irq_handle_func:4065] IRQSEN = 0x000F0FFF
03-23 02:12:20.166   393   393 I aw9380x_cap 8-0012: [aw9380x_irq_handle_func:4067] IRQSRC = 0x00000010
03-23 02:12:20.167   393   393 I aw9380x_cap 8-0012: [aw9380x_noth_button_key_report:3855] touch0_state Cap 0 Force 0 currentBtn 0
03-23 02:12:20.208   393   393 I aw9380x_cap 8-0012: [aw9380x_rc_irqscr:3728] i2c read reg: 0xf080, val= 16
03-23 02:12:20.208   393   393 I aw9380x_cap 8-0012: [aw9380x_cap_default_irq_handle:4109] gpio_low_count 0
03-23 02:12:20.208   393   393 I aw9380x_cap 8-0012: [aw9380x_irq_handle_func:4065] IRQSEN = 0x000F0FFF
03-23 02:12:20.209   393   393 I aw9380x_cap 8-0012: [aw9380x_irq_handle_func:4067] IRQSRC = 0x00000010
03-23 02:12:20.209   393   393 I aw9380x_cap 8-0012: [aw9380x_noth_button_key_report:3855] touch0_state Cap 0 Force 0 currentBtn 0
03-23 02:12:20.230   393   393 I aw9380x_cap 8-0012: [aw9380x_rc_irqscr:3728] i2c read reg: 0xf080, val= 16
03-23 02:12:20.230   393   393 I aw9380x_cap 8-0012: [aw9380x_cap_default_irq_handle:4109] gpio_low_count 0
03-23 02:12:20.230   393   393 I aw9380x_cap 8-0012: [aw9380x_irq_handle_func:4065] IRQSEN = 0x000F0FFF
03-23 02:12:20.230   393   393 I aw9380x_cap 8-0012: [aw9380x_irq_handle_func:4067] IRQSRC = 0x00000010
03-23 02:12:20.231   393   393 I aw9380x_cap 8-0012: [aw9380x_noth_button_key_report:3855] touch0_state Cap 0 Force 0 currentBtn 0
12-19 16:51:12.041   453   453 W ServiceManager: Waited one second for android.system.keystore2.IKeystoreService/default (is service started? are binder threads started and available?)
12-19 16:51:12.041   447   447 I servicemanager: Since 'android.system.keystore2.IKeystoreService/default' could not be found, trying to start it as a lazy AIDL service
12-19 16:51:12.041   447   542 W libc    : Unable to set property "ctl.interface_start" to "aidl/android.system.keystore2.IKeystoreService/default": error code: 0x20
12-19 16:51:12.041   447   542 I servicemanager: Tried to start aidl service android.system.keystore2.IKeystoreService/default as a lazy service, but was unable to. Usually this happens when a service is not installed, but if the service is intended to be used as a lazy service, then it may be configured incorrectly.
03-23 02:12:20.238     1     1 E init    : Control message: Could not find 'aidl/android.system.keystore2.IKeystoreService/default' for ctl.interface_start from pid: 447 (/system/bin/servicemanager)
03-23 02:12:20.273   393   393 I aw9380x_cap 8-0012: [aw9380x_rc_irqscr:3728] i2c read reg: 0xf080, val= 16
03-23 02:12:20.273   393   393 I aw9380x_cap 8-0012: [aw9380x_cap_default_irq_handle:4109] gpio_low_count 0
03-23 02:12:20.273   393   393 I aw9380x_cap 8-0012: [aw9380x_irq_handle_func:4065] IRQSEN = 0x000F0FFF
03-23 02:12:20.273   393   393 I aw9380x_cap 8-0012: [aw9380x_irq_handle_func:4067] IRQSRC = 0x00000010
03-23 02:12:20.274   393   393 I aw9380x_cap 8-0012: [aw9380x_noth_button_key_report:3855] touch0_state Cap 0 Force 0 currentBtn 0
03-23 02:12:20.295   393   393 I aw9380x_cap 8-0012: [aw9380x_rc_irqscr:3728] i2c read reg: 0xf080, val= 16
03-23 02:12:20.295   393   393 I aw9380x_cap 8-0012: [aw9380x_cap_default_irq_handle:4109] gpio_low_count 0
03-23 02:12:20.295   393   393 I aw9380x_cap 8-0012: [aw9380x_irq_handle_func:4065] IRQSEN = 0x000F0FFF
03-23 02:12:20.295   393   393 I aw9380x_cap 8-0012: [aw9380x_irq_handle_func:4067] IRQSRC = 0x00000010
03-23 02:12:20.296   393   393 I aw9380x_cap 8-0012: [aw9380x_noth_button_key_report:3855] touch0_state Cap 0 Force 0 currentBtn 0
03-23 02:12:20.337   393   393 I aw9380x_cap 8-0012: [aw9380x_rc_irqscr:3728] i2c read reg: 0xf080, val= 16
03-23 02:12:20.337   393   393 I aw9380x_cap 8-0012: [aw9380x_cap_default_irq_handle:4109] gpio_low_count 0
03-23 02:12:20.338   393   393 I aw9380x_cap 8-0012: [aw9380x_irq_handle_func:4065] IRQSEN = 0x000F0FFF
03-23 02:12:20.338   393   393 I aw9380x_cap 8-0012: [aw9380x_irq_handle_func:4067] IRQSRC = 0x00000010
03-23 02:12:20.338   393   393 I aw9380x_cap 8-0012: [aw9380x_noth_button_key_report:3855] touch0_state Cap 0 Force 0 currentBtn 0
03-23 02:12:20.359   393   393 I aw9380x_cap 8-0012: [aw9380x_rc_irqscr:3728] i2c read reg: 0xf080, val= 16
03-23 02:12:20.359   393   393 I aw9380x_cap 8-0012: [aw9380x_cap_default_irq_handle:4109] gpio_low_count 0
03-23 02:12:20.360   393   393 I aw9380x_cap 8-0012: [aw9380x_irq_handle_func:4065] IRQSEN = 0x000F0FFF
03-23 02:12:20.360   393   393 I aw9380x_cap 8-0012: [aw9380x_irq_handle_func:4067] IRQSRC = 0x00000010
03-23 02:12:20.360   393   393 I aw9380x_cap 8-0012: [aw9380x_noth_button_key_report:3855] touch0_state Cap 0 Force 0 currentBtn 0
03-23 02:12:20.402   393   393 I aw9380x_cap 8-0012: [aw9380x_rc_irqscr:3728] i2c read reg: 0xf080, val= 16
03-23 02:12:20.402   393   393 I aw9380x_cap 8-0012: [aw9380x_cap_default_irq_handle:4109] gpio_low_count 0
03-23 02:12:20.402   393   393 I aw9380x_cap 8-0012: [aw9380x_irq_handle_func:4065] IRQSEN = 0x000F0FFF
03-23 02:12:20.402   393   393 I aw9380x_cap 8-0012: [aw9380x_irq_handle_func:4067] IRQSRC = 0x00000010
03-23 02:12:20.403   393   393 I aw9380x_cap 8-0012: [aw9380x_noth_button_key_report:3855] touch0_state Cap 0 Force 0 currentBtn 0
03-23 02:12:20.424   393   393 I aw9380x_cap 8-0012: [aw9380x_rc_irqscr:3728] i2c read reg: 0xf080, val= 16
03-23 02:12:20.424   393   393 I aw9380x_cap 8-0012: [aw9380x_cap_default_irq_handle:4109] gpio_low_count 0
03-23 02:12:20.424   393   393 I aw9380x_cap 8-0012: [aw9380x_irq_handle_func:4065] IRQSEN = 0x000F0FFF
03-23 02:12:20.424   393   393 I aw9380x_cap 8-0012: [aw9380x_irq_handle_func:4067] IRQSRC = 0x00000010
03-23 02:12:20.425   393   393 I aw9380x_cap 8-0012: [aw9380x_noth_button_key_report:3855] touch0_state Cap 0 Force 0 currentBtn 0
03-23 02:12:20.466   393   393 I aw9380x_cap 8-0012: [aw9380x_rc_irqscr:3728] i2c read reg: 0xf080, val= 16
03-23 02:12:20.466   393   393 I aw9380x_cap 8-0012: [aw9380x_cap_default_irq_handle:4109] gpio_low_count 0
03-23 02:12:20.467   393   393 I aw9380x_cap 8-0012: [aw9380x_irq_handle_func:4065] IRQSEN = 0x000F0FFF
03-23 02:12:20.467   393   393 I aw9380x_cap 8-0012: [aw9380x_irq_handle_func:4067] IRQSRC = 0x00000010
03-23 02:12:20.467   393   393 I aw9380x_cap 8-0012: [aw9380x_noth_button_key_report:3855] touch0_state Cap 0 Force 0 currentBtn 0
03-23 02:12:20.475   420   420 W haptic_hv 15-005a: Direct firmware load for haptic_ram.bin failed with error -2
03-23 02:12:20.475   420   420 W haptic_hv 15-005a: Falling back to sysfs fallback for: haptic_ram.bin
03-23 02:12:20.476   543   543 I ueventd : firmware: loading 'haptic_ram.bin' for '/devices/platform/soc/8c0000.qcom,qupv3_2_geni_se/89c000.i2c/i2c-15/15-005a/firmware/haptic_ram.bin'
03-23 02:12:20.476   420   420 I [haptic_hv][2235]ram_load: loaded haptic_ram.bin - size: 922
03-23 02:12:20.476   420   420 I [haptic_hv][2244]ram_load: check sum pass : 0x9c90
03-23 02:12:20.476   420   420 I [haptic_hv][0649]aw8693x_stop: enter
03-23 02:12:20.476   543   543 I ueventd : loading /devices/platform/soc/8c0000.qcom,qupv3_2_geni_se/89c000.i2c/i2c-15/15-005a/firmware/haptic_ram.bin took 0ms
03-23 02:12:20.478   420   420 I [haptic_hv][0486]aw8693x_wait_enter_standby: entered standby!
03-23 02:12:20.479   420   420 I [haptic_hv][1571]aw8693x_container_update: base_addr = 2048
03-23 02:12:20.479   420   420 I [haptic_hv][1585]aw8693x_container_update: almost_empty_threshold = 1024
03-23 02:12:20.479   420   420 I [haptic_hv][1588]aw8693x_container_update: almost_full_threshold = 1536
03-23 02:12:20.489   393   393 I aw9380x_cap 8-0012: [aw9380x_rc_irqscr:3728] i2c read reg: 0xf080, val= 16
03-23 02:12:20.489   393   393 I aw9380x_cap 8-0012: [aw9380x_cap_default_irq_handle:4109] gpio_low_count 0
03-23 02:12:20.489   393   393 I aw9380x_cap 8-0012: [aw9380x_irq_handle_func:4065] IRQSEN = 0x000F0FFF
03-23 02:12:20.489   393   393 I aw9380x_cap 8-0012: [aw9380x_irq_handle_func:4067] IRQSRC = 0x00000010
