03-23 01:53:27.228     1     1 I usbcore : registered new interface driver usb-storage
03-23 01:53:27.228     1     1 I usbcore : registered new interface driver xpad
03-23 01:53:27.228     1     1 I gspca_main: v2.14.0 registered
03-23 01:53:27.228     1     1 I usbcore : registered new interface driver uvcvideo
03-23 01:53:27.228     1     1 I device-mapper: uevent: version 1.0.3
03-23 01:53:27.228     1     1 I device-mapper: ioctl: 4.48.0-ioctl (2023-03-01) initialised: dm-devel@redhat.com
03-23 01:53:27.229     1     1 I sdhci   : Secure Digital Host Controller Interface driver
03-23 01:53:27.229     1     1 I sdhci   : Copyright(c) Pierre Ossman
03-23 01:53:27.229     1     1 I sdhci-pltfm: SDHCI platform and OF driver helper
03-23 01:53:27.229     1     1 I SMCCC   : SOC_ID: ARCH_SOC_ID not implemented, skipping ....
03-23 01:53:27.229     1     1 I hid     : raw HID events driver (C) Jiri Kosina
03-23 01:53:27.230     1     1 I usbcore : registered new interface driver usbhid
03-23 01:53:27.230     1     1 I usbhid  : USB HID core driver
03-23 01:53:27.230     1     1 I ashmem  : initialized
03-23 01:53:27.230     1     1 I         : Running under Gunyah hypervisor 51/v1
03-23 01:53:27.231     1     1 I hw perfevents: enabled with armv8_pmuv3 PMU driver, 21 counters available
03-23 01:53:27.232     1     1 I gnss    : GNSS driver registered with major 506
03-23 01:53:27.233     1     1 I usbcore : registered new interface driver snd-usb-audio
03-23 01:53:27.233     1     1 I         : GACT probability NOT on
03-23 01:53:27.233     1     1 I         : Mirror/redirect action on
03-23 01:53:27.233     1     1 I netem   : version 1.3
03-23 01:53:27.233     1     1 I         : u32 classifier
03-23 01:53:27.233     1     1 I         : input device check on
03-23 01:53:27.233     1     1 I         : Actions configured
03-23 01:53:27.233    88    88 I watchdog: Delayed init of the lockup detector failed: -19
03-23 01:53:27.233    88    88 I watchdog: Hard watchdog permanently disabled
03-23 01:53:27.241     1     1 I xt_time : kernel timezone is -0000
03-23 01:53:27.241     1     1 I ipip    : IPv4 and MPLS over IPv4 tunneling driver
03-23 01:53:27.241     1     1 I gre     : GRE over IPv4 demultiplexor driver
03-23 01:53:27.241     1     1 I ip_gre  : GRE over IPv4 tunneling driver
03-23 01:53:27.241     1     1 I         : IPv4 over IPsec tunneling driver
03-23 01:53:27.241     1     1 I         : Initializing XFRM netlink socket
03-23 01:53:27.241     1     1 I         : IPsec XFRM device driver
03-23 01:53:27.242     1     1 I NET     : Registered PF_INET6 protocol family
03-23 01:53:27.243     1     1 I         : Segment Routing with IPv6
03-23 01:53:27.243     1     1 I         : In-situ OAM (IOAM) with IPv6
03-23 01:53:27.243     1     1 I mip6    : Mobile IPv6
03-23 01:53:27.243     1     1 I sit     : IPv6, IPv4 and MPLS over IPv4 tunneling driver
03-23 01:53:27.243     1     1 I ip6_gre : GRE over IPv6 tunneling driver
03-23 01:53:27.243     1     1 I NET     : Registered PF_PACKET protocol family
03-23 01:53:27.243     1     1 I NET     : Registered PF_KEY protocol family
03-23 01:53:27.244     1     1 I NET     : Registered PF_VSOCK protocol family
03-23 01:53:27.245     1     1 I         : registered taskstats version 1
03-23 01:53:27.245     1     1 I         : Loading compiled-in X.509 certificates
03-23 01:53:27.246     1     1 I         : Loaded X.509 cert 'Build time autogenerated kernel key: 03de4749933756f7531540817a0a1e7ef52f619f'
03-23 01:53:27.248     1     1 I         : page_owner is disabled
03-23 01:53:27.248     1     1 I         : Key type .fscrypt registered
03-23 01:53:27.248     1     1 I         : Key type fscrypt-provisioning registered
03-23 01:53:27.249     1     1 I clk     : Disabling unused clocks
03-23 01:53:27.249     1     1 I         : ALSA device list:
03-23 01:53:27.249     1     1 I         : No soundcards found.
03-23 01:53:27.308    86    86 I         : Freeing initrd memory: 55004K
03-23 01:53:27.309     1     1 I         : Freeing unused kernel memory: 4160K
03-23 01:53:27.311     1     1 I         : Run /init as init process
03-23 01:53:27.311     1     1 D with arguments:  
03-23 01:53:27.311     1     1 D         : /init
03-23 01:53:27.311     1     1 D with environment:  
03-23 01:53:27.311     1     1 D         : HOME=/
03-23 01:53:27.311     1     1 D         : TERM=linux
03-23 01:53:27.311     1     1 D         : page_poison=on
03-23 01:53:27.311     1     1 I ksuinit : :init[1]: Hello, KernelSU!
03-23 01:53:27.311     1     1 I ksuinit : :init[1]: KernelSU version: 0
03-23 01:53:27.311     1     1 I ksuinit : :init[1]: KernelSU version: 0
03-23 01:53:27.311     1     1 I ksuinit : :init[1]: Loading kernelsu.ko..
03-23 01:53:27.374     1     1 W kernelsu: no symbol version for module_layout
03-23 01:53:27.374     1     1 W kernelsu: loading out-of-tree module taints kernel.
03-23 01:53:27.378     1     1 E BPF     : [139430] Invalid name_offset:2532189
03-23 01:53:27.378     1     1 W         : Kernel module BTF mismatch detected, BTF debug info may be unavailable for some modules
03-23 01:53:27.378     1     1 I KernelSU: feature: feature management initialized
03-23 01:53:27.378     1     1 I KernelSU: KernelSU IOCTL Commands:
03-23 01:53:27.378     1     1 I KernelSU: GRANT_ROOT         = 0x00004b01
03-23 01:53:27.378     1     1 I KernelSU: GET_INFO           = 0x80004b02
03-23 01:53:27.378     1     1 I KernelSU: REPORT_EVENT       = 0x40004b03
03-23 01:53:27.378     1     1 I KernelSU: SET_SEPOLICY       = 0xc0004b04
03-23 01:53:27.378     1     1 I KernelSU: CHECK_SAFEMODE     = 0x80004b05
03-23 01:53:27.378     1     1 I KernelSU: GET_ALLOW_LIST     = 0xc0004b06
03-23 01:53:27.378     1     1 I KernelSU: GET_DENY_LIST      = 0xc0004b07
03-23 01:53:27.378     1     1 I KernelSU: UID_GRANTED_ROOT   = 0xc0004b08
03-23 01:53:27.378     1     1 I KernelSU: UID_SHOULD_UMOUNT  = 0xc0004b09
03-23 01:53:27.378     1     1 I KernelSU: GET_MANAGER_UID    = 0x80004b0a
03-23 01:53:27.378     1     1 I KernelSU: GET_APP_PROFILE    = 0xc0004b0b
03-23 01:53:27.378     1     1 I KernelSU: SET_APP_PROFILE    = 0x40004b0c
03-23 01:53:27.378     1     1 I KernelSU: GET_FEATURE        = 0xc0004b0d
03-23 01:53:27.378     1     1 I KernelSU: SET_FEATURE        = 0x40004b0e
03-23 01:53:27.378     1     1 I KernelSU: GET_WRAPPER_FD     = 0x40004b0f
03-23 01:53:27.378     1     1 I KernelSU: MANAGE_MARK        = 0xc0004b10
03-23 01:53:27.378     1     1 I KernelSU: NUKE_EXT4_SYSFS    = 0x40004b11
03-23 01:53:27.378     1     1 I KernelSU: ADD_TRY_UMOUNT     = 0x40004b12
03-23 01:53:27.378     1     1 I KernelSU: GET_HOOK_MODE      = 0x80004b13
03-23 01:53:27.378     1     1 I KernelSU: GET_VERSION_TAG    = 0x80004b14
03-23 01:53:27.379     1     1 I KernelSU: reboot kprobe registered successfully
03-23 01:53:27.379     1     1 I KernelSU: hook_manager: ksu_hook_manager_init called
03-23 01:53:27.380     1     1 I KernelSU: hook_manager: register_syscall_regfunc kretprobe: 0
03-23 01:53:27.380     1     1 I KernelSU: hook_manager: register_syscall_unregfunc kretprobe: 0
03-23 01:53:27.380     1     1 I KernelSU: hook_manager: mark process: pid:1, uid: 0, comm:init
03-23 01:53:27.381     1     1 I KernelSU: hook_manager: sys_enter tracepoint registered
03-23 01:53:27.381     1     1 I KernelSU: feature: registered handler for kernel_umount (id=1)
03-23 01:53:27.381     1     1 I KernelSU: feature: registered handler for enhanced_security (id=2)
03-23 01:53:27.381     1     1 I KernelSU: feature: registered handler for su_compat (id=0)
03-23 01:53:27.382     1     1 I KernelSU: ksud: execve_kp: 0
03-23 01:53:27.382     1     1 I KernelSU: ksud: vfs_read_kp: 0
03-23 01:53:27.382     1     1 I KernelSU: ksud: input_event_kp: 0
03-23 01:53:27.387     1     1 I ksuinit : :init[1]: init is init.real
03-23 01:53:27.387     1     1 I KernelSU: /init argc: 1
03-23 01:53:27.388     1     1 I init    : init first stage started!
03-23 01:53:27.390   127   127 I init    : Loading module /lib/modules/matrix-leds.ko with args ''
03-23 01:53:27.391   120   120 I init    : Loading module /lib/modules/usb_f_cdev.ko with args ''
03-23 01:53:27.391   124   124 I init    : Loading module /lib/modules/debug_symbol.ko with args ''
03-23 01:53:27.391   125   125 I init    : Loading module /lib/modules/qcom-cpufreq-thermal.ko with args ''
03-23 01:53:27.391   126   126 I init    : Loading module /lib/modules/cable_detect.ko with args ''
03-23 01:53:27.391   123   123 I init    : Loading module /lib/modules/qti_userspace_cdev.ko with args ''
03-23 01:53:27.391   122   122 I init    : Loading module /lib/modules/ddr_cdev.ko with args ''
03-23 01:53:27.391   121   121 I init    : Loading module /lib/modules/qcom_hwspinlock.ko with args ''
03-23 01:53:27.392   120   120 I init    : Loaded kernel module /lib/modules/usb_f_cdev.ko
03-23 01:53:27.392   127   127 I init    : Loaded kernel module /lib/modules/matrix-leds.ko
03-23 01:53:27.392   127   127 I init    : Loading module /lib/modules/drm_display_helper.ko with args ''
03-23 01:53:27.392   120   120 I init    : Loading module /lib/modules/qseecom_proxy.ko with args ''
03-23 01:53:27.392   124   124 I init    : Loaded kernel module /lib/modules/debug_symbol.ko
03-23 01:53:27.392   124   124 I init    : Loading module /lib/modules/qcom_cpuss_sleep_stats_v4.ko with args ''
03-23 01:53:27.392   120   120 I init    : Loaded kernel module /lib/modules/qseecom_proxy.ko
03-23 01:53:27.392   120   120 I init    : Loading module /lib/modules/slot_check.ko with args ''
03-23 01:53:27.392   125   125 I init    : Loaded kernel module /lib/modules/qcom-cpufreq-thermal.ko
03-23 01:53:27.392   127   127 I init    : Loaded kernel module /lib/modules/drm_display_helper.ko
03-23 01:53:27.392   126   126 I init    : Loaded kernel module /lib/modules/cable_detect.ko
03-23 01:53:27.392   125   125 I init    : Loading module /lib/modules/thermal_config.ko with args ''
03-23 01:53:27.392   127   127 I init    : Loading module /lib/modules/llcc-qcom.ko with args ''
03-23 01:53:27.392   123   123 I userspace-cdev soc: qcom,userspace-cdev: cdev:display-fps lvl:16 registered
03-23 01:53:27.392   126   126 I init    : Loading module /lib/modules/qcom_cpucp.ko with args ''
03-23 01:53:27.393   122   122 I init    : Loaded kernel module /lib/modules/ddr_cdev.ko
03-23 01:53:27.393   122   122 I init    : Loading module /lib/modules/nothing_secure_element.ko with args ''
03-23 01:53:27.393   125   125 I init    : Loaded kernel module /lib/modules/thermal_config.ko
03-23 01:53:27.393   125   125 I init    : Loading module /lib/modules/nothing_disk_usage.ko with args ''
03-23 01:53:27.393   123   123 I init    : Loaded kernel module /lib/modules/qti_userspace_cdev.ko
03-23 01:53:27.393   123   123 I init    : Loading module /lib/modules/sync_fence.ko with args ''
03-23 01:53:27.393   121   121 I init    : Loaded kernel module /lib/modules/qcom_hwspinlock.ko
03-23 01:53:27.393   121   121 I init    : Loading module /lib/modules/zsmalloc.ko with args ''
03-23 01:53:27.393   125   125 I init    : Loaded kernel module /lib/modules/nothing_disk_usage.ko
03-23 01:53:27.393   125   125 I init    : Loading module /lib/modules/gic_intr_routing.ko with args ''
03-23 01:53:27.393   124   124 I init    : Loaded kernel module /lib/modules/qcom_cpuss_sleep_stats_v4.ko
03-23 01:53:27.393   120   120 I init    : Loaded kernel module /lib/modules/slot_check.ko
03-23 01:53:27.393   122   122 I nothing_secure_element soc: nothing_secure_element: oem_sec_boot_addr: 221c8cf0
03-23 01:53:27.393   124   124 I init    : Loading module /lib/modules/spmi-pmic-arb-debug.ko with args ''
03-23 01:53:27.393   120   120 I init    : Loading module /lib/modules/cpufreq_stats_scmi_v3.ko with args ''
03-23 01:53:27.393   126   126 I init    : Loaded kernel module /lib/modules/qcom_cpucp.ko
03-23 01:53:27.393   123   123 I init    : Loaded kernel module /lib/modules/sync_fence.ko
03-23 01:53:27.393   122   122 I init    : Loaded kernel module /lib/modules/nothing_secure_element.ko
03-23 01:53:27.393   126   126 I init    : Loading module /lib/modules/cdsprm.ko with args ''
03-23 01:53:27.393   123   123 I init    : Loading module /lib/modules/qcom-ipcc.ko with args ''
03-23 01:53:27.393   122   122 I init    : Loading module /lib/modules/qcom_pil_info.ko with args ''
03-23 01:53:27.393   121   121 I init    : Loaded kernel module /lib/modules/zsmalloc.ko
03-23 01:53:27.393   121   121 I init    : Loading module /lib/modules/qcom_cpu_vendor_hooks.ko with args ''
03-23 01:53:27.394    86    86 I arm-scmi soc: qcom,scmi: SCMI Notifications - Core Enabled.
03-23 01:53:27.394    86    86 I arm-scmi soc: qcom,scmi: SCMI Protocol v2.0 'Qualcomm:' Firmware version 0x20000
03-23 01:53:27.394   122   122 I init    : Loaded kernel module /lib/modules/qcom_pil_info.ko
03-23 01:53:27.394   123   123 I qcom-ipcc 406000.qcom,ipcc: Clear on receive read is set from boot firmware
03-23 01:53:27.394   127   127 I init    : Loaded kernel module /lib/modules/llcc-qcom.ko
03-23 01:53:27.394   127   127 I init    : Loading module /lib/modules/pinctrl-spmi-gpio.ko with args ''
03-23 01:53:27.394   122   122 I init    : Loading module /lib/modules/msm_dma_iommu_mapping.ko with args ''
03-23 01:53:27.394   120   120 I init    : Loaded kernel module /lib/modules/cpufreq_stats_scmi_v3.ko
03-23 01:53:27.394   120   120 I init    : Loading module /lib/modules/qcom_scmi_vendor.ko with args ''
03-23 01:53:27.395   121   121 I init    : Loaded kernel module /lib/modules/qcom_cpu_vendor_hooks.ko
03-23 01:53:27.395   124   124 I init    : Loaded kernel module /lib/modules/spmi-pmic-arb-debug.ko
03-23 01:53:27.395   122   122 I init    : Loaded kernel module /lib/modules/msm_dma_iommu_mapping.ko
03-23 01:53:27.395   124   124 I init    : Loading module /lib/modules/msm_ext_display.ko with args ''
03-23 01:53:27.395   122   122 I init    : Loading module /lib/modules/qcom-reboot-reason.ko with args ''
03-23 01:53:27.395   121   121 I init    : Loading module /lib/modules/rtc-pm8xxx.ko with args ''
03-23 01:53:27.395   123   123 I gic-router: qcom_gic_enable_quirks: QGIC: enabling affinity routing for Virtual GIC
03-23 01:53:27.395   120   120 I init    : Loaded kernel module /lib/modules/qcom_scmi_vendor.ko
03-23 01:53:27.395   125   125 I gic-router: gic_intr_routing_probe: GIC Interrupt Routing Driver Registered
03-23 01:53:27.395   120   120 I init    : Loading module /lib/modules/cpu_hotplug.ko with args ''
03-23 01:53:27.396   126   126 I cdsprm  : Init successful
03-23 01:53:27.396   126   126 I init    : Loaded kernel module /lib/modules/cdsprm.ko
03-23 01:53:27.396   126   126 I init    : Loading module /lib/modules/cmd-db.ko with args ''
03-23 01:53:27.396   127   127 I init    : Loaded kernel module /lib/modules/pinctrl-spmi-gpio.ko
03-23 01:53:27.396   127   127 I init    : Loading module /lib/modules/qcom-cpufreq-hw.ko with args ''
03-23 01:53:27.397   121   121 I init    : Loaded kernel module /lib/modules/rtc-pm8xxx.ko
03-23 01:53:27.397   125   125 I init    : Loaded kernel module /lib/modules/gic_intr_routing.ko
03-23 01:53:27.397   121   121 I init    : Loading module /lib/modules/cqhci.ko with args ''
03-23 01:53:27.397   125   125 I init    : Loading module /lib/modules/gh_dbl.ko with args ''
03-23 01:53:27.397   126   126 I init    : Loaded kernel module /lib/modules/cmd-db.ko
03-23 01:53:27.397   126   126 I init    : Loading module /lib/modules/pm8941-pwrkey.ko with args ''
03-23 01:53:27.397   127   127 I init    : Loaded kernel module /lib/modules/qcom-cpufreq-hw.ko
03-23 01:53:27.397   127   127 I init    : Loading module /lib/modules/gh_msgq.ko with args ''
03-23 01:53:27.397   124   124 I init    : Loaded kernel module /lib/modules/msm_ext_display.ko
03-23 01:53:27.397   122   122 I init    : Loaded kernel module /lib/modules/qcom-reboot-reason.ko
03-23 01:53:27.397   123   123 I init    : Loaded kernel module /lib/modules/qcom-ipcc.ko
03-23 01:53:27.397   123   123 I init    : Loading module /lib/modules/cpu_phys_log_map.ko with args ''
03-23 01:53:27.397   124   124 I init    : Loading module /lib/modules/nothing_check_parts.ko with args ''
03-23 01:53:27.397   120   120 I init    : Loaded kernel module /lib/modules/cpu_hotplug.ko
03-23 01:53:27.397   120   120 I init    : Loading module /lib/modules/phy-qcom-ufs.ko with args ''
03-23 01:53:27.397   122   122 I init    : Loading module /lib/modules/gh_ctrl.ko with args ''
03-23 01:53:27.397   121   121 I init    : Loaded kernel module /lib/modules/cqhci.ko
03-23 01:53:27.397   121   121 I init    : Loading module /lib/modules/nothing_task_io.ko with args ''
03-23 01:53:27.398   125   125 I init    : Loaded kernel module /lib/modules/gh_dbl.ko
03-23 01:53:27.398   125   125 I init    : Loading module /lib/modules/lt9611uxc.ko with args ''
03-23 01:53:27.399   124   124 I         : [nt_partition_info] nt_check_parts_init done
03-23 01:53:27.399   124   124 I init    : Loaded kernel module /lib/modules/nothing_check_parts.ko
03-23 01:53:27.399   124   124 I init    : Loading module /lib/modules/qti_cpufreq_cdev.ko with args ''
03-23 01:53:27.399   121   121 I         : [nt_task] nt_task_exit_event_init init done,ret:0,msg_buffer:000000000090f4de,fifo_size:32768(192)
03-23 01:53:27.399   121   121 I         : [nt_task] IO Monitor Module Loaded
03-23 01:53:27.399   121   121 I init    : Loaded kernel module /lib/modules/nothing_task_io.ko
03-23 01:53:27.399   122   122 I init    : Loaded kernel module /lib/modules/gh_ctrl.ko
03-23 01:53:27.399   121   121 I init    : Loading module /lib/modules/hwmon.ko with args ''
03-23 01:53:27.399   122   122 I init    : Loading module /lib/modules/icc-debug.ko with args ''
03-23 01:53:27.399   127   127 I init    : Loaded kernel module /lib/modules/gh_msgq.ko
03-23 01:53:27.399   127   127 I init    : Loading module /lib/modules/nothing_writeback_kmsg.ko with args ''
03-23 01:53:27.399   126   126 I init    : Loaded kernel module /lib/modules/pm8941-pwrkey.ko
03-23 01:53:27.399   126   126 I init    : Loading module /lib/modules/nothing_error_report.ko with args ''
03-23 01:53:27.399   120   120 I init    : Loaded kernel module /lib/modules/phy-qcom-ufs.ko
03-23 01:53:27.399   123   123 I init    : Loaded kernel module /lib/modules/cpu_phys_log_map.ko
03-23 01:53:27.399   120   120 I init    : Loading module /lib/modules/nothing_virtual_ntc.ko with args ''
03-23 01:53:27.399   125   125 I init    : Loaded kernel module /lib/modules/lt9611uxc.ko
03-23 01:53:27.399   123   123 I init    : Loading module /lib/modules/ntfs3.ko with args ''
03-23 01:53:27.399   125   125 I init    : Loading module /lib/modules/nvmem_qcom-spmi-sdam.ko with args ''
03-23 01:53:27.400   122   122 I init    : Loaded kernel module /lib/modules/icc-debug.ko
03-23 01:53:27.400   122   122 I init    : Loading module /lib/modules/debug-regulator.ko with args ''
03-23 01:53:27.401   126   126 I         : [nt_error_report] The module initialized
03-23 01:53:27.401   126   126 I         : [nt_error_report] The module initialized
03-23 01:53:27.401   120   120 W         : Init virtual_temp dev
03-23 01:53:27.401   140   140 E         : [NT_reserve_kernel_log] Get partition failed, retry count 200
03-23 01:53:27.401   127   127 I         : [NT_reserve_kernel_log] kthread init done
03-23 01:53:27.401   121   121 I init    : Loaded kernel module /lib/modules/hwmon.ko
03-23 01:53:27.401   122   122 I init    : Loaded kernel module /lib/modules/debug-regulator.ko
03-23 01:53:27.401   126   126 I init    : Loaded kernel module /lib/modules/nothing_error_report.ko
03-23 01:53:27.401   127   127 I init    : Loaded kernel module /lib/modules/nothing_writeback_kmsg.ko
03-23 01:53:27.401   127   127 I init    : Loading module /lib/modules/drm_dp_aux_bus.ko with args ''
03-23 01:53:27.401   122   122 I init    : Loading module /lib/modules/sg.ko with args ''
03-23 01:53:27.401   121   121 I init    : Loading module /lib/modules/msm_show_resume_irq.ko with args ''
03-23 01:53:27.401   126   126 I init    : Loading module /lib/modules/clk-scmi.ko with args ''
03-23 01:53:27.401   125   125 I init    : Loaded kernel module /lib/modules/nvmem_qcom-spmi-sdam.ko
03-23 01:53:27.401   120   120 W         : ------------[ cut here ]------------
03-23 01:53:27.401   120   120 W         : WARNING: CPU: 5 PID: 120 at kernel/tracepoint.c:340 tracepoint_add_func+0x258/0x404
03-23 01:53:27.401   120   120 W         : Modules linked in: nvmem_qcom_spmi_sdam nothing_writeback_kmsg nothing_virtual_ntc(+) debug_regulator nothing_error_report hwmon icc_debug qti_cpufreq_cdev(+) lt9611uxc
03-23 01:53:27.401   125   125 I init    : Loading module /lib/modules/qti_thermal_vendor_hooks.ko with args ''
03-23 01:53:27.401   120   120 W         : cpu_phys_log_map
03-23 01:53:27.401   120   120 W         : nothing_task_io gh_msgq gh_ctrl phy_qcom_ufs nothing_check_parts pm8941_pwrkey gh_dbl cqhci qcom_cpufreq_hw cmd_db cpu_hotplug msm_ext_display(O) rtc_pm8xxx qcom_reboot_reason qcom_scmi_vendor pinctrl_spmi_gpio msm_dma_iommu_mapping qcom_cpu_vendor_hooks cdsprm qcom_pil_info qcom_ipcc spmi_pmic_arb_debug cpufreq_stats_scmi_v3 gic_intr_routing zsmalloc sync_fence(O) nothing_disk_usage nothing_secure_element qcom_cpucp thermal_config llcc_qcom slot_check qcom_cpuss_sleep_stats_v4 drm_display_helper qseecom_proxy ddr_cdev qcom_hwspinlock qti_userspace_cdev usb_f_cdev debug_symbol cable_detect qcom_cpufreq_thermal matrix_leds kernelsu(O)
03-23 01:53:27.401   120   120 W         : CPU: 5 PID: 120 Comm: init Tainted: G           O       6.6.87-android15-8-gc2569c3b141c-ab13768703-4k #1 dfd556f3bb459a53eb2d5a0806c1aa04e65d7fc0
03-23 01:53:27.401   120   120 W Hardware name: Qualcomm Technologies, Inc. Tuna QRD (DT)
03-23 01:53:27.401   120   120 W pstate  : 81400005 (Nzcv daif +PAN -UAO -TCO +DIT -SSBS BTYPE=--)
03-23 01:53:27.401   120   120 W pc      : tracepoint_add_func+0x258/0x404
03-23 01:53:27.401   120   120 W lr      : tracepoint_probe_register+0x60/0xa4
03-23 01:53:27.401   120   120 W sp      : ffffffc080793610
03-23 01:53:27.401   120   120 W         : x29: ffffffc080793610 x28: 0000000000000000 x27: ffffffc080793d30
03-23 01:53:27.401   120   120 W         : x26: 0000000000000001 x25: ffffff80215dba90 x24: 000000000000000a
03-23 01:53:27.401   120   120 W         : x23: ffffffc080793660 x22: ffffffd5ef576970 x21: ffffffd5ef691110
03-23 01:53:27.401   120   120 W         : x20: 0000000000000001 x19: ffffffd5ef691110 x18: ffffffd5ef4dc5c0
03-23 01:53:27.401   120   120 W         : x17: 0000000000000000 x16: 0000000000000000 x15: 0000000000000000
03-23 01:53:27.401   120   120 W         : x14: 0000000000000000 x13: 0000000000000000 x12: 0000000000000018
03-23 01:53:27.401   120   120 W         : x11: ffffffd5ed5def5c x10: 0000000000000001 x9 : 0000000000000000
03-23 01:53:27.401   120   120 W         : x8 : ffffffd5ec05c9dc x7 : 0000000000000000 x6 : 0000000000000000
03-23 01:53:27.401   120   120 W         : x5 : ffffffc0807934a0 x4 : 0000000000000000 x3 : 0000000000000001
03-23 01:53:27.401   120   120 W         : x2 : 000000000000000a x1 : ffffffc080793660 x0 : ffffffffffffffef
03-23 01:53:27.401   120   120 W Call trace:  
03-23 01:53:27.401   120   120 W         : tracepoint_add_func+0x258/0x404
03-23 01:53:27.401   120   120 W         : tracepoint_probe_register+0x60/0xa4
03-23 01:53:27.401   120   120 W         : virtual_temp_probe+0x1d8/0x2d8 [nothing_virtual_ntc 031abf80d77d40efd3b309247ecb4a0258c810a5]
03-23 01:53:27.401   120   120 W         : platform_probe+0xc0/0xec
03-23 01:53:27.401   120   120 W         : really_probe+0x190/0x374
03-23 01:53:27.401   120   120 W         : __driver_probe_device+0xa0/0x12c
03-23 01:53:27.401   120   120 W         : driver_probe_device+0x3c/0x218
03-23 01:53:27.401   120   120 W         : __driver_attach+0x110/0x1ec
03-23 01:53:27.401   120   120 W         : bus_for_each_dev+0x104/0x160
03-23 01:53:27.401   120   120 W         : driver_attach+0x24/0x34
03-23 01:53:27.401   120   120 W         : bus_add_driver+0x154/0x270
03-23 01:53:27.401   120   120 W         : driver_register+0x68/0x104
03-23 01:53:27.401   120   120 W         : __platform_driver_register+0x24/0x34
03-23 01:53:27.401   120   120 W         : init_module+0x9c/0xfb4 [nothing_virtual_ntc 031abf80d77d40efd3b309247ecb4a0258c810a5]
03-23 01:53:27.401   120   120 W         : do_one_initcall+0xdc/0x360
03-23 01:53:27.401   120   120 W         : do_init_module+0x58/0x23c
03-23 01:53:27.401   120   120 W         : load_module+0xffc/0x1130
03-23 01:53:27.401   120   120 W         : __arm64_sys_finit_module+0x260/0x300
03-23 01:53:27.401   120   120 W         : invoke_syscall+0x58/0x114
03-23 01:53:27.401   120   120 W         : el0_svc_common+0x80/0xe0
03-23 01:53:27.401   120   120 W         : do_el0_svc+0x1c/0x28
03-23 01:53:27.401   120   120 W         : el0_svc+0x38/0x68
03-23 01:53:27.401   120   120 W         : el0t_64_sync_handler+0x68/0xbc
03-23 01:53:27.401   120   120 W         : el0t_64_sync+0x1a8/0x1ac
03-23 01:53:27.401   120   120 W         : ---[ end trace 0000000000000000 ]---
03-23 01:53:27.402   127   127 I init    : Loaded kernel module /lib/modules/drm_dp_aux_bus.ko
03-23 01:53:27.402   127   127 I init    : Loading module /lib/modules/iommu-logger.ko with args ''
03-23 01:53:27.402   124   124 I init    : Loaded kernel module /lib/modules/qti_cpufreq_cdev.ko
03-23 01:53:27.402   124   124 I init    : Loading module /lib/modules/ois_regulator.ko with args ''
03-23 01:53:27.402   120   120 I init    : Loaded kernel module /lib/modules/nothing_virtual_ntc.ko
03-23 01:53:28.735   440   440 E SELinux : avc:  denied  { add } for interface=android.hidl.base::IBase sid=u:r:recovery:s0 pid=440 scontext=u:r:recovery:s0 tcontext=u:object_r:hidl_base_hwservice:s0 tclass=hwservice_manager permissive=1
03-23 01:53:27.402   120   120 I init    : Loading module /lib/modules/msm_show_epoch.ko with args ''
03-23 01:53:27.402   123   123 I ntfs3   : Read-only LZX/Xpress compression included
03-23 01:53:27.402   121   121 I init    : Loaded kernel module /lib/modules/msm_show_resume_irq.ko
03-23 01:53:27.402   122   122 I init    : Loaded kernel module /lib/modules/sg.ko
03-23 01:53:27.402   125   125 I init    : Loaded kernel module /lib/modules/qti_thermal_vendor_hooks.ko
03-23 01:53:27.402   121   121 I init    : Loading module /lib/modules/pcie-pdc.ko with args ''
03-23 01:53:28.735   440   440 E SELinux : avc:  denied  { add } for interface=android.hidl.manager::IServiceManager sid=u:r:recovery:s0 pid=440 scontext=u:r:recovery:s0 tcontext=u:object_r:hidl_manager_hwservice:s0 tclass=hwservice_manager permissive=1
03-23 01:53:27.402   122   122 I init    : Loading module /lib/modules/qnoc-qos.ko with args ''
03-23 01:53:27.402   123   123 I init    : Loaded kernel module /lib/modules/ntfs3.ko
03-23 01:53:27.402   125   125 I init    : Loading module /lib/modules/mpam_msc.ko with args ''
03-23 01:53:27.402   123   123 I init    : Loading module /lib/modules/smp2p_sleepstate.ko with args ''
03-23 01:53:27.402   126   126 I init    : Loaded kernel module /lib/modules/clk-scmi.ko
03-23 01:53:27.402   126   126 I init    : Loading module /lib/modules/boot_stats.ko with args ''
03-23 01:53:27.402   120   120 I init    : Loaded kernel module /lib/modules/msm_show_epoch.ko
03-23 01:53:27.402   122   122 I init    : Loaded kernel module /lib/modules/qnoc-qos.ko
03-23 01:53:27.402   120   120 I init    : Loading module /lib/modules/qcom_ramdump.ko with args ''
03-23 01:53:28.735   440   440 I hwservicemanager: getFrameworkHalManifest: Reading VINTF information.
03-23 01:53:27.403   122   122 I init    : Loading module /lib/modules/qcom_dynamic_ramoops.ko with args ''
03-23 01:53:27.403   127   127 I init    : Loaded kernel module /lib/modules/iommu-logger.ko
03-23 01:53:27.403   127   127 I init    : Loading module /lib/modules/hung_task_enh.ko with args ''
03-23 01:53:27.403   126   126 I KPI     : Bootloader start count = 81227
03-23 01:53:27.403   126   126 I KPI     : Bootloader end count = 427797
03-23 01:53:27.403   126   126 I KPI     : Bootloader load kernel count = 824
03-23 01:53:27.403   126   126 I KPI     : Kernel MPM timestamp = 452630
03-23 01:53:27.403   126   126 I KPI     : Kernel MPM Clock frequency = 32768
03-23 01:53:27.403   121   121 I init    : Loaded kernel module /lib/modules/pcie-pdc.ko
03-23 01:53:27.403   121   121 I init    : Loading module /lib/modules/spmi-pmic-arb.ko with args ''
03-23 01:53:27.403   126   126 I init    : Loaded kernel module /lib/modules/boot_stats.ko
03-23 01:53:27.403   126   126 I init    : Loading module /lib/modules/tmecom-intf.ko with args ''
03-23 01:53:27.403   120   120 I init    : Loaded kernel module /lib/modules/qcom_ramdump.ko
03-23 01:53:27.403   120   120 I init    : Loading module /lib/modules/pinctrl-spmi-mpp.ko with args ''
03-23 01:53:27.403   127   127 I init    : Loaded kernel module /lib/modules/hung_task_enh.ko
03-23 01:53:27.403   123   123 I init    : Loaded kernel module /lib/modules/smp2p_sleepstate.ko
03-23 01:53:27.403   122   122 I printk  : console [ramoops-1] enabled
03-23 01:53:27.403   123   123 I init    : Loading module /lib/modules/qfprom-sys.ko with args ''
03-23 01:53:27.403   127   127 I init    : Loading module /lib/modules/mem-hooks.ko with args ''
03-23 01:53:27.403   122   122 I pstore  : Registered ramoops as persistent store backend
03-23 01:53:27.403   124   124 I init    : Loaded kernel module /lib/modules/ois_regulator.ko
03-23 01:53:27.403   122   122 I ramoops : using 0x400000@0xaffbff000, ecc: 0
03-23 01:53:27.404   127   127 I init    : Loaded kernel module /lib/modules/mem-hooks.ko
03-23 01:53:27.404   124   124 I init    : Loading module /lib/modules/nothing_rdump.ko with args ''
03-23 01:53:27.404   122   122 I init    : Loaded kernel module /lib/modules/qcom_dynamic_ramoops.ko
03-23 01:53:27.404   125   125 I init    : Loaded kernel module /lib/modules/mpam_msc.ko
03-23 01:53:27.404   122   122 I init    : Loading module /lib/modules/touchpanel_event_notify.ko with args ''
03-23 01:53:27.404   125   125 I init    : Loading module /lib/modules/nt_display_notifier.ko with args ''
03-23 01:53:27.404   127   127 I init    : Loading module /lib/modules/proxy-consumer.ko with args ''
03-23 01:53:27.404   121   121 I init    : Loaded kernel module /lib/modules/spmi-pmic-arb.ko
03-23 01:53:27.404   122   122 I init    : Loaded kernel module /lib/modules/touchpanel_event_notify.ko
03-23 01:53:27.404   122   122 I init    : Loading module /lib/modules/wl28681-regulator.ko with args ''
03-23 01:53:27.404   121   121 I init    : Loading module /lib/modules/hardware_id.ko with args ''
03-23 01:53:27.404   120   120 I init    : Loaded kernel module /lib/modules/pinctrl-spmi-mpp.ko
03-23 01:53:27.404   123   123 I init    : Loaded kernel module /lib/modules/qfprom-sys.ko
03-23 01:53:27.404   120   120 I init    : Loading module /lib/modules/secure_state.ko with args 'is_secure_fuse=1'
03-23 01:53:27.404   123   123 I init    : Loading module /lib/modules/nothing_performance.ko with args ''
03-23 01:53:27.404   124   124 I init    : Loaded kernel module /lib/modules/nothing_rdump.ko
03-23 01:53:27.404   124   124 I init    : Loading module /lib/modules/rpmb_state.ko with args 'is_secure_rpmb=1'
03-23 01:53:27.404   127   127 I init    : Loaded kernel module /lib/modules/proxy-consumer.ko
03-23 01:53:27.404   125   125 I init    : Loaded kernel module /lib/modules/nt_display_notifier.ko
03-23 01:53:27.404   122   122 I init    : Loaded kernel module /lib/modules/wl28681-regulator.ko
03-23 01:53:27.404   127   127 I init    : Loading module /lib/modules/qti-regmap-debugfs.ko with args ''
03-23 01:53:27.404   122   122 I init    : Loading module /lib/modules/snd-soc-hdmi-codec.ko with args ''
03-23 01:53:27.404   126   126 I init    : Loaded kernel module /lib/modules/tmecom-intf.ko
03-23 01:53:27.404   125   125 I init    : Loading module /lib/modules/phy-qcom-emu.ko with args ''
03-23 01:53:27.404   126   126 I init    : Loading module /lib/modules/phy-generic.ko with args ''
03-23 01:53:27.405   120   120 I init    : Loaded kernel module /lib/modules/secure_state.ko
03-23 01:53:27.405   120   120 I init    : Loading module /lib/modules/phy-msm-ssusb-qmp.ko with args ''
03-23 01:53:27.405   121   121 I init    : Loaded kernel module /lib/modules/hardware_id.ko
03-23 01:53:27.405   121   121 I init    : Loading module /lib/modules/nothing_bootloader_log.ko with args ''
03-23 01:53:27.405   123   123 I nt_performance: Module init
03-23 01:53:27.405   123   123 I nt_named_thread_affinity: Module init
03-23 01:53:27.405   124   124 I init    : Loaded kernel module /lib/modules/rpmb_state.ko
03-23 01:53:27.405   123   123 I nt_named_thread_affinity: Module init successfully
03-23 01:53:27.405   124   124 I init    : Loading module /lib/modules/xhci-sideband.ko with args ''
03-23 01:53:27.405   123   123 I init    : Loaded kernel module /lib/modules/nothing_performance.ko
03-23 01:53:27.405   123   123 I init    : Loading module /lib/modules/usb_f_ccid.ko with args ''
03-23 01:53:27.405   122   122 I init    : Loaded kernel module /lib/modules/snd-soc-hdmi-codec.ko
03-23 01:53:27.405   126   126 W usb_phy_generic soc: usb_nop_phy: dummy supplies not allowed for exclusive requests
03-23 01:53:27.405   122   122 I init    : Loading module /lib/modules/qcom-spmi-temp-alarm.ko with args ''
03-23 01:53:27.405   126   126 I init    : Loaded kernel module /lib/modules/phy-generic.ko
03-23 01:53:27.405   126   126 I init    : Loading module /lib/modules/repeater.ko with args ''
03-23 01:53:27.405   127   127 I init    : Loaded kernel module /lib/modules/qti-regmap-debugfs.ko
03-23 01:53:28.735   440   440 I hwservicemanager: getDeviceHalManifest: Reading VINTF information.
03-23 01:53:27.405   127   127 I init    : Loading module /lib/modules/redriver.ko with args ''
03-23 01:53:27.405   121   121 W bootloader_logger_init: Hello. NOTHING_BOOTLODER_LOG !
03-23 01:53:27.406   124   124 I init    : Loaded kernel module /lib/modules/xhci-sideband.ko
03-23 01:53:27.406   123   123 I init    : Loaded kernel module /lib/modules/usb_f_ccid.ko
03-23 01:53:27.406   126   126 I init    : Loaded kernel module /lib/modules/repeater.ko
03-23 01:53:27.406   124   124 I init    : Loading module /lib/modules/aw_press.ko with args ''
03-23 01:53:27.406   126   126 I init    : Loading module /lib/modules/governor_gpubw_mon.ko with args ''
03-23 01:53:27.406   123   123 I init    : Loading module /lib/modules/reboot-mode.ko with args ''
03-23 01:53:27.406   121   121 W [bootloader_logger_probe]: Enterd
03-23 01:53:27.406   121   121 E [bootloader_logger_probe]: Cannot get log,offset_size resource, directly use memory-region
03-23 01:53:27.406   127   127 I init    : Loaded kernel module /lib/modules/redriver.ko
03-23 01:53:27.406   125   125 I init    : Loaded kernel module /lib/modules/phy-qcom-emu.ko
03-23 01:53:27.406   120   120 I init    : Loaded kernel module /lib/modules/phy-msm-ssusb-qmp.ko
03-23 01:53:27.406   121   121 W [bootloader_logger_probe]: End
03-23 01:53:27.406   127   127 I init    : Loading module /lib/modules/bcl_soc.ko with args ''
03-23 01:53:27.406   120   120 I init    : Loading module /lib/modules/max31760_fan.ko with args ''
03-23 01:53:27.406   125   125 I init    : Loading module /lib/modules/qti_devfreq_cdev.ko with args ''
03-23 01:53:27.406   122   122 I init    : Loaded kernel module /lib/modules/qcom-spmi-temp-alarm.ko
03-23 01:53:27.406   126   126 I init    : Loaded kernel module /lib/modules/governor_gpubw_mon.ko
03-23 01:53:27.406   126   126 I init    : Loading module /lib/modules/qcom_edac.ko with args ''
03-23 01:53:27.406   121   121 I init    : Loaded kernel module /lib/modules/nothing_bootloader_log.ko
03-23 01:53:27.406   122   122 I init    : Loading module /lib/modules/gpu_dump_skip_cdev.ko with args ''
03-23 01:53:27.406   121   121 I init    : Loading module /lib/modules/qcom-cpufreq-hw-debug.ko with args ''
03-23 01:53:27.406   123   123 I init    : Loaded kernel module /lib/modules/reboot-mode.ko
03-23 01:53:27.406   123   123 I init    : Loading module /lib/modules/leds-qcom-flash.ko with args ''
03-23 01:53:27.406   124   124 I         : aw9380x driver version v0.5.1
03-23 01:53:27.406   124   124 I init    : Loaded kernel module /lib/modules/aw_press.ko
03-23 01:53:27.406   124   124 I init    : Loading module /lib/modules/leds-qcom-lpg.ko with args ''
03-23 01:53:27.406   126   126 I EDAC DEVICE0: Giving out device to module qcom_llcc_edac controller llcc: DEV qcom_llcc_edac (INTERRUPT)
03-23 01:53:27.407   126   126 I init    : Loaded kernel module /lib/modules/qcom_edac.ko
03-23 01:53:27.407   126   126 I init    : Loading module /lib/modules/nothing_value_check.ko with args ''
03-23 01:53:27.407   120   120 I init    : Loaded kernel module /lib/modules/max31760_fan.ko
03-23 01:53:27.407   120   120 I init    : Loading module /lib/modules/leds-qpnp-vibrator-ldo.ko with args ''
03-23 01:53:27.407   127   127 I init    : Loaded kernel module /lib/modules/bcl_soc.ko
03-23 01:53:27.407   122   122 I init    : Loaded kernel module /lib/modules/gpu_dump_skip_cdev.ko
03-23 01:53:27.407   127   127 I init    : Loading module /lib/modules/qcom-rng.ko with args ''
03-23 01:53:27.407   126   126 I init    : Loaded kernel module /lib/modules/nothing_value_check.ko
03-23 01:53:27.407   122   122 I init    : Loading module /lib/modules/smem.ko with args ''
03-23 01:53:27.407   126   126 I init    : Loading module /lib/modules/nvmem_qfprom.ko with args ''
03-23 01:53:27.408   125   125 I init    : Loaded kernel module /lib/modules/qti_devfreq_cdev.ko
03-23 01:53:27.408   123   123 I init    : Loaded kernel module /lib/modules/leds-qcom-flash.ko
03-23 01:53:27.408   123   123 I init    : Loading module /lib/modules/nothing_task_meminfo.ko with args ''
03-23 01:53:27.408   125   125 I init    : Loading module /lib/modules/qcom-vadc-common.ko with args ''
03-23 01:53:27.408   121   121 I init    : Loaded kernel module /lib/modules/qcom-cpufreq-hw-debug.ko
03-23 01:53:27.408   124   124 I init    : Loaded kernel module /lib/modules/leds-qcom-lpg.ko
03-23 01:53:27.408   121   121 I init    : Loading module /lib/modules/qmi_helpers.ko with args ''
03-23 01:53:27.408   124   124 I init    : Loading module /lib/modules/nothing_task_info.ko with args ''
03-23 01:53:27.408   123   123 I init    : Loaded kernel module /lib/modules/nothing_task_meminfo.ko
03-23 01:53:27.408   120   120 I init    : Loaded kernel module /lib/modules/leds-qpnp-vibrator-ldo.ko
03-23 01:53:27.408   120   120 I init    : Loading module /lib/modules/nothing_restart_handler.ko with args ''
03-23 01:53:27.408   123   123 I init    : Loading module /lib/modules/slimbus.ko with args ''
03-23 01:53:27.408   124   124 I init    : Loaded kernel module /lib/modules/nothing_task_info.ko
03-23 01:53:27.408   125   125 I init    : Loaded kernel module /lib/modules/qcom-vadc-common.ko
03-23 01:53:27.408   121   121 I init    : Loaded kernel module /lib/modules/qmi_helpers.ko
03-23 01:53:27.408   124   124 I init    : Loading module /lib/modules/coresight.ko with args ''
03-23 01:53:27.408   122   122 I init    : Loaded kernel module /lib/modules/smem.ko
03-23 01:53:27.408   125   125 I init    : Loading module /lib/modules/qcom_scmi_client.ko with args ''
03-23 01:53:27.408   127   127 I init    : Loaded kernel module /lib/modules/qcom-rng.ko
03-23 01:53:27.408   122   122 I init    : Loading module /lib/modules/panel_event_notifier.ko with args ''
03-23 01:53:27.409   121   121 I init    : Loading module /lib/modules/stm_core.ko with args ''
03-23 01:53:27.409   127   127 I init    : Loading module /lib/modules/gh_arm_drv.ko with args ''
03-23 01:53:27.409   125   125 I init    : Loaded kernel module /lib/modules/qcom_scmi_client.ko
03-23 01:53:27.409   125   125 I init    : Loading module /lib/modules/ipclite.ko with args ''
03-23 01:53:27.409   126   126 I init    : Loaded kernel module /lib/modules/nvmem_qfprom.ko
03-23 01:53:27.409   122   122 I init    : Loaded kernel module /lib/modules/panel_event_notifier.ko
03-23 01:53:27.410   120   120 W         : nothing_restart_info_driver_init
03-23 01:53:27.410   127   127 I init    : Loaded kernel module /lib/modules/gh_arm_drv.ko
03-23 01:53:27.410   123   123 I init    : Loaded kernel module /lib/modules/slimbus.ko
03-23 01:53:27.410   120   120 E set_restart_msg: Unknown
03-23 01:53:27.410   120   120 I         : nothing_restart_info_probe OK
03-23 01:53:27.410   121   121 I init    : Loaded kernel module /lib/modules/stm_core.ko
03-23 01:53:27.410   120   120 I init    : Loaded kernel module /lib/modules/nothing_restart_handler.ko
03-23 01:53:27.411   124   124 I cs_system_cfg: CoreSight Configuration manager initialised
03-23 01:53:27.412   124   124 I init    : Loaded kernel module /lib/modules/coresight.ko
03-23 01:53:27.412   125   125 I ipclite : ipclite_init_v0: APSS:info:IPCLite Version : 1.0 Feature Mask : 0x3
03-23 01:53:27.412   125   125 I ipclite : ipclite_init_v0: APSS:info:IPCLite Probe Completed Successfully
03-23 01:53:27.412   125   125 I init    : Loaded kernel module /lib/modules/ipclite.ko
03-23 01:53:27.413   146   146 I init    : Loading module /lib/modules/stm_ftrace.ko with args ''
03-23 01:53:27.413   148   148 I init    : Loading module /lib/modules/gdsc-regulator.ko with args ''
03-23 01:53:27.413   143   143 I init    : Loading module /lib/modules/phy-qcom-ufs-qmp-v4-niobe.ko with args ''
03-23 01:53:27.414   149   149 I init    : Loading module /lib/modules/phy-qcom-ufs-qrbtc-sdm845.ko with args ''
03-23 01:53:27.414   144   144 I init    : Loading module /lib/modules/qti_dmof_scmi.ko with args ''
03-23 01:53:27.414   145   145 I init    : Loading module /lib/modules/heap_mem_ext_v01.ko with args ''
03-23 01:53:27.414   150   150 I init    : Loading module /lib/modules/zram.ko with args ''
03-23 01:53:27.414   147   147 I init    : Loading module /lib/modules/coresight-cti.ko with args ''
03-23 01:53:27.414   146   146 I init    : Loaded kernel module /lib/modules/stm_ftrace.ko
03-23 01:53:27.414   145   145 I init    : Loaded kernel module /lib/modules/heap_mem_ext_v01.ko
03-23 01:53:27.414   149   149 I init    : Loaded kernel module /lib/modules/phy-qcom-ufs-qrbtc-sdm845.ko
03-23 01:53:27.414   145   145 I init    : Loading module /lib/modules/qcom-spmi-pmic.ko with args ''
03-23 01:53:27.415   149   149 I init    : Loading module /lib/modules/cpucp_log.ko with args ''
03-23 01:53:27.415   143   143 I init    : Loaded kernel module /lib/modules/phy-qcom-ufs-qmp-v4-niobe.ko
03-23 01:53:27.415   150   150 I zram    : Added device: zram0
03-23 01:53:27.415   146   146 I init    : Loading module /lib/modules/phy-qcom-ufs-qmp-v4-sun.ko with args ''
03-23 01:53:27.415   143   143 I init    : Loading module /lib/modules/stm_p_ost.ko with args ''
03-23 01:53:27.415   150   150 I init    : Loaded kernel module /lib/modules/zram.ko
03-23 01:53:27.415   148   148 I init    : Loaded kernel module /lib/modules/gdsc-regulator.ko
03-23 01:53:27.415   150   150 I init    : Loading module /lib/modules/coresight-qmi.ko with args ''
03-23 01:53:27.415   148   148 I init    : Loading module /lib/modules/qcom_llcc_pmu.ko with args ''
03-23 01:53:27.415   144   144 I init    : Loaded kernel module /lib/modules/qti_dmof_scmi.ko
03-23 01:53:27.415   144   144 I init    : Loading module /lib/modules/llcc_heuristics.ko with args ''
03-23 01:53:27.415   149   149 E cpucp-log 81200000.qcom,cpucp_log: Invalid log type:3, ret:-22
03-23 01:53:27.415   143   143 I init    : Loaded kernel module /lib/modules/stm_p_ost.ko
03-23 01:53:27.415   143   143 I init    : Loading module /lib/modules/cpufreq_stats_scmi_v2.ko with args ''
03-23 01:53:27.415   147   147 I init    : Loaded kernel module /lib/modules/coresight-cti.ko
03-23 01:53:27.415   149   149 I init    : Loaded kernel module /lib/modules/cpucp_log.ko
03-23 01:53:27.415   147   147 I init    : Loading module /lib/modules/stub-regulator.ko with args ''
03-23 01:53:27.415   149   149 I init    : Loading module /lib/modules/qcom-amoled-regulator.ko with args ''
03-23 01:53:27.416   145   145 I init    : Loaded kernel module /lib/modules/qcom-spmi-pmic.ko
03-23 01:53:27.416   150   150 E coresight-qmi soc: turing-qmi: qmi client init failed ret:-517
03-23 01:53:27.416   145   145 I init    : Loading module /lib/modules/sysmon_subsystem_stats.ko with args ''
03-23 01:53:27.416   150   150 E coresight-qmi soc: wpss-qmi: qmi client init failed ret:-517
03-23 01:53:27.416   148   148 I qcom-llcc-pmu 24095000.llcc-pmu: Registered llcc_pmu, type: 12
03-23 01:53:27.416   150   150 E coresight-qmi soc: audio-qmi: qmi client init failed ret:-517
03-23 01:53:27.416   146   146 I init    : Loaded kernel module /lib/modules/phy-qcom-ufs-qmp-v4-sun.ko
03-23 01:53:27.416   150   150 E coresight-qmi soc: modem0-qmi: qmi client init failed ret:-517
03-23 01:53:27.416   150   150 E coresight-qmi soc: modem2-qmi: qmi client init failed ret:-517
03-23 01:53:27.416   146   146 I init    : Loading module /lib/modules/repeater-qti-pmic-eusb2.ko with args ''
03-23 01:53:27.416   148   148 I init    : Loaded kernel module /lib/modules/qcom_llcc_pmu.ko
03-23 01:53:27.416   145   145 I init    : Loaded kernel module /lib/modules/sysmon_subsystem_stats.ko
03-23 01:53:27.416   148   148 I init    : Loading module /lib/modules/c1dcvs_scmi_v2.ko with args ''
03-23 01:53:27.416   150   150 I init    : Loaded kernel module /lib/modules/coresight-qmi.ko
03-23 01:53:27.416   145   145 I init    : Loading module /lib/modules/dynpf_scmi.ko with args ''
03-23 01:53:27.416   150   150 I init    : Loading module /lib/modules/mpam_msc_slc.ko with args ''
03-23 01:53:27.416   149   149 I init    : Loaded kernel module /lib/modules/qcom-amoled-regulator.ko
03-23 01:53:27.416   149   149 I init    : Loading module /lib/modules/mpam.ko with args ''
03-23 01:53:27.416   147   147 I init    : Loaded kernel module /lib/modules/stub-regulator.ko
03-23 01:53:27.416   147   147 I init    : Loading module /lib/modules/qti-fixed-regulator.ko with args ''
03-23 01:53:27.417   146   146 I init    : Loaded kernel module /lib/modules/repeater-qti-pmic-eusb2.ko
03-23 01:53:27.417   146   146 I init    : Loading module /lib/modules/rdbg.ko with args ''
03-23 01:53:27.417   147   147 I init    : Loaded kernel module /lib/modules/qti-fixed-regulator.ko
03-23 01:53:27.417   147   147 I init    : Loading module /lib/modules/haptic.ko with args 'uefi_f0_calidata=123 uefi_f0=1681'
03-23 01:53:27.417   148   148 I init    : Loaded kernel module /lib/modules/c1dcvs_scmi_v2.ko
03-23 01:53:27.417   148   148 I init    : Loading module /lib/modules/qcom-i2c-pmic.ko with args ''
03-23 01:53:27.417   144   144 I init    : Loaded kernel module /lib/modules/llcc_heuristics.ko
03-23 01:53:27.417   144   144 I init    : Loading module /lib/modules/coresight-tpda.ko with args ''
03-23 01:53:27.417   143   143 I init    : Loaded kernel module /lib/modules/cpufreq_stats_scmi_v2.ko
03-23 01:53:27.417   149   149 I init    : Loaded kernel module /lib/modules/mpam.ko
03-23 01:53:27.417   149   149 I init    : Loading module /lib/modules/goodix_fp.ko with args ''
03-23 01:53:27.417   143   143 I init    : Loading module /lib/modules/nb7vpq904m.ko with args ''
03-23 01:53:27.418   145   145 I init    : Loaded kernel module /lib/modules/dynpf_scmi.ko
03-23 01:53:27.418   145   145 I init    : Loading module /lib/modules/qcom-pon.ko with args ''
03-23 01:53:27.418   150   150 I init    : Loaded kernel module /lib/modules/mpam_msc_slc.ko
03-23 01:53:27.418   150   150 I init    : Loading module /lib/modules/qti_qmi_sensor_v2.ko with args ''
03-23 01:53:27.418    10    10 E coresight-qmi soc: turing-qmi: qmi client init failed ret:-517
03-23 01:53:27.418    10    10 E coresight-qmi soc: wpss-qmi: qmi client init failed ret:-517
03-23 01:53:27.418    10    10 E coresight-qmi soc: audio-qmi: qmi client init failed ret:-517
03-23 01:53:27.418    10    10 E coresight-qmi soc: modem0-qmi: qmi client init failed ret:-517
03-23 01:53:27.418    10    10 E coresight-qmi soc: modem2-qmi: qmi client init failed ret:-517
03-23 01:53:27.418   146   146 E rdbg    : failed get smem state
03-23 01:53:27.418   146   146 E rdbg_probe: register_smp2p_out failed for rdbg_adsp
03-23 01:53:27.419   146   146 E rdbg    : failed get smem state
03-23 01:53:27.419   146   146 E rdbg_probe: register_smp2p_out failed for rdbg_cdsp
03-23 01:53:27.419   146   146 I init    : Loaded kernel module /lib/modules/rdbg.ko
03-23 01:53:27.419   146   146 I init    : Loading module /lib/modules/qti_qmi_cdev.ko with args ''
03-23 01:53:27.419   148   148 I init    : Loaded kernel module /lib/modules/qcom-i2c-pmic.ko
03-23 01:53:27.419   145   145 I init    : Loaded kernel module /lib/modules/qcom-pon.ko
03-23 01:53:27.419   145   145 I init    : Loading module /lib/modules/socinfo.ko with args ''
03-23 01:53:27.419   148   148 I init    : Loading module /lib/modules/stm_heartbeat.ko with args ''
03-23 01:53:27.420   143   143 I init    : Loaded kernel module /lib/modules/nb7vpq904m.ko
03-23 01:53:27.420   143   143 I init    : Loading module /lib/modules/qcom_smd.ko with args ''
03-23 01:53:27.420   149   149 I goodix_fp: status = 0x0
03-23 01:53:27.420   150   150 E qmi-therm-sensors-v2 soc: qmi-ts-sensors: QMI[0x0] handle init failed. err:-517
03-23 01:53:27.420   149   149 I init    : Loaded kernel module /lib/modules/goodix_fp.ko
03-23 01:53:27.420   149   149 I init    : Loading module /lib/modules/qti_amoled_ecm.ko with args ''
03-23 01:53:27.420   144   144 I init    : Loaded kernel module /lib/modules/coresight-tpda.ko
03-23 01:53:27.420   150   150 I init    : Loaded kernel module /lib/modules/qti_qmi_sensor_v2.ko
