03-23 02:12:11.176     1     1 I usbcore : registered new interface driver usb-storage
03-23 02:12:11.176     1     1 I usbcore : registered new interface driver xpad
03-23 02:12:11.176     1     1 I gspca_main: v2.14.0 registered
03-23 02:12:11.176     1     1 I usbcore : registered new interface driver uvcvideo
03-23 02:12:11.176     1     1 I device-mapper: uevent: version 1.0.3
03-23 02:12:11.176     1     1 I device-mapper: ioctl: 4.48.0-ioctl (2023-03-01) initialised: dm-devel@redhat.com
03-23 02:12:12.594   446   446 E SELinux : avc:  denied  { add } for interface=android.hidl.base::IBase sid=u:r:recovery:s0 pid=446 scontext=u:r:recovery:s0 tcontext=u:object_r:hidl_base_hwservice:s0 tclass=hwservice_manager permissive=1
03-23 02:12:11.176     1     1 I sdhci   : Secure Digital Host Controller Interface driver
03-23 02:12:11.176     1     1 I sdhci   : Copyright(c) Pierre Ossman
03-23 02:12:11.176     1     1 I sdhci-pltfm: SDHCI platform and OF driver helper
03-23 02:12:11.177     1     1 I SMCCC   : SOC_ID: ARCH_SOC_ID not implemented, skipping ....
03-23 02:12:11.177     1     1 I hid     : raw HID events driver (C) Jiri Kosina
03-23 02:12:11.177     1     1 I usbcore : registered new interface driver usbhid
03-23 02:12:11.177     1     1 I usbhid  : USB HID core driver
03-23 02:12:11.177     1     1 I ashmem  : initialized
03-23 02:12:11.177     1     1 I         : Running under Gunyah hypervisor 51/v1
03-23 02:12:11.179     1     1 I hw perfevents: enabled with armv8_pmuv3 PMU driver, 21 counters available
03-23 02:12:12.594   446   446 E SELinux : avc:  denied  { add } for interface=android.hidl.manager::IServiceManager sid=u:r:recovery:s0 pid=446 scontext=u:r:recovery:s0 tcontext=u:object_r:hidl_manager_hwservice:s0 tclass=hwservice_manager permissive=1
03-23 02:12:11.180   104   104 I watchdog: Delayed init of the lockup detector failed: -19
03-23 02:12:12.594   446   446 I hwservicemanager: getFrameworkHalManifest: Reading VINTF information.
03-23 02:12:11.180   104   104 I watchdog: Hard watchdog permanently disabled
03-23 02:12:11.180     1     1 I gnss    : GNSS driver registered with major 506
03-23 02:12:11.181     1     1 I usbcore : registered new interface driver snd-usb-audio
03-23 02:12:11.181     1     1 I         : GACT probability NOT on
03-23 02:12:11.181     1     1 I         : Mirror/redirect action on
03-23 02:12:11.181     1     1 I netem   : version 1.3
03-23 02:12:11.181     1     1 I         : u32 classifier
03-23 02:12:11.181     1     1 I         : input device check on
03-23 02:12:11.181     1     1 I         : Actions configured
03-23 02:12:11.189     1     1 I xt_time : kernel timezone is -0000
03-23 02:12:11.189     1     1 I ipip    : IPv4 and MPLS over IPv4 tunneling driver
03-23 02:12:11.189     1     1 I gre     : GRE over IPv4 demultiplexor driver
03-23 02:12:11.189     1     1 I ip_gre  : GRE over IPv4 tunneling driver
03-23 02:12:11.189     1     1 I         : IPv4 over IPsec tunneling driver
03-23 02:12:11.189     1     1 I         : Initializing XFRM netlink socket
03-23 02:12:11.189     1     1 I         : IPsec XFRM device driver
03-23 02:12:11.189     1     1 I NET     : Registered PF_INET6 protocol family
03-23 02:12:11.190     1     1 I         : Segment Routing with IPv6
03-23 02:12:11.190     1     1 I         : In-situ OAM (IOAM) with IPv6
03-23 02:12:11.190     1     1 I mip6    : Mobile IPv6
03-23 02:12:11.191     1     1 I sit     : IPv6, IPv4 and MPLS over IPv4 tunneling driver
03-23 02:12:11.191     1     1 I ip6_gre : GRE over IPv6 tunneling driver
03-23 02:12:11.191     1     1 I NET     : Registered PF_PACKET protocol family
03-23 02:12:11.191     1     1 I NET     : Registered PF_KEY protocol family
03-23 02:12:11.191     1     1 I NET     : Registered PF_VSOCK protocol family
03-23 02:12:11.192     1     1 I         : registered taskstats version 1
03-23 02:12:11.192     1     1 I         : Loading compiled-in X.509 certificates
03-23 02:12:11.194     1     1 I         : Loaded X.509 cert 'Build time autogenerated kernel key: 03de4749933756f7531540817a0a1e7ef52f619f'
03-23 02:12:11.195     1     1 I         : page_owner is disabled
03-23 02:12:11.195     1     1 I         : Key type .fscrypt registered
03-23 02:12:11.195     1     1 I         : Key type fscrypt-provisioning registered
03-23 02:12:11.198     1     1 I clk     : Disabling unused clocks
03-23 02:12:11.198     1     1 I         : ALSA device list:
03-23 02:12:11.198     1     1 I         : No soundcards found.
03-23 02:12:11.250    86    86 I         : Freeing initrd memory: 55008K
03-23 02:12:11.251     1     1 I         : Freeing unused kernel memory: 4160K
03-23 02:12:11.251     1     1 I         : Run /init as init process
03-23 02:12:11.251     1     1 D with arguments:  
03-23 02:12:11.251     1     1 D         : /init
03-23 02:12:11.251     1     1 D with environment:  
03-23 02:12:11.251     1     1 D         : HOME=/
03-23 02:12:11.251     1     1 D         : TERM=linux
03-23 02:12:11.251     1     1 D         : page_poison=on
03-23 02:12:11.251     1     1 I ksuinit : :init[1]: Hello, KernelSU!
03-23 02:12:11.252     1     1 I ksuinit : :init[1]: KernelSU version: 0
03-23 02:12:11.252     1     1 I ksuinit : :init[1]: KernelSU version: 0
03-23 02:12:11.252     1     1 I ksuinit : :init[1]: Loading kernelsu.ko..
03-23 02:12:11.306     1     1 W kernelsu: no symbol version for module_layout
03-23 02:12:11.306     1     1 W kernelsu: loading out-of-tree module taints kernel.
03-23 02:12:11.311     1     1 E BPF     : [139430] Invalid name_offset:2532189
03-23 02:12:11.311     1     1 W         : Kernel module BTF mismatch detected, BTF debug info may be unavailable for some modules
03-23 02:12:11.311     1     1 I KernelSU: feature: feature management initialized
03-23 02:12:11.311     1     1 I KernelSU: KernelSU IOCTL Commands:
03-23 02:12:12.594   446   446 I hwservicemanager: getDeviceHalManifest: Reading VINTF information.
03-23 02:12:11.311     1     1 I KernelSU: GRANT_ROOT         = 0x00004b01
03-23 02:12:11.311     1     1 I KernelSU: GET_INFO           = 0x80004b02
03-23 02:12:11.311     1     1 I KernelSU: REPORT_EVENT       = 0x40004b03
03-23 02:12:11.311     1     1 I KernelSU: SET_SEPOLICY       = 0xc0004b04
03-23 02:12:11.311     1     1 I KernelSU: CHECK_SAFEMODE     = 0x80004b05
03-23 02:12:11.311     1     1 I KernelSU: GET_ALLOW_LIST     = 0xc0004b06
03-23 02:12:11.311     1     1 I KernelSU: GET_DENY_LIST      = 0xc0004b07
03-23 02:12:11.311     1     1 I KernelSU: UID_GRANTED_ROOT   = 0xc0004b08
03-23 02:12:11.311     1     1 I KernelSU: UID_SHOULD_UMOUNT  = 0xc0004b09
03-23 02:12:11.311     1     1 I KernelSU: GET_MANAGER_UID    = 0x80004b0a
03-23 02:12:11.311     1     1 I KernelSU: GET_APP_PROFILE    = 0xc0004b0b
03-23 02:12:11.311     1     1 I KernelSU: SET_APP_PROFILE    = 0x40004b0c
03-23 02:12:11.311     1     1 I KernelSU: GET_FEATURE        = 0xc0004b0d
03-23 02:12:11.311     1     1 I KernelSU: SET_FEATURE        = 0x40004b0e
03-23 02:12:11.311     1     1 I KernelSU: GET_WRAPPER_FD     = 0x40004b0f
03-23 02:12:11.311     1     1 I KernelSU: MANAGE_MARK        = 0xc0004b10
03-23 02:12:11.311     1     1 I KernelSU: NUKE_EXT4_SYSFS    = 0x40004b11
03-23 02:12:11.311     1     1 I KernelSU: ADD_TRY_UMOUNT     = 0x40004b12
03-23 02:12:11.311     1     1 I KernelSU: GET_HOOK_MODE      = 0x80004b13
03-23 02:12:11.311     1     1 I KernelSU: GET_VERSION_TAG    = 0x80004b14
03-23 02:12:11.313     1     1 I KernelSU: reboot kprobe registered successfully
03-23 02:12:11.313     1     1 I KernelSU: hook_manager: ksu_hook_manager_init called
03-23 02:12:11.313     1     1 I KernelSU: hook_manager: register_syscall_regfunc kretprobe: 0
03-23 02:12:11.314     1     1 I KernelSU: hook_manager: register_syscall_unregfunc kretprobe: 0
03-23 02:12:11.314     1     1 I KernelSU: hook_manager: mark process: pid:1, uid: 0, comm:init
03-23 02:12:11.314     1     1 I KernelSU: hook_manager: sys_enter tracepoint registered
03-23 02:12:11.314     1     1 I KernelSU: feature: registered handler for kernel_umount (id=1)
03-23 02:12:11.314     1     1 I KernelSU: feature: registered handler for enhanced_security (id=2)
03-23 02:12:11.314     1     1 I KernelSU: feature: registered handler for su_compat (id=0)
03-23 02:12:11.315     1     1 I KernelSU: ksud: execve_kp: 0
03-23 02:12:11.315     1     1 I KernelSU: ksud: vfs_read_kp: 0
03-23 02:12:11.316     1     1 I KernelSU: ksud: input_event_kp: 0
03-23 02:12:11.321     1     1 I ksuinit : :init[1]: init is init.real
03-23 02:12:11.321     1     1 I KernelSU: /init argc: 1
03-23 02:12:11.322     1     1 I init    : init first stage started!
03-23 02:12:11.324   126   126 I init    : Loading module /lib/modules/matrix-leds.ko with args ''
03-23 02:12:11.324   119   119 I init    : Loading module /lib/modules/usb_f_cdev.ko with args ''
03-23 02:12:11.324   124   124 I init    : Loading module /lib/modules/debug_symbol.ko with args ''
03-23 02:12:11.324   123   123 I init    : Loading module /lib/modules/qcom-cpufreq-thermal.ko with args ''
03-23 02:12:11.324   125   125 I init    : Loading module /lib/modules/cable_detect.ko with args ''
03-23 02:12:11.325   120   120 I init    : Loading module /lib/modules/qti_userspace_cdev.ko with args ''
03-23 02:12:11.325   122   122 I init    : Loading module /lib/modules/ddr_cdev.ko with args ''
03-23 02:12:11.325   121   121 I init    : Loading module /lib/modules/qcom_hwspinlock.ko with args ''
03-23 02:12:11.325   119   119 I init    : Loaded kernel module /lib/modules/usb_f_cdev.ko
03-23 02:12:11.325   126   126 I init    : Loaded kernel module /lib/modules/matrix-leds.ko
03-23 02:12:11.325   126   126 I init    : Loading module /lib/modules/drm_display_helper.ko with args ''
03-23 02:12:11.325   119   119 I init    : Loading module /lib/modules/qseecom_proxy.ko with args ''
03-23 02:12:11.325   124   124 I init    : Loaded kernel module /lib/modules/debug_symbol.ko
03-23 02:12:11.325   124   124 I init    : Loading module /lib/modules/qcom_cpuss_sleep_stats_v4.ko with args ''
03-23 02:12:11.326   119   119 I init    : Loaded kernel module /lib/modules/qseecom_proxy.ko
03-23 02:12:11.326   119   119 I init    : Loading module /lib/modules/slot_check.ko with args ''
03-23 02:12:11.326   120   120 I userspace-cdev soc: qcom,userspace-cdev: cdev:display-fps lvl:16 registered
03-23 02:12:11.326   123   123 I init    : Loaded kernel module /lib/modules/qcom-cpufreq-thermal.ko
03-23 02:12:11.326   125   125 I init    : Loaded kernel module /lib/modules/cable_detect.ko
03-23 02:12:11.326   123   123 I init    : Loading module /lib/modules/thermal_config.ko with args ''
03-23 02:12:11.326   125   125 I init    : Loading module /lib/modules/llcc-qcom.ko with args ''
03-23 02:12:11.326   126   126 I init    : Loaded kernel module /lib/modules/drm_display_helper.ko
03-23 02:12:11.326   126   126 I init    : Loading module /lib/modules/qcom_cpucp.ko with args ''
03-23 02:12:11.326   122   122 I init    : Loaded kernel module /lib/modules/ddr_cdev.ko
03-23 02:12:11.326   120   120 I init    : Loaded kernel module /lib/modules/qti_userspace_cdev.ko
03-23 02:12:11.326   122   122 I init    : Loading module /lib/modules/nothing_secure_element.ko with args ''
03-23 02:12:11.326   120   120 I init    : Loading module /lib/modules/nothing_disk_usage.ko with args ''
03-23 02:12:11.326   123   123 I init    : Loaded kernel module /lib/modules/thermal_config.ko
03-23 02:12:11.326   123   123 I init    : Loading module /lib/modules/sync_fence.ko with args ''
03-23 02:12:11.326   121   121 I init    : Loaded kernel module /lib/modules/qcom_hwspinlock.ko
03-23 02:12:11.326   121   121 I init    : Loading module /lib/modules/zsmalloc.ko with args ''
03-23 02:12:11.327   124   124 I init    : Loaded kernel module /lib/modules/qcom_cpuss_sleep_stats_v4.ko
03-23 02:12:11.327   120   120 I init    : Loaded kernel module /lib/modules/nothing_disk_usage.ko
03-23 02:12:11.327   119   119 I init    : Loaded kernel module /lib/modules/slot_check.ko
03-23 02:12:11.327   124   124 I init    : Loading module /lib/modules/gic_intr_routing.ko with args ''
03-23 02:12:11.327   120   120 I init    : Loading module /lib/modules/spmi-pmic-arb-debug.ko with args ''
03-23 02:12:11.327   119   119 I init    : Loading module /lib/modules/cpufreq_stats_scmi_v3.ko with args ''
03-23 02:12:11.327   122   122 I nothing_secure_element soc: nothing_secure_element: oem_sec_boot_addr: 221c8cf0
03-23 02:12:11.327   126   126 I init    : Loaded kernel module /lib/modules/qcom_cpucp.ko
03-23 02:12:11.327   126   126 I init    : Loading module /lib/modules/cdsprm.ko with args ''
03-23 02:12:11.327   122   122 I init    : Loaded kernel module /lib/modules/nothing_secure_element.ko
03-23 02:12:11.327   123   123 I init    : Loaded kernel module /lib/modules/sync_fence.ko
03-23 02:12:11.327   122   122 I init    : Loading module /lib/modules/qcom-ipcc.ko with args ''
03-23 02:12:11.327   123   123 I init    : Loading module /lib/modules/qcom_pil_info.ko with args ''
03-23 02:12:11.327   121   121 I init    : Loaded kernel module /lib/modules/zsmalloc.ko
03-23 02:12:11.327   121   121 I init    : Loading module /lib/modules/qcom_cpu_vendor_hooks.ko with args ''
03-23 02:12:11.328   123   123 I init    : Loaded kernel module /lib/modules/qcom_pil_info.ko
03-23 02:12:11.328   123   123 I init    : Loading module /lib/modules/msm_dma_iommu_mapping.ko with args ''
03-23 02:12:11.328   122   122 I qcom-ipcc 406000.qcom,ipcc: Clear on receive read is set from boot firmware
03-23 02:12:11.328   125   125 I init    : Loaded kernel module /lib/modules/llcc-qcom.ko
03-23 02:12:11.328    86    86 I arm-scmi soc: qcom,scmi: SCMI Notifications - Core Enabled.
03-23 02:12:11.328   120   120 I init    : Loaded kernel module /lib/modules/spmi-pmic-arb-debug.ko
03-23 02:12:11.328   125   125 I init    : Loading module /lib/modules/pinctrl-spmi-gpio.ko with args ''
03-23 02:12:11.328   120   120 I init    : Loading module /lib/modules/qcom_scmi_vendor.ko with args ''
03-23 02:12:11.328   122   122 I gic-router: qcom_gic_enable_quirks: QGIC: enabling affinity routing for Virtual GIC
03-23 02:12:11.329    86    86 I arm-scmi soc: qcom,scmi: SCMI Protocol v2.0 'Qualcomm:' Firmware version 0x20000
03-23 02:12:11.329   121   121 I init    : Loaded kernel module /lib/modules/qcom_cpu_vendor_hooks.ko
03-23 02:12:11.329   121   121 I init    : Loading module /lib/modules/rtc-pm8xxx.ko with args ''
03-23 02:12:11.329   123   123 I init    : Loaded kernel module /lib/modules/msm_dma_iommu_mapping.ko
03-23 02:12:11.329   123   123 I init    : Loading module /lib/modules/msm_ext_display.ko with args ''
03-23 02:12:11.329   126   126 I cdsprm  : Init successful
03-23 02:12:11.329   119   119 I init    : Loaded kernel module /lib/modules/cpufreq_stats_scmi_v3.ko
03-23 02:12:11.329   126   126 I init    : Loaded kernel module /lib/modules/cdsprm.ko
03-23 02:12:11.329   126   126 I init    : Loading module /lib/modules/cpu_hotplug.ko with args ''
03-23 02:12:11.329   119   119 I init    : Loading module /lib/modules/qcom-reboot-reason.ko with args ''
03-23 02:12:11.329   120   120 I init    : Loaded kernel module /lib/modules/qcom_scmi_vendor.ko
03-23 02:12:11.329   120   120 I init    : Loading module /lib/modules/cmd-db.ko with args ''
03-23 02:12:11.330   124   124 I gic-router: gic_intr_routing_probe: GIC Interrupt Routing Driver Registered
03-23 02:12:11.330   122   122 I init    : Loaded kernel module /lib/modules/qcom-ipcc.ko
03-23 02:12:11.330   122   122 I init    : Loading module /lib/modules/qcom-cpufreq-hw.ko with args ''
03-23 02:12:11.330   124   124 I init    : Loaded kernel module /lib/modules/gic_intr_routing.ko
03-23 02:12:11.330   124   124 I init    : Loading module /lib/modules/cqhci.ko with args ''
03-23 02:12:11.331   120   120 I init    : Loaded kernel module /lib/modules/cmd-db.ko
03-23 02:12:11.331   121   121 I init    : Loaded kernel module /lib/modules/rtc-pm8xxx.ko
03-23 02:12:11.331   120   120 I init    : Loading module /lib/modules/gh_dbl.ko with args ''
03-23 02:12:11.331   119   119 I init    : Loaded kernel module /lib/modules/qcom-reboot-reason.ko
03-23 02:12:11.331   124   124 I init    : Loaded kernel module /lib/modules/cqhci.ko
03-23 02:12:11.331   119   119 I init    : Loading module /lib/modules/gh_msgq.ko with args ''
03-23 02:12:11.331   126   126 I init    : Loaded kernel module /lib/modules/cpu_hotplug.ko
03-23 02:12:11.331   124   124 I init    : Loading module /lib/modules/nothing_check_parts.ko with args ''
03-23 02:12:11.331   126   126 I init    : Loading module /lib/modules/cpu_phys_log_map.ko with args ''
03-23 02:12:11.331   123   123 I init    : Loaded kernel module /lib/modules/msm_ext_display.ko
03-23 02:12:11.331   123   123 I init    : Loading module /lib/modules/phy-qcom-ufs.ko with args ''
03-23 02:12:11.331   122   122 I init    : Loaded kernel module /lib/modules/qcom-cpufreq-hw.ko
03-23 02:12:11.331   122   122 I init    : Loading module /lib/modules/gh_ctrl.ko with args ''
03-23 02:12:11.332   120   120 I init    : Loaded kernel module /lib/modules/gh_dbl.ko
03-23 02:12:11.332   120   120 I init    : Loading module /lib/modules/nothing_task_io.ko with args ''
03-23 02:12:11.332   125   125 I init    : Loaded kernel module /lib/modules/pinctrl-spmi-gpio.ko
03-23 02:12:11.332   125   125 I init    : Loading module /lib/modules/lt9611uxc.ko with args ''
03-23 02:12:11.332   126   126 I init    : Loaded kernel module /lib/modules/cpu_phys_log_map.ko
03-23 02:12:11.332   126   126 I init    : Loading module /lib/modules/qti_cpufreq_cdev.ko with args ''
03-23 02:12:11.332   119   119 I init    : Loaded kernel module /lib/modules/gh_msgq.ko
03-23 02:12:11.332   119   119 I init    : Loading module /lib/modules/hwmon.ko with args ''
03-23 02:12:11.332   124   124 I         : [nt_partition_info] nt_check_parts_init done
03-23 02:12:11.332   124   124 I init    : Loaded kernel module /lib/modules/nothing_check_parts.ko
03-23 02:12:11.332   124   124 I init    : Loading module /lib/modules/icc-debug.ko with args ''
03-23 02:12:11.333   122   122 I init    : Loaded kernel module /lib/modules/gh_ctrl.ko
03-23 02:12:11.333   123   123 I init    : Loaded kernel module /lib/modules/phy-qcom-ufs.ko
03-23 02:12:11.333   122   122 I init    : Loading module /lib/modules/nothing_writeback_kmsg.ko with args ''
03-23 02:12:11.333   123   123 I init    : Loading module /lib/modules/nothing_error_report.ko with args ''
03-23 02:12:11.333   120   120 I         : [nt_task] nt_task_exit_event_init init done,ret:0,msg_buffer:000000000cffd9be,fifo_size:32768(192)
03-23 02:12:11.333   120   120 I         : [nt_task] IO Monitor Module Loaded
03-23 02:12:11.333   120   120 I init    : Loaded kernel module /lib/modules/nothing_task_io.ko
03-23 02:12:11.333   120   120 I init    : Loading module /lib/modules/nothing_virtual_ntc.ko with args ''
03-23 02:12:11.333   121   121 I init    : Loading module /lib/modules/pm8941-pwrkey.ko with args ''
03-23 02:12:11.334   123   123 I         : [nt_error_report] The module initialized
03-23 02:12:11.334   123   123 I         : [nt_error_report] The module initialized
03-23 02:12:11.334   123   123 I init    : Loaded kernel module /lib/modules/nothing_error_report.ko
03-23 02:12:11.334   124   124 I init    : Loaded kernel module /lib/modules/icc-debug.ko
03-23 02:12:11.334   125   125 I init    : Loaded kernel module /lib/modules/lt9611uxc.ko
03-23 02:12:11.334   123   123 I init    : Loading module /lib/modules/ntfs3.ko with args ''
03-23 02:12:11.334   120   120 W         : Init virtual_temp dev
03-23 02:12:11.334   119   119 I init    : Loaded kernel module /lib/modules/hwmon.ko
03-23 02:12:11.334   122   122 I         : [NT_reserve_kernel_log] kthread init done
03-23 02:12:11.334   119   119 I init    : Loading module /lib/modules/debug-regulator.ko with args ''
03-23 02:12:11.334   138   138 E         : [NT_reserve_kernel_log] Get partition failed, retry count 200
03-23 02:12:11.334   124   124 I init    : Loading module /lib/modules/nvmem_qcom-spmi-sdam.ko with args ''
03-23 02:12:11.334   122   122 I init    : Loaded kernel module /lib/modules/nothing_writeback_kmsg.ko
03-23 02:12:11.334   122   122 I init    : Loading module /lib/modules/msm_show_resume_irq.ko with args ''
03-23 02:12:11.334   120   120 W         : ------------[ cut here ]------------
03-23 02:12:11.334   125   125 I init    : Loading module /lib/modules/sg.ko with args ''
03-23 02:12:11.334   120   120 W         : WARNING: CPU: 2 PID: 120 at kernel/tracepoint.c:340 tracepoint_add_func+0x258/0x404
03-23 02:12:11.334   120   120 W         : Modules linked in: pm8941_pwrkey nothing_virtual_ntc(+) nothing_error_report nothing_writeback_kmsg icc_debug hwmon lt9611uxc qti_cpufreq_cdev(+) nothing_task_io gh_ctrl phy_qcom_ufs nothing_check_parts cpu_phys_log_map gh_msgq gh_dbl cqhci qcom_cpufreq_hw msm_ext_display(O) cmd_db qcom_reboot_reason cpu_hotplug rtc_pm8xxx pinctrl_spmi_gpio qcom_scmi_vendor msm_dma_iommu_mapping qcom_cpu_vendor_hooks cdsprm qcom_ipcc qcom_pil_info cpufreq_stats_scmi_v3 gic_intr_routing spmi_pmic_arb_debug zsmalloc sync_fence(O) nothing_secure_element nothing_disk_usage qcom_cpucp llcc_qcom thermal_config slot_check drm_display_helper qcom_cpuss_sleep_stats_v4 qseecom_proxy qcom_hwspinlock ddr_cdev qti_userspace_cdev usb_f_cdev debug_symbol cable_detect qcom_cpufreq_thermal matrix_leds kernelsu(O)
03-23 02:12:11.334   120   120 W         : CPU: 2 PID: 120 Comm: init Tainted: G           O       6.6.87-android15-8-gc2569c3b141c-ab13768703-4k #1 dfd556f3bb459a53eb2d5a0806c1aa04e65d7fc0
03-23 02:12:11.334   120   120 W Hardware name: Qualcomm Technologies, Inc. Tuna QRD (DT)
03-23 02:12:11.334   120   120 W pstate  : 83400005 (Nzcv daif +PAN -UAO +TCO +DIT -SSBS BTYPE=--)
03-23 02:12:11.334   120   120 W pc      : tracepoint_add_func+0x258/0x404
03-23 02:12:11.334   120   120 W lr      : tracepoint_probe_register+0x60/0xa4
03-23 02:12:11.334   120   120 W sp      : ffffffc08079b610
03-23 02:12:11.334   120   120 W         : x29: ffffffc08079b610 x28: 0000000000000000 x27: ffffffc08079bd30
03-23 02:12:11.334   120   120 W         : x26: 0000000000000001 x25: ffffff80219c4a50 x24: 000000000000000a
03-23 02:12:11.334   120   120 W         : x23: ffffffc08079b660 x22: ffffffe7fbd76970 x21: ffffffe7fbe91110
03-23 02:12:11.334   120   120 W         : x20: 0000000000000001 x19: ffffffe7fbe91110 x18: ffffffe7fbcdc5c0
03-23 02:12:11.334   120   120 W         : x17: 0000000000000000 x16: 0000000000000000 x15: 0000000000000000
03-23 02:12:11.334   120   120 W         : x14: 0000000000000000 x13: 0000000000000000 x12: 0000000000000018
03-23 02:12:11.334   120   120 W         : x11: ffffffe7f9ddef5c x10: 0000000000000001 x9 : 0000000000000000
03-23 02:12:11.334   120   120 W         : x8 : ffffffe7f68ed9dc x7 : 0000000000000000 x6 : 0000000000000000
03-23 02:12:11.334   120   120 W         : x5 : ffffffc08079b4a0 x4 : 0000000000000000 x3 : 0000000000000001
03-23 02:12:11.334   120   120 W         : x2 : 000000000000000a x1 : ffffffc08079b660 x0 : ffffffffffffffef
03-23 02:12:11.334   120   120 W Call trace:  
03-23 02:12:11.334   120   120 W         : tracepoint_add_func+0x258/0x404
03-23 02:12:11.334   120   120 W         : tracepoint_probe_register+0x60/0xa4
03-23 02:12:11.334   120   120 W         : virtual_temp_probe+0x1d8/0x2d8 [nothing_virtual_ntc 031abf80d77d40efd3b309247ecb4a0258c810a5]
03-23 02:12:11.334   120   120 W         : platform_probe+0xc0/0xec
03-23 02:12:11.334   120   120 W         : really_probe+0x190/0x374
03-23 02:12:11.334   120   120 W         : __driver_probe_device+0xa0/0x12c
03-23 02:12:11.334   120   120 W         : driver_probe_device+0x3c/0x218
03-23 02:12:11.334   120   120 W         : __driver_attach+0x110/0x1ec
03-23 02:12:11.334   120   120 W         : bus_for_each_dev+0x104/0x160
03-23 02:12:11.334   120   120 W         : driver_attach+0x24/0x34
03-23 02:12:11.334   120   120 W         : bus_add_driver+0x154/0x270
03-23 02:12:11.334   120   120 W         : driver_register+0x68/0x104
03-23 02:12:11.334   120   120 W         : __platform_driver_register+0x24/0x34
03-23 02:12:11.334   120   120 W         : init_module+0x9c/0xfb4 [nothing_virtual_ntc 031abf80d77d40efd3b309247ecb4a0258c810a5]
03-23 02:12:11.334   120   120 W         : do_one_initcall+0xdc/0x360
03-23 02:12:11.334   120   120 W         : do_init_module+0x58/0x23c
03-23 02:12:11.334   120   120 W         : load_module+0xffc/0x1130
03-23 02:12:11.334   120   120 W         : __arm64_sys_finit_module+0x260/0x300
03-23 02:12:11.334   120   120 W         : invoke_syscall+0x58/0x114
03-23 02:12:11.334   120   120 W         : el0_svc_common+0x80/0xe0
03-23 02:12:11.334   120   120 W         : do_el0_svc+0x1c/0x28
03-23 02:12:11.334   120   120 W         : el0_svc+0x38/0x68
03-23 02:12:11.334   120   120 W         : el0t_64_sync_handler+0x68/0xbc
03-23 02:12:11.334   120   120 W         : el0t_64_sync+0x1a8/0x1ac
03-23 02:12:11.334   120   120 W         : ---[ end trace 0000000000000000 ]---
03-23 02:12:11.334   126   126 I init    : Loaded kernel module /lib/modules/qti_cpufreq_cdev.ko
03-23 02:12:11.334   120   120 I init    : Loaded kernel module /lib/modules/nothing_virtual_ntc.ko
03-23 02:12:11.334   126   126 I init    : Loading module /lib/modules/clk-scmi.ko with args ''
03-23 02:12:11.334   120   120 I init    : Loading module /lib/modules/drm_dp_aux_bus.ko with args ''
03-23 02:12:11.335   119   119 I init    : Loaded kernel module /lib/modules/debug-regulator.ko
03-23 02:12:11.335   119   119 I init    : Loading module /lib/modules/qti_thermal_vendor_hooks.ko with args ''
03-23 02:12:11.335   121   121 I init    : Loaded kernel module /lib/modules/pm8941-pwrkey.ko
03-23 02:12:11.335   121   121 I init    : Loading module /lib/modules/iommu-logger.ko with args ''
03-23 02:12:11.335   124   124 I init    : Loaded kernel module /lib/modules/nvmem_qcom-spmi-sdam.ko
03-23 02:12:11.335   124   124 I init    : Loading module /lib/modules/ois_regulator.ko with args ''
03-23 02:12:11.335   125   125 I init    : Loaded kernel module /lib/modules/sg.ko
03-23 02:12:11.335   122   122 I init    : Loaded kernel module /lib/modules/msm_show_resume_irq.ko
03-23 02:12:11.335   125   125 I init    : Loading module /lib/modules/msm_show_epoch.ko with args ''
03-23 02:12:11.335   122   122 I init    : Loading module /lib/modules/pcie-pdc.ko with args ''
03-23 02:12:11.336   121   121 I init    : Loaded kernel module /lib/modules/iommu-logger.ko
03-23 02:12:11.336   121   121 I init    : Loading module /lib/modules/qnoc-qos.ko with args ''
03-23 02:12:11.336   123   123 I ntfs3   : Read-only LZX/Xpress compression included
03-23 02:12:11.336   120   120 I init    : Loaded kernel module /lib/modules/drm_dp_aux_bus.ko
03-23 02:12:11.336   119   119 I init    : Loaded kernel module /lib/modules/qti_thermal_vendor_hooks.ko
03-23 02:12:11.336   120   120 I init    : Loading module /lib/modules/mpam_msc.ko with args ''
03-23 02:12:11.336   123   123 I init    : Loaded kernel module /lib/modules/ntfs3.ko
03-23 02:12:11.336   119   119 I init    : Loading module /lib/modules/smp2p_sleepstate.ko with args ''
03-23 02:12:11.336   124   124 I init    : Loaded kernel module /lib/modules/ois_regulator.ko
03-23 02:12:11.336   123   123 I init    : Loading module /lib/modules/boot_stats.ko with args ''
03-23 02:12:11.336   124   124 I init    : Loading module /lib/modules/qcom_ramdump.ko with args ''
03-23 02:12:11.337   121   121 I init    : Loaded kernel module /lib/modules/qnoc-qos.ko
03-23 02:12:11.337   121   121 I init    : Loading module /lib/modules/qcom_dynamic_ramoops.ko with args ''
03-23 02:12:11.337   125   125 I init    : Loaded kernel module /lib/modules/msm_show_epoch.ko
03-23 02:12:11.337   125   125 I init    : Loading module /lib/modules/hung_task_enh.ko with args ''
03-23 02:12:11.337   124   124 I init    : Loaded kernel module /lib/modules/qcom_ramdump.ko
03-23 02:12:11.337   125   125 I init    : Loaded kernel module /lib/modules/hung_task_enh.ko
03-23 02:12:11.337   124   124 I init    : Loading module /lib/modules/spmi-pmic-arb.ko with args ''
03-23 02:12:11.337   125   125 I init    : Loading module /lib/modules/tmecom-intf.ko with args ''
03-23 02:12:11.338   123   123 I KPI     : Bootloader start count = 80341
03-23 02:12:11.338   123   123 I KPI     : Bootloader end count = 428363
03-23 02:12:11.338   123   123 I KPI     : Bootloader load kernel count = 826
03-23 02:12:11.338   123   123 I KPI     : Kernel MPM timestamp = 452859
03-23 02:12:11.338   123   123 I KPI     : Kernel MPM Clock frequency = 32768
03-23 02:12:11.338   121   121 I printk  : console [ramoops-1] enabled
03-23 02:12:11.338   123   123 I init    : Loaded kernel module /lib/modules/boot_stats.ko
03-23 02:12:11.338   122   122 I init    : Loaded kernel module /lib/modules/pcie-pdc.ko
03-23 02:12:11.338   119   119 I init    : Loaded kernel module /lib/modules/smp2p_sleepstate.ko
03-23 02:12:11.338   123   123 I init    : Loading module /lib/modules/pinctrl-spmi-mpp.ko with args ''
03-23 02:12:11.338   122   122 I init    : Loading module /lib/modules/mem-hooks.ko with args ''
03-23 02:12:11.338   119   119 I init    : Loading module /lib/modules/qfprom-sys.ko with args ''
03-23 02:12:11.338   120   120 I init    : Loaded kernel module /lib/modules/mpam_msc.ko
03-23 02:12:11.338   120   120 I init    : Loading module /lib/modules/nothing_rdump.ko with args ''
03-23 02:12:11.338   125   125 I init    : Loaded kernel module /lib/modules/tmecom-intf.ko
03-23 02:12:11.338   122   122 I init    : Loaded kernel module /lib/modules/mem-hooks.ko
03-23 02:12:11.338   125   125 I init    : Loading module /lib/modules/touchpanel_event_notify.ko with args ''
03-23 02:12:11.338   122   122 I init    : Loading module /lib/modules/nt_display_notifier.ko with args ''
03-23 02:12:11.338   121   121 I pstore  : Registered ramoops as persistent store backend
03-23 02:12:11.338   121   121 I ramoops : using 0x400000@0xaffbff000, ecc: 0
03-23 02:12:11.339   119   119 I init    : Loaded kernel module /lib/modules/qfprom-sys.ko
03-23 02:12:11.339   123   123 I init    : Loaded kernel module /lib/modules/pinctrl-spmi-mpp.ko
03-23 02:12:11.339   121   121 I init    : Loaded kernel module /lib/modules/qcom_dynamic_ramoops.ko
03-23 02:12:11.339   123   123 I init    : Loading module /lib/modules/wl28681-regulator.ko with args ''
03-23 02:12:11.339   119   119 I init    : Loading module /lib/modules/proxy-consumer.ko with args ''
03-23 02:12:11.339   125   125 I init    : Loaded kernel module /lib/modules/touchpanel_event_notify.ko
03-23 02:12:11.339   120   120 I init    : Loaded kernel module /lib/modules/nothing_rdump.ko
03-23 02:12:11.339   121   121 I init    : Loading module /lib/modules/hardware_id.ko with args ''
03-23 02:12:11.339   125   125 I init    : Loading module /lib/modules/secure_state.ko with args 'is_secure_fuse=1'
03-23 02:12:11.339   120   120 I init    : Loading module /lib/modules/nothing_performance.ko with args ''
03-23 02:12:11.339   124   124 I init    : Loaded kernel module /lib/modules/spmi-pmic-arb.ko
03-23 02:12:11.339   124   124 I init    : Loading module /lib/modules/rpmb_state.ko with args 'is_secure_rpmb=1'
03-23 02:12:11.339   126   126 I init    : Loaded kernel module /lib/modules/clk-scmi.ko
03-23 02:12:11.339   126   126 I init    : Loading module /lib/modules/qti-regmap-debugfs.ko with args ''
03-23 02:12:11.339   123   123 I init    : Loaded kernel module /lib/modules/wl28681-regulator.ko
03-23 02:12:11.339   123   123 I init    : Loading module /lib/modules/phy-qcom-emu.ko with args ''
03-23 02:12:11.340   126   126 I init    : Loaded kernel module /lib/modules/qti-regmap-debugfs.ko
03-23 02:12:11.340   126   126 I init    : Loading module /lib/modules/snd-soc-hdmi-codec.ko with args ''
03-23 02:12:11.341   120   120 I nt_performance: Module init
03-23 02:12:11.341   124   124 I init    : Loaded kernel module /lib/modules/rpmb_state.ko
03-23 02:12:11.341   119   119 I init    : Loaded kernel module /lib/modules/proxy-consumer.ko
03-23 02:12:11.341   124   124 I init    : Loading module /lib/modules/phy-generic.ko with args ''
03-23 02:12:11.341   119   119 I init    : Loading module /lib/modules/phy-msm-ssusb-qmp.ko with args ''
03-23 02:12:11.341   125   125 I init    : Loaded kernel module /lib/modules/secure_state.ko
03-23 02:12:11.341   125   125 I init    : Loading module /lib/modules/nothing_bootloader_log.ko with args ''
03-23 02:12:11.341   120   120 I nt_named_thread_affinity: Module init
03-23 02:12:11.341   120   120 I nt_named_thread_affinity: Module init successfully
03-23 02:12:11.341   123   123 I init    : Loaded kernel module /lib/modules/phy-qcom-emu.ko
03-23 02:12:11.341   121   121 I init    : Loaded kernel module /lib/modules/hardware_id.ko
03-23 02:12:11.341   120   120 I init    : Loaded kernel module /lib/modules/nothing_performance.ko
03-23 02:12:11.341   123   123 I init    : Loading module /lib/modules/xhci-sideband.ko with args ''
03-23 02:12:11.341   120   120 I init    : Loading module /lib/modules/qcom-spmi-temp-alarm.ko with args ''
03-23 02:12:11.341   121   121 I init    : Loading module /lib/modules/usb_f_ccid.ko with args ''
03-23 02:12:11.342   124   124 W usb_phy_generic soc: usb_nop_phy: dummy supplies not allowed for exclusive requests
03-23 02:12:11.342   126   126 I init    : Loaded kernel module /lib/modules/snd-soc-hdmi-codec.ko
03-23 02:12:11.342   124   124 I init    : Loaded kernel module /lib/modules/phy-generic.ko
03-23 02:12:11.342   124   124 I init    : Loading module /lib/modules/redriver.ko with args ''
03-23 02:12:11.342   126   126 I init    : Loading module /lib/modules/repeater.ko with args ''
03-23 02:12:11.342   125   125 W bootloader_logger_init: Hello. NOTHING_BOOTLODER_LOG !
03-23 02:12:11.342   122   122 I init    : Loaded kernel module /lib/modules/nt_display_notifier.ko
03-23 02:12:11.342   121   121 I init    : Loaded kernel module /lib/modules/usb_f_ccid.ko
03-23 02:12:11.342   122   122 I init    : Loading module /lib/modules/aw_press.ko with args ''
03-23 02:12:11.342   121   121 I init    : Loading module /lib/modules/governor_gpubw_mon.ko with args ''
03-23 02:12:11.342   126   126 I init    : Loaded kernel module /lib/modules/repeater.ko
03-23 02:12:11.342   125   125 W [bootloader_logger_probe]: Enterd
03-23 02:12:11.342   124   124 I init    : Loaded kernel module /lib/modules/redriver.ko
03-23 02:12:11.342   125   125 E [bootloader_logger_probe]: Cannot get log,offset_size resource, directly use memory-region
03-23 02:12:11.343   120   120 I init    : Loaded kernel module /lib/modules/qcom-spmi-temp-alarm.ko
03-23 02:12:11.343   124   124 I init    : Loading module /lib/modules/reboot-mode.ko with args ''
03-23 02:12:11.343   120   120 I init    : Loading module /lib/modules/bcl_soc.ko with args ''
03-23 02:12:11.343   119   119 I init    : Loaded kernel module /lib/modules/phy-msm-ssusb-qmp.ko
03-23 02:12:11.343   126   126 I init    : Loading module /lib/modules/qti_devfreq_cdev.ko with args ''
03-23 02:12:11.343   119   119 I init    : Loading module /lib/modules/max31760_fan.ko with args ''
03-23 02:12:11.343   125   125 W [bootloader_logger_probe]: End
03-23 02:12:11.343   125   125 I init    : Loaded kernel module /lib/modules/nothing_bootloader_log.ko
03-23 02:12:11.343   125   125 I init    : Loading module /lib/modules/gpu_dump_skip_cdev.ko with args ''
03-23 02:12:11.343   123   123 I init    : Loaded kernel module /lib/modules/xhci-sideband.ko
03-23 02:12:12.596   446   446 I hwservicemanager: getDeviceHalManifest: Successfully processed VINTF information
03-23 02:12:12.596   446   446 I hwservicemanager: getFrameworkHalManifest: Successfully processed VINTF information
03-23 02:12:11.343   123   123 I init    : Loading module /lib/modules/qcom_edac.ko with args ''
03-23 02:12:11.343   121   121 I init    : Loaded kernel module /lib/modules/governor_gpubw_mon.ko
03-23 02:12:11.343   121   121 I init    : Loading module /lib/modules/qcom-cpufreq-hw-debug.ko with args ''
03-23 02:12:11.343   120   120 I init    : Loaded kernel module /lib/modules/bcl_soc.ko
03-23 02:12:11.343   119   119 I init    : Loaded kernel module /lib/modules/max31760_fan.ko
03-23 02:12:11.343   124   124 I init    : Loaded kernel module /lib/modules/reboot-mode.ko
03-23 02:12:11.343   120   120 I init    : Loading module /lib/modules/leds-qcom-flash.ko with args ''
03-23 02:12:11.343   119   119 I init    : Loading module /lib/modules/leds-qcom-lpg.ko with args ''
03-23 02:12:11.343   124   124 I init    : Loading module /lib/modules/nothing_value_check.ko with args ''
03-23 02:12:11.343   125   125 I init    : Loaded kernel module /lib/modules/gpu_dump_skip_cdev.ko
03-23 02:12:11.343   122   122 I         : aw9380x driver version v0.5.1
03-23 02:12:11.344   125   125 I init    : Loading module /lib/modules/leds-qpnp-vibrator-ldo.ko with args ''
03-23 02:12:11.344   122   122 I init    : Loaded kernel module /lib/modules/aw_press.ko
03-23 02:12:11.344   126   126 I init    : Loaded kernel module /lib/modules/qti_devfreq_cdev.ko
03-23 02:12:11.344   122   122 I init    : Loading module /lib/modules/qcom-rng.ko with args ''
03-23 02:12:11.344   126   126 I init    : Loading module /lib/modules/smem.ko with args ''
03-23 02:12:11.344   121   121 I init    : Loaded kernel module /lib/modules/qcom-cpufreq-hw-debug.ko
03-23 02:12:11.344   121   121 I init    : Loading module /lib/modules/nvmem_qfprom.ko with args ''
03-23 02:12:11.345   124   124 I init    : Loaded kernel module /lib/modules/nothing_value_check.ko
03-23 02:12:11.345   124   124 I init    : Loading module /lib/modules/qcom-vadc-common.ko with args ''
03-23 02:12:11.345   119   119 I init    : Loaded kernel module /lib/modules/leds-qcom-lpg.ko
03-23 02:12:11.345   125   125 I init    : Loaded kernel module /lib/modules/leds-qpnp-vibrator-ldo.ko
03-23 02:12:12.596   446   446 E SELinux : avc:  denied  { add } for interface=android.hidl.token::ITokenManager sid=u:r:recovery:s0 pid=446 scontext=u:r:recovery:s0 tcontext=u:object_r:hidl_token_hwservice:s0 tclass=hwservice_manager permissive=1
03-23 02:12:11.345   119   119 I init    : Loading module /lib/modules/nothing_task_meminfo.ko with args ''
03-23 02:12:11.345   120   120 I init    : Loaded kernel module /lib/modules/leds-qcom-flash.ko
03-23 02:12:11.345   125   125 I init    : Loading module /lib/modules/qmi_helpers.ko with args ''
03-23 02:12:11.345   120   120 I init    : Loading module /lib/modules/nothing_task_info.ko with args ''
03-23 02:12:11.345   122   122 I init    : Loaded kernel module /lib/modules/qcom-rng.ko
03-23 02:12:11.345   124   124 I init    : Loaded kernel module /lib/modules/qcom-vadc-common.ko
03-23 02:12:11.345   122   122 I init    : Loading module /lib/modules/nothing_restart_handler.ko with args ''
03-23 02:12:11.345   124   124 I init    : Loading module /lib/modules/slimbus.ko with args ''
03-23 02:12:11.345   126   126 I init    : Loaded kernel module /lib/modules/smem.ko
03-23 02:12:11.345   119   119 I init    : Loaded kernel module /lib/modules/nothing_task_meminfo.ko
03-23 02:12:11.345   119   119 I init    : Loading module /lib/modules/coresight.ko with args ''
03-23 02:12:11.345   126   126 I init    : Loading module /lib/modules/qcom_scmi_client.ko with args ''
03-23 02:12:11.345   125   125 I init    : Loaded kernel module /lib/modules/qmi_helpers.ko
03-23 02:12:11.345   120   120 I init    : Loaded kernel module /lib/modules/nothing_task_info.ko
03-23 02:12:11.345   125   125 I init    : Loading module /lib/modules/stm_core.ko with args ''
03-23 02:12:11.345   120   120 I init    : Loading module /lib/modules/panel_event_notifier.ko with args ''
03-23 02:12:11.346   122   122 W         : nothing_restart_info_driver_init
03-23 02:12:11.346   121   121 I init    : Loaded kernel module /lib/modules/nvmem_qfprom.ko
03-23 02:12:11.346   121   121 I init    : Loading module /lib/modules/gh_arm_drv.ko with args ''
03-23 02:12:11.346   122   122 E set_restart_msg: Unknown
03-23 02:12:11.346   122   122 I         : nothing_restart_info_probe OK
03-23 02:12:11.346   124   124 I init    : Loaded kernel module /lib/modules/slimbus.ko
03-23 02:12:11.346   124   124 I init    : Loading module /lib/modules/ipclite.ko with args ''
03-23 02:12:11.346   119   119 I cs_system_cfg: CoreSight Configuration manager initialised
03-23 02:12:11.346   119   119 I init    : Loaded kernel module /lib/modules/coresight.ko
03-23 02:12:11.346   122   122 I init    : Loaded kernel module /lib/modules/nothing_restart_handler.ko
03-23 02:12:11.346   126   126 I init    : Loaded kernel module /lib/modules/qcom_scmi_client.ko
03-23 02:12:11.347   125   125 I init    : Loaded kernel module /lib/modules/stm_core.ko
03-23 02:12:11.347   121   121 I init    : Loaded kernel module /lib/modules/gh_arm_drv.ko
03-23 02:12:11.347   124   124 I ipclite : ipclite_init_v0: APSS:info:IPCLite Version : 1.0 Feature Mask : 0x3
03-23 02:12:11.347   124   124 I ipclite : ipclite_init_v0: APSS:info:IPCLite Probe Completed Successfully
03-23 02:12:11.347   120   120 I init    : Loaded kernel module /lib/modules/panel_event_notifier.ko
03-23 02:12:11.347   124   124 I init    : Loaded kernel module /lib/modules/ipclite.ko
03-23 02:12:11.348   123   123 I EDAC DEVICE0: Giving out device to module qcom_llcc_edac controller llcc: DEV qcom_llcc_edac (INTERRUPT)
03-23 02:12:11.348   123   123 I init    : Loaded kernel module /lib/modules/qcom_edac.ko
03-23 02:12:11.349   141   141 I init    : Loading module /lib/modules/stm_ftrace.ko with args ''
03-23 02:12:11.349   142   142 I init    : Loading module /lib/modules/gdsc-regulator.ko with args ''
03-23 02:12:11.349   143   143 I init    : Loading module /lib/modules/phy-qcom-ufs-qmp-v4-niobe.ko with args ''
03-23 02:12:11.349   144   144 I init    : Loading module /lib/modules/qti_dmof_scmi.ko with args ''
03-23 02:12:11.350   146   146 I init    : Loading module /lib/modules/phy-qcom-ufs-qrbtc-sdm845.ko with args ''
03-23 02:12:11.350   147   147 I init    : Loading module /lib/modules/heap_mem_ext_v01.ko with args ''
03-23 02:12:12.596   446   446 I hwservicemanager: hwservicemanager is ready now.
03-23 02:12:11.350   148   148 I init    : Loading module /lib/modules/zram.ko with args ''
03-23 02:12:11.350   145   145 I init    : Loading module /lib/modules/coresight-cti.ko with args ''
03-23 02:12:11.350   141   141 I init    : Loaded kernel module /lib/modules/stm_ftrace.ko
03-23 02:12:11.350   141   141 I init    : Loading module /lib/modules/qcom-spmi-pmic.ko with args ''
03-23 02:12:11.350   142   142 I init    : Loaded kernel module /lib/modules/gdsc-regulator.ko
03-23 02:12:11.350   143   143 I init    : Loaded kernel module /lib/modules/phy-qcom-ufs-qmp-v4-niobe.ko
03-23 02:12:11.350   142   142 I init    : Loading module /lib/modules/phy-qcom-ufs-qmp-v4-sun.ko with args ''
03-23 02:12:11.350   143   143 I init    : Loading module /lib/modules/cpucp_log.ko with args ''
03-23 02:12:11.350   147   147 I init    : Loaded kernel module /lib/modules/heap_mem_ext_v01.ko
03-23 02:12:11.351   141   141 I init    : Loaded kernel module /lib/modules/qcom-spmi-pmic.ko
03-23 02:12:11.351   141   141 I init    : Loading module /lib/modules/coresight-qmi.ko with args ''
03-23 02:12:11.351   147   147 I init    : Loading module /lib/modules/stm_p_ost.ko with args ''
03-23 02:12:12.596   445   445 E cutils-trace: Error opening trace file: No such file or directory (2)
03-23 02:12:11.351   148   148 I zram    : Added device: zram0
03-23 02:12:11.351   146   146 I init    : Loaded kernel module /lib/modules/phy-qcom-ufs-qrbtc-sdm845.ko
03-23 02:12:11.351   145   145 I init    : Loaded kernel module /lib/modules/coresight-cti.ko
03-23 02:12:11.351   144   144 I init    : Loaded kernel module /lib/modules/qti_dmof_scmi.ko
03-23 02:12:11.351   146   146 I init    : Loading module /lib/modules/qcom_llcc_pmu.ko with args ''
03-23 02:12:11.351   145   145 I init    : Loading module /lib/modules/llcc_heuristics.ko with args ''
03-23 02:12:11.351   144   144 I init    : Loading module /lib/modules/cpufreq_stats_scmi_v2.ko with args ''
03-23 02:12:11.351   148   148 I init    : Loaded kernel module /lib/modules/zram.ko
03-23 02:12:11.351   148   148 I init    : Loading module /lib/modules/stub-regulator.ko with args ''
03-23 02:12:11.351   141   141 E coresight-qmi soc: turing-qmi: qmi client init failed ret:-517
03-23 02:12:11.351   141   141 E coresight-qmi soc: wpss-qmi: qmi client init failed ret:-517
03-23 02:12:11.351   141   141 E coresight-qmi soc: audio-qmi: qmi client init failed ret:-517
03-23 02:12:11.351   147   147 I init    : Loaded kernel module /lib/modules/stm_p_ost.ko
03-23 02:12:11.351   141   141 E coresight-qmi soc: modem0-qmi: qmi client init failed ret:-517
03-23 02:12:11.351   141   141 E coresight-qmi soc: modem2-qmi: qmi client init failed ret:-517
03-23 02:12:11.351   147   147 I init    : Loading module /lib/modules/qcom-amoled-regulator.ko with args ''
03-23 02:12:11.351   143   143 E cpucp-log 81200000.qcom,cpucp_log: Invalid log type:3, ret:-22
03-23 02:12:11.351   142   142 I init    : Loaded kernel module /lib/modules/phy-qcom-ufs-qmp-v4-sun.ko
03-23 02:12:11.351   141   141 I init    : Loaded kernel module /lib/modules/coresight-qmi.ko
03-23 02:12:11.351   141   141 I init    : Loading module /lib/modules/repeater-qti-pmic-eusb2.ko with args ''
03-23 02:12:11.351   142   142 I init    : Loading module /lib/modules/sysmon_subsystem_stats.ko with args ''
03-23 02:12:11.352   146   146 I qcom-llcc-pmu 24095000.llcc-pmu: Registered llcc_pmu, type: 12
03-23 02:12:11.352   143   143 I init    : Loaded kernel module /lib/modules/cpucp_log.ko
03-23 02:12:11.352   143   143 I init    : Loading module /lib/modules/c1dcvs_scmi_v2.ko with args ''
03-23 02:12:11.352   148   148 I init    : Loaded kernel module /lib/modules/stub-regulator.ko
03-23 02:12:11.352   148   148 I init    : Loading module /lib/modules/dynpf_scmi.ko with args ''
03-23 02:12:11.352   146   146 I init    : Loaded kernel module /lib/modules/qcom_llcc_pmu.ko
03-23 02:12:11.352   141   141 I init    : Loaded kernel module /lib/modules/repeater-qti-pmic-eusb2.ko
03-23 02:12:11.352   142   142 I init    : Loaded kernel module /lib/modules/sysmon_subsystem_stats.ko
03-23 02:12:11.352   141   141 I init    : Loading module /lib/modules/mpam.ko with args ''
03-23 02:12:11.352   146   146 I init    : Loading module /lib/modules/mpam_msc_slc.ko with args ''
03-23 02:12:11.352   147   147 I init    : Loaded kernel module /lib/modules/qcom-amoled-regulator.ko
03-23 02:12:11.352   142   142 I init    : Loading module /lib/modules/qti-fixed-regulator.ko with args ''
03-23 02:12:11.352   147   147 I init    : Loading module /lib/modules/rdbg.ko with args ''
03-23 02:12:11.353   144   144 I init    : Loaded kernel module /lib/modules/cpufreq_stats_scmi_v2.ko
03-23 02:12:11.353   144   144 I init    : Loading module /lib/modules/haptic.ko with args 'uefi_f0_calidata=124 uefi_f0=1684'
03-23 02:12:11.353   148   148 I init    : Loaded kernel module /lib/modules/dynpf_scmi.ko
03-23 02:12:11.353   147   147 E rdbg    : failed get smem state
03-23 02:12:11.353   147   147 E rdbg_probe: register_smp2p_out failed for rdbg_adsp
03-23 02:12:11.353   148   148 I init    : Loading module /lib/modules/qcom-i2c-pmic.ko with args ''
03-23 02:12:11.353   143   143 I init    : Loaded kernel module /lib/modules/c1dcvs_scmi_v2.ko
03-23 02:12:11.353   143   143 I init    : Loading module /lib/modules/coresight-tpda.ko with args ''
03-23 02:12:11.353   141   141 I init    : Loaded kernel module /lib/modules/mpam.ko
03-23 02:12:11.353   147   147 E rdbg    : failed get smem state
03-23 02:12:11.353   147   147 E rdbg_probe: register_smp2p_out failed for rdbg_cdsp
03-23 02:12:11.353   141   141 I init    : Loading module /lib/modules/nb7vpq904m.ko with args ''
03-23 02:12:11.354   148   148 I init    : Loaded kernel module /lib/modules/qcom-i2c-pmic.ko
03-23 02:12:12.597   446   446 E cutils-trace: Error opening trace file: No such file or directory (2)
03-23 02:12:11.354   148   148 I init    : Loading module /lib/modules/goodix_fp.ko with args ''
03-23 02:12:11.354   147   147 I init    : Loaded kernel module /lib/modules/rdbg.ko
03-23 02:12:11.354   147   147 I init    : Loading module /lib/modules/qcom-pon.ko with args ''
03-23 02:12:11.354   142   142 I init    : Loaded kernel module /lib/modules/qti-fixed-regulator.ko
03-23 02:12:11.354   142   142 I init    : Loading module /lib/modules/qti_qmi_sensor_v2.ko with args ''
03-23 02:12:11.354    86    86 E coresight-qmi soc: turing-qmi: qmi client init failed ret:-517
03-23 02:12:11.354    86    86 E coresight-qmi soc: wpss-qmi: qmi client init failed ret:-517
03-23 02:12:11.354   141   141 I init    : Loaded kernel module /lib/modules/nb7vpq904m.ko
03-23 02:12:11.354    86    86 E coresight-qmi soc: audio-qmi: qmi client init failed ret:-517
03-23 02:12:11.354   141   141 I init    : Loading module /lib/modules/qti_qmi_cdev.ko with args ''
03-23 02:12:11.354    86    86 E coresight-qmi soc: modem0-qmi: qmi client init failed ret:-517
03-23 02:12:11.354   145   145 I init    : Loaded kernel module /lib/modules/llcc_heuristics.ko
03-23 02:12:11.354    86    86 E coresight-qmi soc: modem2-qmi: qmi client init failed ret:-517
03-23 02:12:11.354   143   143 I init    : Loaded kernel module /lib/modules/coresight-tpda.ko
03-23 02:12:11.354   145   145 I init    : Loading module /lib/modules/socinfo.ko with args ''
03-23 02:12:11.354   144   144 I <haptic_hv>aw_i2c_init: aw_haptic driver version v1.9.0.8
03-23 02:12:11.354   143   143 I init    : Loading module /lib/modules/stm_heartbeat.ko with args ''
