12-19 15:53:03.022   428   543 I servicemanager: Tried to start aidl service android.system.keystore2.IKeystoreService/default as a lazy service, but was unable to. Usually this happens when a service is not installed, but if the service is intended to be used as a lazy service, then it may be configured incorrectly.
12-19 15:53:03.821   544   544 E cutils-trace: Error opening trace file: No such file or directory (2)
12-19 15:53:03.821   427   427 I hwservicemanager: getDeviceHalManifest: Reading VINTF information.
12-19 15:53:03.822   427   427 E hwservicemanager: getDeviceHalManifest: status from fetching VINTF information: -22
12-19 15:53:03.822   427   427 E hwservicemanager: getDeviceHalManifest: -22 VINTF parse error: Illformed file: /vendor/etc/vintf/manifest/android.hardware.security.keymint-service-qti.xml: Unrecognized manifest.version 8.0 (libvintf@4.0)
12-19 15:53:03.822   427   427 I hwservicemanager: getTransport: Cannot find entry android.hardware.boot@1.0::IBootControl/default in either framework or device VINTF manifest.
12-19 15:53:03.822   544   544 E LegacySupport: Could not get passthrough implementation for android.hardware.boot@1.0::IBootControl/default.
12-19 15:53:03.827   546   546 E cutils-trace: Error opening trace file: No such file or directory (2)
12-19 15:53:03.828   427   427 I hwservicemanager: getDeviceHalManifest: Reading VINTF information.
12-19 15:53:03.829   427   427 E hwservicemanager: getDeviceHalManifest: status from fetching VINTF information: -22
12-19 15:53:03.829   427   427 E hwservicemanager: getDeviceHalManifest: -22 VINTF parse error: Illformed file: /vendor/etc/vintf/manifest/android.hardware.security.keymint-service-qti.xml: Unrecognized manifest.version 8.0 (libvintf@4.0)
12-19 15:53:03.829   427   427 I hwservicemanager: getTransport: Cannot find entry android.hardware.health@2.0::IHealth/default in either framework or device VINTF manifest.
12-19 15:53:03.829   546   546 E HidlServiceManagement: Could not find instance 'default' in library android.hardware.health@2.0-impl-default.so. Keeping library open.
12-19 15:53:03.829   546   546 I android.hardware.health@2.1-service: default instance initializing with healthd_config...
12-19 15:53:03.829   427   427 I hwservicemanager: getDeviceHalManifest: Reading VINTF information.
12-19 15:53:03.830   427   427 E hwservicemanager: getDeviceHalManifest: status from fetching VINTF information: -22
12-19 15:53:03.830   427   427 E hwservicemanager: getDeviceHalManifest: -22 VINTF parse error: Illformed file: /vendor/etc/vintf/manifest/android.hardware.security.keymint-service-qti.xml: Unrecognized manifest.version 8.0 (libvintf@4.0)
12-19 15:53:03.830   427   427 I hwservicemanager: getTransport: Cannot find entry android.hardware.health@2.1::IHealth/default in either framework or device VINTF manifest.
12-19 15:53:03.830   546   546 E HidlServiceManagement: Service android.hardware.health@2.1::IHealth/default must be in VINTF manifest in order to register/get.
12-19 15:53:03.830   546   546 F android.hardware.health@2.1-service: Check failed: registerAsService(instance_name()) == android::OK (registerAsService(instance_name())=-2147483648, android::OK=0) default: Failed to register HAL
12-19 15:53:03.830   546   546 F libc    : Fatal signal 6 (SIGABRT), code -1 (SI_QUEUE) in tid 546 (android.hardwar), pid 546 (android.hardwar)
12-19 15:53:03.830   548   548 F libc    : failed to exec crash_dump helper: No such file or directory
12-19 15:53:03.831   546   546 F libc    : crash_dump helper failed to exec, or was killed
12-19 15:53:03.831   546   546 F libc    : failed to wait for crash_dump helper: No child processes
12-19 15:53:03.835   545   545 I keystore2: keystore2_main: Keystore2 is starting.
12-19 15:53:03.836   545   545 I keystore2: keystore2_main: Starting thread pool now.
12-19 15:53:03.836   545   549 I keystore2: getDeviceHalManifest: Reading VINTF information.
12-19 15:53:03.837   545   549 E keystore2: getDeviceHalManifest: status from fetching VINTF information: -22
12-19 15:53:03.837   545   549 E keystore2: getDeviceHalManifest: -22 VINTF parse error: Illformed file: /vendor/etc/vintf/manifest/android.hardware.security.keymint-service-qti.xml: Unrecognized manifest.version 8.0 (libvintf@4.0)
12-19 15:53:03.837   545   545 I keystore2: getDeviceHalManifest: Reading VINTF information.
12-19 15:53:03.837   545   549 F libc    : Fatal signal 11 (SIGSEGV), code 1 (SEGV_MAPERR), fault addr 0x0 in tid 549 (keystore2), pid 545 (Binder:545_2)
12-19 15:53:03.838   553   553 F libc    : failed to exec crash_dump helper: No such file or directory
12-19 15:53:03.838   545   549 F libc    : crash_dump helper failed to exec, or was killed
12-19 15:53:03.838   545   549 F libc    : failed to wait for crash_dump helper: No child processes
12-19 15:53:04.022   431   431 W ServiceManager: Waited one second for android.system.keystore2.IKeystoreService/default (is service started? are binder threads started and available?)
12-19 15:53:04.022   428   428 I servicemanager: Since 'android.system.keystore2.IKeystoreService/default' could not be found, trying to start it as a lazy AIDL service
12-19 15:53:04.023   428   555 W libc    : Unable to set property "ctl.interface_start" to "aidl/android.system.keystore2.IKeystoreService/default": error code: 0x20
12-19 15:53:04.023   428   555 I servicemanager: Tried to start aidl service android.system.keystore2.IKeystoreService/default as a lazy service, but was unable to. Usually this happens when a service is not installed, but if the service is intended to be used as a lazy service, then it may be configured incorrectly.
12-19 15:53:05.023   431   431 W ServiceManager: Waited one second for android.system.keystore2.IKeystoreService/default (is service started? are binder threads started and available?)
12-19 15:53:05.023   428   428 I servicemanager: Since 'android.system.keystore2.IKeystoreService/default' could not be found, trying to start it as a lazy AIDL service
12-19 15:53:05.023   428   556 W libc    : Unable to set property "ctl.interface_start" to "aidl/android.system.keystore2.IKeystoreService/default": error code: 0x20
12-19 15:53:05.023   428   556 I servicemanager: Tried to start aidl service android.system.keystore2.IKeystoreService/default as a lazy service, but was unable to. Usually this happens when a service is not installed, but if the service is intended to be used as a lazy service, then it may be configured incorrectly.
12-19 15:53:06.023   431   431 W ServiceManager: Waited one second for android.system.keystore2.IKeystoreService/default (is service started? are binder threads started and available?)
12-19 15:53:06.023   428   428 I servicemanager: Since 'android.system.keystore2.IKeystoreService/default' could not be found, trying to start it as a lazy AIDL service
12-19 15:53:06.023   428   557 W libc    : Unable to set property "ctl.interface_start" to "aidl/android.system.keystore2.IKeystoreService/default": error code: 0x20
12-19 15:53:06.023   428   557 I servicemanager: Tried to start aidl service android.system.keystore2.IKeystoreService/default as a lazy service, but was unable to. Usually this happens when a service is not installed, but if the service is intended to be used as a lazy service, then it may be configured incorrectly.
12-19 15:53:07.023   431   431 W ServiceManager: Waited one second for android.system.keystore2.IKeystoreService/default (is service started? are binder threads started and available?)
12-19 15:53:07.023   428   428 I servicemanager: Since 'android.system.keystore2.IKeystoreService/default' could not be found, trying to start it as a lazy AIDL service
12-19 15:53:07.023   428   558 W libc    : Unable to set property "ctl.interface_start" to "aidl/android.system.keystore2.IKeystoreService/default": error code: 0x20
12-19 15:53:07.023   428   558 I servicemanager: Tried to start aidl service android.system.keystore2.IKeystoreService/default as a lazy service, but was unable to. Usually this happens when a service is not installed, but if the service is intended to be used as a lazy service, then it may be configured incorrectly.
12-19 15:53:08.023   431   431 W ServiceManager: Waited one second for android.system.keystore2.IKeystoreService/default (is service started? are binder threads started and available?)
12-19 15:53:08.023   428   428 I servicemanager: Since 'android.system.keystore2.IKeystoreService/default' could not be found, trying to start it as a lazy AIDL service
12-19 15:53:08.023   428   559 W libc    : Unable to set property "ctl.interface_start" to "aidl/android.system.keystore2.IKeystoreService/default": error code: 0x20
12-19 15:53:08.023   428   559 I servicemanager: Tried to start aidl service android.system.keystore2.IKeystoreService/default as a lazy service, but was unable to. Usually this happens when a service is not installed, but if the service is intended to be used as a lazy service, then it may be configured incorrectly.
12-19 15:53:08.822   560   560 E cutils-trace: Error opening trace file: No such file or directory (2)
12-19 15:53:08.826   427   427 I hwservicemanager: getDeviceHalManifest: Reading VINTF information.
12-19 15:53:08.827   427   427 E hwservicemanager: getDeviceHalManifest: status from fetching VINTF information: -22
12-19 15:53:08.827   427   427 E hwservicemanager: getDeviceHalManifest: -22 VINTF parse error: Illformed file: /vendor/etc/vintf/manifest/android.hardware.security.keymint-service-qti.xml: Unrecognized manifest.version 8.0 (libvintf@4.0)
12-19 15:53:08.827   427   427 I hwservicemanager: getTransport: Cannot find entry android.hardware.boot@1.0::IBootControl/default in either framework or device VINTF manifest.
12-19 15:53:08.827   560   560 E LegacySupport: Could not get passthrough implementation for android.hardware.boot@1.0::IBootControl/default.
12-19 15:53:08.829   562   562 E cutils-trace: Error opening trace file: No such file or directory (2)
12-19 15:53:08.829   427   427 I hwservicemanager: getDeviceHalManifest: Reading VINTF information.
12-19 15:53:08.830   427   427 E hwservicemanager: getDeviceHalManifest: status from fetching VINTF information: -22
12-19 15:53:08.830   427   427 E hwservicemanager: getDeviceHalManifest: -22 VINTF parse error: Illformed file: /vendor/etc/vintf/manifest/android.hardware.security.keymint-service-qti.xml: Unrecognized manifest.version 8.0 (libvintf@4.0)
12-19 15:53:08.830   427   427 I hwservicemanager: getTransport: Cannot find entry android.hardware.health@2.0::IHealth/default in either framework or device VINTF manifest.
12-19 15:53:08.831   562   562 E HidlServiceManagement: Could not find instance 'default' in library android.hardware.health@2.0-impl-default.so. Keeping library open.
12-19 15:53:08.831   562   562 I android.hardware.health@2.1-service: default instance initializing with healthd_config...
12-19 15:53:08.831   427   427 I hwservicemanager: getDeviceHalManifest: Reading VINTF information.
12-19 15:53:08.832   427   427 E hwservicemanager: getDeviceHalManifest: status from fetching VINTF information: -22
12-19 15:53:08.833   427   427 E hwservicemanager: getDeviceHalManifest: -22 VINTF parse error: Illformed file: /vendor/etc/vintf/manifest/android.hardware.security.keymint-service-qti.xml: Unrecognized manifest.version 8.0 (libvintf@4.0)
12-19 15:53:08.833   427   427 I hwservicemanager: getTransport: Cannot find entry android.hardware.health@2.1::IHealth/default in either framework or device VINTF manifest.
12-19 15:53:08.833   562   562 E HidlServiceManagement: Service android.hardware.health@2.1::IHealth/default must be in VINTF manifest in order to register/get.
12-19 15:53:08.833   562   562 F android.hardware.health@2.1-service: Check failed: registerAsService(instance_name()) == android::OK (registerAsService(instance_name())=-2147483648, android::OK=0) default: Failed to register HAL
12-19 15:53:08.833   562   562 F libc    : Fatal signal 6 (SIGABRT), code -1 (SI_QUEUE) in tid 562 (android.hardwar), pid 562 (android.hardwar)
12-19 15:53:08.833   564   564 F libc    : failed to exec crash_dump helper: No such file or directory
12-19 15:53:08.833   562   562 F libc    : crash_dump helper failed to exec, or was killed
12-19 15:53:08.833   562   562 F libc    : failed to wait for crash_dump helper: No child processes
12-19 15:53:08.835   561   561 I keystore2: keystore2_main: Keystore2 is starting.
12-19 15:53:08.835   561   561 I keystore2: keystore2_main: Starting thread pool now.
12-19 15:53:08.836   561   565 I keystore2: getDeviceHalManifest: Reading VINTF information.
12-19 15:53:08.837   561   565 E keystore2: getDeviceHalManifest: status from fetching VINTF information: -22
12-19 15:53:08.837   561   565 E keystore2: getDeviceHalManifest: -22 VINTF parse error: Illformed file: /vendor/etc/vintf/manifest/android.hardware.security.keymint-service-qti.xml: Unrecognized manifest.version 8.0 (libvintf@4.0)
12-19 15:53:08.837   561   561 I keystore2: getDeviceHalManifest: Reading VINTF information.
12-19 15:53:08.837   561   565 F libc    : Fatal signal 11 (SIGSEGV), code 1 (SEGV_MAPERR), fault addr 0x0 in tid 565 (keystore2), pid 561 (Binder:561_2)
12-19 15:53:08.838   569   569 F libc    : failed to exec crash_dump helper: No such file or directory
12-19 15:53:08.838   561   565 F libc    : crash_dump helper failed to exec, or was killed
12-19 15:53:08.838   561   565 F libc    : failed to wait for crash_dump helper: No child processes
12-19 15:53:09.023   431   431 W ServiceManager: Waited one second for android.system.keystore2.IKeystoreService/default (is service started? are binder threads started and available?)
12-19 15:53:09.024   428   428 I servicemanager: Since 'android.system.keystore2.IKeystoreService/default' could not be found, trying to start it as a lazy AIDL service
12-19 15:53:09.024   428   571 W libc    : Unable to set property "ctl.interface_start" to "aidl/android.system.keystore2.IKeystoreService/default": error code: 0x20
12-19 15:53:09.024   428   571 I servicemanager: Tried to start aidl service android.system.keystore2.IKeystoreService/default as a lazy service, but was unable to. Usually this happens when a service is not installed, but if the service is intended to be used as a lazy service, then it may be configured incorrectly.
12-19 15:53:10.024   431   431 W ServiceManager: Waited one second for android.system.keystore2.IKeystoreService/default (is service started? are binder threads started and available?)
12-19 15:53:10.024   428   428 I servicemanager: Since 'android.system.keystore2.IKeystoreService/default' could not be found, trying to start it as a lazy AIDL service
12-19 15:53:10.024   428   572 W libc    : Unable to set property "ctl.interface_start" to "aidl/android.system.keystore2.IKeystoreService/default": error code: 0x20
12-19 15:53:10.024   428   572 I servicemanager: Tried to start aidl service android.system.keystore2.IKeystoreService/default as a lazy service, but was unable to. Usually this happens when a service is not installed, but if the service is intended to be used as a lazy service, then it may be configured incorrectly.
12-19 15:53:11.024   431   431 W ServiceManager: Waited one second for android.system.keystore2.IKeystoreService/default (is service started? are binder threads started and available?)
12-19 15:53:11.024   428   428 I servicemanager: Since 'android.system.keystore2.IKeystoreService/default' could not be found, trying to start it as a lazy AIDL service
12-19 15:53:11.024   428   573 W libc    : Unable to set property "ctl.interface_start" to "aidl/android.system.keystore2.IKeystoreService/default": error code: 0x20
12-19 15:53:11.024   428   573 I servicemanager: Tried to start aidl service android.system.keystore2.IKeystoreService/default as a lazy service, but was unable to. Usually this happens when a service is not installed, but if the service is intended to be used as a lazy service, then it may be configured incorrectly.
12-19 15:53:12.024   431   431 W ServiceManager: Waited one second for android.system.keystore2.IKeystoreService/default (is service started? are binder threads started and available?)
12-19 15:53:12.024   428   428 I servicemanager: Since 'android.system.keystore2.IKeystoreService/default' could not be found, trying to start it as a lazy AIDL service
12-19 15:53:12.024   428   574 W libc    : Unable to set property "ctl.interface_start" to "aidl/android.system.keystore2.IKeystoreService/default": error code: 0x20
12-19 15:53:12.024   428   574 I servicemanager: Tried to start aidl service android.system.keystore2.IKeystoreService/default as a lazy service, but was unable to. Usually this happens when a service is not installed, but if the service is intended to be used as a lazy service, then it may be configured incorrectly.
12-19 15:53:13.024   431   431 W ServiceManager: Waited one second for android.system.keystore2.IKeystoreService/default (is service started? are binder threads started and available?)
12-19 15:53:13.024   428   428 I servicemanager: Since 'android.system.keystore2.IKeystoreService/default' could not be found, trying to start it as a lazy AIDL service
12-19 15:53:13.024   428   575 W libc    : Unable to set property "ctl.interface_start" to "aidl/android.system.keystore2.IKeystoreService/default": error code: 0x20
12-19 15:53:13.024   428   575 I servicemanager: Tried to start aidl service android.system.keystore2.IKeystoreService/default as a lazy service, but was unable to. Usually this happens when a service is not installed, but if the service is intended to be used as a lazy service, then it may be configured incorrectly.
12-19 15:53:13.825   576   576 E cutils-trace: Error opening trace file: No such file or directory (2)
12-19 15:53:13.825   427   427 I hwservicemanager: getDeviceHalManifest: Reading VINTF information.
12-19 15:53:13.826   427   427 E hwservicemanager: getDeviceHalManifest: status from fetching VINTF information: -22
12-19 15:53:13.826   427   427 E hwservicemanager: getDeviceHalManifest: -22 VINTF parse error: Illformed file: /vendor/etc/vintf/manifest/android.hardware.security.keymint-service-qti.xml: Unrecognized manifest.version 8.0 (libvintf@4.0)
12-19 15:53:13.826   427   427 I hwservicemanager: getTransport: Cannot find entry android.hardware.boot@1.0::IBootControl/default in either framework or device VINTF manifest.
12-19 15:53:13.826   576   576 E LegacySupport: Could not get passthrough implementation for android.hardware.boot@1.0::IBootControl/default.
12-19 15:53:13.830   578   578 E cutils-trace: Error opening trace file: No such file or directory (2)
12-19 15:53:13.830   427   427 I hwservicemanager: getDeviceHalManifest: Reading VINTF information.
12-19 15:53:13.831   427   427 E hwservicemanager: getDeviceHalManifest: status from fetching VINTF information: -22
12-19 15:53:13.831   427   427 E hwservicemanager: getDeviceHalManifest: -22 VINTF parse error: Illformed file: /vendor/etc/vintf/manifest/android.hardware.security.keymint-service-qti.xml: Unrecognized manifest.version 8.0 (libvintf@4.0)
12-19 15:53:13.831   427   427 I hwservicemanager: getTransport: Cannot find entry android.hardware.health@2.0::IHealth/default in either framework or device VINTF manifest.
12-19 15:53:13.831   578   578 E HidlServiceManagement: Could not find instance 'default' in library android.hardware.health@2.0-impl-default.so. Keeping library open.
12-19 15:53:13.831   578   578 I android.hardware.health@2.1-service: default instance initializing with healthd_config...
12-19 15:53:13.831   427   427 I hwservicemanager: getDeviceHalManifest: Reading VINTF information.
12-19 15:53:13.832   427   427 E hwservicemanager: getDeviceHalManifest: status from fetching VINTF information: -22
12-19 15:53:13.832   427   427 E hwservicemanager: getDeviceHalManifest: -22 VINTF parse error: Illformed file: /vendor/etc/vintf/manifest/android.hardware.security.keymint-service-qti.xml: Unrecognized manifest.version 8.0 (libvintf@4.0)
12-19 15:53:13.832   427   427 I hwservicemanager: getTransport: Cannot find entry android.hardware.health@2.1::IHealth/default in either framework or device VINTF manifest.
12-19 15:53:13.832   578   578 E HidlServiceManagement: Service android.hardware.health@2.1::IHealth/default must be in VINTF manifest in order to register/get.
12-19 15:53:13.832   578   578 F android.hardware.health@2.1-service: Check failed: registerAsService(instance_name()) == android::OK (registerAsService(instance_name())=-2147483648, android::OK=0) default: Failed to register HAL
12-19 15:53:13.832   578   578 F libc    : Fatal signal 6 (SIGABRT), code -1 (SI_QUEUE) in tid 578 (android.hardwar), pid 578 (android.hardwar)
12-19 15:53:13.833   580   580 F libc    : failed to exec crash_dump helper: No such file or directory
12-19 15:53:13.833   578   578 F libc    : crash_dump helper failed to exec, or was killed
12-19 15:53:13.833   578   578 F libc    : failed to wait for crash_dump helper: No child processes
12-19 15:53:13.840   577   577 I keystore2: keystore2_main: Keystore2 is starting.
12-19 15:53:13.840   577   577 I keystore2: keystore2_main: Starting thread pool now.
12-19 15:53:13.840   577   581 I keystore2: getDeviceHalManifest: Reading VINTF information.
12-19 15:53:13.841   577   581 E keystore2: getDeviceHalManifest: status from fetching VINTF information: -22
12-19 15:53:13.841   577   581 E keystore2: getDeviceHalManifest: -22 VINTF parse error: Illformed file: /vendor/etc/vintf/manifest/android.hardware.security.keymint-service-qti.xml: Unrecognized manifest.version 8.0 (libvintf@4.0)
12-19 15:53:13.842   577   577 I keystore2: getDeviceHalManifest: Reading VINTF information.
12-19 15:53:13.842   577   581 F libc    : Fatal signal 11 (SIGSEGV), code 1 (SEGV_MAPERR), fault addr 0x0 in tid 581 (keystore2), pid 577 (Binder:577_2)
12-19 15:53:13.842   585   585 F libc    : failed to exec crash_dump helper: No such file or directory
12-19 15:53:13.842   577   581 F libc    : crash_dump helper failed to exec, or was killed
12-19 15:53:13.843   577   581 F libc    : failed to wait for crash_dump helper: No child processes
12-19 15:53:14.024   431   431 W ServiceManager: Waited one second for android.system.keystore2.IKeystoreService/default (is service started? are binder threads started and available?)
12-19 15:53:14.024   428   428 I servicemanager: Since 'android.system.keystore2.IKeystoreService/default' could not be found, trying to start it as a lazy AIDL service
12-19 15:53:14.025   428   587 W libc    : Unable to set property "ctl.interface_start" to "aidl/android.system.keystore2.IKeystoreService/default": error code: 0x20
12-19 15:53:14.025   428   587 I servicemanager: Tried to start aidl service android.system.keystore2.IKeystoreService/default as a lazy service, but was unable to. Usually this happens when a service is not installed, but if the service is intended to be used as a lazy service, then it may be configured incorrectly.
12-19 15:53:15.025   431   431 W ServiceManager: Waited one second for android.system.keystore2.IKeystoreService/default (is service started? are binder threads started and available?)
12-19 15:53:15.025   428   428 I servicemanager: Since 'android.system.keystore2.IKeystoreService/default' could not be found, trying to start it as a lazy AIDL service
12-19 15:53:15.025   428   588 W libc    : Unable to set property "ctl.interface_start" to "aidl/android.system.keystore2.IKeystoreService/default": error code: 0x20
12-19 15:53:15.025   428   588 I servicemanager: Tried to start aidl service android.system.keystore2.IKeystoreService/default as a lazy service, but was unable to. Usually this happens when a service is not installed, but if the service is intended to be used as a lazy service, then it may be configured incorrectly.
12-19 15:53:16.025   431   431 W ServiceManager: Waited one second for android.system.keystore2.IKeystoreService/default (is service started? are binder threads started and available?)
12-19 15:53:16.025   428   428 I servicemanager: Since 'android.system.keystore2.IKeystoreService/default' could not be found, trying to start it as a lazy AIDL service
12-19 15:53:16.025   428   589 W libc    : Unable to set property "ctl.interface_start" to "aidl/android.system.keystore2.IKeystoreService/default": error code: 0x20
12-19 15:53:16.025   428   589 I servicemanager: Tried to start aidl service android.system.keystore2.IKeystoreService/default as a lazy service, but was unable to. Usually this happens when a service is not installed, but if the service is intended to be used as a lazy service, then it may be configured incorrectly.
12-19 15:53:17.025   431   431 W ServiceManager: Waited one second for android.system.keystore2.IKeystoreService/default (is service started? are binder threads started and available?)
12-19 15:53:17.025   428   428 I servicemanager: Since 'android.system.keystore2.IKeystoreService/default' could not be found, trying to start it as a lazy AIDL service
12-19 15:53:17.025   428   590 W libc    : Unable to set property "ctl.interface_start" to "aidl/android.system.keystore2.IKeystoreService/default": error code: 0x20
12-19 15:53:17.025   428   590 I servicemanager: Tried to start aidl service android.system.keystore2.IKeystoreService/default as a lazy service, but was unable to. Usually this happens when a service is not installed, but if the service is intended to be used as a lazy service, then it may be configured incorrectly.
12-19 15:53:18.025   431   431 W ServiceManager: Waited one second for android.system.keystore2.IKeystoreService/default (is service started? are binder threads started and available?)
12-19 15:53:18.025   428   428 I servicemanager: Since 'android.system.keystore2.IKeystoreService/default' could not be found, trying to start it as a lazy AIDL service
12-19 15:53:18.025   428   591 W libc    : Unable to set property "ctl.interface_start" to "aidl/android.system.keystore2.IKeystoreService/default": error code: 0x20
12-19 15:53:18.025   428   591 I servicemanager: Tried to start aidl service android.system.keystore2.IKeystoreService/default as a lazy service, but was unable to. Usually this happens when a service is not installed, but if the service is intended to be used as a lazy service, then it may be configured incorrectly.
12-19 15:53:18.826   592   592 E cutils-trace: Error opening trace file: No such file or directory (2)
12-19 15:53:18.830   594   594 E cutils-trace: Error opening trace file: No such file or directory (2)
12-19 15:53:18.830   427   427 I hwservicemanager: getDeviceHalManifest: Reading VINTF information.
12-19 15:53:18.831   427   427 E hwservicemanager: getDeviceHalManifest: status from fetching VINTF information: -22
12-19 15:53:18.831   427   427 E hwservicemanager: getDeviceHalManifest: -22 VINTF parse error: Illformed file: /vendor/etc/vintf/manifest/android.hardware.security.keymint-service-qti.xml: Unrecognized manifest.version 8.0 (libvintf@4.0)
12-19 15:53:18.831   427   427 I hwservicemanager: getTransport: Cannot find entry android.hardware.health@2.0::IHealth/default in either framework or device VINTF manifest.
12-19 15:53:18.831   427   427 I hwservicemanager: getDeviceHalManifest: Reading VINTF information.
12-19 15:53:18.832   427   427 E hwservicemanager: getDeviceHalManifest: status from fetching VINTF information: -22
12-19 15:53:18.832   594   594 E HidlServiceManagement: Could not find instance 'default' in library android.hardware.health@2.0-impl-default.so. Keeping library open.
12-19 15:53:18.832   427   427 E hwservicemanager: getDeviceHalManifest: -22 VINTF parse error: Illformed file: /vendor/etc/vintf/manifest/android.hardware.security.keymint-service-qti.xml: Unrecognized manifest.version 8.0 (libvintf@4.0)
12-19 15:53:18.832   427   427 I hwservicemanager: getTransport: Cannot find entry android.hardware.boot@1.0::IBootControl/default in either framework or device VINTF manifest.
12-19 15:53:18.832   592   592 E LegacySupport: Could not get passthrough implementation for android.hardware.boot@1.0::IBootControl/default.
12-19 15:53:18.833   594   594 I android.hardware.health@2.1-service: default instance initializing with healthd_config...
12-19 15:53:18.833   427   427 I hwservicemanager: getDeviceHalManifest: Reading VINTF information.
12-19 15:53:18.834   427   427 E hwservicemanager: getDeviceHalManifest: status from fetching VINTF information: -22
12-19 15:53:18.834   427   427 E hwservicemanager: getDeviceHalManifest: -22 VINTF parse error: Illformed file: /vendor/etc/vintf/manifest/android.hardware.security.keymint-service-qti.xml: Unrecognized manifest.version 8.0 (libvintf@4.0)
12-19 15:53:18.834   427   427 I hwservicemanager: getTransport: Cannot find entry android.hardware.health@2.1::IHealth/default in either framework or device VINTF manifest.
12-19 15:53:18.834   594   594 E HidlServiceManagement: Service android.hardware.health@2.1::IHealth/default must be in VINTF manifest in order to register/get.
12-19 15:53:18.834   594   594 F android.hardware.health@2.1-service: Check failed: registerAsService(instance_name()) == android::OK (registerAsService(instance_name())=-2147483648, android::OK=0) default: Failed to register HAL
12-19 15:53:18.834   594   594 F libc    : Fatal signal 6 (SIGABRT), code -1 (SI_QUEUE) in tid 594 (android.hardwar), pid 594 (android.hardwar)
12-19 15:53:18.834   596   596 F libc    : failed to exec crash_dump helper: No such file or directory
12-19 15:53:18.835   594   594 F libc    : crash_dump helper failed to exec, or was killed
12-19 15:53:18.835   594   594 F libc    : failed to wait for crash_dump helper: No child processes
12-19 15:53:18.842   593   593 I keystore2: keystore2_main: Keystore2 is starting.
12-19 15:53:18.843   593   593 I keystore2: keystore2_main: Starting thread pool now.
12-19 15:53:18.843   593   597 I keystore2: getDeviceHalManifest: Reading VINTF information.
12-19 15:53:18.844   593   597 E keystore2: getDeviceHalManifest: status from fetching VINTF information: -22
12-19 15:53:18.844   593   597 E keystore2: getDeviceHalManifest: -22 VINTF parse error: Illformed file: /vendor/etc/vintf/manifest/android.hardware.security.keymint-service-qti.xml: Unrecognized manifest.version 8.0 (libvintf@4.0)
12-19 15:53:18.844   593   593 I keystore2: getDeviceHalManifest: Reading VINTF information.
12-19 15:53:18.844   593   597 F libc    : Fatal signal 11 (SIGSEGV), code 1 (SEGV_MAPERR), fault addr 0x0 in tid 597 (keystore2), pid 593 (Binder:593_2)
12-19 15:53:18.845   601   601 F libc    : failed to exec crash_dump helper: No such file or directory
12-19 15:53:18.845   593   597 F libc    : crash_dump helper failed to exec, or was killed
12-19 15:53:18.845   593   597 F libc    : failed to wait for crash_dump helper: No child processes
12-19 15:53:19.025   431   431 W ServiceManager: Waited one second for android.system.keystore2.IKeystoreService/default (is service started? are binder threads started and available?)
12-19 15:53:19.026   428   428 I servicemanager: Since 'android.system.keystore2.IKeystoreService/default' could not be found, trying to start it as a lazy AIDL service
12-19 15:53:19.026   428   603 W libc    : Unable to set property "ctl.interface_start" to "aidl/android.system.keystore2.IKeystoreService/default": error code: 0x20
12-19 15:53:19.026   428   603 I servicemanager: Tried to start aidl service android.system.keystore2.IKeystoreService/default as a lazy service, but was unable to. Usually this happens when a service is not installed, but if the service is intended to be used as a lazy service, then it may be configured incorrectly.
12-19 15:53:20.026   431   431 W ServiceManager: Waited one second for android.system.keystore2.IKeystoreService/default (is service started? are binder threads started and available?)
12-19 15:53:20.026   428   428 I servicemanager: Since 'android.system.keystore2.IKeystoreService/default' could not be found, trying to start it as a lazy AIDL service
12-19 15:53:20.026   428   604 W libc    : Unable to set property "ctl.interface_start" to "aidl/android.system.keystore2.IKeystoreService/default": error code: 0x20
12-19 15:53:20.026   428   604 I servicemanager: Tried to start aidl service android.system.keystore2.IKeystoreService/default as a lazy service, but was unable to. Usually this happens when a service is not installed, but if the service is intended to be used as a lazy service, then it may be configured incorrectly.
12-19 15:53:21.026   431   431 W ServiceManager: Waited one second for android.system.keystore2.IKeystoreService/default (is service started? are binder threads started and available?)
12-19 15:53:21.026   428   428 I servicemanager: Since 'android.system.keystore2.IKeystoreService/default' could not be found, trying to start it as a lazy AIDL service
12-19 15:53:21.026   428   605 W libc    : Unable to set property "ctl.interface_start" to "aidl/android.system.keystore2.IKeystoreService/default": error code: 0x20
12-19 15:53:21.026   428   605 I servicemanager: Tried to start aidl service android.system.keystore2.IKeystoreService/default as a lazy service, but was unable to. Usually this happens when a service is not installed, but if the service is intended to be used as a lazy service, then it may be configured incorrectly.
12-19 15:53:22.026   431   431 W ServiceManager: Waited one second for android.system.keystore2.IKeystoreService/default (is service started? are binder threads started and available?)
12-19 15:53:22.026   428   428 I servicemanager: Since 'android.system.keystore2.IKeystoreService/default' could not be found, trying to start it as a lazy AIDL service
12-19 15:53:22.026   428   606 W libc    : Unable to set property "ctl.interface_start" to "aidl/android.system.keystore2.IKeystoreService/default": error code: 0x20
12-19 15:53:22.026   428   606 I servicemanager: Tried to start aidl service android.system.keystore2.IKeystoreService/default as a lazy service, but was unable to. Usually this happens when a service is not installed, but if the service is intended to be used as a lazy service, then it may be configured incorrectly.
12-19 15:53:23.026   431   431 W ServiceManager: Waited one second for android.system.keystore2.IKeystoreService/default (is service started? are binder threads started and available?)
12-19 15:53:23.026   428   428 I servicemanager: Since 'android.system.keystore2.IKeystoreService/default' could not be found, trying to start it as a lazy AIDL service
12-19 15:53:23.027   428   607 W libc    : Unable to set property "ctl.interface_start" to "aidl/android.system.keystore2.IKeystoreService/default": error code: 0x20
12-19 15:53:23.027   428   607 I servicemanager: Tried to start aidl service android.system.keystore2.IKeystoreService/default as a lazy service, but was unable to. Usually this happens when a service is not installed, but if the service is intended to be used as a lazy service, then it may be configured incorrectly.
12-19 15:53:23.830   608   608 E cutils-trace: Error opening trace file: No such file or directory (2)
12-19 15:53:23.830   427   427 I hwservicemanager: getDeviceHalManifest: Reading VINTF information.
12-19 15:53:23.831   427   427 E hwservicemanager: getDeviceHalManifest: status from fetching VINTF information: -22
12-19 15:53:23.831   427   427 E hwservicemanager: getDeviceHalManifest: -22 VINTF parse error: Illformed file: /vendor/etc/vintf/manifest/android.hardware.security.keymint-service-qti.xml: Unrecognized manifest.version 8.0 (libvintf@4.0)
12-19 15:53:23.831   427   427 I hwservicemanager: getTransport: Cannot find entry android.hardware.boot@1.0::IBootControl/default in either framework or device VINTF manifest.
12-19 15:53:23.831   608   608 E LegacySupport: Could not get passthrough implementation for android.hardware.boot@1.0::IBootControl/default.
12-19 15:53:23.832   609   609 E cutils-trace: Error opening trace file: No such file or directory (2)
12-19 15:53:23.832   427   427 I hwservicemanager: getDeviceHalManifest: Reading VINTF information.
12-19 15:53:23.833   427   427 E hwservicemanager: getDeviceHalManifest: status from fetching VINTF information: -22
12-19 15:53:23.833   427   427 E hwservicemanager: getDeviceHalManifest: -22 VINTF parse error: Illformed file: /vendor/etc/vintf/manifest/android.hardware.security.keymint-service-qti.xml: Unrecognized manifest.version 8.0 (libvintf@4.0)
12-19 15:53:23.833   427   427 I hwservicemanager: getTransport: Cannot find entry android.hardware.health@2.0::IHealth/default in either framework or device VINTF manifest.
12-19 15:53:23.833   609   609 E HidlServiceManagement: Could not find instance 'default' in library android.hardware.health@2.0-impl-default.so. Keeping library open.
12-19 15:53:23.833   609   609 I android.hardware.health@2.1-service: default instance initializing with healthd_config...
12-19 15:53:23.833   427   427 I hwservicemanager: getDeviceHalManifest: Reading VINTF information.
12-19 15:53:23.834   427   427 E hwservicemanager: getDeviceHalManifest: status from fetching VINTF information: -22
12-19 15:53:23.834   427   427 E hwservicemanager: getDeviceHalManifest: -22 VINTF parse error: Illformed file: /vendor/etc/vintf/manifest/android.hardware.security.keymint-service-qti.xml: Unrecognized manifest.version 8.0 (libvintf@4.0)
12-19 15:53:23.834   427   427 I hwservicemanager: getTransport: Cannot find entry android.hardware.health@2.1::IHealth/default in either framework or device VINTF manifest.
12-19 15:53:23.834   609   609 E HidlServiceManagement: Service android.hardware.health@2.1::IHealth/default must be in VINTF manifest in order to register/get.
12-19 15:53:23.834   609   609 F android.hardware.health@2.1-service: Check failed: registerAsService(instance_name()) == android::OK (registerAsService(instance_name())=-2147483648, android::OK=0) default: Failed to register HAL
12-19 15:53:23.834   609   609 F libc    : Fatal signal 6 (SIGABRT), code -1 (SI_QUEUE) in tid 609 (android.hardwar), pid 609 (android.hardwar)
12-19 15:53:23.835   612   612 F libc    : failed to exec crash_dump helper: No such file or directory
12-19 15:53:23.835   609   609 F libc    : crash_dump helper failed to exec, or was killed
12-19 15:53:23.835   609   609 F libc    : failed to wait for crash_dump helper: No child processes
12-19 15:53:23.844   610   610 I keystore2: keystore2_main: Keystore2 is starting.
12-19 15:53:23.844   610   610 I keystore2: keystore2_main: Starting thread pool now.
12-19 15:53:23.844   610   613 I keystore2: getDeviceHalManifest: Reading VINTF information.
12-19 15:53:23.846   610   613 E keystore2: getDeviceHalManifest: status from fetching VINTF information: -22
12-19 15:53:23.846   610   613 E keystore2: getDeviceHalManifest: -22 VINTF parse error: Illformed file: /vendor/etc/vintf/manifest/android.hardware.security.keymint-service-qti.xml: Unrecognized manifest.version 8.0 (libvintf@4.0)
12-19 15:53:23.846   610   610 I keystore2: getDeviceHalManifest: Reading VINTF information.
12-19 15:53:23.846   610   613 F libc    : Fatal signal 11 (SIGSEGV), code 1 (SEGV_MAPERR), fault addr 0x0 in tid 613 (keystore2), pid 610 (Binder:610_2)
12-19 15:53:23.847   617   617 F libc    : failed to exec crash_dump helper: No such file or directory
12-19 15:53:23.847   610   613 F libc    : crash_dump helper failed to exec, or was killed
12-19 15:53:23.847   610   613 F libc    : failed to wait for crash_dump helper: No child processes
12-19 15:53:24.027   431   431 W ServiceManager: Waited one second for android.system.keystore2.IKeystoreService/default (is service started? are binder threads started and available?)
12-19 15:53:24.027   428   428 I servicemanager: Since 'android.system.keystore2.IKeystoreService/default' could not be found, trying to start it as a lazy AIDL service
12-19 15:53:24.027   428   618 W libc    : Unable to set property "ctl.interface_start" to "aidl/android.system.keystore2.IKeystoreService/default": error code: 0x20
12-19 15:53:24.027   428   618 I servicemanager: Tried to start aidl service android.system.keystore2.IKeystoreService/default as a lazy service, but was unable to. Usually this happens when a service is not installed, but if the service is intended to be used as a lazy service, then it may be configured incorrectly.
12-19 15:53:25.027   431   431 W ServiceManager: Waited one second for android.system.keystore2.IKeystoreService/default (is service started? are binder threads started and available?)
12-19 15:53:25.027   428   428 I servicemanager: Since 'android.system.keystore2.IKeystoreService/default' could not be found, trying to start it as a lazy AIDL service
12-19 15:53:25.027   428   619 W libc    : Unable to set property "ctl.interface_start" to "aidl/android.system.keystore2.IKeystoreService/default": error code: 0x20
12-19 15:53:25.027   428   619 I servicemanager: Tried to start aidl service android.system.keystore2.IKeystoreService/default as a lazy service, but was unable to. Usually this happens when a service is not installed, but if the service is intended to be used as a lazy service, then it may be configured incorrectly.
12-19 15:53:26.027   431   431 W ServiceManager: Waited one second for android.system.keystore2.IKeystoreService/default (is service started? are binder threads started and available?)
12-19 15:53:26.027   428   428 I servicemanager: Since 'android.system.keystore2.IKeystoreService/default' could not be found, trying to start it as a lazy AIDL service
12-19 15:53:26.027   428   620 W libc    : Unable to set property "ctl.interface_start" to "aidl/android.system.keystore2.IKeystoreService/default": error code: 0x20
12-19 15:53:26.027   428   620 I servicemanager: Tried to start aidl service android.system.keystore2.IKeystoreService/default as a lazy service, but was unable to. Usually this happens when a service is not installed, but if the service is intended to be used as a lazy service, then it may be configured incorrectly.
12-19 15:53:27.027   431   431 W ServiceManager: Waited one second for android.system.keystore2.IKeystoreService/default (is service started? are binder threads started and available?)
12-19 15:53:27.027   428   428 I servicemanager: Since 'android.system.keystore2.IKeystoreService/default' could not be found, trying to start it as a lazy AIDL service
12-19 15:53:27.027   428   621 W libc    : Unable to set property "ctl.interface_start" to "aidl/android.system.keystore2.IKeystoreService/default": error code: 0x20
12-19 15:53:27.027   428   621 I servicemanager: Tried to start aidl service android.system.keystore2.IKeystoreService/default as a lazy service, but was unable to. Usually this happens when a service is not installed, but if the service is intended to be used as a lazy service, then it may be configured incorrectly.
12-19 15:53:28.027   431   431 W ServiceManager: Waited one second for android.system.keystore2.IKeystoreService/default (is service started? are binder threads started and available?)
12-19 15:53:28.027   428   428 I servicemanager: Since 'android.system.keystore2.IKeystoreService/default' could not be found, trying to start it as a lazy AIDL service
12-19 15:53:28.028   428   622 W libc    : Unable to set property "ctl.interface_start" to "aidl/android.system.keystore2.IKeystoreService/default": error code: 0x20
12-19 15:53:28.028   428   622 I servicemanager: Tried to start aidl service android.system.keystore2.IKeystoreService/default as a lazy service, but was unable to. Usually this happens when a service is not installed, but if the service is intended to be used as a lazy service, then it may be configured incorrectly.
12-19 15:53:28.831   623   623 E cutils-trace: Error opening trace file: No such file or directory (2)
12-19 15:53:28.834   624   624 E cutils-trace: Error opening trace file: No such file or directory (2)
12-19 15:53:28.834   427   427 I hwservicemanager: getDeviceHalManifest: Reading VINTF information.
12-19 15:53:28.835   427   427 E hwservicemanager: getDeviceHalManifest: status from fetching VINTF information: -22
12-19 15:53:28.835   427   427 E hwservicemanager: getDeviceHalManifest: -22 VINTF parse error: Illformed file: /vendor/etc/vintf/manifest/android.hardware.security.keymint-service-qti.xml: Unrecognized manifest.version 8.0 (libvintf@4.0)
12-19 15:53:28.835   427   427 I hwservicemanager: getTransport: Cannot find entry android.hardware.boot@1.0::IBootControl/default in either framework or device VINTF manifest.
12-19 15:53:28.835   427   427 I hwservicemanager: getDeviceHalManifest: Reading VINTF information.
12-19 15:53:28.836   427   427 E hwservicemanager: getDeviceHalManifest: status from fetching VINTF information: -22
12-19 15:53:28.836   427   427 E hwservicemanager: getDeviceHalManifest: -22 VINTF parse error: Illformed file: /vendor/etc/vintf/manifest/android.hardware.security.keymint-service-qti.xml: Unrecognized manifest.version 8.0 (libvintf@4.0)
12-19 15:53:28.836   427   427 I hwservicemanager: getTransport: Cannot find entry android.hardware.health@2.0::IHealth/default in either framework or device VINTF manifest.
12-19 15:53:28.836   623   623 E LegacySupport: Could not get passthrough implementation for android.hardware.boot@1.0::IBootControl/default.
12-19 15:53:28.837   624   624 E HidlServiceManagement: Could not find instance 'default' in library android.hardware.health@2.0-impl-default.so. Keeping library open.
12-19 15:53:28.837   624   624 I android.hardware.health@2.1-service: default instance initializing with healthd_config...
12-19 15:53:28.837   427   427 I hwservicemanager: getDeviceHalManifest: Reading VINTF information.
12-19 15:53:28.838   427   427 E hwservicemanager: getDeviceHalManifest: status from fetching VINTF information: -22
12-19 15:53:28.838   427   427 E hwservicemanager: getDeviceHalManifest: -22 VINTF parse error: Illformed file: /vendor/etc/vintf/manifest/android.hardware.security.keymint-service-qti.xml: Unrecognized manifest.version 8.0 (libvintf@4.0)
12-19 15:53:28.838   427   427 I hwservicemanager: getTransport: Cannot find entry android.hardware.health@2.1::IHealth/default in either framework or device VINTF manifest.
12-19 15:53:28.838   624   624 E HidlServiceManagement: Service android.hardware.health@2.1::IHealth/default must be in VINTF manifest in order to register/get.
12-19 15:53:28.838   624   624 F android.hardware.health@2.1-service: Check failed: registerAsService(instance_name()) == android::OK (registerAsService(instance_name())=-2147483648, android::OK=0) default: Failed to register HAL
12-19 15:53:28.838   624   624 F libc    : Fatal signal 6 (SIGABRT), code -1 (SI_QUEUE) in tid 624 (android.hardwar), pid 624 (android.hardwar)
12-19 15:53:28.839   627   627 F libc    : failed to exec crash_dump helper: No such file or directory
12-19 15:53:28.839   624   624 F libc    : crash_dump helper failed to exec, or was killed
12-19 15:53:28.839   624   624 F libc    : failed to wait for crash_dump helper: No child processes
12-19 15:53:28.847   625   625 I keystore2: keystore2_main: Keystore2 is starting.
12-19 15:53:28.847   625   625 I keystore2: keystore2_main: Starting thread pool now.
12-19 15:53:28.847   625   628 I keystore2: getDeviceHalManifest: Reading VINTF information.
12-19 15:53:28.849   625   628 E keystore2: getDeviceHalManifest: status from fetching VINTF information: -22
12-19 15:53:28.849   625   628 E keystore2: getDeviceHalManifest: -22 VINTF parse error: Illformed file: /vendor/etc/vintf/manifest/android.hardware.security.keymint-service-qti.xml: Unrecognized manifest.version 8.0 (libvintf@4.0)
12-19 15:53:28.849   625   625 I keystore2: getDeviceHalManifest: Reading VINTF information.
12-19 15:53:28.849   625   628 F libc    : Fatal signal 11 (SIGSEGV), code 1 (SEGV_MAPERR), fault addr 0x0 in tid 628 (keystore2), pid 625 (Binder:625_2)
12-19 15:53:28.850   632   632 F libc    : failed to exec crash_dump helper: No such file or directory
12-19 15:53:28.850   625   628 F libc    : crash_dump helper failed to exec, or was killed
12-19 15:53:28.850   625   628 F libc    : failed to wait for crash_dump helper: No child processes
12-19 15:53:29.028   431   431 W ServiceManager: Waited one second for android.system.keystore2.IKeystoreService/default (is service started? are binder threads started and available?)
12-19 15:53:29.028   428   428 I servicemanager: Since 'android.system.keystore2.IKeystoreService/default' could not be found, trying to start it as a lazy AIDL service
12-19 15:53:29.028   428   634 W libc    : Unable to set property "ctl.interface_start" to "aidl/android.system.keystore2.IKeystoreService/default": error code: 0x20
12-19 15:53:29.028   428   634 I servicemanager: Tried to start aidl service android.system.keystore2.IKeystoreService/default as a lazy service, but was unable to. Usually this happens when a service is not installed, but if the service is intended to be used as a lazy service, then it may be configured incorrectly.
12-19 15:53:30.028   431   431 W ServiceManager: Waited one second for android.system.keystore2.IKeystoreService/default (is service started? are binder threads started and available?)
12-19 15:53:30.028   428   428 I servicemanager: Since 'android.system.keystore2.IKeystoreService/default' could not be found, trying to start it as a lazy AIDL service
12-19 15:53:30.028   428   635 W libc    : Unable to set property "ctl.interface_start" to "aidl/android.system.keystore2.IKeystoreService/default": error code: 0x20
