03-23 01:53:27.420   150   150 I init    : Loading module /lib/modules/coresight-replicator.ko with args ''
03-23 01:53:27.420   144   144 I init    : Loading module /lib/modules/coresight-funnel.ko with args ''
03-23 01:53:27.420   147   147 I <haptic_hv>aw_i2c_init: aw_haptic driver version v1.9.0.8
03-23 01:53:27.420   147   147 I init    : Loaded kernel module /lib/modules/haptic.ko
03-23 01:53:27.420   147   147 I init    : Loading module /lib/modules/coresight-trace-noc.ko with args ''
03-23 01:53:27.421   148   148 I init    : Loaded kernel module /lib/modules/stm_heartbeat.ko
03-23 01:53:27.421   148   148 I init    : Loading module /lib/modules/coresight-tgu.ko with args ''
03-23 01:53:27.421   149   149 I init    : Loaded kernel module /lib/modules/qti_amoled_ecm.ko
03-23 01:53:27.421   149   149 I init    : Loading module /lib/modules/coresight-csr.ko with args ''
03-23 01:53:27.421   147   147 I init    : Loaded kernel module /lib/modules/coresight-trace-noc.ko
03-23 01:53:27.421   147   147 I init    : Loading module /lib/modules/stm_console.ko with args ''
03-23 01:53:27.421   145   145 I init    : Loaded kernel module /lib/modules/socinfo.ko
03-23 01:53:27.421   145   145 I init    : Loading module /lib/modules/gh_rm_drv.ko with args ''
03-23 01:53:27.421   148   148 I init    : Loaded kernel module /lib/modules/coresight-tgu.ko
03-23 01:53:27.421   147   147 I init    : Loaded kernel module /lib/modules/stm_console.ko
03-23 01:53:27.421   146   146 E qmi-cooling-device soc: qmi-tmd-devices: QMI[0x43] handle init failed. err:-517
03-23 01:53:27.422   143   143 I init    : Loaded kernel module /lib/modules/qcom_smd.ko
03-23 01:53:27.422   149   149 I init    : Loaded kernel module /lib/modules/coresight-csr.ko
03-23 01:53:27.422   146   146 I init    : Loaded kernel module /lib/modules/qti_qmi_cdev.ko
03-23 01:53:27.422   150   150 I init    : Loaded kernel module /lib/modules/coresight-replicator.ko
03-23 01:53:27.422    10    10 E coresight-qmi soc: turing-qmi: qmi client init failed ret:-517
03-23 01:53:27.422    10    10 E coresight-qmi soc: wpss-qmi: qmi client init failed ret:-517
03-23 01:53:27.423    10    10 E coresight-qmi soc: audio-qmi: qmi client init failed ret:-517
03-23 01:53:27.423    10    10 E coresight-qmi soc: modem0-qmi: qmi client init failed ret:-517
03-23 01:53:27.423   144   144 I init    : Loaded kernel module /lib/modules/coresight-funnel.ko
03-23 01:53:27.423    10    10 E coresight-qmi soc: modem2-qmi: qmi client init failed ret:-517
03-23 01:53:27.423    10    10 E rdbg    : failed get smem state
03-23 01:53:27.423    10    10 E rdbg_probe: register_smp2p_out failed for rdbg_adsp
03-23 01:53:27.423    10    10 E rdbg    : failed get smem state
03-23 01:53:27.423    10    10 E rdbg_probe: register_smp2p_out failed for rdbg_cdsp
03-23 01:53:27.423   145   145 W gunyah_rsc_mgr hypervisor: qcom,resource-manager-rpc@0ec760e3d0059004: RM rejected message 5600000a. Error: 3
03-23 01:53:27.423   145   145 E gh_rm_vm_auth_image: VM_AUTH_IMAGE failed with err: -1
03-23 01:53:27.423   145   145 E         : Ignore previous errors about failed auth call
03-23 01:53:27.424    10    10 E qmi-therm-sensors-v2 soc: qmi-ts-sensors: QMI[0x0] handle init failed. err:-517
03-23 01:53:27.424    10    10 E qmi-cooling-device soc: qmi-tmd-devices: QMI[0x43] handle init failed. err:-517
03-23 01:53:27.424    10    10 E coresight-qmi soc: turing-qmi: qmi client init failed ret:-517
03-23 01:53:27.424    10    10 E coresight-qmi soc: wpss-qmi: qmi client init failed ret:-517
03-23 01:53:27.424   145   145 I gh_rm_setup_feature_scm_assign: gh_feature_use_scm_assign mem Disabled
03-23 01:53:27.425    10    10 E coresight-qmi soc: audio-qmi: qmi client init failed ret:-517
03-23 01:53:27.425   145   145 I init    : Loaded kernel module /lib/modules/gh_rm_drv.ko
03-23 01:53:27.425    10    10 E coresight-qmi soc: modem0-qmi: qmi client init failed ret:-517
03-23 01:53:27.425    10    10 E coresight-qmi soc: modem2-qmi: qmi client init failed ret:-517
03-23 01:53:27.425    10    10 E rdbg    : failed get smem state
03-23 01:53:27.425    10    10 E rdbg_probe: register_smp2p_out failed for rdbg_adsp
03-23 01:53:27.425    10    10 E rdbg    : failed get smem state
03-23 01:53:27.425    10    10 E rdbg_probe: register_smp2p_out failed for rdbg_cdsp
03-23 01:53:27.425   161   161 I init    : Loading module /lib/modules/gh_rm_booster.ko with args ''
03-23 01:53:27.425   163   163 I init    : Loading module /lib/modules/coresight-stm.ko with args ''
03-23 01:53:27.425   167   167 I init    : Loading module /lib/modules/coresight-remote-etm.ko with args ''
03-23 01:53:27.425   162   162 I init    : Loading module /lib/modules/gh_mem_notifier.ko with args ''
03-23 01:53:27.425   164   164 I init    : Loading module /lib/modules/qcom-pmu-lib.ko with args ''
03-23 01:53:27.426   165   165 I init    : Loading module /lib/modules/cpu_mpam.ko with args ''
03-23 01:53:27.426    10    10 E qmi-therm-sensors-v2 soc: qmi-ts-sensors: QMI[0x0] handle init failed. err:-517
03-23 01:53:27.426    10    10 E qmi-cooling-device soc: qmi-tmd-devices: QMI[0x43] handle init failed. err:-517
03-23 01:53:27.426   162   162 I init    : Loaded kernel module /lib/modules/gh_mem_notifier.ko
03-23 01:53:27.426    10    10 E coresight-qmi soc: turing-qmi: qmi client init failed ret:-517
03-23 01:53:27.426   167   167 I coresight-remote-etm soc: turing-etm0: Remote ETM initialized
03-23 01:53:27.426   162   162 I init    : Loading module /lib/modules/platform_mpam.ko with args ''
03-23 01:53:27.426   163   163 I init    : Loaded kernel module /lib/modules/coresight-stm.ko
03-23 01:53:27.426    10    10 E coresight-qmi soc: wpss-qmi: qmi client init failed ret:-517
03-23 01:53:27.426   163   163 I init    : Loading module /lib/modules/sched-walt.ko with args ''
03-23 01:53:27.427    10    10 E coresight-qmi soc: audio-qmi: qmi client init failed ret:-517
03-23 01:53:27.427   167   167 I coresight-remote-etm soc: wpss_etm0: Remote ETM initialized
03-23 01:53:27.427    10    10 E coresight-qmi soc: modem0-qmi: qmi client init failed ret:-517
03-23 01:53:27.427   167   167 I coresight-remote-etm soc: modem-etm0: Remote ETM initialized
03-23 01:53:27.427   164   164 I init    : Loaded kernel module /lib/modules/qcom-pmu-lib.ko
03-23 01:53:27.427   164   164 I init    : Loading module /lib/modules/coresight-dummy.ko with args ''
03-23 01:53:27.427   168   168 I init    : Loading module /lib/modules/coresight-uetm.ko with args ''
03-23 01:53:27.427   167   167 I coresight-remote-etm soc: modem2-etm0: Remote ETM initialized
03-23 01:53:27.427   162   162 I init    : Loaded kernel module /lib/modules/platform_mpam.ko
03-23 01:53:27.427   165   165 E cpu-mpam soc: qcom,cpu_mpam: cpu mpam does not have monitoring support
03-23 01:53:27.427   162   162 I init    : Loading module /lib/modules/qcom-scm.ko with args ''
03-23 01:53:27.427   167   167 I coresight-remote-etm soc: audio_etm0: Remote ETM initialized
03-23 01:53:27.427   167   167 I init    : Loaded kernel module /lib/modules/coresight-remote-etm.ko
03-23 01:53:27.428   165   165 I init    : Loaded kernel module /lib/modules/cpu_mpam.ko
03-23 01:53:27.428    10    10 E coresight-qmi soc: modem2-qmi: qmi client init failed ret:-517
03-23 01:53:27.428   168   168 I init    : Loaded kernel module /lib/modules/coresight-uetm.ko
03-23 01:53:27.428    10    10 E rdbg    : failed get smem state
03-23 01:53:27.428    10    10 E rdbg_probe: register_smp2p_out failed for rdbg_adsp
03-23 01:53:27.428    10    10 E rdbg    : failed get smem state
03-23 01:53:27.428    10    10 E rdbg_probe: register_smp2p_out failed for rdbg_cdsp
03-23 01:53:27.429   164   164 I init    : Loaded kernel module /lib/modules/coresight-dummy.ko
03-23 01:53:27.429   162   162 I qcom-scm: __get_convention: qcom_scm: convention: smc arm 64
03-23 01:53:27.429   162   162 I qcom-scm: qcom_scm_query_wq_queue_info: WQ Info, feature: 1 call_ctx_cnt: 2 irq: 962
03-23 01:53:27.429   162   162 E         : qtee shmbridge registered default bridge with size 4194304 bytes
03-23 01:53:27.429    10    10 E qmi-therm-sensors-v2 soc: qmi-ts-sensors: QMI[0x0] handle init failed. err:-517
03-23 01:53:27.429   161   161 I init    : Loaded kernel module /lib/modules/gh_rm_booster.ko
03-23 01:53:27.429    10    10 E qmi-cooling-device soc: qmi-tmd-devices: QMI[0x43] handle init failed. err:-517
03-23 01:53:27.430    10    10 E coresight-qmi soc: turing-qmi: qmi client init failed ret:-517
03-23 01:53:27.430    10    10 E coresight-qmi soc: wpss-qmi: qmi client init failed ret:-517
03-23 01:53:27.430    10    10 E coresight-qmi soc: audio-qmi: qmi client init failed ret:-517
03-23 01:53:27.430    10    10 E coresight-qmi soc: modem0-qmi: qmi client init failed ret:-517
03-23 01:53:27.430    10    10 E coresight-qmi soc: modem2-qmi: qmi client init failed ret:-517
03-23 01:53:27.430   162   162 W         : shmbridge is enabled
03-23 01:53:27.430    10    10 E rdbg    : failed get smem state
03-23 01:53:27.430    10    10 E rdbg_probe: register_smp2p_out failed for rdbg_adsp
03-23 01:53:27.430    10    10 E rdbg    : failed get smem state
03-23 01:53:27.430    10    10 E rdbg_probe: register_smp2p_out failed for rdbg_cdsp
03-23 01:53:27.431    10    10 E qmi-therm-sensors-v2 soc: qmi-ts-sensors: QMI[0x0] handle init failed. err:-517
03-23 01:53:27.432   162   162 E qcom-scm: scm_mem_protection_init_do: SCM call failed 0, resp 7
03-23 01:53:27.432   162   162 E         : MEM protection Not enabled, 7
03-23 01:53:27.432    10    10 E qmi-cooling-device soc: qmi-tmd-devices: QMI[0x43] handle init failed. err:-517
03-23 01:53:27.432   162   162 I init    : Loaded kernel module /lib/modules/qcom-scm.ko
03-23 01:53:27.433    10    10 E coresight-qmi soc: turing-qmi: qmi client init failed ret:-517
03-23 01:53:27.433    10    10 E coresight-qmi soc: wpss-qmi: qmi client init failed ret:-517
03-23 01:53:27.433    10    10 E coresight-qmi soc: audio-qmi: qmi client init failed ret:-517
03-23 01:53:27.433    10    10 E coresight-qmi soc: modem0-qmi: qmi client init failed ret:-517
03-23 01:53:27.433    10    10 E coresight-qmi soc: modem2-qmi: qmi client init failed ret:-517
03-23 01:53:27.433    10    10 E rdbg    : failed get smem state
03-23 01:53:27.433    10    10 E rdbg_probe: register_smp2p_out failed for rdbg_adsp
03-23 01:53:27.433    10    10 E rdbg    : failed get smem state
03-23 01:53:27.433    10    10 E rdbg_probe: register_smp2p_out failed for rdbg_cdsp
03-23 01:53:27.434   163   163 I init    : Loaded kernel module /lib/modules/sched-walt.ko
03-23 01:53:27.434    10    10 E qmi-therm-sensors-v2 soc: qmi-ts-sensors: QMI[0x0] handle init failed. err:-517
03-23 01:53:27.434    10    10 E qmi-cooling-device soc: qmi-tmd-devices: QMI[0x43] handle init failed. err:-517
03-23 01:53:27.435   184   184 I init    : Loading module /lib/modules/qcom_iommu_util.ko with args ''
03-23 01:53:27.435   183   183 I init    : Loading module /lib/modules/thermal_pause.ko with args ''
03-23 01:53:27.435   186   186 I init    : Loading module /lib/modules/spmi-pmic-err-debug.ko with args ''
03-23 01:53:27.435   185   185 I init    : Loading module /lib/modules/cpucp_fast.ko with args ''
03-23 01:53:27.435   182   182 I init    : Loading module /lib/modules/phy-msm-snps-eusb2.ko with args ''
03-23 01:53:27.435   187   187 I init    : Loading module /lib/modules/qcom_cpuss_sleep_stats.ko with args ''
03-23 01:53:27.435   189   189 I init    : Loading module /lib/modules/qcom_ice.ko with args ''
03-23 01:53:27.435   188   188 I init    : Loading module /lib/modules/eud.ko with args ''
03-23 01:53:27.435   140   140 E         : [NT_reserve_kernel_log] Get partition failed, retry count 199
03-23 01:53:27.435   187   187 W qcom_cpuss_sleep_stats: probe of 17800054.cpuss-sleep-stats failed with error -22
03-23 01:53:27.436   186   186 I init    : Loaded kernel module /lib/modules/spmi-pmic-err-debug.ko
03-23 01:53:27.436   186   186 I init    : Loading module /lib/modules/mdt_loader.ko with args ''
03-23 01:53:27.436   185   185 I init    : Loaded kernel module /lib/modules/cpucp_fast.ko
03-23 01:53:27.436   185   185 I init    : Loading module /lib/modules/slc_mpam.ko with args ''
03-23 01:53:27.437   187   187 I init    : Loaded kernel module /lib/modules/qcom_cpuss_sleep_stats.ko
03-23 01:53:27.437   187   187 I init    : Loading module /lib/modules/msm_performance.ko with args ''
03-23 01:53:27.437    10    10 E coresight-qmi soc: turing-qmi: qmi client init failed ret:-517
03-23 01:53:27.437   184   184 I qcom_dma_iommu soc: dma_dev: assigned reserved memory node linux,cma
03-23 01:53:27.437    10    10 E coresight-qmi soc: wpss-qmi: qmi client init failed ret:-517
03-23 01:53:27.437   188   188 I init    : Loaded kernel module /lib/modules/eud.ko
03-23 01:53:27.437   186   186 I init    : Loaded kernel module /lib/modules/mdt_loader.ko
03-23 01:53:27.437   188   188 I init    : Loading module /lib/modules/msm_sharedmem.ko with args ''
03-23 01:53:27.437   186   186 I init    : Loading module /lib/modules/phy-msm-m31-eusb2.ko with args ''
03-23 01:53:27.437   183   183 I init    : Loaded kernel module /lib/modules/thermal_pause.ko
03-23 01:53:27.437    10    10 E coresight-qmi soc: audio-qmi: qmi client init failed ret:-517
03-23 01:53:27.437   189   189 I init    : Loaded kernel module /lib/modules/qcom_ice.ko
03-23 01:53:27.437   183   183 I init    : Loading module /lib/modules/qcom_lpm.ko with args ''
03-23 01:53:27.437   189   189 I init    : Loading module /lib/modules/si_core_module.ko with args ''
03-23 01:53:27.437   182   182 I init    : Loaded kernel module /lib/modules/phy-msm-snps-eusb2.ko
03-23 01:53:27.437   182   182 I init    : Loading module /lib/modules/governor_msm_adreno_tz.ko with args ''
03-23 01:53:27.437   184   184 I         : DMA preallocated 2048 KiB GFP_KERNEL pool for atomic allocations
03-23 01:53:27.437    10    10 E coresight-qmi soc: modem0-qmi: qmi client init failed ret:-517
03-23 01:53:27.437    10    10 E coresight-qmi soc: modem2-qmi: qmi client init failed ret:-517
03-23 01:53:27.438   184   184 I init    : Loaded kernel module /lib/modules/qcom_iommu_util.ko
03-23 01:53:27.438   186   186 I init    : Loaded kernel module /lib/modules/phy-msm-m31-eusb2.ko
03-23 01:53:27.438   184   184 I init    : Loading module /lib/modules/coresight-tmc-sec.ko with args ''
03-23 01:53:27.438   186   186 I init    : Loading module /lib/modules/coresight-tpdm.ko with args ''
03-23 01:53:27.438    10    10 E rdbg    : failed get smem state
03-23 01:53:27.438    10    10 E rdbg_probe: register_smp2p_out failed for rdbg_adsp
03-23 01:53:27.438   182   182 I init    : Loaded kernel module /lib/modules/governor_msm_adreno_tz.ko
03-23 01:53:27.438   182   182 I init    : Loading module /lib/modules/secure_buffer.ko with args ''
03-23 01:53:27.438    10    10 E rdbg    : failed get smem state
03-23 01:53:27.438    10    10 E rdbg_probe: register_smp2p_out failed for rdbg_cdsp
03-23 01:53:27.438   185   185 I init    : Loaded kernel module /lib/modules/slc_mpam.ko
03-23 01:53:27.438   185   185 I init    : Loading module /lib/modules/secure_buffer.ko with args ''
03-23 01:53:27.439   184   184 I init    : Loaded kernel module /lib/modules/coresight-tmc-sec.ko
03-23 01:53:27.439   187   187 I init    : Loaded kernel module /lib/modules/msm_performance.ko
03-23 01:53:27.439   188   188 I msm_sharedmem: msm_sharedmem_probe: Device created for client 'rmtfs'
03-23 01:53:27.440   182   182 I init    : Loaded kernel module /lib/modules/secure_buffer.ko
03-23 01:53:27.440   185   185 I init    : Loaded kernel module /lib/modules/secure_buffer.ko
03-23 01:53:27.440   189   189 I init    : Loaded kernel module /lib/modules/si_core_module.ko
03-23 01:53:27.440   182   182 I init    : Loading module /lib/modules/mem_buf_dev.ko with args ''
03-23 01:53:27.440    10    10 E qmi-therm-sensors-v2 soc: qmi-ts-sensors: QMI[0x0] handle init failed. err:-517
03-23 01:53:27.440   188   188 I init    : Loaded kernel module /lib/modules/msm_sharedmem.ko
03-23 01:53:27.440   186   186 I coresight-static-tpdm soc: tpdm@10981000: static tpdm initialized
03-23 01:53:27.440   186   186 I coresight-static-tpdm soc: tpdm@10801000: static tpdm initialized
03-23 01:53:27.440   183   183 I cpuidle : using governor qcom-cpu-lpm
03-23 01:53:27.440   186   186 I coresight-static-tpdm soc: tpdm@1080d000: static tpdm initialized
03-23 01:53:27.440    10    10 E qmi-cooling-device soc: qmi-tmd-devices: QMI[0x43] handle init failed. err:-517
03-23 01:53:27.441   186   186 I init    : Loaded kernel module /lib/modules/coresight-tpdm.ko
03-23 01:53:27.441    10    10 E coresight-qmi soc: turing-qmi: qmi client init failed ret:-517
03-23 01:53:27.441    10    10 E coresight-qmi soc: wpss-qmi: qmi client init failed ret:-517
03-23 01:53:27.441    10    10 E coresight-qmi soc: audio-qmi: qmi client init failed ret:-517
03-23 01:53:27.441   182   182 I init    : Loaded kernel module /lib/modules/mem_buf_dev.ko
03-23 01:53:27.441   182   182 I init    : Loading module /lib/modules/qcom_dma_heaps.ko with args ''
03-23 01:53:27.441    10    10 E coresight-qmi soc: modem0-qmi: qmi client init failed ret:-517
03-23 01:53:27.442    10    10 E coresight-qmi soc: modem2-qmi: qmi client init failed ret:-517
03-23 01:53:27.442    10    10 E rdbg    : failed get smem state
03-23 01:53:27.442    10    10 E rdbg_probe: register_smp2p_out failed for rdbg_adsp
03-23 01:53:27.442    10    10 E rdbg    : failed get smem state
03-23 01:53:27.442    10    10 E rdbg_probe: register_smp2p_out failed for rdbg_cdsp
03-23 01:53:27.442   182   182 E reserve_pool: dynamic_reserve_pool_create_start: start
03-23 01:53:27.442   183   183 I init    : Loaded kernel module /lib/modules/qcom_lpm.ko
03-23 01:53:27.442   182   182 E reserve_pool: Created proc entry inpool_pid_0
03-23 01:53:27.442   182   182 E reserve_pool: Created proc entry inpool_pid_1
03-23 01:53:27.442   182   182 E reserve_pool: Created proc entry inpool_pid_2
03-23 01:53:27.442   182   182 E reserve_pool: Created proc entry inpool_pid_3
03-23 01:53:27.442   182   182 I qcom_system_heap_create: DMA-BUF Heap: Created 'qcom,system'
03-23 01:53:27.442   182   182 I qcom_system_heap_create: DMA-BUF Heap: Created 'system'
03-23 01:53:27.442   182   182 I qcom_secure_system_heap_create: DMA-BUF Heap: Created 'qcom,secure-pixel'
03-23 01:53:27.442   182   182 I qcom_secure_system_heap_create: DMA-BUF Heap: Created 'qcom,secure-non-pixel'
03-23 01:53:27.443   182   182 I platform soc: qcom,dma-heaps:qcom,display: assigned reserved memory node non_secure_display_region
03-23 01:53:27.443   182   182 I platform soc: qcom,dma-heaps:qcom,secure_cdsp: assigned reserved memory node secure_cdsp_region
03-23 01:53:27.443   182   182 I platform soc: qcom,dma-heaps:qcom,qseecom: assigned reserved memory node qseecom_region
03-23 01:53:27.444   182   182 I platform soc: qcom,dma-heaps:qcom,qseecom_ta: assigned reserved memory node qseecom_ta_region
03-23 01:53:27.444   182   182 I qcom_dma_heap_probe: DMA-BUF Heap: Created qcom,display
03-23 01:53:27.444   182   182 I qcom_dma_heap_probe: DMA-BUF Heap: Created qcom,cma-secure-cdsp
03-23 01:53:27.444   182   182 I qcom_dma_heap_probe: DMA-BUF Heap: Created qcom,qseecom
03-23 01:53:27.444   182   182 I qcom_dma_heap_probe: DMA-BUF Heap: Created qcom,qseecom-ta
03-23 01:53:27.445    10    10 E qmi-therm-sensors-v2 soc: qmi-ts-sensors: QMI[0x0] handle init failed. err:-517
03-23 01:53:27.445   182   182 I init    : Loaded kernel module /lib/modules/qcom_dma_heaps.ko
03-23 01:53:27.445   182   182 I init    : Loading module /lib/modules/minidump.ko with args ''
03-23 01:53:27.446    10    10 E qmi-cooling-device soc: qmi-tmd-devices: QMI[0x43] handle init failed. err:-517
03-23 01:53:27.447    10    10 E coresight-qmi soc: turing-qmi: qmi client init failed ret:-517
03-23 01:53:27.447    10    10 E coresight-qmi soc: wpss-qmi: qmi client init failed ret:-517
03-23 01:53:27.447    10    10 E coresight-qmi soc: audio-qmi: qmi client init failed ret:-517
03-23 01:53:27.448    10    10 E coresight-qmi soc: modem0-qmi: qmi client init failed ret:-517
03-23 01:53:27.448    10    10 E coresight-qmi soc: modem2-qmi: qmi client init failed ret:-517
03-23 01:53:27.449    10    10 E rdbg    : failed get smem state
03-23 01:53:27.449    10    10 E rdbg_probe: register_smp2p_out failed for rdbg_adsp
03-23 01:53:27.449    10    10 E rdbg    : failed get smem state
03-23 01:53:27.449    10    10 E rdbg_probe: register_smp2p_out failed for rdbg_cdsp
03-23 01:53:27.475   140   140 E         : [NT_reserve_kernel_log] Get partition failed, retry count 198
03-23 01:53:27.479   182   182 I Minidump: Enabled with max number of regions 200
03-23 01:53:27.480    10    10 E qmi-therm-sensors-v2 soc: qmi-ts-sensors: QMI[0x0] handle init failed. err:-517
03-23 01:53:27.480   182   182 I init    : Loaded kernel module /lib/modules/minidump.ko
03-23 01:53:27.480   182   182 I init    : Loading module /lib/modules/qcom_ipc_logging.ko with args ''
03-23 01:53:27.480    10    10 E qmi-cooling-device soc: qmi-tmd-devices: QMI[0x43] handle init failed. err:-517
03-23 01:53:27.480    10    10 E coresight-qmi soc: turing-qmi: qmi client init failed ret:-517
03-23 01:53:27.480    10    10 E coresight-qmi soc: wpss-qmi: qmi client init failed ret:-517
03-23 01:53:27.480    10    10 E coresight-qmi soc: audio-qmi: qmi client init failed ret:-517
03-23 01:53:27.480    10    10 E coresight-qmi soc: modem0-qmi: qmi client init failed ret:-517
03-23 01:53:27.480    10    10 E coresight-qmi soc: modem2-qmi: qmi client init failed ret:-517
03-23 01:53:27.480    10    10 E rdbg    : failed get smem state
03-23 01:53:27.480    10    10 E rdbg_probe: register_smp2p_out failed for rdbg_adsp
03-23 01:53:27.480    10    10 E rdbg    : failed get smem state
03-23 01:53:27.480    10    10 E rdbg_probe: register_smp2p_out failed for rdbg_cdsp
03-23 01:53:27.480   182   182 I init    : Loaded kernel module /lib/modules/qcom_ipc_logging.ko
03-23 01:53:27.480   182   182 I init    : Loading module /lib/modules/qcom-pdc.ko with args ''
03-23 01:53:27.482   182   182 I init    : Loaded kernel module /lib/modules/qcom-pdc.ko
03-23 01:53:27.482   182   182 I init    : Loading module /lib/modules/pinctrl-msm.ko with args ''
03-23 01:53:27.482    86    86 I spmi-0  : PMIC arbiter version v7 (0x70020000)
03-23 01:53:27.482    10    10 E qmi-therm-sensors-v2 soc: qmi-ts-sensors: QMI[0x0] handle init failed. err:-517
03-23 01:53:27.482    10    10 E qmi-cooling-device soc: qmi-tmd-devices: QMI[0x43] handle init failed. err:-517
03-23 01:53:27.483    10    10 I 88e0000.qcom,msm-eud: ttyEUD0 at MMIO 0x0 (irq = 48, base_baud = 0) is a EUD UART
03-23 01:53:27.483    10    10 E coresight-qmi soc: turing-qmi: qmi client init failed ret:-517
03-23 01:53:27.483    10    10 E coresight-qmi soc: wpss-qmi: qmi client init failed ret:-517
03-23 01:53:27.484    10    10 E coresight-qmi soc: audio-qmi: qmi client init failed ret:-517
03-23 01:53:27.484    10    10 E coresight-qmi soc: modem0-qmi: qmi client init failed ret:-517
03-23 01:53:27.484    10    10 E coresight-qmi soc: modem2-qmi: qmi client init failed ret:-517
03-23 01:53:27.484    10    10 E rdbg    : failed get smem state
03-23 01:53:27.484    10    10 E rdbg_probe: register_smp2p_out failed for rdbg_adsp
03-23 01:53:27.484    10    10 E rdbg    : failed get smem state
03-23 01:53:27.484    10    10 E rdbg_probe: register_smp2p_out failed for rdbg_cdsp
03-23 01:53:27.486    10    10 E qmi-therm-sensors-v2 soc: qmi-ts-sensors: QMI[0x0] handle init failed. err:-517
03-23 01:53:27.486    10    10 E qmi-cooling-device soc: qmi-tmd-devices: QMI[0x43] handle init failed. err:-517
03-23 01:53:27.487    10    10 E coresight-qmi soc: turing-qmi: qmi client init failed ret:-517
03-23 01:53:27.487    10    10 E coresight-qmi soc: wpss-qmi: qmi client init failed ret:-517
03-23 01:53:27.487    10    10 E coresight-qmi soc: audio-qmi: qmi client init failed ret:-517
03-23 01:53:27.487    10    10 E coresight-qmi soc: modem0-qmi: qmi client init failed ret:-517
03-23 01:53:27.488    86    86 I /soc/qcom,spmi@c42d000/qcom,pmk8550@0/pinctrl@b800: Fixed dependency cycle(s) with /soc/qcom,spmi@c42d000/qcom,pmk8550@0/pinctrl@b800/alt_sleep_clk/alt_sleep_clk_default
03-23 01:53:27.488    10    10 E coresight-qmi soc: modem2-qmi: qmi client init failed ret:-517
03-23 01:53:27.488    10    10 E rdbg    : failed get smem state
03-23 01:53:27.488    10    10 E rdbg_probe: register_smp2p_out failed for rdbg_adsp
03-23 01:53:27.488    10    10 E rdbg    : failed get smem state
03-23 01:53:27.488    10    10 E rdbg_probe: register_smp2p_out failed for rdbg_cdsp
03-23 01:53:27.490    86    86 I /soc/qcom,spmi@c42d000/qcom,pmxr2230@1/pinctrl@8800: Fixed dependency cycle(s) with /soc/qcom,spmi@c42d000/qcom,pmxr2230@1/pinctrl@8800/uim_level_shift_pin/uim1_level_shift_en_default
03-23 01:53:27.490    86    86 I /soc/qcom,spmi@c42d000/qcom,pmxr2230@1/pinctrl@8800: Fixed dependency cycle(s) with /soc/qcom,spmi@c42d000/qcom,pmxr2230@1/pinctrl@8800/uim_level_shift_pin/uim0_level_shift_en_default
03-23 01:53:27.490    10    10 E qmi-therm-sensors-v2 soc: qmi-ts-sensors: QMI[0x0] handle init failed. err:-517
03-23 01:53:27.490    10    10 E qmi-cooling-device soc: qmi-tmd-devices: QMI[0x43] handle init failed. err:-517
03-23 01:53:27.491    10    10 E coresight-qmi soc: turing-qmi: qmi client init failed ret:-517
03-23 01:53:27.491    10    10 E coresight-qmi soc: wpss-qmi: qmi client init failed ret:-517
03-23 01:53:27.491    10    10 E coresight-qmi soc: audio-qmi: qmi client init failed ret:-517
03-23 01:53:27.491    10    10 E coresight-qmi soc: modem0-qmi: qmi client init failed ret:-517
03-23 01:53:27.491    10    10 E coresight-qmi soc: modem2-qmi: qmi client init failed ret:-517
03-23 01:53:27.492    10    10 E rdbg    : failed get smem state
03-23 01:53:27.492    10    10 E rdbg_probe: register_smp2p_out failed for rdbg_adsp
03-23 01:53:27.492    10    10 E rdbg    : failed get smem state
03-23 01:53:27.492    10    10 E rdbg_probe: register_smp2p_out failed for rdbg_cdsp
03-23 01:53:27.493    10    10 E qmi-therm-sensors-v2 soc: qmi-ts-sensors: QMI[0x0] handle init failed. err:-517
03-23 01:53:27.493    10    10 E qmi-cooling-device soc: qmi-tmd-devices: QMI[0x43] handle init failed. err:-517
03-23 01:53:27.493    10    10 E coresight-qmi soc: turing-qmi: qmi client init failed ret:-517
03-23 01:53:27.493    10    10 E coresight-qmi soc: wpss-qmi: qmi client init failed ret:-517
03-23 01:53:27.493    10    10 E coresight-qmi soc: audio-qmi: qmi client init failed ret:-517
03-23 01:53:27.494    10    10 E coresight-qmi soc: modem0-qmi: qmi client init failed ret:-517
03-23 01:53:27.494    10    10 E coresight-qmi soc: modem2-qmi: qmi client init failed ret:-517
03-23 01:53:27.494    10    10 E rdbg    : failed get smem state
03-23 01:53:27.494    10    10 E rdbg_probe: register_smp2p_out failed for rdbg_adsp
03-23 01:53:27.494    10    10 E rdbg    : failed get smem state
03-23 01:53:27.494    10    10 E rdbg_probe: register_smp2p_out failed for rdbg_cdsp
03-23 01:53:27.494    10    10 E qmi-therm-sensors-v2 soc: qmi-ts-sensors: QMI[0x0] handle init failed. err:-517
03-23 01:53:27.495    10    10 E qmi-cooling-device soc: qmi-tmd-devices: QMI[0x43] handle init failed. err:-517
03-23 01:53:27.495    10    10 E coresight-qmi soc: turing-qmi: qmi client init failed ret:-517
03-23 01:53:27.495    10    10 E coresight-qmi soc: wpss-qmi: qmi client init failed ret:-517
03-23 01:53:27.495    10    10 E coresight-qmi soc: audio-qmi: qmi client init failed ret:-517
03-23 01:53:27.495    10    10 E coresight-qmi soc: modem0-qmi: qmi client init failed ret:-517
03-23 01:53:27.495    10    10 E coresight-qmi soc: modem2-qmi: qmi client init failed ret:-517
03-23 01:53:27.495    10    10 E rdbg    : failed get smem state
03-23 01:53:27.495    10    10 E rdbg_probe: register_smp2p_out failed for rdbg_adsp
03-23 01:53:27.495    10    10 E rdbg    : failed get smem state
03-23 01:53:27.495    10    10 E rdbg_probe: register_smp2p_out failed for rdbg_cdsp
03-23 01:53:27.496    10    10 E qmi-therm-sensors-v2 soc: qmi-ts-sensors: QMI[0x0] handle init failed. err:-517
03-23 01:53:27.496    10    10 E qmi-cooling-device soc: qmi-tmd-devices: QMI[0x43] handle init failed. err:-517
03-23 01:53:27.496    10    10 E coresight-qmi soc: turing-qmi: qmi client init failed ret:-517
03-23 01:53:27.496    10    10 E coresight-qmi soc: wpss-qmi: qmi client init failed ret:-517
03-23 01:53:27.496    10    10 E coresight-qmi soc: audio-qmi: qmi client init failed ret:-517
03-23 01:53:27.496    10    10 E coresight-qmi soc: modem0-qmi: qmi client init failed ret:-517
03-23 01:53:27.496    10    10 E coresight-qmi soc: modem2-qmi: qmi client init failed ret:-517
03-23 01:53:27.496    10    10 E rdbg    : failed get smem state
03-23 01:53:27.496    10    10 E rdbg_probe: register_smp2p_out failed for rdbg_adsp
03-23 01:53:27.497    10    10 E rdbg    : failed get smem state
03-23 01:53:27.497    10    10 E rdbg_probe: register_smp2p_out failed for rdbg_cdsp
03-23 01:53:27.497    10    10 E qmi-therm-sensors-v2 soc: qmi-ts-sensors: QMI[0x0] handle init failed. err:-517
03-23 01:53:27.497    10    10 E qmi-cooling-device soc: qmi-tmd-devices: QMI[0x43] handle init failed. err:-517
03-23 01:53:27.498    10    10 E coresight-qmi soc: turing-qmi: qmi client init failed ret:-517
03-23 01:53:27.498    10    10 E coresight-qmi soc: wpss-qmi: qmi client init failed ret:-517
03-23 01:53:27.498    10    10 E coresight-qmi soc: audio-qmi: qmi client init failed ret:-517
03-23 01:53:27.498    10    10 E coresight-qmi soc: modem0-qmi: qmi client init failed ret:-517
03-23 01:53:27.498    10    10 E coresight-qmi soc: modem2-qmi: qmi client init failed ret:-517
03-23 01:53:27.498    10    10 E rdbg    : failed get smem state
03-23 01:53:27.498    10    10 E rdbg_probe: register_smp2p_out failed for rdbg_adsp
03-23 01:53:27.498    10    10 E rdbg    : failed get smem state
03-23 01:53:27.498    10    10 E rdbg_probe: register_smp2p_out failed for rdbg_cdsp
03-23 01:53:27.498    10    10 E qmi-therm-sensors-v2 soc: qmi-ts-sensors: QMI[0x0] handle init failed. err:-517
03-23 01:53:27.500    10    10 E qmi-cooling-device soc: qmi-tmd-devices: QMI[0x43] handle init failed. err:-517
03-23 01:53:27.502    10    10 E coresight-qmi soc: turing-qmi: qmi client init failed ret:-517
03-23 01:53:27.502   182   182 I init    : Loaded kernel module /lib/modules/pinctrl-msm.ko
03-23 01:53:27.502    10    10 E coresight-qmi soc: wpss-qmi: qmi client init failed ret:-517
03-23 01:53:27.502    10    10 E coresight-qmi soc: audio-qmi: qmi client init failed ret:-517
03-23 01:53:27.502    10    10 I input   : pmic_pwrkey as /devices/platform/soc/c42d000.qcom,spmi/spmi-0/0-00/c42d000.qcom,spmi:qcom,pmk8550@0:pon_hlos@1300/c42d000.qcom,spmi:qcom,pmk8550@0:pon_hlos@1300:pwrkey/input/input0
03-23 01:53:27.502    10    10 E coresight-qmi soc: modem0-qmi: qmi client init failed ret:-517
03-23 01:53:27.502    10    10 I input   : pmic_resin as /devices/platform/soc/c42d000.qcom,spmi/spmi-0/0-00/c42d000.qcom,spmi:qcom,pmk8550@0:pon_hlos@1300/c42d000.qcom,spmi:qcom,pmk8550@0:pon_hlos@1300:resin/input/input1
03-23 01:53:27.502    10    10 E coresight-qmi soc: modem2-qmi: qmi client init failed ret:-517
03-23 01:53:27.502    10    10 E rdbg    : failed get smem state
03-23 01:53:27.502    10    10 E rdbg_probe: register_smp2p_out failed for rdbg_adsp
03-23 01:53:27.502    10    10 E rdbg    : failed get smem state
03-23 01:53:27.502    10    10 E rdbg_probe: register_smp2p_out failed for rdbg_cdsp
03-23 01:53:27.503    10    10 I rtc-pm8xxx c42d000.qcom,spmi: qcom,pmk8550@0:rtc@6100: registered as rtc0
03-23 01:53:27.503   201   201 I init    : Loading module /lib/modules/qcom_va_minidump.ko with args ''
03-23 01:53:27.503   202   202 I init    : Loading module /lib/modules/msm_geni_serial.ko with args ''
03-23 01:53:27.503    10    10 I rtc-pm8xxx c42d000.qcom,spmi: qcom,pmk8550@0:rtc@6100: setting system clock to 1970-03-23T01:53:27 UTC (7005207)
03-23 01:53:27.503   203   203 I init    : Loading module /lib/modules/pinctrl-sun.ko with args ''
03-23 01:53:27.503   204   204 I init    : Loading module /lib/modules/smp2p.ko with args ''
03-23 01:53:27.503   206   206 I init    : Loading module /lib/modules/arm_smmu.ko with args ''
03-23 01:53:27.503   207   207 I init    : Loading module /lib/modules/spi-msm-geni.ko with args ''
03-23 01:53:27.503   205   205 I init    : Loading module /lib/modules/pinctrl-kera.ko with args ''
03-23 01:53:27.504   208   208 I init    : Loading module /lib/modules/bam_dma.ko with args ''
03-23 01:53:27.504   201   201 I qcom-va-minidump soc: va_mini_dump: assigned reserved memory node va_md_mem_region
03-23 01:53:27.504   203   203 I init    : Loaded kernel module /lib/modules/pinctrl-sun.ko
03-23 01:53:27.504   203   203 I init    : Loading module /lib/modules/pmic-pon-log.ko with args ''
03-23 01:53:27.505   202   202 I init    : Loaded kernel module /lib/modules/msm_geni_serial.ko
03-23 01:53:27.505   202   202 I init    : Loading module /lib/modules/qcom_logbuf_vendor_hooks.ko with args ''
03-23 01:53:27.505   207   207 I init    : Loaded kernel module /lib/modules/spi-msm-geni.ko
03-23 01:53:27.505   207   207 I init    : Loading module /lib/modules/qti-ocp-notifier.ko with args ''
03-23 01:53:27.505   202   202 I init    : Loaded kernel module /lib/modules/qcom_logbuf_vendor_hooks.ko
03-23 01:53:27.505   202   202 I init    : Loading module /lib/modules/qcom_iommu_debug.ko with args ''
03-23 01:53:27.505   205   205 I init    : Loaded kernel module /lib/modules/pinctrl-kera.ko
03-23 01:53:27.505   203   203 I init    : Loaded kernel module /lib/modules/pmic-pon-log.ko
03-23 01:53:27.505   203   203 I init    : Loading module /lib/modules/mem_buf_msgq.ko with args ''
03-23 01:53:27.506   205   205 I init    : Loading module /lib/modules/memory_dump_v2.ko with args ''
03-23 01:53:27.506   208   208 I init    : Loaded kernel module /lib/modules/bam_dma.ko
03-23 01:53:27.506   208   208 I init    : Loading module /lib/modules/ufshcd-crypto-qti.ko with args ''
03-23 01:53:27.506   203   203 I init    : Loaded kernel module /lib/modules/mem_buf_msgq.ko
03-23 01:53:27.506   203   203 I init    : Loading module /lib/modules/qcom_logbuf_boot_log.ko with args ''
03-23 01:53:27.506   207   207 I init    : Loaded kernel module /lib/modules/qti-ocp-notifier.ko
03-23 01:53:27.506   207   207 I init    : Loading module /lib/modules/msm_sysstats.ko with args ''
03-23 01:53:27.506   208   208 I init    : Loaded kernel module /lib/modules/ufshcd-crypto-qti.ko
03-23 01:53:27.506   208   208 I init    : Loading module /lib/modules/bcl_pmic5.ko with args ''
03-23 01:53:27.507   202   202 I init    : Loaded kernel module /lib/modules/qcom_iommu_debug.ko
03-23 01:53:27.507   204   204 I init    : Loaded kernel module /lib/modules/smp2p.ko
03-23 01:53:27.507   207   207 I         : registered sysstats version 2
03-23 01:53:27.507   205   205 I         : MSM Memory Dump apps data table set up
03-23 01:53:27.507   202   202 I init    : Loading module /lib/modules/pinctrl-tuna.ko with args ''
03-23 01:53:27.507   204   204 I init    : Loading module /lib/modules/dcc_v2.ko with args ''
03-23 01:53:27.507   207   207 I init    : Loaded kernel module /lib/modules/msm_sysstats.ko
03-23 01:53:27.507   207   207 I init    : Loading module /lib/modules/qcom_wdt_core.ko with args ''
03-23 01:53:27.507    10    10 E qmi-therm-sensors-v2 soc: qmi-ts-sensors: QMI[0x0] handle init failed. err:-517
03-23 01:53:27.508   203   203 I init    : Loaded kernel module /lib/modules/qcom_logbuf_boot_log.ko
03-23 01:53:27.508   203   203 I init    : Loading module /lib/modules/f_fs_ipc_log.ko with args ''
03-23 01:53:27.508   205   205 I         : free unused reserved memory: 6772K
03-23 01:53:27.508   207   207 I init    : Loaded kernel module /lib/modules/qcom_wdt_core.ko
03-23 01:53:27.508   204   204 I msm-dcc 100ff000.dcc_v2: ll-reg-offsets property doesn't exist
03-23 01:53:27.508   207   207 I init    : Loading module /lib/modules/qcom-dload-mode.ko with args ''
03-23 01:53:27.509   205   205 I init    : Loaded kernel module /lib/modules/memory_dump_v2.ko
03-23 01:53:27.509   205   205 I init    : Loading module /lib/modules/sps_drv.ko with args ''
03-23 01:53:27.510    10    10 E qmi-cooling-device soc: qmi-tmd-devices: QMI[0x43] handle init failed. err:-517
03-23 01:53:27.510   207   207 I qcom_dload_probe: Current dump mode: 0x0
03-23 01:53:27.510   207   207 I init    : Loaded kernel module /lib/modules/qcom-dload-mode.ko
03-23 01:53:27.510   207   207 I init    : Loading module /lib/modules/qcom_tsens.ko with args ''
03-23 01:53:27.511    10    10 E coresight-qmi soc: turing-qmi: qmi client init failed ret:-517
03-23 01:53:27.511   204   204 I init    : Loaded kernel module /lib/modules/dcc_v2.ko
03-23 01:53:27.511   201   201 I init    : Loaded kernel module /lib/modules/qcom_va_minidump.ko
03-23 01:53:27.511   202   202 I init    : Loaded kernel module /lib/modules/pinctrl-tuna.ko
03-23 01:53:27.511   204   204 I init    : Loading module /lib/modules/qcom_aoss.ko with args ''
03-23 01:53:27.511   202   202 I init    : Loading module /lib/modules/msm_gpi.ko with args ''
03-23 01:53:27.511   201   201 I init    : Loading module /lib/modules/gh_tlmm_vm_mem_access.ko with args ''
03-23 01:53:27.512   206   206 E platform 16f2000.anoc_1_qtb: TBU failed probe, QSMMUV500 cannot continue!
03-23 01:53:27.512   205   205 I msm_sps_probe: sps:sps is ready
03-23 01:53:27.513   206   206 I init    : Loaded kernel module /lib/modules/arm_smmu.ko
03-23 01:53:27.513   206   206 I init    : Loading module /lib/modules/gunyah_loader.ko with args ''
03-23 01:53:27.513   203   203 E         : register_kretprobe failed at functionfs_bind, returned -2
03-23 01:53:27.513   202   202 I init    : Loaded kernel module /lib/modules/msm_gpi.ko
03-23 01:53:27.513   202   202 I init    : Loading module /lib/modules/qcom-spmi-adc5-gen3.ko with args ''
03-23 01:53:27.514   204   204 I init    : Loaded kernel module /lib/modules/qcom_aoss.ko
03-23 01:53:27.514   204   204 I init    : Loading module /lib/modules/qcom_glink.ko with args ''
03-23 01:53:27.514   205   205 I init    : Loaded kernel module /lib/modules/sps_drv.ko
03-23 01:53:27.514   205   205 I init    : Loading module /lib/modules/snd-usb-audio-qmi.ko with args ''
03-23 01:53:27.515   203   203 E         : register_kretprobe failed at ffs_closed, returned -2
03-23 01:53:27.515   203   203 I init    : Loaded kernel module /lib/modules/f_fs_ipc_log.ko
03-23 01:53:27.515   203   203 I init    : Loading module /lib/modules/qrtr.ko with args ''
03-23 01:53:27.515   140   140 E         : [NT_reserve_kernel_log] Get partition failed, retry count 197
03-23 01:53:27.516   201   201 I init    : Loaded kernel module /lib/modules/gh_tlmm_vm_mem_access.ko
03-23 01:53:27.516   204   204 I init    : Loaded kernel module /lib/modules/qcom_glink.ko
03-23 01:53:27.516   204   204 I init    : Loading module /lib/modules/crm-v2.ko with args ''
03-23 01:53:27.516   201   201 I init    : Loading module /lib/modules/mem_object.ko with args ''
03-23 01:53:27.516   206   206 I gh_secure_vm_loader soc: gh-secure-vm-loader@0: VM with keep running attribute added
03-23 01:53:27.516   202   202 E spmi-0  : disallowed SPMI write to sid=0, addr=0xB941
03-23 01:53:27.516   202   202 E qcom-spmi-gpio c42d000.qcom,spmi: qcom,pmk8550@0:pinctrl@b800: write 0x41 failed
03-23 01:53:27.516   202   202 E qcom-spmi-gpio c42d000.qcom,spmi: qcom,pmk8550@0:pinctrl@b800: pin_config_group_set op failed for group 1
03-23 01:53:27.516   206   206 I gh_secure_vm_loader soc: gh-secure-vm-loader@0: assigned reserved memory node trust_ui_vm_region@f3800000
03-23 01:53:27.517   206   206 I soc     : gh-secure-vm-loader@0:com_mem: assigned reserved memory node vm_comm_mem_region
03-23 01:53:27.517   206   206 I gh_secure_vm_loader soc: gh-secure-vm-loader@0: gh_virtio_backend: Recognized VM 'trustedvm' shmem_size 414000
03-23 01:53:27.517   206   206 I gh_virtio_backend: trustedvm: Recognized virtio backend device with label 11
03-23 01:53:27.517   206   206 I gh_virtio_backend: trustedvm: Recognized virtio backend device with label 10
03-23 01:53:27.517   206   206 I gh_virtio_backend: trustedvm: Recognized virtio backend device with label 15
03-23 01:53:27.517   203   203 I NET     : Registered PF_QIPCRTR protocol family
03-23 01:53:27.517   206   206 I gh_secure_vm_loader soc: gh-secure-vm-loader@1: VM with keep running attribute added
03-23 01:53:27.517   206   206 I gh_secure_vm_loader soc: gh-secure-vm-loader@1: assigned reserved memory node oem_vm_region@f7c00000
03-23 01:53:27.517   203   203 I init    : Loaded kernel module /lib/modules/qrtr.ko
03-23 01:53:27.517   206   206 I soc     : gh-secure-vm-loader@1:com_mem: assigned reserved memory node vm_comm_mem_region
03-23 01:53:27.517   206   206 I gh_secure_vm_loader soc: gh-secure-vm-loader@1: gh_virtio_backend: Recognized VM 'oemvm' shmem_size 108000
03-23 01:53:27.517   206   206 I gh_virtio_backend: oemvm: Recognized virtio backend device with label 16
03-23 01:53:27.517   206   206 I gh_virtio_backend: oemvm: Recognized virtio backend device with label 13
03-23 01:53:27.518   205   205 I init    : Loaded kernel module /lib/modules/snd-usb-audio-qmi.ko
03-23 01:53:27.519   201   201 I init    : Loaded kernel module /lib/modules/mem_object.ko
03-23 01:53:27.519   204   204 I init    : Loaded kernel module /lib/modules/crm-v2.ko
03-23 01:53:27.519   206   206 I init    : Loaded kernel module /lib/modules/gunyah_loader.ko
03-23 01:53:27.520    10    10 I coresight-qmi soc: wpss-qmi: qmi initialized
03-23 01:53:27.522    10    10 I coresight-qmi soc: audio-qmi: qmi initialized
03-23 01:53:27.537    10    10 I coresight-qmi soc: modem0-qmi: qmi initialized
03-23 01:53:27.537    10    10 I coresight-qmi soc: modem2-qmi: qmi initialized
03-23 01:53:27.548   208   208 I init    : Loaded kernel module /lib/modules/bcl_pmic5.ko
03-23 01:53:27.550    10    10 E coresight-secure-etr soc: tmc-modem: failed to get csr, defer probe
03-23 01:53:27.551    10    10 E spmi_pmic_arb_debug 10b14000.qcom,spmi-debug: SPMI PMIC arbiter debug bus disabled by fuse
03-23 01:53:27.551   140   140 E         : [NT_reserve_kernel_log] Get partition failed, retry count 196
03-23 01:53:27.551    10    10 I input   : gpio-keys as /devices/platform/soc/soc:gpio_key/input/input2
03-23 01:53:27.565    10    10 I coresight-csr 10001000.csr: CSR initialized: coresight-csr
03-23 01:53:27.567   202   202 I init    : Loaded kernel module /lib/modules/qcom-spmi-adc5-gen3.ko
03-23 01:53:27.572    10    10 I coresight-csr 10b11000.csr: CSR initialized: coresight-swao-csr
03-23 01:53:27.587   140   140 E         : [NT_reserve_kernel_log] Get partition failed, retry count 195
03-23 01:53:27.590    10    10 I coresight-cti-qdss: CTI initialized
03-23 01:53:27.590    10    10 I coresight-cti-swao: CTI initialized
03-23 01:53:27.591   207   207 I init    : Loaded kernel module /lib/modules/qcom_tsens.ko
03-23 01:53:27.592   242   242 I init    : Loading module /lib/modules/qrtr-smd.ko with args ''
03-23 01:53:27.592   243   243 I init    : Loading module /lib/modules/i2c-msm-geni.ko with args ''
03-23 01:53:27.592    10    10 I coresight-cti-turing_qdsp: CTI initialized
03-23 01:53:27.592   244   244 I init    : Loading module /lib/modules/mem-offline.ko with args ''
03-23 01:53:27.592   245   245 I init    : Loading module /lib/modules/mem_buf.ko with args ''
03-23 01:53:27.592   246   246 I init    : Loading module /lib/modules/gh_virt_wdt.ko with args ''
03-23 01:53:27.592   247   247 I init    : Loading module /lib/modules/qrtr-gunyah.ko with args ''
03-23 01:53:27.592   249   249 I init    : Loading module /lib/modules/glink_pkt.ko with args ''
03-23 01:53:27.592   248   248 I init    : Loading module /lib/modules/msm_qmp.ko with args ''
03-23 01:53:27.592   242   242 I init    : Loaded kernel module /lib/modules/qrtr-smd.ko
03-23 01:53:27.592   242   242 I init    : Loading module /lib/modules/q2spi-geni.ko with args ''
03-23 01:53:27.593   246   246 I gh-watchdog hypervisor: qcom,gh-watchdog: QCOM Apps Watchdog Initialized
03-23 01:53:27.594   243   243 I init    : Loaded kernel module /lib/modules/i2c-msm-geni.ko
03-23 01:53:27.594   243   243 I init    : Loading module /lib/modules/gh_irq_lend.ko with args ''
03-23 01:53:27.594   246   246 I init    : Loaded kernel module /lib/modules/gh_virt_wdt.ko
03-23 01:53:27.594   246   246 I init    : Loading module /lib/modules/qcom_rpmh.ko with args ''
03-23 01:53:27.594   245   245 I gh_msgq : Registered client for label: 1
03-23 01:53:27.594   245   245 I gh_msgq : Registered client for label: 12
03-23 01:53:27.594   242   242 I         : q2spi_dev_init end ret:0
03-23 01:53:27.594   244   244 I init    : Loaded kernel module /lib/modules/mem-offline.ko
03-23 01:53:27.594   244   244 I init    : Loading module /lib/modules/qcom_stats.ko with args ''
03-23 01:53:27.594   242   242 I init    : Loaded kernel module /lib/modules/q2spi-geni.ko
03-23 01:53:27.594   242   242 I init    : Loading module /lib/modules/hvc_gunyah.ko with args ''
03-23 01:53:27.594   245   245 I init    : Loaded kernel module /lib/modules/mem_buf.ko
03-23 01:53:27.594   245   245 I init    : Loading module /lib/modules/i3c-master-msm-geni.ko with args ''
03-23 01:53:27.595   243   243 I init    : Loaded kernel module /lib/modules/gh_irq_lend.ko
03-23 01:53:27.595   243   243 I init    : Loading module /lib/modules/qcom_glink_spss.ko with args ''
03-23 01:53:27.595    10    10 I coresight-cti-turing: CTI initialized
03-23 01:53:27.596    10    10 I coresight-cti-dl2-cti0: CTI initialized
03-23 01:53:27.596   243   243 I init    : Loaded kernel module /lib/modules/qcom_glink_spss.ko
03-23 01:53:27.596   243   243 I init    : Loading module /lib/modules/gh_panic_notifier.ko with args ''
03-23 01:53:27.596    10    10 I coresight-cti-dl2-cti1: CTI initialized
03-23 01:53:27.596   245   245 I init    : Loaded kernel module /lib/modules/i3c-master-msm-geni.ko
03-23 01:53:27.596   245   245 I init    : Loading module /lib/modules/qcom_glink_smem.ko with args ''
03-23 01:53:27.596   248   248 I init    : Loaded kernel module /lib/modules/msm_qmp.ko
03-23 01:53:27.596   248   248 I init    : Loading module /lib/modules/qrtr-tun.ko with args ''
03-23 01:53:27.597   244   244 I init    : Loaded kernel module /lib/modules/qcom_stats.ko
03-23 01:53:27.597   244   244 I init    : Loading module /lib/modules/clk-qcom.ko with args ''
03-23 01:53:27.597   245   245 I init    : Loaded kernel module /lib/modules/qcom_glink_smem.ko
03-23 01:53:27.597   249   249 I init    : Loaded kernel module /lib/modules/glink_pkt.ko
03-23 01:53:27.597   245   245 I init    : Loading module /lib/modules/smcinvoke_dlkm.ko with args ''
03-23 01:53:27.597    10    10 I coresight-cti-ddr_center: CTI initialized
03-23 01:53:27.597   248   248 I init    : Loaded kernel module /lib/modules/qrtr-tun.ko
03-23 01:53:27.597   243   243 I gh_panic_notifier soc: qcom,gunyah-panic-notifier: assigned reserved memory node vm_comm_mem_region
03-23 01:53:27.598   242   242 I init    : Loaded kernel module /lib/modules/hvc_gunyah.ko
03-23 01:53:27.598    10    10 I coresight-cti-ddr_chhm02: CTI initialized
03-23 01:53:27.598    10    10 I coresight-cti-ddr_chhm13: CTI initialized
03-23 01:53:27.599   246   246 I /soc/rsc@17a00000/drv@2/rpmh-regulator-ldob2: Fixed dependency cycle(s) with /soc/rsc@17a00000/drv@2/rpmh-regulator-ldob2/vreg-pmxr2230-l2
03-23 01:53:27.599    10    10 I coresight-cti-mdss: CTI initialized
03-23 01:53:27.599   246   246 I /soc/rsc@17a00000/drv@2/rpmh-regulator-ldob4: Fixed dependency cycle(s) with /soc/rsc@17a00000/drv@2/rpmh-regulator-ldob4/vreg-pmxr2230-l4
03-23 01:53:27.599    10    10 I coresight-cti-lpass: CTI initialized
03-23 01:53:27.599   246   246 I /soc/rsc@17a00000/drv@2/rpmh-regulator-ldob8: Fixed dependency cycle(s) with /soc/rsc@17a00000/drv@2/rpmh-regulator-ldob8/vreg-pmxr2230-l8
03-23 01:53:27.599    10    10 I coresight-cti-mss_qdsp6: CTI initialized
03-23 01:53:27.600   243   243 I init    : Loaded kernel module /lib/modules/gh_panic_notifier.ko
03-23 01:53:27.600   245   245 I init    : Loaded kernel module /lib/modules/smcinvoke_dlkm.ko
03-23 01:53:27.600    10    10 I coresight-cti-mss: CTI initialized
03-23 01:53:27.600   247   247 I init    : Loaded kernel module /lib/modules/qrtr-gunyah.ko
03-23 01:53:27.600   244   244 I init    : Loaded kernel module /lib/modules/clk-qcom.ko
03-23 01:53:27.600    10    10 I coresight-cti-trace_noc_cti0: CTI initialized
03-23 01:53:27.600   246   246 I /soc/rsc@17a00000/drv@2/rpmh-regulator-ldob19: Fixed dependency cycle(s) with /soc/rsc@17a00000/drv@2/rpmh-regulator-ldob19/vreg-pmxr2230-l19
03-23 01:53:27.600    10    10 I coresight-cti-trace_noc_cti1: CTI initialized
03-23 01:53:27.601    10    10 I coresight-cti-trace_noc_cti2: CTI initialized
03-23 01:53:27.601    10    10 I coresight-cti-eva: CTI initialized
03-23 01:53:27.601   246   246 I /soc/rsc@17a00000/drv@2/rpmh-regulator-mmcxlvl: Fixed dependency cycle(s) with /soc/rsc@17a00000/drv@2/rpmh-regulator-mmcxlvl/vreg-pm-v8f-s2-level
03-23 01:53:27.601   246   246 I /soc/rsc@17a00000/drv@2/rpmh-regulator-mxclvl: Fixed dependency cycle(s) with /soc/rsc@17a00000/drv@2/rpmh-regulator-mxclvl/vreg-pm_v6d-s2-level
03-23 01:53:27.602    10    10 I coresight-cti-soccp: CTI initialized
03-23 01:53:27.602   246   246 I /soc/rsc@17a00000/drv@2/rpmh-regulator-ldod3: Fixed dependency cycle(s) with /soc/rsc@17a00000/drv@2/rpmh-regulator-ldod3/vreg-pm_v6d-l3
03-23 01:53:27.602    10    10 I coresight-cti-venus: CTI initialized
