03-23 00:47:58.225   424   424 I aw9380x_cap 8-0012: [aw9380x_cap_default_irq_handle:4109] gpio_low_count 2
03-23 00:47:58.226   424   424 I aw9380x_cap 8-0012: [aw9380x_irq_handle_func:4065] IRQSEN = 0x000F0FFF
03-23 00:47:58.226   424   424 I aw9380x_cap 8-0012: [aw9380x_irq_handle_func:4067] IRQSRC = 0x00200010
03-23 00:47:58.226   424   424 I aw9380x_cap 8-0012: [aw9380x_noth_button_key_report:3855] touch0_state Cap 0 Force 0 currentBtn 0
03-23 00:47:58.247   424   424 I aw9380x_cap 8-0012: [aw9380x_rc_irqscr:3728] i2c read reg: 0xf080, val= 16
03-23 00:47:58.247   424   424 I aw9380x_cap 8-0012: [aw9380x_cap_default_irq_handle:4109] gpio_low_count 2
03-23 00:47:58.248   424   424 I aw9380x_cap 8-0012: [aw9380x_irq_handle_func:4065] IRQSEN = 0x000F0FFF
03-23 00:47:58.248   424   424 I aw9380x_cap 8-0012: [aw9380x_irq_handle_func:4067] IRQSRC = 0x00000010
03-23 00:47:58.248   424   424 I aw9380x_cap 8-0012: [aw9380x_noth_button_key_report:3855] touch0_state Cap 0 Force 0 currentBtn 0
03-23 00:47:58.250   377   377 I aw9380x_cap 8-0012: [aw9380x_data_update_work_func:1899] force: rawdata = 0 diff = 853796 baseline = 1856, cap: rawdata = 0 diff = 0 baseline = 0
03-23 00:47:58.277   377   377 I aw9380x_cap 8-0012: [aw9380x_data_update_work_func:1899] force: rawdata = 0 diff = 853796 baseline = 1856, cap: rawdata = 0 diff = 0 baseline = 0
03-23 00:47:58.290   424   424 I aw9380x_cap 8-0012: [aw9380x_rc_irqscr:3728] i2c read reg: 0xf080, val= 2097168
03-23 00:47:58.290   424   424 I aw9380x_cap 8-0012: [aw9380x_cap_default_irq_handle:4109] gpio_low_count 2
03-23 00:47:58.290   424   424 I aw9380x_cap 8-0012: [aw9380x_irq_handle_func:4065] IRQSEN = 0x000F0FFF
03-23 00:47:58.290   424   424 I aw9380x_cap 8-0012: [aw9380x_irq_handle_func:4067] IRQSRC = 0x00200010
03-23 00:47:58.291   424   424 I aw9380x_cap 8-0012: [aw9380x_noth_button_key_report:3855] touch0_state Cap 0 Force 0 currentBtn 0
03-23 00:47:58.305   377   377 I aw9380x_cap 8-0012: [aw9380x_data_update_work_func:1899] force: rawdata = 0 diff = 853796 baseline = 1856, cap: rawdata = 0 diff = 0 baseline = 0
03-23 00:47:58.312   424   424 I aw9380x_cap 8-0012: [aw9380x_rc_irqscr:3728] i2c read reg: 0xf080, val= 16
03-23 00:47:58.312   424   424 I aw9380x_cap 8-0012: [aw9380x_cap_default_irq_handle:4109] gpio_low_count 2
03-23 00:47:58.312   424   424 I aw9380x_cap 8-0012: [aw9380x_irq_handle_func:4065] IRQSEN = 0x000F0FFF
03-23 00:47:58.312   424   424 I aw9380x_cap 8-0012: [aw9380x_irq_handle_func:4067] IRQSRC = 0x00000010
03-23 00:47:58.313   424   424 I aw9380x_cap 8-0012: [aw9380x_noth_button_key_report:3855] touch0_state Cap 0 Force 0 currentBtn 0
03-23 00:47:58.333   377   377 I aw9380x_cap 8-0012: [aw9380x_data_update_work_func:1899] force: rawdata = 0 diff = 853796 baseline = 1856, cap: rawdata = 0 diff = 0 baseline = 0
03-23 00:47:58.354   424   424 I aw9380x_cap 8-0012: [aw9380x_rc_irqscr:3728] i2c read reg: 0xf080, val= 2097168
03-23 00:47:58.354   424   424 I aw9380x_cap 8-0012: [aw9380x_cap_default_irq_handle:4109] gpio_low_count 2
03-23 00:47:58.355   424   424 I aw9380x_cap 8-0012: [aw9380x_irq_handle_func:4065] IRQSEN = 0x000F0FFF
03-23 00:47:58.355   424   424 I aw9380x_cap 8-0012: [aw9380x_irq_handle_func:4067] IRQSRC = 0x00200010
03-23 00:47:58.355   424   424 I aw9380x_cap 8-0012: [aw9380x_noth_button_key_report:3855] touch0_state Cap 0 Force 0 currentBtn 0
03-23 00:47:58.361   377   377 I aw9380x_cap 8-0012: [aw9380x_data_update_work_func:1899] force: rawdata = 0 diff = 853796 baseline = 1856, cap: rawdata = 0 diff = 0 baseline = 0
03-23 00:47:58.376   424   424 I aw9380x_cap 8-0012: [aw9380x_rc_irqscr:3728] i2c read reg: 0xf080, val= 16
03-23 00:47:58.376   424   424 I aw9380x_cap 8-0012: [aw9380x_cap_default_irq_handle:4109] gpio_low_count 2
03-23 00:47:58.377   424   424 I aw9380x_cap 8-0012: [aw9380x_irq_handle_func:4065] IRQSEN = 0x000F0FFF
03-23 00:47:58.377   424   424 I aw9380x_cap 8-0012: [aw9380x_irq_handle_func:4067] IRQSRC = 0x00000010
03-23 00:47:58.377   424   424 I aw9380x_cap 8-0012: [aw9380x_noth_button_key_report:3855] touch0_state Cap 0 Force 0 currentBtn 0
03-23 00:47:58.389   377   377 I aw9380x_cap 8-0012: [aw9380x_data_update_work_func:1899] force: rawdata = 0 diff = 853796 baseline = 1856, cap: rawdata = 0 diff = 0 baseline = 0
03-23 00:47:58.417   377   377 I aw9380x_cap 8-0012: [aw9380x_data_update_work_func:1899] force: rawdata = 0 diff = 853796 baseline = 1856, cap: rawdata = 0 diff = 0 baseline = 0
03-23 00:47:58.419   424   424 I aw9380x_cap 8-0012: [aw9380x_rc_irqscr:3728] i2c read reg: 0xf080, val= 2097168
03-23 00:47:58.419   424   424 I aw9380x_cap 8-0012: [aw9380x_cap_default_irq_handle:4109] gpio_low_count 2
03-23 00:47:58.419   424   424 I aw9380x_cap 8-0012: [aw9380x_irq_handle_func:4065] IRQSEN = 0x000F0FFF
03-23 00:47:58.419   424   424 I aw9380x_cap 8-0012: [aw9380x_irq_handle_func:4067] IRQSRC = 0x00200010
03-23 00:47:58.420   424   424 I aw9380x_cap 8-0012: [aw9380x_noth_button_key_report:3855] touch0_state Cap 0 Force 0 currentBtn 0
03-23 00:47:58.441   424   424 I aw9380x_cap 8-0012: [aw9380x_rc_irqscr:3728] i2c read reg: 0xf080, val= 16
03-23 00:47:58.441   424   424 I aw9380x_cap 8-0012: [aw9380x_cap_default_irq_handle:4109] gpio_low_count 2
03-23 00:47:58.441   424   424 I aw9380x_cap 8-0012: [aw9380x_irq_handle_func:4065] IRQSEN = 0x000F0FFF
03-23 00:47:58.441   424   424 I aw9380x_cap 8-0012: [aw9380x_irq_handle_func:4067] IRQSRC = 0x00000010
03-23 00:47:58.442   424   424 I aw9380x_cap 8-0012: [aw9380x_noth_button_key_report:3855] touch0_state Cap 0 Force 0 currentBtn 0
03-23 00:47:58.445   377   377 I aw9380x_cap 8-0012: [aw9380x_data_update_work_func:1899] force: rawdata = 0 diff = 853796 baseline = 1856, cap: rawdata = 0 diff = 0 baseline = 0
03-23 00:47:58.473   377   377 I aw9380x_cap 8-0012: [aw9380x_data_update_work_func:1899] force: rawdata = 0 diff = 853796 baseline = 1856, cap: rawdata = 0 diff = 0 baseline = 0
03-23 00:47:58.483   424   424 I aw9380x_cap 8-0012: [aw9380x_rc_irqscr:3728] i2c read reg: 0xf080, val= 2097168
03-23 00:47:58.483   424   424 I aw9380x_cap 8-0012: [aw9380x_cap_default_irq_handle:4109] gpio_low_count 2
03-23 00:47:58.484   424   424 I aw9380x_cap 8-0012: [aw9380x_irq_handle_func:4065] IRQSEN = 0x000F0FFF
03-23 00:47:58.484   424   424 I aw9380x_cap 8-0012: [aw9380x_irq_handle_func:4067] IRQSRC = 0x00200010
03-23 00:47:58.484   424   424 I aw9380x_cap 8-0012: [aw9380x_noth_button_key_report:3855] touch0_state Cap 0 Force 0 currentBtn 0
03-23 00:47:58.501   377   377 I aw9380x_cap 8-0012: [aw9380x_data_update_work_func:1899] force: rawdata = 0 diff = 853796 baseline = 1856, cap: rawdata = 0 diff = 0 baseline = 0
03-23 00:47:58.505   424   424 I aw9380x_cap 8-0012: [aw9380x_rc_irqscr:3728] i2c read reg: 0xf080, val= 16
03-23 00:47:58.505   424   424 I aw9380x_cap 8-0012: [aw9380x_cap_default_irq_handle:4109] gpio_low_count 2
03-23 00:47:58.505   424   424 I aw9380x_cap 8-0012: [aw9380x_irq_handle_func:4065] IRQSEN = 0x000F0FFF
03-23 00:47:58.505   424   424 I aw9380x_cap 8-0012: [aw9380x_irq_handle_func:4067] IRQSRC = 0x00000010
03-23 00:47:58.506   424   424 I aw9380x_cap 8-0012: [aw9380x_noth_button_key_report:3855] touch0_state Cap 0 Force 0 currentBtn 0
03-23 00:47:58.529   377   377 I aw9380x_cap 8-0012: [aw9380x_data_update_work_func:1899] force: rawdata = 0 diff = 853796 baseline = 1856, cap: rawdata = 0 diff = 0 baseline = 0
03-23 00:47:58.548   424   424 I aw9380x_cap 8-0012: [aw9380x_rc_irqscr:3728] i2c read reg: 0xf080, val= 2097168
03-23 00:47:58.548   424   424 I aw9380x_cap 8-0012: [aw9380x_cap_default_irq_handle:4109] gpio_low_count 2
03-23 00:47:58.548   424   424 I aw9380x_cap 8-0012: [aw9380x_irq_handle_func:4065] IRQSEN = 0x000F0FFF
03-23 00:47:58.548   424   424 I aw9380x_cap 8-0012: [aw9380x_irq_handle_func:4067] IRQSRC = 0x00200010
03-23 00:47:58.549   424   424 I aw9380x_cap 8-0012: [aw9380x_noth_button_key_report:3855] touch0_state Cap 0 Force 0 currentBtn 0
12-19 15:26:49.979   448   448 W ServiceManager: Waited one second for android.system.keystore2.IKeystoreService/default (is service started? are binder threads started and available?)
12-19 15:26:49.979   442   442 I servicemanager: Since 'android.system.keystore2.IKeystoreService/default' could not be found, trying to start it as a lazy AIDL service
12-19 15:26:49.979   442   985 W libc    : Unable to set property "ctl.interface_start" to "aidl/android.system.keystore2.IKeystoreService/default": error code: 0x20
12-19 15:26:49.979   442   985 I servicemanager: Tried to start aidl service android.system.keystore2.IKeystoreService/default as a lazy service, but was unable to. Usually this happens when a service is not installed, but if the service is intended to be used as a lazy service, then it may be configured incorrectly.
03-23 00:47:58.556     1     1 E init    : Control message: Could not find 'aidl/android.system.keystore2.IKeystoreService/default' for ctl.interface_start from pid: 442 (/system/bin/servicemanager)
03-23 00:47:58.557   377   377 I aw9380x_cap 8-0012: [aw9380x_data_update_work_func:1899] force: rawdata = 0 diff = 853796 baseline = 1856, cap: rawdata = 0 diff = 0 baseline = 0
03-23 00:47:58.570   424   424 I aw9380x_cap 8-0012: [aw9380x_rc_irqscr:3728] i2c read reg: 0xf080, val= 16
03-23 00:47:58.570   424   424 I aw9380x_cap 8-0012: [aw9380x_cap_default_irq_handle:4109] gpio_low_count 2
03-23 00:47:58.570   424   424 I aw9380x_cap 8-0012: [aw9380x_irq_handle_func:4065] IRQSEN = 0x000F0FFF
03-23 00:47:58.570   424   424 I aw9380x_cap 8-0012: [aw9380x_irq_handle_func:4067] IRQSRC = 0x00000010
03-23 00:47:58.570   424   424 I aw9380x_cap 8-0012: [aw9380x_noth_button_key_report:3855] touch0_state Cap 0 Force 0 currentBtn 0
03-23 00:47:58.585   377   377 I aw9380x_cap 8-0012: [aw9380x_data_update_work_func:1899] force: rawdata = 0 diff = 853796 baseline = 1856, cap: rawdata = 0 diff = 0 baseline = 0
03-23 00:47:58.612   424   424 I aw9380x_cap 8-0012: [aw9380x_rc_irqscr:3728] i2c read reg: 0xf080, val= 16
03-23 00:47:58.612   424   424 I aw9380x_cap 8-0012: [aw9380x_cap_default_irq_handle:4109] gpio_low_count 2
03-23 00:47:58.613   424   424 I aw9380x_cap 8-0012: [aw9380x_irq_handle_func:4065] IRQSEN = 0x000F0FFF
03-23 00:47:58.613   424   424 I aw9380x_cap 8-0012: [aw9380x_irq_handle_func:4067] IRQSRC = 0x00000010
03-23 00:47:58.614   424   424 I aw9380x_cap 8-0012: [aw9380x_noth_button_key_report:3855] touch0_state Cap 0 Force 0 currentBtn 0
03-23 00:47:58.614   377   377 I aw9380x_cap 8-0012: [aw9380x_data_update_work_func:1899] force: rawdata = 0 diff = 853796 baseline = 1856, cap: rawdata = 0 diff = 0 baseline = 0
03-23 00:47:58.634   424   424 I aw9380x_cap 8-0012: [aw9380x_rc_irqscr:3728] i2c read reg: 0xf080, val= 16
03-23 00:47:58.634   424   424 I aw9380x_cap 8-0012: [aw9380x_cap_default_irq_handle:4109] gpio_low_count 2
03-23 00:47:58.634   424   424 I aw9380x_cap 8-0012: [aw9380x_irq_handle_func:4065] IRQSEN = 0x000F0FFF
03-23 00:47:58.634   424   424 I aw9380x_cap 8-0012: [aw9380x_irq_handle_func:4067] IRQSRC = 0x00000010
03-23 00:47:58.635   424   424 I aw9380x_cap 8-0012: [aw9380x_noth_button_key_report:3855] touch0_state Cap 0 Force 0 currentBtn 0
03-23 00:47:58.641   377   377 I aw9380x_cap 8-0012: [aw9380x_data_update_work_func:1899] force: rawdata = 0 diff = 853796 baseline = 1856, cap: rawdata = 0 diff = 0 baseline = 0
03-23 00:47:58.669   377   377 I aw9380x_cap 8-0012: [aw9380x_data_update_work_func:1899] force: rawdata = 0 diff = 853796 baseline = 1856, cap: rawdata = 0 diff = 0 baseline = 0
03-23 00:47:58.677   424   424 I aw9380x_cap 8-0012: [aw9380x_rc_irqscr:3728] i2c read reg: 0xf080, val= 2097168
03-23 00:47:58.677   424   424 I aw9380x_cap 8-0012: [aw9380x_cap_default_irq_handle:4109] gpio_low_count 2
03-23 00:47:58.677   424   424 I aw9380x_cap 8-0012: [aw9380x_irq_handle_func:4065] IRQSEN = 0x000F0FFF
03-23 00:47:58.677   424   424 I aw9380x_cap 8-0012: [aw9380x_irq_handle_func:4067] IRQSRC = 0x00200010
03-23 00:47:58.677   424   424 I aw9380x_cap 8-0012: [aw9380x_noth_button_key_report:3855] touch0_state Cap 0 Force 0 currentBtn 0
03-23 00:47:58.697   377   377 I aw9380x_cap 8-0012: [aw9380x_data_update_work_func:1899] force: rawdata = 0 diff = 853796 baseline = 1856, cap: rawdata = 0 diff = 0 baseline = 0
03-23 00:47:58.699   424   424 I aw9380x_cap 8-0012: [aw9380x_rc_irqscr:3728] i2c read reg: 0xf080, val= 16
03-23 00:47:58.699   424   424 I aw9380x_cap 8-0012: [aw9380x_cap_default_irq_handle:4109] gpio_low_count 2
03-23 00:47:58.699   424   424 I aw9380x_cap 8-0012: [aw9380x_irq_handle_func:4065] IRQSEN = 0x000F0FFF
03-23 00:47:58.699   424   424 I aw9380x_cap 8-0012: [aw9380x_irq_handle_func:4067] IRQSRC = 0x00000010
03-23 00:47:58.700   424   424 I aw9380x_cap 8-0012: [aw9380x_noth_button_key_report:3855] touch0_state Cap 0 Force 0 currentBtn 0
03-23 00:47:58.725   377   377 I aw9380x_cap 8-0012: [aw9380x_data_update_work_func:1899] force: rawdata = 0 diff = 853796 baseline = 1856, cap: rawdata = 0 diff = 0 baseline = 0
03-23 00:47:58.742   424   424 I aw9380x_cap 8-0012: [aw9380x_rc_irqscr:3728] i2c read reg: 0xf080, val= 2097168
03-23 00:47:58.742   424   424 I aw9380x_cap 8-0012: [aw9380x_cap_default_irq_handle:4109] gpio_low_count 2
03-23 00:47:58.742   424   424 I aw9380x_cap 8-0012: [aw9380x_irq_handle_func:4065] IRQSEN = 0x000F0FFF
03-23 00:47:58.742   424   424 I aw9380x_cap 8-0012: [aw9380x_irq_handle_func:4067] IRQSRC = 0x00200010
03-23 00:47:58.742   424   424 I aw9380x_cap 8-0012: [aw9380x_noth_button_key_report:3855] touch0_state Cap 0 Force 0 currentBtn 0
03-23 00:47:58.753   377   377 I aw9380x_cap 8-0012: [aw9380x_data_update_work_func:1899] force: rawdata = 0 diff = 853796 baseline = 1856, cap: rawdata = 0 diff = 0 baseline = 0
03-23 00:47:58.764   424   424 I aw9380x_cap 8-0012: [aw9380x_rc_irqscr:3728] i2c read reg: 0xf080, val= 16
03-23 00:47:58.764   424   424 I aw9380x_cap 8-0012: [aw9380x_cap_default_irq_handle:4109] gpio_low_count 2
03-23 00:47:58.764   424   424 I aw9380x_cap 8-0012: [aw9380x_irq_handle_func:4065] IRQSEN = 0x000F0FFF
03-23 00:47:58.764   424   424 I aw9380x_cap 8-0012: [aw9380x_irq_handle_func:4067] IRQSRC = 0x00000010
03-23 00:47:58.764   424   424 I aw9380x_cap 8-0012: [aw9380x_noth_button_key_report:3855] touch0_state Cap 0 Force 0 currentBtn 0
03-23 00:47:58.781   377   377 I aw9380x_cap 8-0012: [aw9380x_data_update_work_func:1899] force: rawdata = 0 diff = 853796 baseline = 1856, cap: rawdata = 0 diff = 0 baseline = 0
03-23 00:47:58.806   424   424 I aw9380x_cap 8-0012: [aw9380x_rc_irqscr:3728] i2c read reg: 0xf080, val= 2097168
03-23 00:47:58.806   424   424 I aw9380x_cap 8-0012: [aw9380x_cap_default_irq_handle:4109] gpio_low_count 2
03-23 00:47:58.806   424   424 I aw9380x_cap 8-0012: [aw9380x_irq_handle_func:4065] IRQSEN = 0x000F0FFF
03-23 00:47:58.806   424   424 I aw9380x_cap 8-0012: [aw9380x_irq_handle_func:4067] IRQSRC = 0x00200010
03-23 00:47:58.807   424   424 I aw9380x_cap 8-0012: [aw9380x_noth_button_key_report:3855] touch0_state Cap 0 Force 0 currentBtn 0
03-23 00:47:58.809   377   377 I aw9380x_cap 8-0012: [aw9380x_data_update_work_func:1899] force: rawdata = 0 diff = 853796 baseline = 1856, cap: rawdata = 0 diff = 0 baseline = 0
03-23 00:47:58.828   424   424 I aw9380x_cap 8-0012: [aw9380x_rc_irqscr:3728] i2c read reg: 0xf080, val= 16
03-23 00:47:58.828   424   424 I aw9380x_cap 8-0012: [aw9380x_cap_default_irq_handle:4109] gpio_low_count 2
03-23 00:47:58.828   424   424 I aw9380x_cap 8-0012: [aw9380x_irq_handle_func:4065] IRQSEN = 0x000F0FFF
03-23 00:47:58.828   424   424 I aw9380x_cap 8-0012: [aw9380x_irq_handle_func:4067] IRQSRC = 0x00000010
03-23 00:47:58.829   424   424 I aw9380x_cap 8-0012: [aw9380x_noth_button_key_report:3855] touch0_state Cap 0 Force 0 currentBtn 0
03-23 00:47:58.837   377   377 I aw9380x_cap 8-0012: [aw9380x_data_update_work_func:1899] force: rawdata = 0 diff = 853796 baseline = 1856, cap: rawdata = 0 diff = 0 baseline = 0
03-23 00:47:58.865   377   377 I aw9380x_cap 8-0012: [aw9380x_data_update_work_func:1899] force: rawdata = 0 diff = 853796 baseline = 1856, cap: rawdata = 0 diff = 0 baseline = 0
03-23 00:47:58.871   424   424 I aw9380x_cap 8-0012: [aw9380x_rc_irqscr:3728] i2c read reg: 0xf080, val= 2097168
03-23 00:47:58.871   424   424 I aw9380x_cap 8-0012: [aw9380x_cap_default_irq_handle:4109] gpio_low_count 2
03-23 00:47:58.871   424   424 I aw9380x_cap 8-0012: [aw9380x_irq_handle_func:4065] IRQSEN = 0x000F0FFF
03-23 00:47:58.871   424   424 I aw9380x_cap 8-0012: [aw9380x_irq_handle_func:4067] IRQSRC = 0x00200010
03-23 00:47:58.871   424   424 I aw9380x_cap 8-0012: [aw9380x_noth_button_key_report:3855] touch0_state Cap 0 Force 0 currentBtn 0
03-23 00:47:58.893   424   424 I aw9380x_cap 8-0012: [aw9380x_rc_irqscr:3728] i2c read reg: 0xf080, val= 16
03-23 00:47:58.893   424   424 I aw9380x_cap 8-0012: [aw9380x_cap_default_irq_handle:4109] gpio_low_count 2
03-23 00:47:58.893   424   424 I aw9380x_cap 8-0012: [aw9380x_irq_handle_func:4065] IRQSEN = 0x000F0FFF
03-23 00:47:58.893   424   424 I aw9380x_cap 8-0012: [aw9380x_irq_handle_func:4067] IRQSRC = 0x00000010
03-23 00:47:58.893   377   377 I aw9380x_cap 8-0012: [aw9380x_data_update_work_func:1899] force: rawdata = 0 diff = 853796 baseline = 1856, cap: rawdata = 0 diff = 0 baseline = 0
03-23 00:47:58.894   424   424 I aw9380x_cap 8-0012: [aw9380x_noth_button_key_report:3855] touch0_state Cap 0 Force 0 currentBtn 0
03-23 00:47:58.921   377   377 I aw9380x_cap 8-0012: [aw9380x_data_update_work_func:1899] force: rawdata = 0 diff = 853796 baseline = 1856, cap: rawdata = 0 diff = 0 baseline = 0
03-23 00:47:58.935   424   424 I aw9380x_cap 8-0012: [aw9380x_rc_irqscr:3728] i2c read reg: 0xf080, val= 2097168
03-23 00:47:58.935   424   424 I aw9380x_cap 8-0012: [aw9380x_cap_default_irq_handle:4109] gpio_low_count 2
03-23 00:47:58.935   424   424 I aw9380x_cap 8-0012: [aw9380x_irq_handle_func:4065] IRQSEN = 0x000F0FFF
03-23 00:47:58.935   424   424 I aw9380x_cap 8-0012: [aw9380x_irq_handle_func:4067] IRQSRC = 0x00200010
03-23 00:47:58.936   424   424 I aw9380x_cap 8-0012: [aw9380x_noth_button_key_report:3855] touch0_state Cap 0 Force 0 currentBtn 0
03-23 00:47:58.949   377   377 I aw9380x_cap 8-0012: [aw9380x_data_update_work_func:1899] force: rawdata = 0 diff = 853796 baseline = 1856, cap: rawdata = 0 diff = 0 baseline = 0
03-23 00:47:58.957   424   424 I aw9380x_cap 8-0012: [aw9380x_rc_irqscr:3728] i2c read reg: 0xf080, val= 16
03-23 00:47:58.957   424   424 I aw9380x_cap 8-0012: [aw9380x_cap_default_irq_handle:4109] gpio_low_count 2
03-23 00:47:58.957   424   424 I aw9380x_cap 8-0012: [aw9380x_irq_handle_func:4065] IRQSEN = 0x000F0FFF
03-23 00:47:58.957   424   424 I aw9380x_cap 8-0012: [aw9380x_irq_handle_func:4067] IRQSRC = 0x00000010
03-23 00:47:58.958   424   424 I aw9380x_cap 8-0012: [aw9380x_noth_button_key_report:3855] touch0_state Cap 0 Force 0 currentBtn 0
03-23 00:47:58.977   377   377 I aw9380x_cap 8-0012: [aw9380x_data_update_work_func:1899] force: rawdata = 0 diff = 853796 baseline = 1856, cap: rawdata = 0 diff = 0 baseline = 0
03-23 00:47:59.000   424   424 I aw9380x_cap 8-0012: [aw9380x_rc_irqscr:3728] i2c read reg: 0xf080, val= 2097168
03-23 00:47:59.000   424   424 I aw9380x_cap 8-0012: [aw9380x_cap_default_irq_handle:4109] gpio_low_count 2
03-23 00:47:59.000   424   424 I aw9380x_cap 8-0012: [aw9380x_irq_handle_func:4065] IRQSEN = 0x000F0FFF
03-23 00:47:59.000   424   424 I aw9380x_cap 8-0012: [aw9380x_irq_handle_func:4067] IRQSRC = 0x00200010
03-23 00:47:59.000   424   424 I aw9380x_cap 8-0012: [aw9380x_noth_button_key_report:3855] touch0_state Cap 0 Force 0 currentBtn 0
03-23 00:47:59.005   377   377 I aw9380x_cap 8-0012: [aw9380x_data_update_work_func:1899] force: rawdata = 0 diff = 853796 baseline = 1856, cap: rawdata = 0 diff = 0 baseline = 0
03-23 00:47:59.021   424   424 I aw9380x_cap 8-0012: [aw9380x_rc_irqscr:3728] i2c read reg: 0xf080, val= 16
03-23 00:47:59.021   424   424 I aw9380x_cap 8-0012: [aw9380x_cap_default_irq_handle:4109] gpio_low_count 2
03-23 00:47:59.022   424   424 I aw9380x_cap 8-0012: [aw9380x_irq_handle_func:4065] IRQSEN = 0x000F0FFF
03-23 00:47:59.022   424   424 I aw9380x_cap 8-0012: [aw9380x_irq_handle_func:4067] IRQSRC = 0x00000010
03-23 00:47:59.022   424   424 I aw9380x_cap 8-0012: [aw9380x_noth_button_key_report:3855] touch0_state Cap 0 Force 0 currentBtn 0
03-23 00:47:59.033   377   377 I aw9380x_cap 8-0012: [aw9380x_data_update_work_func:1899] force: rawdata = 0 diff = 853796 baseline = 1856, cap: rawdata = 0 diff = 0 baseline = 0
03-23 00:47:59.061   377   377 I aw9380x_cap 8-0012: [aw9380x_data_update_work_func:1899] force: rawdata = 0 diff = 853796 baseline = 1856, cap: rawdata = 0 diff = 0 baseline = 0
03-23 00:47:59.064   424   424 I aw9380x_cap 8-0012: [aw9380x_rc_irqscr:3728] i2c read reg: 0xf080, val= 2097168
03-23 00:47:59.064   424   424 I aw9380x_cap 8-0012: [aw9380x_cap_default_irq_handle:4109] gpio_low_count 2
03-23 00:47:59.064   424   424 I aw9380x_cap 8-0012: [aw9380x_irq_handle_func:4065] IRQSEN = 0x000F0FFF
03-23 00:47:59.064   424   424 I aw9380x_cap 8-0012: [aw9380x_irq_handle_func:4067] IRQSRC = 0x00200010
03-23 00:47:59.065   424   424 I aw9380x_cap 8-0012: [aw9380x_noth_button_key_report:3855] touch0_state Cap 0 Force 0 currentBtn 0
03-23 00:47:59.086   424   424 I aw9380x_cap 8-0012: [aw9380x_rc_irqscr:3728] i2c read reg: 0xf080, val= 16
03-23 00:47:59.086   424   424 I aw9380x_cap 8-0012: [aw9380x_cap_default_irq_handle:4109] gpio_low_count 2
03-23 00:47:59.086   424   424 I aw9380x_cap 8-0012: [aw9380x_irq_handle_func:4065] IRQSEN = 0x000F0FFF
03-23 00:47:59.086   424   424 I aw9380x_cap 8-0012: [aw9380x_irq_handle_func:4067] IRQSRC = 0x00000010
03-23 00:47:59.087   424   424 I aw9380x_cap 8-0012: [aw9380x_noth_button_key_report:3855] touch0_state Cap 0 Force 0 currentBtn 0
03-23 00:47:59.089   377   377 I aw9380x_cap 8-0012: [aw9380x_data_update_work_func:1899] force: rawdata = 0 diff = 853796 baseline = 1856, cap: rawdata = 0 diff = 0 baseline = 0
03-23 00:47:59.117   377   377 I aw9380x_cap 8-0012: [aw9380x_data_update_work_func:1899] force: rawdata = 0 diff = 853796 baseline = 1856, cap: rawdata = 0 diff = 0 baseline = 0
03-23 00:47:59.128   424   424 I aw9380x_cap 8-0012: [aw9380x_rc_irqscr:3728] i2c read reg: 0xf080, val= 2097168
03-23 00:47:59.128   424   424 I aw9380x_cap 8-0012: [aw9380x_cap_default_irq_handle:4109] gpio_low_count 2
03-23 00:47:59.129   424   424 I aw9380x_cap 8-0012: [aw9380x_irq_handle_func:4065] IRQSEN = 0x000F0FFF
03-23 00:47:59.129   424   424 I aw9380x_cap 8-0012: [aw9380x_irq_handle_func:4067] IRQSRC = 0x00200010
03-23 00:47:59.129   424   424 I aw9380x_cap 8-0012: [aw9380x_noth_button_key_report:3855] touch0_state Cap 0 Force 0 currentBtn 0
03-23 00:47:59.145   377   377 I aw9380x_cap 8-0012: [aw9380x_data_update_work_func:1899] force: rawdata = 0 diff = 853796 baseline = 1856, cap: rawdata = 0 diff = 0 baseline = 0
03-23 00:47:59.150   424   424 I aw9380x_cap 8-0012: [aw9380x_rc_irqscr:3728] i2c read reg: 0xf080, val= 16
03-23 00:47:59.150   424   424 I aw9380x_cap 8-0012: [aw9380x_cap_default_irq_handle:4109] gpio_low_count 2
03-23 00:47:59.151   424   424 I aw9380x_cap 8-0012: [aw9380x_irq_handle_func:4065] IRQSEN = 0x000F0FFF
03-23 00:47:59.151   424   424 I aw9380x_cap 8-0012: [aw9380x_irq_handle_func:4067] IRQSRC = 0x00000010
03-23 00:47:59.151   424   424 I aw9380x_cap 8-0012: [aw9380x_noth_button_key_report:3855] touch0_state Cap 0 Force 0 currentBtn 0
03-23 00:47:59.173   377   377 I aw9380x_cap 8-0012: [aw9380x_data_update_work_func:1899] force: rawdata = 0 diff = 853796 baseline = 1856, cap: rawdata = 0 diff = 0 baseline = 0
03-23 00:47:59.193   424   424 I aw9380x_cap 8-0012: [aw9380x_rc_irqscr:3728] i2c read reg: 0xf080, val= 2097168
03-23 00:47:59.193   424   424 I aw9380x_cap 8-0012: [aw9380x_cap_default_irq_handle:4109] gpio_low_count 2
03-23 00:47:59.193   424   424 I aw9380x_cap 8-0012: [aw9380x_irq_handle_func:4065] IRQSEN = 0x000F0FFF
03-23 00:47:59.193   424   424 I aw9380x_cap 8-0012: [aw9380x_irq_handle_func:4067] IRQSRC = 0x00200010
03-23 00:47:59.194   424   424 I aw9380x_cap 8-0012: [aw9380x_noth_button_key_report:3855] touch0_state Cap 0 Force 0 currentBtn 0
03-23 00:47:59.201   377   377 I aw9380x_cap 8-0012: [aw9380x_data_update_work_func:1899] force: rawdata = 0 diff = 853796 baseline = 1856, cap: rawdata = 0 diff = 0 baseline = 0
03-23 00:47:59.215   424   424 I aw9380x_cap 8-0012: [aw9380x_rc_irqscr:3728] i2c read reg: 0xf080, val= 16
03-23 00:47:59.215   424   424 I aw9380x_cap 8-0012: [aw9380x_cap_default_irq_handle:4109] gpio_low_count 2
03-23 00:47:59.215   424   424 I aw9380x_cap 8-0012: [aw9380x_irq_handle_func:4065] IRQSEN = 0x000F0FFF
03-23 00:47:59.215   424   424 I aw9380x_cap 8-0012: [aw9380x_irq_handle_func:4067] IRQSRC = 0x00000010
03-23 00:47:59.216   424   424 I aw9380x_cap 8-0012: [aw9380x_noth_button_key_report:3855] touch0_state Cap 0 Force 0 currentBtn 0
03-23 00:47:59.229   377   377 I aw9380x_cap 8-0012: [aw9380x_data_update_work_func:1899] force: rawdata = 0 diff = 853796 baseline = 1856, cap: rawdata = 0 diff = 0 baseline = 0
03-23 00:47:59.257   377   377 I aw9380x_cap 8-0012: [aw9380x_data_update_work_func:1899] force: rawdata = 0 diff = 853796 baseline = 1856, cap: rawdata = 0 diff = 0 baseline = 0
03-23 00:47:59.257   424   424 I aw9380x_cap 8-0012: [aw9380x_rc_irqscr:3728] i2c read reg: 0xf080, val= 2097168
03-23 00:47:59.257   424   424 I aw9380x_cap 8-0012: [aw9380x_cap_default_irq_handle:4109] gpio_low_count 2
03-23 00:47:59.258   424   424 I aw9380x_cap 8-0012: [aw9380x_irq_handle_func:4065] IRQSEN = 0x000F0FFF
03-23 00:47:59.258   424   424 I aw9380x_cap 8-0012: [aw9380x_irq_handle_func:4067] IRQSRC = 0x00200010
03-23 00:47:59.258   424   424 I aw9380x_cap 8-0012: [aw9380x_noth_button_key_report:3855] touch0_state Cap 0 Force 0 currentBtn 0
03-23 00:47:59.274   445   445 I logd    : logdr: UID=0 GID=0 PID=986 b tail=0 logMask=99 pid=0 start=0ns deadline=0ns
03-23 00:47:59.279   424   424 I aw9380x_cap 8-0012: [aw9380x_rc_irqscr:3728] i2c read reg: 0xf080, val= 16
03-23 00:47:59.279   424   424 I aw9380x_cap 8-0012: [aw9380x_cap_default_irq_handle:4109] gpio_low_count 2
03-23 00:47:59.280   424   424 I aw9380x_cap 8-0012: [aw9380x_irq_handle_func:4065] IRQSEN = 0x000F0FFF
03-23 00:47:59.280   424   424 I aw9380x_cap 8-0012: [aw9380x_irq_handle_func:4067] IRQSRC = 0x00000010
03-23 00:47:59.280   424   424 I aw9380x_cap 8-0012: [aw9380x_noth_button_key_report:3855] touch0_state Cap 0 Force 0 currentBtn 0
03-23 00:47:59.285   377   377 I aw9380x_cap 8-0012: [aw9380x_data_update_work_func:1899] force: rawdata = 0 diff = 853796 baseline = 1856, cap: rawdata = 0 diff = 0 baseline = 0
03-23 00:47:59.313   377   377 I aw9380x_cap 8-0012: [aw9380x_data_update_work_func:1899] force: rawdata = 0 diff = 853796 baseline = 1856, cap: rawdata = 0 diff = 0 baseline = 0
03-23 00:47:59.322   424   424 I aw9380x_cap 8-0012: [aw9380x_rc_irqscr:3728] i2c read reg: 0xf080, val= 16
03-23 00:47:59.322   424   424 I aw9380x_cap 8-0012: [aw9380x_cap_default_irq_handle:4109] gpio_low_count 2
03-23 00:47:59.322   424   424 I aw9380x_cap 8-0012: [aw9380x_irq_handle_func:4065] IRQSEN = 0x000F0FFF
03-23 00:47:59.322   424   424 I aw9380x_cap 8-0012: [aw9380x_irq_handle_func:4067] IRQSRC = 0x00000010
03-23 00:47:59.323   424   424 I aw9380x_cap 8-0012: [aw9380x_noth_button_key_report:3855] touch0_state Cap 0 Force 0 currentBtn 0
03-23 00:47:59.342   377   377 I aw9380x_cap 8-0012: [aw9380x_data_update_work_func:1899] force: rawdata = 0 diff = 853796 baseline = 1856, cap: rawdata = 0 diff = 0 baseline = 0
03-23 00:47:59.344   424   424 I aw9380x_cap 8-0012: [aw9380x_rc_irqscr:3728] i2c read reg: 0xf080, val= 16
03-23 00:47:59.344   424   424 I aw9380x_cap 8-0012: [aw9380x_cap_default_irq_handle:4109] gpio_low_count 2
03-23 00:47:59.344   424   424 I aw9380x_cap 8-0012: [aw9380x_irq_handle_func:4065] IRQSEN = 0x000F0FFF
03-23 00:47:59.344   424   424 I aw9380x_cap 8-0012: [aw9380x_irq_handle_func:4067] IRQSRC = 0x00000010
03-23 00:47:59.345   424   424 I aw9380x_cap 8-0012: [aw9380x_noth_button_key_report:3855] touch0_state Cap 0 Force 0 currentBtn 0
03-23 00:47:59.369   377   377 I aw9380x_cap 8-0012: [aw9380x_data_update_work_func:1899] force: rawdata = 0 diff = 853796 baseline = 1856, cap: rawdata = 0 diff = 0 baseline = 0
03-23 00:47:59.386   424   424 I aw9380x_cap 8-0012: [aw9380x_rc_irqscr:3728] i2c read reg: 0xf080, val= 16
03-23 00:47:59.386   424   424 I aw9380x_cap 8-0012: [aw9380x_cap_default_irq_handle:4109] gpio_low_count 2
03-23 00:47:59.387   424   424 I aw9380x_cap 8-0012: [aw9380x_irq_handle_func:4065] IRQSEN = 0x000F0FFF
03-23 00:47:59.387   424   424 I aw9380x_cap 8-0012: [aw9380x_irq_handle_func:4067] IRQSRC = 0x00000010
03-23 00:47:59.387   424   424 I aw9380x_cap 8-0012: [aw9380x_noth_button_key_report:3855] touch0_state Cap 0 Force 0 currentBtn 0
03-23 00:47:59.397   377   377 I aw9380x_cap 8-0012: [aw9380x_data_update_work_func:1899] force: rawdata = 0 diff = 853796 baseline = 1856, cap: rawdata = 0 diff = 0 baseline = 0
03-23 00:47:59.408   424   424 I aw9380x_cap 8-0012: [aw9380x_rc_irqscr:3728] i2c read reg: 0xf080, val= 16
03-23 00:47:59.408   424   424 I aw9380x_cap 8-0012: [aw9380x_cap_default_irq_handle:4109] gpio_low_count 2
03-23 00:47:59.409   424   424 I aw9380x_cap 8-0012: [aw9380x_irq_handle_func:4065] IRQSEN = 0x000F0FFF
03-23 00:47:59.409   424   424 I aw9380x_cap 8-0012: [aw9380x_irq_handle_func:4067] IRQSRC = 0x00000010
03-23 00:47:59.409   424   424 I aw9380x_cap 8-0012: [aw9380x_noth_button_key_report:3855] touch0_state Cap 0 Force 0 currentBtn 0
03-23 00:47:59.425   377   377 I aw9380x_cap 8-0012: [aw9380x_data_update_work_func:1899] force: rawdata = 0 diff = 853796 baseline = 1856, cap: rawdata = 0 diff = 0 baseline = 0
03-23 00:47:59.451   424   424 I aw9380x_cap 8-0012: [aw9380x_rc_irqscr:3728] i2c read reg: 0xf080, val= 16
03-23 00:47:59.451   424   424 I aw9380x_cap 8-0012: [aw9380x_cap_default_irq_handle:4109] gpio_low_count 2
03-23 00:47:59.451   424   424 I aw9380x_cap 8-0012: [aw9380x_irq_handle_func:4065] IRQSEN = 0x000F0FFF
03-23 00:47:59.451   424   424 I aw9380x_cap 8-0012: [aw9380x_irq_handle_func:4067] IRQSRC = 0x00000010
03-23 00:47:59.452   424   424 I aw9380x_cap 8-0012: [aw9380x_noth_button_key_report:3855] touch0_state Cap 0 Force 0 currentBtn 0
03-23 00:47:59.453   377   377 I aw9380x_cap 8-0012: [aw9380x_data_update_work_func:1899] force: rawdata = 0 diff = 853796 baseline = 1856, cap: rawdata = 0 diff = 0 baseline = 0
03-23 00:47:59.473   424   424 I aw9380x_cap 8-0012: [aw9380x_rc_irqscr:3728] i2c read reg: 0xf080, val= 16
03-23 00:47:59.473   424   424 I aw9380x_cap 8-0012: [aw9380x_cap_default_irq_handle:4109] gpio_low_count 2
03-23 00:47:59.473   424   424 I aw9380x_cap 8-0012: [aw9380x_irq_handle_func:4065] IRQSEN = 0x000F0FFF
03-23 00:47:59.473   424   424 I aw9380x_cap 8-0012: [aw9380x_irq_handle_func:4067] IRQSRC = 0x00000010
03-23 00:47:59.474   424   424 I aw9380x_cap 8-0012: [aw9380x_noth_button_key_report:3855] touch0_state Cap 0 Force 0 currentBtn 0
03-23 00:47:59.481   377   377 I aw9380x_cap 8-0012: [aw9380x_data_update_work_func:1899] force: rawdata = 0 diff = 853796 baseline = 1856, cap: rawdata = 0 diff = 0 baseline = 0
03-23 00:47:59.509   377   377 I aw9380x_cap 8-0012: [aw9380x_data_update_work_func:1899] force: rawdata = 0 diff = 853796 baseline = 1856, cap: rawdata = 0 diff = 0 baseline = 0
03-23 00:47:59.515   424   424 I aw9380x_cap 8-0012: [aw9380x_rc_irqscr:3728] i2c read reg: 0xf080, val= 2097168
03-23 00:47:59.515   424   424 I aw9380x_cap 8-0012: [aw9380x_cap_default_irq_handle:4109] gpio_low_count 2
03-23 00:47:59.516   424   424 I aw9380x_cap 8-0012: [aw9380x_irq_handle_func:4065] IRQSEN = 0x000F0FFF
03-23 00:47:59.516   424   424 I aw9380x_cap 8-0012: [aw9380x_irq_handle_func:4067] IRQSRC = 0x00200010
03-23 00:47:59.516   424   424 I aw9380x_cap 8-0012: [aw9380x_noth_button_key_report:3855] touch0_state Cap 0 Force 0 currentBtn 0
03-23 00:47:59.537   377   377 I aw9380x_cap 8-0012: [aw9380x_data_update_work_func:1899] force: rawdata = 0 diff = 853796 baseline = 1856, cap: rawdata = 0 diff = 0 baseline = 0
03-23 00:47:59.537   424   424 I aw9380x_cap 8-0012: [aw9380x_rc_irqscr:3728] i2c read reg: 0xf080, val= 16
03-23 00:47:59.537   424   424 I aw9380x_cap 8-0012: [aw9380x_cap_default_irq_handle:4109] gpio_low_count 2
03-23 00:47:59.537   424   424 I aw9380x_cap 8-0012: [aw9380x_irq_handle_func:4065] IRQSEN = 0x000F0FFF
03-23 00:47:59.537   424   424 I aw9380x_cap 8-0012: [aw9380x_irq_handle_func:4067] IRQSRC = 0x00000010
03-23 00:47:59.538   424   424 I aw9380x_cap 8-0012: [aw9380x_noth_button_key_report:3855] touch0_state Cap 0 Force 0 currentBtn 0
12-19 15:26:50.979   448   448 W ServiceManager: Waited one second for android.system.keystore2.IKeystoreService/default (is service started? are binder threads started and available?)
12-19 15:26:50.979   442   442 I servicemanager: Since 'android.system.keystore2.IKeystoreService/default' could not be found, trying to start it as a lazy AIDL service
12-19 15:26:50.979   442   989 W libc    : Unable to set property "ctl.interface_start" to "aidl/android.system.keystore2.IKeystoreService/default": error code: 0x20
12-19 15:26:50.979   442   989 I servicemanager: Tried to start aidl service android.system.keystore2.IKeystoreService/default as a lazy service, but was unable to. Usually this happens when a service is not installed, but if the service is intended to be used as a lazy service, then it may be configured incorrectly.
03-23 00:47:59.556     1     1 E init    : Control message: Could not find 'aidl/android.system.keystore2.IKeystoreService/default' for ctl.interface_start from pid: 442 (/system/bin/servicemanager)
03-23 00:47:59.565   377   377 I aw9380x_cap 8-0012: [aw9380x_data_update_work_func:1899] force: rawdata = 0 diff = 853796 baseline = 1856, cap: rawdata = 0 diff = 0 baseline = 0
03-23 00:47:59.580   424   424 I aw9380x_cap 8-0012: [aw9380x_rc_irqscr:3728] i2c read reg: 0xf080, val= 2097168
03-23 00:47:59.580   424   424 I aw9380x_cap 8-0012: [aw9380x_cap_default_irq_handle:4109] gpio_low_count 2
03-23 00:47:59.580   424   424 I aw9380x_cap 8-0012: [aw9380x_irq_handle_func:4065] IRQSEN = 0x000F0FFF
03-23 00:47:59.580   424   424 I aw9380x_cap 8-0012: [aw9380x_irq_handle_func:4067] IRQSRC = 0x00200010
03-23 00:47:59.581   424   424 I aw9380x_cap 8-0012: [aw9380x_noth_button_key_report:3855] touch0_state Cap 0 Force 0 currentBtn 0
03-23 00:47:59.593   377   377 I aw9380x_cap 8-0012: [aw9380x_data_update_work_func:1899] force: rawdata = 0 diff = 853796 baseline = 1856, cap: rawdata = 0 diff = 0 baseline = 0
03-23 00:47:59.602   424   424 I aw9380x_cap 8-0012: [aw9380x_rc_irqscr:3728] i2c read reg: 0xf080, val= 16
03-23 00:47:59.602   424   424 I aw9380x_cap 8-0012: [aw9380x_cap_default_irq_handle:4109] gpio_low_count 2
03-23 00:47:59.602   424   424 I aw9380x_cap 8-0012: [aw9380x_irq_handle_func:4065] IRQSEN = 0x000F0FFF
03-23 00:47:59.602   424   424 I aw9380x_cap 8-0012: [aw9380x_irq_handle_func:4067] IRQSRC = 0x00000010
03-23 00:47:59.602   424   424 I aw9380x_cap 8-0012: [aw9380x_noth_button_key_report:3855] touch0_state Cap 0 Force 0 currentBtn 0
03-23 00:47:59.621   377   377 I aw9380x_cap 8-0012: [aw9380x_data_update_work_func:1899] force: rawdata = 0 diff = 853796 baseline = 1856, cap: rawdata = 0 diff = 0 baseline = 0
03-23 00:47:59.644   424   424 I aw9380x_cap 8-0012: [aw9380x_rc_irqscr:3728] i2c read reg: 0xf080, val= 2097168
03-23 00:47:59.644   424   424 I aw9380x_cap 8-0012: [aw9380x_cap_default_irq_handle:4109] gpio_low_count 2
03-23 00:47:59.644   424   424 I aw9380x_cap 8-0012: [aw9380x_irq_handle_func:4065] IRQSEN = 0x000F0FFF
03-23 00:47:59.644   424   424 I aw9380x_cap 8-0012: [aw9380x_irq_handle_func:4067] IRQSRC = 0x00200010
03-23 00:47:59.645   424   424 I aw9380x_cap 8-0012: [aw9380x_noth_button_key_report:3855] touch0_state Cap 0 Force 0 currentBtn 0
03-23 00:47:59.649   377   377 I aw9380x_cap 8-0012: [aw9380x_data_update_work_func:1899] force: rawdata = 0 diff = 853796 baseline = 1856, cap: rawdata = 0 diff = 0 baseline = 0
03-23 00:47:59.666   424   424 I aw9380x_cap 8-0012: [aw9380x_rc_irqscr:3728] i2c read reg: 0xf080, val= 16
03-23 00:47:59.666   424   424 I aw9380x_cap 8-0012: [aw9380x_cap_default_irq_handle:4109] gpio_low_count 2
03-23 00:47:59.666   424   424 I aw9380x_cap 8-0012: [aw9380x_irq_handle_func:4065] IRQSEN = 0x000F0FFF
03-23 00:47:59.666   424   424 I aw9380x_cap 8-0012: [aw9380x_irq_handle_func:4067] IRQSRC = 0x00000010
03-23 00:47:59.667   424   424 I aw9380x_cap 8-0012: [aw9380x_noth_button_key_report:3855] touch0_state Cap 0 Force 0 currentBtn 0
03-23 00:47:59.677   377   377 I aw9380x_cap 8-0012: [aw9380x_data_update_work_func:1899] force: rawdata = 0 diff = 853796 baseline = 1856, cap: rawdata = 0 diff = 0 baseline = 0
03-23 00:47:59.705   377   377 I aw9380x_cap 8-0012: [aw9380x_data_update_work_func:1899] force: rawdata = 0 diff = 853796 baseline = 1856, cap: rawdata = 0 diff = 0 baseline = 0
03-23 00:47:59.709   424   424 I aw9380x_cap 8-0012: [aw9380x_rc_irqscr:3728] i2c read reg: 0xf080, val= 16
03-23 00:47:59.709   424   424 I aw9380x_cap 8-0012: [aw9380x_cap_default_irq_handle:4109] gpio_low_count 2
03-23 00:47:59.709   424   424 I aw9380x_cap 8-0012: [aw9380x_irq_handle_func:4065] IRQSEN = 0x000F0FFF
03-23 00:47:59.709   424   424 I aw9380x_cap 8-0012: [aw9380x_irq_handle_func:4067] IRQSRC = 0x00000010
03-23 00:47:59.709   424   424 I aw9380x_cap 8-0012: [aw9380x_noth_button_key_report:3855] touch0_state Cap 0 Force 0 currentBtn 0
03-23 00:47:59.731   424   424 I aw9380x_cap 8-0012: [aw9380x_rc_irqscr:3728] i2c read reg: 0xf080, val= 16
03-23 00:47:59.731   424   424 I aw9380x_cap 8-0012: [aw9380x_cap_default_irq_handle:4109] gpio_low_count 2
03-23 00:47:59.731   424   424 I aw9380x_cap 8-0012: [aw9380x_irq_handle_func:4065] IRQSEN = 0x000F0FFF
03-23 00:47:59.731   424   424 I aw9380x_cap 8-0012: [aw9380x_irq_handle_func:4067] IRQSRC = 0x00000010
03-23 00:47:59.732   424   424 I aw9380x_cap 8-0012: [aw9380x_noth_button_key_report:3855] touch0_state Cap 0 Force 0 currentBtn 0
03-23 00:47:59.734   377   377 I aw9380x_cap 8-0012: [aw9380x_data_update_work_func:1899] force: rawdata = 0 diff = 853796 baseline = 1856, cap: rawdata = 0 diff = 0 baseline = 0
03-23 00:47:59.761   377   377 I aw9380x_cap 8-0012: [aw9380x_data_update_work_func:1899] force: rawdata = 0 diff = 853796 baseline = 1856, cap: rawdata = 0 diff = 0 baseline = 0
03-23 00:47:59.774   424   424 I aw9380x_cap 8-0012: [aw9380x_rc_irqscr:3728] i2c read reg: 0xf080, val= 2097168
03-23 00:47:59.774   424   424 I aw9380x_cap 8-0012: [aw9380x_cap_default_irq_handle:4109] gpio_low_count 2
03-23 00:47:59.774   424   424 I aw9380x_cap 8-0012: [aw9380x_irq_handle_func:4065] IRQSEN = 0x000F0FFF
03-23 00:47:59.774   424   424 I aw9380x_cap 8-0012: [aw9380x_irq_handle_func:4067] IRQSRC = 0x00200010
03-23 00:47:59.774   424   424 I aw9380x_cap 8-0012: [aw9380x_noth_button_key_report:3855] touch0_state Cap 0 Force 0 currentBtn 0
03-23 00:47:59.789   377   377 I aw9380x_cap 8-0012: [aw9380x_data_update_work_func:1899] force: rawdata = 0 diff = 853796 baseline = 1856, cap: rawdata = 0 diff = 0 baseline = 0
03-23 00:47:59.796   424   424 I aw9380x_cap 8-0012: [aw9380x_rc_irqscr:3728] i2c read reg: 0xf080, val= 16
03-23 00:47:59.796   424   424 I aw9380x_cap 8-0012: [aw9380x_cap_default_irq_handle:4109] gpio_low_count 2
03-23 00:47:59.796   424   424 I aw9380x_cap 8-0012: [aw9380x_irq_handle_func:4065] IRQSEN = 0x000F0FFF
03-23 00:47:59.796   424   424 I aw9380x_cap 8-0012: [aw9380x_irq_handle_func:4067] IRQSRC = 0x00000010
03-23 00:47:59.796   424   424 I aw9380x_cap 8-0012: [aw9380x_noth_button_key_report:3855] touch0_state Cap 0 Force 0 currentBtn 0
03-23 00:47:59.817   377   377 I aw9380x_cap 8-0012: [aw9380x_data_update_work_func:1899] force: rawdata = 0 diff = 853796 baseline = 1856, cap: rawdata = 0 diff = 0 baseline = 0
03-23 00:47:59.838   424   424 I aw9380x_cap 8-0012: [aw9380x_rc_irqscr:3728] i2c read reg: 0xf080, val= 2097168
03-23 00:47:59.838   424   424 I aw9380x_cap 8-0012: [aw9380x_cap_default_irq_handle:4109] gpio_low_count 2
03-23 00:47:59.838   424   424 I aw9380x_cap 8-0012: [aw9380x_irq_handle_func:4065] IRQSEN = 0x000F0FFF
03-23 00:47:59.838   424   424 I aw9380x_cap 8-0012: [aw9380x_irq_handle_func:4067] IRQSRC = 0x00200010
03-23 00:47:59.839   424   424 I aw9380x_cap 8-0012: [aw9380x_noth_button_key_report:3855] touch0_state Cap 0 Force 0 currentBtn 0
03-23 00:47:59.845   377   377 I aw9380x_cap 8-0012: [aw9380x_data_update_work_func:1899] force: rawdata = 0 diff = 853796 baseline = 1856, cap: rawdata = 0 diff = 0 baseline = 0
03-23 00:47:59.860   424   424 I aw9380x_cap 8-0012: [aw9380x_rc_irqscr:3728] i2c read reg: 0xf080, val= 16
03-23 00:47:59.860   424   424 I aw9380x_cap 8-0012: [aw9380x_cap_default_irq_handle:4109] gpio_low_count 2
03-23 00:47:59.860   424   424 I aw9380x_cap 8-0012: [aw9380x_irq_handle_func:4065] IRQSEN = 0x000F0FFF
03-23 00:47:59.860   424   424 I aw9380x_cap 8-0012: [aw9380x_irq_handle_func:4067] IRQSRC = 0x00000010
03-23 00:47:59.861   424   424 I aw9380x_cap 8-0012: [aw9380x_noth_button_key_report:3855] touch0_state Cap 0 Force 0 currentBtn 0
03-23 00:47:59.873   377   377 I aw9380x_cap 8-0012: [aw9380x_data_update_work_func:1899] force: rawdata = 0 diff = 853796 baseline = 1856, cap: rawdata = 0 diff = 0 baseline = 0
03-23 00:47:59.901   377   377 I aw9380x_cap 8-0012: [aw9380x_data_update_work_func:1899] force: rawdata = 0 diff = 853796 baseline = 1856, cap: rawdata = 0 diff = 0 baseline = 0
03-23 00:47:59.903   424   424 I aw9380x_cap 8-0012: [aw9380x_rc_irqscr:3728] i2c read reg: 0xf080, val= 2097168
03-23 00:47:59.903   424   424 I aw9380x_cap 8-0012: [aw9380x_cap_default_irq_handle:4109] gpio_low_count 2
03-23 00:47:59.903   424   424 I aw9380x_cap 8-0012: [aw9380x_irq_handle_func:4065] IRQSEN = 0x000F0FFF
03-23 00:47:59.903   424   424 I aw9380x_cap 8-0012: [aw9380x_irq_handle_func:4067] IRQSRC = 0x00200010
03-23 00:47:59.903   424   424 I aw9380x_cap 8-0012: [aw9380x_noth_button_key_report:3855] touch0_state Cap 0 Force 0 currentBtn 0
03-23 00:47:59.924   424   424 I aw9380x_cap 8-0012: [aw9380x_rc_irqscr:3728] i2c read reg: 0xf080, val= 16
03-23 00:47:59.924   424   424 I aw9380x_cap 8-0012: [aw9380x_cap_default_irq_handle:4109] gpio_low_count 2
03-23 00:47:59.925   424   424 I aw9380x_cap 8-0012: [aw9380x_irq_handle_func:4065] IRQSEN = 0x000F0FFF
03-23 00:47:59.925   424   424 I aw9380x_cap 8-0012: [aw9380x_irq_handle_func:4067] IRQSRC = 0x00000010
03-23 00:47:59.925   424   424 I aw9380x_cap 8-0012: [aw9380x_noth_button_key_report:3855] touch0_state Cap 0 Force 0 currentBtn 0
03-23 00:47:59.929   377   377 I aw9380x_cap 8-0012: [aw9380x_data_update_work_func:1899] force: rawdata = 0 diff = 853796 baseline = 1856, cap: rawdata = 0 diff = 0 baseline = 0
03-23 00:47:59.957   377   377 I aw9380x_cap 8-0012: [aw9380x_data_update_work_func:1899] force: rawdata = 0 diff = 853796 baseline = 1856, cap: rawdata = 0 diff = 0 baseline = 0
03-23 00:47:59.967   424   424 I aw9380x_cap 8-0012: [aw9380x_rc_irqscr:3728] i2c read reg: 0xf080, val= 2097168
03-23 00:47:59.967   424   424 I aw9380x_cap 8-0012: [aw9380x_cap_default_irq_handle:4109] gpio_low_count 2
03-23 00:47:59.967   424   424 I aw9380x_cap 8-0012: [aw9380x_irq_handle_func:4065] IRQSEN = 0x000F0FFF
03-23 00:47:59.967   424   424 I aw9380x_cap 8-0012: [aw9380x_irq_handle_func:4067] IRQSRC = 0x00200010
03-23 00:47:59.968   424   424 I aw9380x_cap 8-0012: [aw9380x_noth_button_key_report:3855] touch0_state Cap 0 Force 0 currentBtn 0
03-23 00:47:59.985   377   377 I aw9380x_cap 8-0012: [aw9380x_data_update_work_func:1899] force: rawdata = 0 diff = 853796 baseline = 1856, cap: rawdata = 0 diff = 0 baseline = 0
03-23 00:47:59.989   424   424 I aw9380x_cap 8-0012: [aw9380x_rc_irqscr:3728] i2c read reg: 0xf080, val= 16
03-23 00:47:59.989   424   424 I aw9380x_cap 8-0012: [aw9380x_cap_default_irq_handle:4109] gpio_low_count 2
03-23 00:47:59.989   424   424 I aw9380x_cap 8-0012: [aw9380x_irq_handle_func:4065] IRQSEN = 0x000F0FFF
03-23 00:47:59.989   424   424 I aw9380x_cap 8-0012: [aw9380x_irq_handle_func:4067] IRQSRC = 0x00000010
03-23 00:47:59.990   424   424 I aw9380x_cap 8-0012: [aw9380x_noth_button_key_report:3855] touch0_state Cap 0 Force 0 currentBtn 0
03-23 00:48:00.013   377   377 I aw9380x_cap 8-0012: [aw9380x_data_update_work_func:1899] force: rawdata = 0 diff = 853796 baseline = 1856, cap: rawdata = 0 diff = 0 baseline = 0
03-23 00:48:00.031   424   424 I aw9380x_cap 8-0012: [aw9380x_rc_irqscr:3728] i2c read reg: 0xf080, val= 2097168
03-23 00:48:00.031   424   424 I aw9380x_cap 8-0012: [aw9380x_cap_default_irq_handle:4109] gpio_low_count 2
03-23 00:48:00.032   424   424 I aw9380x_cap 8-0012: [aw9380x_irq_handle_func:4065] IRQSEN = 0x000F0FFF
03-23 00:48:00.032   424   424 I aw9380x_cap 8-0012: [aw9380x_irq_handle_func:4067] IRQSRC = 0x00200010
03-23 00:48:00.032   424   424 I aw9380x_cap 8-0012: [aw9380x_noth_button_key_report:3855] touch0_state Cap 0 Force 0 currentBtn 0
03-23 00:48:00.041   377   377 I aw9380x_cap 8-0012: [aw9380x_data_update_work_func:1899] force: rawdata = 0 diff = 853796 baseline = 1856, cap: rawdata = 0 diff = 0 baseline = 0
03-23 00:48:00.053   424   424 I aw9380x_cap 8-0012: [aw9380x_rc_irqscr:3728] i2c read reg: 0xf080, val= 16
03-23 00:48:00.053   424   424 I aw9380x_cap 8-0012: [aw9380x_cap_default_irq_handle:4109] gpio_low_count 2
03-23 00:48:00.054   424   424 I aw9380x_cap 8-0012: [aw9380x_irq_handle_func:4065] IRQSEN = 0x000F0FFF
03-23 00:48:00.054   424   424 I aw9380x_cap 8-0012: [aw9380x_irq_handle_func:4067] IRQSRC = 0x00000010
03-23 00:48:00.054   424   424 I aw9380x_cap 8-0012: [aw9380x_noth_button_key_report:3855] touch0_state Cap 0 Force 0 currentBtn 0
03-23 00:48:00.069   377   377 I aw9380x_cap 8-0012: [aw9380x_data_update_work_func:1899] force: rawdata = 0 diff = 853796 baseline = 1856, cap: rawdata = 0 diff = 0 baseline = 0
03-23 00:48:00.096   424   424 I aw9380x_cap 8-0012: [aw9380x_rc_irqscr:3728] i2c read reg: 0xf080, val= 16
03-23 00:48:00.096   424   424 I aw9380x_cap 8-0012: [aw9380x_cap_default_irq_handle:4109] gpio_low_count 2
03-23 00:48:00.096   424   424 I aw9380x_cap 8-0012: [aw9380x_irq_handle_func:4065] IRQSEN = 0x000F0FFF
03-23 00:48:00.096   424   424 I aw9380x_cap 8-0012: [aw9380x_irq_handle_func:4067] IRQSRC = 0x00000010
03-23 00:48:00.097   424   424 I aw9380x_cap 8-0012: [aw9380x_noth_button_key_report:3855] touch0_state Cap 0 Force 0 currentBtn 0
03-23 00:48:00.098   377   377 I aw9380x_cap 8-0012: [aw9380x_data_update_work_func:1899] force: rawdata = 0 diff = 853796 baseline = 1856, cap: rawdata = 0 diff = 0 baseline = 0
03-23 00:48:00.118   424   424 I aw9380x_cap 8-0012: [aw9380x_rc_irqscr:3728] i2c read reg: 0xf080, val= 16
03-23 00:48:00.118   424   424 I aw9380x_cap 8-0012: [aw9380x_cap_default_irq_handle:4109] gpio_low_count 2
03-23 00:48:00.118   424   424 I aw9380x_cap 8-0012: [aw9380x_irq_handle_func:4065] IRQSEN = 0x000F0FFF
03-23 00:48:00.118   424   424 I aw9380x_cap 8-0012: [aw9380x_irq_handle_func:4067] IRQSRC = 0x00000010
03-23 00:48:00.119   424   424 I aw9380x_cap 8-0012: [aw9380x_noth_button_key_report:3855] touch0_state Cap 0 Force 0 currentBtn 0
03-23 00:48:00.125   377   377 I aw9380x_cap 8-0012: [aw9380x_data_update_work_func:1899] force: rawdata = 0 diff = 853796 baseline = 1856, cap: rawdata = 0 diff = 0 baseline = 0
03-23 00:48:00.153   377   377 I aw9380x_cap 8-0012: [aw9380x_data_update_work_func:1899] force: rawdata = 0 diff = 853796 baseline = 1856, cap: rawdata = 0 diff = 0 baseline = 0
03-23 00:48:00.160   424   424 I aw9380x_cap 8-0012: [aw9380x_rc_irqscr:3728] i2c read reg: 0xf080, val= 2097168
03-23 00:48:00.160   424   424 I aw9380x_cap 8-0012: [aw9380x_cap_default_irq_handle:4109] gpio_low_count 2
03-23 00:48:00.161   424   424 I aw9380x_cap 8-0012: [aw9380x_irq_handle_func:4065] IRQSEN = 0x000F0FFF
03-23 00:48:00.161   424   424 I aw9380x_cap 8-0012: [aw9380x_irq_handle_func:4067] IRQSRC = 0x00200010
03-23 00:48:00.161   424   424 I aw9380x_cap 8-0012: [aw9380x_noth_button_key_report:3855] touch0_state Cap 0 Force 0 currentBtn 0
03-23 00:48:00.181   377   377 I aw9380x_cap 8-0012: [aw9380x_data_update_work_func:1899] force: rawdata = 0 diff = 853796 baseline = 1856, cap: rawdata = 0 diff = 0 baseline = 0
03-23 00:48:00.182   424   424 I aw9380x_cap 8-0012: [aw9380x_rc_irqscr:3728] i2c read reg: 0xf080, val= 16
03-23 00:48:00.182   424   424 I aw9380x_cap 8-0012: [aw9380x_cap_default_irq_handle:4109] gpio_low_count 2
03-23 00:48:00.183   424   424 I aw9380x_cap 8-0012: [aw9380x_irq_handle_func:4065] IRQSEN = 0x000F0FFF
03-23 00:48:00.183   424   424 I aw9380x_cap 8-0012: [aw9380x_irq_handle_func:4067] IRQSRC = 0x00000010
03-23 00:48:00.183   424   424 I aw9380x_cap 8-0012: [aw9380x_noth_button_key_report:3855] touch0_state Cap 0 Force 0 currentBtn 0
03-23 00:48:00.209   377   377 I aw9380x_cap 8-0012: [aw9380x_data_update_work_func:1899] force: rawdata = 0 diff = 853796 baseline = 1856, cap: rawdata = 0 diff = 0 baseline = 0
03-23 00:48:00.225   424   424 I aw9380x_cap 8-0012: [aw9380x_rc_irqscr:3728] i2c read reg: 0xf080, val= 16
03-23 00:48:00.225   424   424 I aw9380x_cap 8-0012: [aw9380x_cap_default_irq_handle:4109] gpio_low_count 2
03-23 00:48:00.225   424   424 I aw9380x_cap 8-0012: [aw9380x_irq_handle_func:4065] IRQSEN = 0x000F0FFF
03-23 00:48:00.225   424   424 I aw9380x_cap 8-0012: [aw9380x_irq_handle_func:4067] IRQSRC = 0x00000010
03-23 00:48:00.226   424   424 I aw9380x_cap 8-0012: [aw9380x_noth_button_key_report:3855] touch0_state Cap 0 Force 0 currentBtn 0
