03-23 02:12:11.539    11    11 I coresight-secure-etr soc: tmc-modem: assigned reserved memory node qdss_apps_region@82800000
03-23 02:12:11.539   245   245 I init    : Loaded kernel module /lib/modules/smcinvoke_dlkm.ko
03-23 02:12:11.539   242   242 I init    : Loaded kernel module /lib/modules/clk-qcom.ko
03-23 02:12:11.539   239   239 I /soc/rsc@17a00000/drv@2/rpmh-regulator-ldod3: Fixed dependency cycle(s) with /soc/rsc@17a00000/drv@2/rpmh-regulator-ldod3/vreg-pm_v6d-l3
03-23 02:12:11.539   239   239 I /soc/rsc@17a00000/drv@2/rpmh-regulator-cxlvl: Fixed dependency cycle(s) with /soc/rsc@17a00000/drv@2/rpmh-regulator-cxlvl/vreg-pm_v8f-s1-level
03-23 02:12:11.539   239   239 I /soc/rsc@17a00000/drv@2/rpmh-regulator-mxlvl: Fixed dependency cycle(s) with /soc/rsc@17a00000/drv@2/rpmh-regulator-mxlvl/vreg-pm_v8f-s8-level
03-23 02:12:11.540   239   239 I /soc/rsc@17a00000/drv@2/rpmh-regulator-ldof3: Fixed dependency cycle(s) with /soc/rsc@17a00000/drv@2/rpmh-regulator-ldof3/vreg-pm_v8f-l3
03-23 02:12:11.541    11    11 I noth-hwid soc: hardware_id: hwid_read_id(): id_0 adv val 1467mv
03-23 02:12:11.542   239   239 I init    : Loaded kernel module /lib/modules/qcom_rpmh.ko
03-23 02:12:11.542    11    11 I noth-hwid soc: hardware_id: hwid_read_id(): id_1 adv val 202mv
03-23 02:12:11.542    11    11 I noth-hwid soc: hardware_id: hwid_probe() OK
03-23 02:12:11.543   270   270 I init    : Loading module /lib/modules/camcc-tuna.ko with args ''
03-23 02:12:11.543   271   271 I init    : Loading module /lib/modules/sdhci-msm.ko with args ''
03-23 02:12:11.543   272   272 I init    : Loading module /lib/modules/gpucc-tuna.ko with args ''
03-23 02:12:11.543   273   273 I init    : Loading module /lib/modules/videocc-sun.ko with args ''
03-23 02:12:11.543   274   274 I init    : Loading module /lib/modules/cambistmclkcc-tuna.ko with args ''
03-23 02:12:11.543   275   275 I init    : Loading module /lib/modules/ufs-qcom.ko with args ''
03-23 02:12:11.543   276   276 I init    : Loading module /lib/modules/gpucc-kera.ko with args ''
03-23 02:12:11.544   273   273 I init    : Loaded kernel module /lib/modules/videocc-sun.ko
03-23 02:12:11.544   270   270 I init    : Loaded kernel module /lib/modules/camcc-tuna.ko
03-23 02:12:11.545   273   273 I init    : Loading module /lib/modules/camcc-kera.ko with args ''
03-23 02:12:11.545   270   270 I init    : Loading module /lib/modules/gcc-tuna.ko with args ''
03-23 02:12:11.545   277   277 I init    : Loading module /lib/modules/gcc-kera.ko with args ''
03-23 02:12:11.545   272   272 I init    : Loaded kernel module /lib/modules/gpucc-tuna.ko
03-23 02:12:11.545   274   274 I init    : Loaded kernel module /lib/modules/cambistmclkcc-tuna.ko
03-23 02:12:11.545   274   274 I init    : Loading module /lib/modules/dmesg_dumper.ko with args ''
03-23 02:12:11.545   272   272 I init    : Loading module /lib/modules/clk-rpmh.ko with args ''
03-23 02:12:11.545   271   271 I init    : Loaded kernel module /lib/modules/sdhci-msm.ko
03-23 02:12:11.545   271   271 I init    : Loading module /lib/modules/tcsrcc-sun.ko with args ''
03-23 02:12:11.546   274   274 I qcom_dmesg_dumper soc: dmesg-dump: assigned reserved memory node vm_comm_mem_region
03-23 02:12:11.546   270   270 I init    : Loaded kernel module /lib/modules/gcc-tuna.ko
03-23 02:12:11.546   270   270 I init    : Loading module /lib/modules/gcc-sun.ko with args ''
03-23 02:12:11.546   273   273 I init    : Loaded kernel module /lib/modules/camcc-kera.ko
03-23 02:12:11.546   273   273 I init    : Loading module /lib/modules/dispcc-sun.ko with args ''
03-23 02:12:11.547   275   275 I init    : Loaded kernel module /lib/modules/ufs-qcom.ko
03-23 02:12:11.547   275   275 I init    : Loading module /lib/modules/evacc-tuna.ko with args ''
03-23 02:12:11.547   274   274 I init    : Loaded kernel module /lib/modules/dmesg_dumper.ko
03-23 02:12:11.547   274   274 I init    : Loading module /lib/modules/gpucc-sun.ko with args ''
03-23 02:12:11.547   277   277 I init    : Loaded kernel module /lib/modules/gcc-kera.ko
03-23 02:12:11.547   271   271 I init    : Loaded kernel module /lib/modules/tcsrcc-sun.ko
03-23 02:12:11.547   277   277 I init    : Loading module /lib/modules/rpmh-regulator.ko with args ''
03-23 02:12:11.547   270   270 I init    : Loaded kernel module /lib/modules/gcc-sun.ko
03-23 02:12:11.547   271   271 I init    : Loading module /lib/modules/dispcc-tuna.ko with args ''
03-23 02:12:11.547   270   270 I init    : Loading module /lib/modules/evacc-sun.ko with args ''
03-23 02:12:11.547    11    11 I tmecom-qmp-client soc: qcom,tmecom-qmp-client: tmecom probe success
03-23 02:12:11.547   138   138 E         : [NT_reserve_kernel_log] Get partition failed, retry count 194
03-23 02:12:11.547   276   276 I init    : Loaded kernel module /lib/modules/gpucc-kera.ko
03-23 02:12:11.547   276   276 I init    : Loading module /lib/modules/cambistmclkcc-sun.ko with args ''
03-23 02:12:11.548   275   275 I init    : Loaded kernel module /lib/modules/evacc-tuna.ko
03-23 02:12:11.548   275   275 I init    : Loading module /lib/modules/tcsrcc-tuna.ko with args ''
03-23 02:12:11.548   273   273 I init    : Loaded kernel module /lib/modules/dispcc-sun.ko
03-23 02:12:11.548   274   274 I init    : Loaded kernel module /lib/modules/gpucc-sun.ko
03-23 02:12:11.548   273   273 I init    : Loading module /lib/modules/videocc-tuna.ko with args ''
03-23 02:12:11.548   274   274 I init    : Loading module /lib/modules/clk-dummy.ko with args ''
03-23 02:12:11.548   272   272 I init    : Loaded kernel module /lib/modules/clk-rpmh.ko
03-23 02:12:11.548   272   272 I init    : Loading module /lib/modules/icc-bcm-voter.ko with args ''
03-23 02:12:11.549   275   275 I tcsr_cc-tuna 1fbf000.clock-controller: Registered TCSR CC clocks
03-23 02:12:11.549   276   276 I init    : Loaded kernel module /lib/modules/cambistmclkcc-sun.ko
03-23 02:12:11.549   276   276 I init    : Loading module /lib/modules/camcc-sun.ko with args ''
03-23 02:12:11.549   271   271 I init    : Loaded kernel module /lib/modules/dispcc-tuna.ko
03-23 02:12:11.549   270   270 I init    : Loaded kernel module /lib/modules/evacc-sun.ko
03-23 02:12:11.549   270   270 I init    : Loading module /lib/modules/dcvs_fp.ko with args ''
03-23 02:12:11.549   271   271 I init    : Loading module /lib/modules/sys_pm_vx.ko with args ''
03-23 02:12:11.549   274   274 I init    : Loaded kernel module /lib/modules/clk-dummy.ko
03-23 02:12:11.549   272   272 E bcm_voter soc: bcm_voter@1: crm_name=disp_crm unavailable=-517
03-23 02:12:11.549   274   274 I init    : Loading module /lib/modules/msm-mmrm.ko with args ''
03-23 02:12:11.549   272   272 E bcm_voter soc: bcm_voter@2: crm_name=disp_crm unavailable=-517
03-23 02:12:11.549   273   273 I init    : Loaded kernel module /lib/modules/videocc-tuna.ko
03-23 02:12:11.549   272   272 E bcm_voter soc: bcm_voter@3: crm_name=disp_crm unavailable=-517
03-23 02:12:11.549   272   272 E bcm_voter soc: bcm_voter@4: crm_name=disp_crm unavailable=-517
03-23 02:12:11.549   273   273 I init    : Loading module /lib/modules/rproc_qcom_common.ko with args ''
03-23 02:12:11.549   272   272 E bcm_voter soc: bcm_voter@5: crm_name=disp_crm unavailable=-517
03-23 02:12:11.549   275   275 I init    : Loaded kernel module /lib/modules/tcsrcc-tuna.ko
03-23 02:12:11.549   272   272 E bcm_voter soc: bcm_voter@6: crm_name=disp_crm unavailable=-517
03-23 02:12:11.549   272   272 E bcm_voter soc: bcm_voter@7: crm_name=disp_crm unavailable=-517
03-23 02:12:11.549   276   276 I init    : Loaded kernel module /lib/modules/camcc-sun.ko
03-23 02:12:11.550   272   272 I init    : Loaded kernel module /lib/modules/icc-bcm-voter.ko
03-23 02:12:11.550   270   270 I init    : Loaded kernel module /lib/modules/dcvs_fp.ko
03-23 02:12:11.551   274   274 I init    : Loaded kernel module /lib/modules/msm-mmrm.ko
03-23 02:12:11.551   271   271 I init    : Loaded kernel module /lib/modules/sys_pm_vx.ko
03-23 02:12:11.551   273   273 I init    : Loaded kernel module /lib/modules/rproc_qcom_common.ko
03-23 02:12:11.557    11    11 E platform 16f2000.anoc_1_qtb: TBU failed probe, QSMMUV500 cannot continue!
03-23 02:12:11.558    11    11 I         : PMIC PON log: Reset Trigger: PS_HOLD
03-23 02:12:11.558    11    11 I         : PMIC PON log: Reset Type: HARD_RESET
03-23 02:12:11.558    11    11 I         : PMIC PON log: PON Trigger: HARD_RESET
03-23 02:12:11.558    11    11 I         : PMIC PON log: PON Trigger: USB_CHARGER
03-23 02:12:11.558    11    11 I         : PMIC PON log: Reset Trigger: PS_HOLD
03-23 02:12:11.558    11    11 I         : PMIC PON log: Reset Type: HARD_RESET
03-23 02:12:11.558    11    11 I         : PMIC PON log: PON Trigger: USB_CHARGER
03-23 02:12:11.558    11    11 I         : PMIC PON log: PON Trigger: HARD_RESET
03-23 02:12:11.558    11    11 I         : PMIC PON log: Reset Trigger: PS_HOLD
03-23 02:12:11.558    11    11 I         : PMIC PON log: Reset Type: HARD_RESET
03-23 02:12:11.559    11    11 I         : PMIC PON log: PON Trigger: HARD_RESET
03-23 02:12:11.559    11    11 I         : PMIC PON log: PON Trigger: USB_CHARGER
03-23 02:12:11.559    11    11 I         : PMIC PON log: Reset Trigger: PS_HOLD
03-23 02:12:11.559    11    11 I         : PMIC PON log: Reset Type: HARD_RESET
03-23 02:12:11.559    11    11 I         : PMIC PON log: PON Trigger: USB_CHARGER
03-23 02:12:11.559    11    11 I         : PMIC PON log: PON Trigger: HARD_RESET
03-23 02:12:11.559    11    11 I         : PMIC PON log: Reset Trigger: PS_HOLD
03-23 02:12:11.559    11    11 I         : PMIC PON log: Reset Type: HARD_RESET
03-23 02:12:11.559    11    11 I         : PMIC PON log: PON Trigger: USB_CHARGER
03-23 02:12:11.559    11    11 I         : PMIC PON log: PON Trigger: HARD_RESET
03-23 02:12:11.561    11    11 E bcm_voter soc: bcm_voter@1: crm_name=disp_crm unavailable=-517
03-23 02:12:11.561    11    11 E bcm_voter soc: bcm_voter@2: crm_name=disp_crm unavailable=-517
03-23 02:12:11.561    11    11 E bcm_voter soc: bcm_voter@3: crm_name=disp_crm unavailable=-517
03-23 02:12:11.561    11    11 E bcm_voter soc: bcm_voter@4: crm_name=disp_crm unavailable=-517
03-23 02:12:11.561    11    11 E bcm_voter soc: bcm_voter@5: crm_name=disp_crm unavailable=-517
03-23 02:12:11.561    11    11 E bcm_voter soc: bcm_voter@6: crm_name=disp_crm unavailable=-517
03-23 02:12:11.561    11    11 E bcm_voter soc: bcm_voter@7: crm_name=disp_crm unavailable=-517
03-23 02:12:11.563    11    11 E platform 16f2000.anoc_1_qtb: TBU failed probe, QSMMUV500 cannot continue!
03-23 02:12:11.563   277   277 E rpmh_regulator_probe: smpi1: could not find RPMh address for resource
03-23 02:12:11.563   277   277 E rpmh_regulator_probe: smpj1: could not find RPMh address for resource
03-23 02:12:11.564   277   277 E rpmh_regulator_probe: ldok5: could not find RPMh address for resource
03-23 02:12:11.564   277   277 E rpmh_regulator_probe: ldom1: could not find RPMh address for resource
03-23 02:12:11.564   277   277 E rpmh_regulator_probe: ldom2: could not find RPMh address for resource
03-23 02:12:11.564   277   277 E rpmh_regulator_probe: ldom3: could not find RPMh address for resource
03-23 02:12:11.564   277   277 E rpmh_regulator_probe: ldom4: could not find RPMh address for resource
03-23 02:12:11.564   277   277 E rpmh_regulator_probe: ldom6: could not find RPMh address for resource
03-23 02:12:11.564   277   277 E rpmh_regulator_probe: ldom7: could not find RPMh address for resource
03-23 02:12:11.564   277   277 E rpmh_regulator_probe: ldon1: could not find RPMh address for resource
03-23 02:12:11.564   277   277 E rpmh_regulator_probe: ldon2: could not find RPMh address for resource
03-23 02:12:11.565   277   277 E rpmh_regulator_probe: ldon3: could not find RPMh address for resource
03-23 02:12:11.565   277   277 E rpmh_regulator_probe: ldon5: could not find RPMh address for resource
03-23 02:12:11.565   277   277 E rpmh_regulator_probe: ldon6: could not find RPMh address for resource
03-23 02:12:11.565   277   277 E rpmh_regulator_probe: ldon7: could not find RPMh address for resource
03-23 02:12:11.565   277   277 E rpmh_regulator_probe: vrm.wcal: could not find RPMh address for resource
03-23 02:12:11.565   277   277 I init    : Loaded kernel module /lib/modules/rpmh-regulator.ko
03-23 02:12:11.565   283   283 I init    : Loading module /lib/modules/qsee_ipc_irq_bridge.ko with args ''
03-23 02:12:11.565   284   284 I init    : Loading module /lib/modules/glink_probe.ko with args ''
03-23 02:12:11.566   282   282 I init    : Loading module /lib/modules/debugcc-tuna.ko with args ''
03-23 02:12:11.566   285   285 I init    : Loading module /lib/modules/debugcc-kera.ko with args ''
03-23 02:12:11.566   286   286 I init    : Loading module /lib/modules/debugcc-sun.ko with args ''
03-23 02:12:11.566   287   287 I init    : Loading module /lib/modules/pci-msm-drv.ko with args 'pcie_sm_regs=0x1D07000,0x1040,0x1048,0x3000,0x1'
03-23 02:12:11.566   288   288 I init    : Loading module /lib/modules/msm_memshare.ko with args ''
03-23 02:12:11.566   283   283 I init    : Loaded kernel module /lib/modules/qsee_ipc_irq_bridge.ko
03-23 02:12:11.566   284   284 I init    : Loaded kernel module /lib/modules/glink_probe.ko
03-23 02:12:11.566   284   284 I init    : Loading module /lib/modules/qcom-dcvs.ko with args ''
03-23 02:12:11.566   289   289 I init    : Loading module /lib/modules/pdr_interface.ko with args ''
03-23 02:12:11.566   283   283 I init    : Loading module /lib/modules/icc-rpmh.ko with args ''
03-23 02:12:11.567   288   288 I memshare soc: qcom,memshare:qcom,client_1: memshare: Continuing with allocation from CMA
03-23 02:12:11.567   288   288 I memshare soc: qcom,memshare:qcom,client_2: memshare: Continuing with allocation from CMA
03-23 02:12:11.567   285   285 I init    : Loaded kernel module /lib/modules/debugcc-kera.ko
03-23 02:12:11.567   288   288 I memshare soc: qcom,memshare:qcom,client_3: memshare: Continuing with allocation from CMA
03-23 02:12:11.567   282   282 I init    : Loaded kernel module /lib/modules/debugcc-tuna.ko
03-23 02:12:11.567   285   285 I init    : Loading module /lib/modules/qcom_sysmon.ko with args ''
03-23 02:12:11.567   283   283 I init    : Loaded kernel module /lib/modules/icc-rpmh.ko
03-23 02:12:11.567   289   289 I init    : Loaded kernel module /lib/modules/pdr_interface.ko
03-23 02:12:11.567   288   288 I memshare soc: qcom,memshare:qcom,client_ims_1: memshare: Continuing with allocation from CMA
03-23 02:12:11.567   288   288 I memshare soc: qcom,memshare:qcom,client_ims_2: memshare: Continuing with allocation from CMA
03-23 02:12:11.568   288   288 I init    : Loaded kernel module /lib/modules/msm_memshare.ko
03-23 02:12:11.568   286   286 I init    : Loaded kernel module /lib/modules/debugcc-sun.ko
03-23 02:12:11.568    11    11 I gcc-tuna 100000.clock-controller: Registered GCC clocks
03-23 02:12:11.568    11    11 I eva_cc-tuna abf0000.clock-controller: Registered EVA CC clocks
03-23 02:12:11.569   285   285 I init    : Loaded kernel module /lib/modules/qcom_sysmon.ko
03-23 02:12:11.570   287   287 I init    : Loaded kernel module /lib/modules/pci-msm-drv.ko
03-23 02:12:11.571   284   284 I init    : Loaded kernel module /lib/modules/qcom-dcvs.ko
03-23 02:12:11.572    11    11 I disp_cc-tuna af00000.clock-controller: Registered DISP CC clocks
03-23 02:12:11.572   291   291 I init    : Loading module /lib/modules/slim-qcom-ngd-ctrl.ko with args ''
03-23 02:12:11.572   292   292 I init    : Loading module /lib/modules/qcom_spss.ko with args ''
03-23 02:12:11.572   293   293 I init    : Loading module /lib/modules/memlat.ko with args ''
03-23 02:12:11.572   294   294 I init    : Loading module /lib/modules/qnoc-sun.ko with args ''
03-23 02:12:11.572   295   295 I init    : Loading module /lib/modules/qnoc-kera.ko with args ''
03-23 02:12:11.572   296   296 I init    : Loading module /lib/modules/mhi.ko with args ''
03-23 02:12:11.572   298   298 I init    : Loading module /lib/modules/qnoc-tuna.ko with args ''
03-23 02:12:11.572    11    11 I video_cc-tuna aaf0000.clock-controller: Registered VIDEO CC clocks
03-23 02:12:11.572    11    11 E bcm_voter soc: bcm_voter@1: crm_name=disp_crm unavailable=-517
03-23 02:12:11.572    11    11 E bcm_voter soc: bcm_voter@2: crm_name=disp_crm unavailable=-517
03-23 02:12:11.572    11    11 E bcm_voter soc: bcm_voter@3: crm_name=disp_crm unavailable=-517
03-23 02:12:11.572    11    11 E bcm_voter soc: bcm_voter@4: crm_name=disp_crm unavailable=-517
03-23 02:12:11.572    11    11 E bcm_voter soc: bcm_voter@5: crm_name=disp_crm unavailable=-517
03-23 02:12:11.572    11    11 E bcm_voter soc: bcm_voter@6: crm_name=disp_crm unavailable=-517
03-23 02:12:11.572    11    11 E bcm_voter soc: bcm_voter@7: crm_name=disp_crm unavailable=-517
03-23 02:12:11.572   297   297 I init    : Loading module /lib/modules/bwmon.ko with args ''
03-23 02:12:11.573   293   293 E qcom-memlat soc: qcom,memlat: error getting kobj from qcom_dcvs: -517
03-23 02:12:11.573   293   293 E qcom-memlat soc: qcom,memlat: Failure to probe memlat device: -517
03-23 02:12:11.573   293   293 I init    : Loaded kernel module /lib/modules/memlat.ko
03-23 02:12:11.574   293   293 I init    : Loading module /lib/modules/qcom_q6v5.ko with args ''
03-23 02:12:11.574   298   298 I qnoc-tuna soc: interconnect@0: Registered TUNA ICC provider
03-23 02:12:11.574   298   298 E qnoc-tuna soc: interconnect@1: failed to register ICC provider: -517
03-23 02:12:11.575   298   298 I qnoc-tuna 1600000.interconnect: Registered TUNA ICC provider
03-23 02:12:11.575   298   298 I qnoc-tuna 1500000.interconnect: Registered TUNA ICC provider
03-23 02:12:11.575   292   292 I init    : Loaded kernel module /lib/modules/qcom_spss.ko
03-23 02:12:11.575   294   294 I init    : Loaded kernel module /lib/modules/qnoc-sun.ko
03-23 02:12:11.575   298   298 I qnoc-tuna 1680000.interconnect: Registered TUNA ICC provider
03-23 02:12:11.575   291   291 I init    : Loaded kernel module /lib/modules/slim-qcom-ngd-ctrl.ko
03-23 02:12:11.575   295   295 I init    : Loaded kernel module /lib/modules/qnoc-kera.ko
03-23 02:12:11.575   297   297 I init    : Loaded kernel module /lib/modules/bwmon.ko
03-23 02:12:11.575   292   292 I init    : Loading module /lib/modules/qti_pmic_glink.ko with args ''
03-23 02:12:11.576   293   293 I init    : Loaded kernel module /lib/modules/qcom_q6v5.ko
03-23 02:12:11.576   296   296 I init    : Loaded kernel module /lib/modules/mhi.ko
03-23 02:12:11.576   298   298 I qnoc-tuna 16c0000.interconnect: Registered TUNA ICC provider
03-23 02:12:11.576   298   298 I qnoc-tuna 16e0000.interconnect: Registered TUNA ICC provider
03-23 02:12:11.576    11    11 I cpu0    : EM: created perf domain
03-23 02:12:11.576   298   298 I qnoc-tuna 1700000.interconnect: Registered TUNA ICC provider
03-23 02:12:11.577   298   298 E qnoc-tuna 1780000.interconnect: failed to register ICC provider: -517
03-23 02:12:11.577   298   298 E qnoc-tuna 24100000.interconnect: failed to register ICC provider: -517
03-23 02:12:11.577   298   298 I qnoc-tuna 320c0000.interconnect: Registered TUNA ICC provider
03-23 02:12:11.577   298   298 I qnoc-tuna 7e40000.interconnect: Registered TUNA ICC provider
03-23 02:12:11.577   298   298 I qnoc-tuna 7400000.interconnect: Registered TUNA ICC provider
03-23 02:12:11.578   298   298 I qnoc-tuna 7420000.interconnect: Registered TUNA ICC provider
03-23 02:12:11.578   292   292 I init    : Loaded kernel module /lib/modules/qti_pmic_glink.ko
03-23 02:12:11.578   298   298 I init    : Loaded kernel module /lib/modules/qnoc-tuna.ko
03-23 02:12:11.579   303   303 I init    : Loading module /lib/modules/charger-ulog-glink.ko with args ''
03-23 02:12:11.579   304   304 I init    : Loading module /lib/modules/pmic-glink-debug.ko with args ''
03-23 02:12:11.579   305   305 I init    : Loading module /lib/modules/qti_battery_debug.ko with args ''
03-23 02:12:11.579   306   306 I init    : Loading module /lib/modules/qrtr-mhi.ko with args ''
03-23 02:12:11.579   307   307 I init    : Loading module /lib/modules/mhi_dev_uci.ko with args ''
03-23 02:12:11.579   308   308 I init    : Loading module /lib/modules/mhi_dev_satellite.ko with args ''
03-23 02:12:11.579   309   309 I init    : Loading module /lib/modules/altmode-glink.ko with args ''
03-23 02:12:11.580   303   303 I init    : Loaded kernel module /lib/modules/charger-ulog-glink.ko
03-23 02:12:11.580   303   303 I init    : Loading module /lib/modules/qti_battery_charger.ko with args ''
03-23 02:12:11.580    11    11 I cpu2    : EM: created perf domain
03-23 02:12:11.580   306   306 I init    : Loaded kernel module /lib/modules/qrtr-mhi.ko
03-23 02:12:11.580   305   305 I init    : Loaded kernel module /lib/modules/qti_battery_debug.ko
03-23 02:12:11.580   306   306 I init    : Loading module /lib/modules/qcom_q6v5_pas.ko with args ''
03-23 02:12:11.580   305   305 I init    : Loading module /lib/modules/qti-glink-adc.ko with args ''
03-23 02:12:11.580   307   307 I init    : Loaded kernel module /lib/modules/mhi_dev_uci.ko
03-23 02:12:11.580   307   307 I init    : Loading module /lib/modules/ucsi_qti_glink.ko with args ''
03-23 02:12:11.580   308   308 I init    : Loaded kernel module /lib/modules/mhi_dev_satellite.ko
03-23 02:12:11.581   309   309 I init    : Loaded kernel module /lib/modules/altmode-glink.ko
03-23 02:12:11.581   304   304 I init    : Loaded kernel module /lib/modules/pmic-glink-debug.ko
03-23 02:12:11.581   306   306 I qcom_q6v5_pas 97000000.remoteproc-wpss: Low SVS vote for ICC is not set.
03-23 02:12:11.581   305   305 I init    : Loaded kernel module /lib/modules/qti-glink-adc.ko
03-23 02:12:11.582   303   303 I init    : Loaded kernel module /lib/modules/qti_battery_charger.ko
03-23 02:12:11.582   307   307 I init    : Loaded kernel module /lib/modules/ucsi_qti_glink.ko
03-23 02:12:11.582   306   306 E         : q6v5_pdev is NULL, save pdev, pdev->dev.kobj name: '97000000.remoteproc-wpss' (000000006bbab76e): qcom_q6v5_init
03-23 02:12:11.582   306   306 I remoteproc0: 97000000.remoteproc-wpss is available
03-23 02:12:11.583   138   138 E         : [NT_reserve_kernel_log] Get partition failed, retry count 193
03-23 02:12:11.584   306   306 I init    : Loaded kernel module /lib/modules/qcom_q6v5_pas.ko
03-23 02:12:11.584   313   313 I init    : Loading module /lib/modules/msm_hw_fence.ko with args ''
03-23 02:12:11.584   314   314 I init    : Loading module /lib/modules/qcom-hv-haptics.ko with args ''
03-23 02:12:11.584   316   316 I init    : Loading module /lib/modules/fsa4480-i2c.ko with args ''
03-23 02:12:11.584    11    11 I cpu5    : EM: created perf domain
03-23 02:12:11.584   317   317 I init    : Loading module /lib/modules/adsp_sleepmon.ko with args ''
03-23 02:12:11.585   318   318 I init    : Loading module /lib/modules/leds-qti-flash.ko with args ''
03-23 02:12:11.585   319   319 I init    : Loading module /lib/modules/wcd_usbss_i2c.ko with args ''
03-23 02:12:11.586   316   316 I init    : Loaded kernel module /lib/modules/fsa4480-i2c.ko
03-23 02:12:11.586   317   317 I adsp_sleepmon soc: adsp-sleepmon: ADSP sleep monitor probe called
03-23 02:12:11.587   319   319 I init    : Loaded kernel module /lib/modules/wcd_usbss_i2c.ko
03-23 02:12:11.587   317   317 I init    : Loaded kernel module /lib/modules/adsp_sleepmon.ko
03-23 02:12:11.587   313   313 I init    : Loaded kernel module /lib/modules/msm_hw_fence.ko
03-23 02:12:11.587   314   314 I qcom-hv-haptics c42d000.qcom,spmi: qcom,pmih010x@7:qcom,hv-haptics@f000: haptics revision: HAP_CFG 0x501, HAP_PTN 0x501, HAP_HBST 0x101, hw_type 5
03-23 02:12:11.588   318   318 I init    : Loaded kernel module /lib/modules/leds-qti-flash.ko
03-23 02:12:11.588   314   314 W qcom-hv-haptics c42d000.qcom,spmi: qcom,pmih010x@7:qcom,hv-haptics@f000: The calibrated period (2004 us) has large variation, use open-loop LRA period (5880 us) instead
03-23 02:12:11.589    11    11 I cpu7    : EM: created perf domain
03-23 02:12:11.590   314   314 I input   : qcom-hv-haptics as /devices/platform/soc/c42d000.qcom,spmi/spmi-0/0-07/c42d000.qcom,spmi:qcom,pmih010x@7:qcom,hv-haptics@f000/input/input3
03-23 02:12:11.591   314   314 I init    : Loaded kernel module /lib/modules/qcom-hv-haptics.ko
03-23 02:12:11.591    72    72 W         : Init cpu array finish!
03-23 02:12:11.591   329   329 I init    : Loading module /lib/modules/synx-driver.ko with args ''
03-23 02:12:11.591   330   330 I init    : Loading module /lib/modules/dwc3-msm.ko with args ''
03-23 02:12:11.591    72    72 I core_ctl: Creating CPU group 0
03-23 02:12:11.591    72    72 I core_ctl: Init CPU0 state
03-23 02:12:11.591    72    72 I core_ctl: Init CPU1 state
03-23 02:12:11.591    72    72 I core_ctl: Creating CPU group 2
03-23 02:12:11.591    72    72 I core_ctl: Init CPU2 state
03-23 02:12:11.591    72    72 I core_ctl: Init CPU3 state
03-23 02:12:11.591    72    72 I core_ctl: Init CPU4 state
03-23 02:12:11.591    72    72 I core_ctl: Creating CPU group 5
03-23 02:12:11.591    72    72 I core_ctl: Init CPU5 state
03-23 02:12:11.591    72    72 I core_ctl: Init CPU6 state
03-23 02:12:11.591    72    72 I core_ctl: Creating CPU group 7
03-23 02:12:11.591    72    72 I core_ctl: Init CPU7 state
03-23 02:12:11.592    11    11 E platform 16f2000.anoc_1_qtb: TBU failed probe, QSMMUV500 cannot continue!
03-23 02:12:11.593   329   329 I synx    : info: synx_init: 3115: device initialization start
03-23 02:12:11.593   329   329 I synx    : info: synx_init: 3200: device initialization success
03-23 02:12:11.593   329   329 I init    : Loaded kernel module /lib/modules/synx-driver.ko
03-23 02:12:11.595   330   330 I init    : Loaded kernel module /lib/modules/dwc3-msm.ko
03-23 02:12:11.595   343   343 I init    : Loading module /lib/modules/usb_f_qdss.ko with args ''
03-23 02:12:11.596   343   343 I init    : Loaded kernel module /lib/modules/usb_f_qdss.ko
03-23 02:12:11.596   343   343 I init    : Loading module /lib/modules/usb_f_gsi.ko with args ''
03-23 02:12:11.597    11    11 I cam_cc-tuna ade0000.clock-controller: Registered CAM CC clocks
03-23 02:12:11.597   341   341 I init    : Loading module /lib/modules/hdcp_qseecom_dlkm.ko with args ''
03-23 02:12:11.597   343   343 I init    : Loaded kernel module /lib/modules/usb_f_gsi.ko
03-23 02:12:11.597   341   341 I init    : Loaded kernel module /lib/modules/hdcp_qseecom_dlkm.ko
03-23 02:12:11.598   353   353 I init    : Loading module /lib/modules/coresight-tmc.ko with args ''
03-23 02:12:11.598    11    11 I gpu_cc-tuna 3d90000.clock-controller: Registered GPU CC clocks
03-23 02:12:11.599   350   350 I init    : Loading module /lib/modules/smmu_proxy_dlkm.ko with args ''
03-23 02:12:11.599   350   350 I gh_msgq : Registered client for label: 10
03-23 02:12:11.599   350   350 I smcinvoke_kernel: do_invoke: root object invocation with 2 arguments (1100) and op 5.
03-23 02:12:11.600   353   353 I init    : Loaded kernel module /lib/modules/coresight-tmc.ko
03-23 02:12:11.600   350   350 I smcinvoke_kernel: do_invoke: root object invocation returned with 0.
03-23 02:12:11.600   350   350 I smcinvoke_kernel: do_invoke: qtee-2 object invocation with 2 arguments (1001) and op 0.
03-23 02:12:11.600   350   350 I smcinvoke_kernel: do_invoke: qtee-2 object invocation returned with 0.
03-23 02:12:11.600   350   350 I smcinvoke_kernel: do_invoke: qtee-3 object invocation with 1 arguments (0010) and op 1.
03-23 02:12:11.600   350   350 I smcinvoke_kernel: do_invoke: qtee-3 object invocation returned with 0.
03-23 02:12:11.601    11    11 I cam_bist_mclk_cc-tuna 1760000.clock-controller: Registered CAM BIST MCLK CC clocks
03-23 02:12:11.603    11    11 I tuna-debugcc soc: clock-controller@0: Registered debug measure clocks
03-23 02:12:11.603   350   350 I init    : Loaded kernel module /lib/modules/smmu_proxy_dlkm.ko
03-23 02:12:11.604   357   357 I init    : Loading module /lib/modules/msm_drm.ko with args 'dsi_display0=qcom,mdss_dsi_rm692j0_120hz_fhd_plus_dsc_cmd:'
03-23 02:12:11.604    11    11 E qcom-memlat soc: qcom,memlat: error getting kobj from qcom_dcvs: -517
03-23 02:12:11.604    11    11 E qcom-memlat soc: qcom,memlat: Failure to probe memlat device: -517
03-23 02:12:11.604    11    11 E qnoc-tuna soc: interconnect@1: failed to register ICC provider: -517
03-23 02:12:11.605    11    11 E qnoc-tuna 1780000.interconnect: failed to register ICC provider: -517
03-23 02:12:11.605    11    11 E qnoc-tuna 24100000.interconnect: failed to register ICC provider: -517
03-23 02:12:11.606    11    11 E platform 16f2000.anoc_1_qtb: TBU failed probe, QSMMUV500 cannot continue!
03-23 02:12:11.606    11    11 E qcom-memlat soc: qcom,memlat: error getting kobj from qcom_dcvs: -517
03-23 02:12:11.606    11    11 E qcom-memlat soc: qcom,memlat: Failure to probe memlat device: -517
03-23 02:12:11.607    11    11 I qnoc-tuna soc: interconnect@1: Registered TUNA ICC provider
03-23 02:12:11.607    11    11 I qnoc-tuna 1780000.interconnect: Registered TUNA ICC provider
03-23 02:12:11.608    11    11 I qnoc-tuna 24100000.interconnect: Registered TUNA ICC provider
03-23 02:12:11.608    11    11 I qcom_q6v5_pas 3000000.remoteproc-adsp: Low SVS vote for ICC is not set.
03-23 02:12:11.608    11    11 E         : q6v5_pdev exist
03-23 02:12:11.608    11    11 I remoteproc1: 3000000.remoteproc-adsp is available
03-23 02:12:11.608    72    72 W remoteproc1: Direct firmware load for adsp.mdt failed with error -2
03-23 02:12:11.608    72    72 I remoteproc1: powering up 3000000.remoteproc-adsp
03-23 02:12:11.608    72    72 W remoteproc1: Direct firmware load for adsp.mdt failed with error -2
03-23 02:12:11.608    72    72 E remoteproc1: request_firmware failed: -2
03-23 02:12:11.609    11    11 I qcom_q6v5_pas 32300000.remoteproc-cdsp: Low SVS vote for ICC is not set.
03-23 02:12:11.609    11    11 E         : q6v5_pdev exist
03-23 02:12:11.609    11    11 I remoteproc2: 32300000.remoteproc-cdsp is available
03-23 02:12:11.609   212   212 W remoteproc2: Direct firmware load for cdsp.mdt failed with error -2
03-23 02:12:11.609   212   212 I remoteproc2: powering up 32300000.remoteproc-cdsp
03-23 02:12:11.609   212   212 W remoteproc2: Direct firmware load for cdsp.mdt failed with error -2
03-23 02:12:11.609   212   212 E remoteproc2: request_firmware failed: -2
03-23 02:12:11.610    11    11 I qcom_q6v5_pas 4080000.remoteproc-mss: assigned reserved memory node linux,cma
03-23 02:12:11.610    11    11 I qcom_q6v5_pas 4080000.remoteproc-mss: Low SVS vote for ICC is not set.
03-23 02:12:11.610    11    11 E         : q6v5_pdev exist
03-23 02:12:11.610    11    11 I remoteproc3: 4080000.remoteproc-mss is available
03-23 02:12:11.611    11    11 W irq     : type mismatch, failed to map hwirq-739 for interrupt-controller@17100000!
03-23 02:12:11.611    11    11 I arm-smmu 15000000.apps-smmu: probing hardware configuration...
03-23 02:12:11.611    11    11 I arm-smmu 15000000.apps-smmu: SMMUv2 with:
03-23 02:12:11.611    11    11 I arm-smmu 15000000.apps-smmu: stage 1 translation
03-23 02:12:11.611    11    11 I arm-smmu 15000000.apps-smmu: coherent table walk
03-23 02:12:11.611    11    11 I arm-smmu 15000000.apps-smmu: stream matching with 138 register groups
03-23 02:12:11.611    11    11 I arm-smmu 15000000.apps-smmu: 83 context banks (0 stage-2 only)
03-23 02:12:11.611    11    11 I arm-smmu 15000000.apps-smmu: Supported page sizes: 0x61311000
03-23 02:12:11.611    11    11 I arm-smmu 15000000.apps-smmu: Stage-1: 36-bit VA -> 36-bit IPA
03-23 02:12:11.612    11    11 I arm-smmu 15000000.apps-smmu: preserved 0 boot mappings
03-23 02:12:11.614    11    11 E qcom_q6v5_pas 32300000.remoteproc-cdsp: Failed to create device link (0x180) with 15000000.apps-smmu
03-23 02:12:11.614    11    11 E qcom_q6v5_pas 32300000.remoteproc-cdsp: Failed to create device link (0x180) with 15000000.apps-smmu
03-23 02:12:11.614    11    11 E qcom_q6v5_pas 32300000.remoteproc-cdsp: Failed to create device link (0x180) with 15000000.apps-smmu
03-23 02:12:11.614    11    11 E qcom_q6v5_pas 32300000.remoteproc-cdsp: Failed to create device link (0x180) with 15000000.apps-smmu
03-23 02:12:11.614    11    11 E qcom_q6v5_pas 32300000.remoteproc-cdsp: Failed to create device link (0x180) with 15000000.apps-smmu
03-23 02:12:11.614    11    11 E qcom_q6v5_pas 32300000.remoteproc-cdsp: Failed to create device link (0x180) with 15000000.apps-smmu
03-23 02:12:11.614    11    11 E qcom_q6v5_pas 32300000.remoteproc-cdsp: Failed to create device link (0x180) with 15000000.apps-smmu
03-23 02:12:11.614    11    11 E qcom_q6v5_pas 32300000.remoteproc-cdsp: Failed to create device link (0x180) with 15000000.apps-smmu
03-23 02:12:11.614    11    11 E qcom_q6v5_pas 32300000.remoteproc-cdsp: Failed to create device link (0x180) with 15000000.apps-smmu
03-23 02:12:11.614    11    11 E qcom_q6v5_pas 32300000.remoteproc-cdsp: Failed to create device link (0x180) with 15000000.apps-smmu
03-23 02:12:11.614    11    11 E qcom_q6v5_pas 32300000.remoteproc-cdsp: Failed to create device link (0x180) with 15000000.apps-smmu
03-23 02:12:11.614    11    11 E qcom_q6v5_pas 32300000.remoteproc-cdsp: Failed to create device link (0x180) with 15000000.apps-smmu
03-23 02:12:11.614    11    11 E qcom_q6v5_pas 3000000.remoteproc-adsp: Failed to create device link (0x180) with 15000000.apps-smmu
03-23 02:12:11.614    11    11 E qcom_q6v5_pas 3000000.remoteproc-adsp: Failed to create device link (0x180) with 15000000.apps-smmu
03-23 02:12:11.614    11    11 E qcom_q6v5_pas 3000000.remoteproc-adsp: Failed to create device link (0x180) with 15000000.apps-smmu
03-23 02:12:11.614    11    11 E qcom_q6v5_pas 3000000.remoteproc-adsp: Failed to create device link (0x180) with 15000000.apps-smmu
03-23 02:12:11.614    11    11 E qcom_q6v5_pas 3000000.remoteproc-adsp: Failed to create device link (0x180) with 15000000.apps-smmu
03-23 02:12:11.614    11    11 E qcom_q6v5_pas 3000000.remoteproc-adsp: Failed to create device link (0x180) with 15000000.apps-smmu
03-23 02:12:11.614    11    11 E qcom-iommu-debug soc: iommu_test_device: Failed to create device link (0x180) with 15000000.apps-smmu
03-23 02:12:11.614    11    11 E qcom-iommu-debug soc: iommu_test_device: Failed to create device link (0x180) with 15000000.apps-smmu
03-23 02:12:11.614    11    11 E qcom-iommu-debug soc: iommu_test_device: Failed to create device link (0x180) with 15000000.apps-smmu
03-23 02:12:11.614    11    11 E qcom-iommu-debug soc: iommu_test_device: Failed to create device link (0x180) with 15000000.apps-smmu
03-23 02:12:11.614    11    11 E qcom-iommu-debug soc: iommu_test_device: Failed to create device link (0x180) with 15000000.apps-smmu
03-23 02:12:11.614   357   357 I [drm:sde_power_mnoc_bus_parse:483]: mnoc interconnect path(s) not defined, rc: 0
03-23 02:12:11.614   357   357 I [sde_cesta:sde_cesta_probe:1305]: sde cesta index:0 probed successfully
03-23 02:12:11.614    11    11 I gpi_dma a00000.qcom,gpi-dma: Adding to iommu group 0
03-23 02:12:11.615   357   357 I msmdrm_smmu soc: qcom,smmu_sde_unsec_cb: Adding to iommu group 1
03-23 02:12:11.615   357   357 I         : [drm] probing device qcom,smmu_sde_unsec
03-23 02:12:11.615   357   357 I         : [drm] Created domain mdp_ns, secure=0
03-23 02:12:11.615    11    11 I gpi_dma 800000.qcom,gpi-dma: Adding to iommu group 2
03-23 02:12:11.616   357   357 I msmdrm_smmu soc: qcom,smmu_sde_sec_cb: Adding to iommu group 3
03-23 02:12:11.616    11    11 I uaudio-qmi soc: usb_audio_qmi_dev: Adding to iommu group 4
03-23 02:12:11.616   357   357 I         : [drm] probing device qcom,smmu_sde_sec
03-23 02:12:11.616   357   357 I         : [drm] Created domain mdp_s, secure=1
03-23 02:12:11.616    11    11 I geni_se_qup 8c0000.qcom,qupv3_2_geni_se: Adding to iommu group 5
03-23 02:12:11.617   357   357 I [drm:sde_dbg_init:2868] evtlog_status: enable:11, panic:1, dump:2
03-23 02:12:11.617    11    11 I boot_kpi: M - DRIVER GENI_I2C Init
03-23 02:12:11.617    11    11 I i2c_geni 880000.i2c: Bus frequency is set to 400000Hz.
03-23 02:12:11.618    11    11 I wl28681 8-0061: RESET GPIO number is 535
03-23 02:12:11.618   357   357 W dsi_phy ae95000.qcom,mdss_dsi_phy0: supply gdsc not found, using dummy regulator
03-23 02:12:11.618   357   357 I [drm:dsi_pll_init [msm_drm]] [msm-dsi-info]: DSI_PLL_0: DSI pll label = dsi_pll_4nm
03-23 02:12:11.619   357   357 I [drm:dsi_pll_init [msm_drm]] [msm-dsi-info]: DSI_PLL_0: PLL SSC enabled
03-23 02:12:11.619   357   357 I dsi_pll_init: PLL base=0000000079542790
03-23 02:12:11.619   138   138 E         : [NT_reserve_kernel_log] Get partition failed, retry count 192
03-23 02:12:11.619   357   357 I [drm:dsi_pll_clock_register_4nm [msm_drm]] [msm-dsi-info]: DSI_PLL_0: Registered clocks successfully
03-23 02:12:11.619   357   357 I [drm:dsi_phy_driver_probe [msm_drm]] [msm-dsi-info]: DSI_0: Probe successful
03-23 02:12:11.619   357   357 W dsi_phy ae97000.qcom,mdss_dsi_phy1: supply gdsc not found, using dummy regulator
03-23 02:12:11.620   357   357 I [drm:dsi_pll_init [msm_drm]] [msm-dsi-info]: DSI_PLL_0: DSI pll label = dsi_pll_4nm
03-23 02:12:11.620   357   357 I [drm:dsi_pll_init [msm_drm]] [msm-dsi-info]: DSI_PLL_1: PLL SSC enabled
03-23 02:12:11.620   357   357 I dsi_pll_init: PLL base=00000000f84f8fd7
03-23 02:12:11.620   357   357 I [drm:dsi_pll_clock_register_4nm [msm_drm]] [msm-dsi-info]: DSI_PLL_1: Registered clocks successfully
03-23 02:12:11.620   357   357 I [drm:dsi_phy_driver_probe [msm_drm]] [msm-dsi-info]: DSI_1: Probe successful
03-23 02:12:11.621   357   357 I [drm:dsi_ctrl_dev_probe [msm_drm]] [msm-dsi-info]: dsi-ctrl-0: Probe successful
03-23 02:12:11.621   357   357 I [drm:dsi_ctrl_dev_probe [msm_drm]] [msm-dsi-info]: dsi-ctrl-1: Probe successful
03-23 02:12:11.622   357   357 E OF      : graph: no port node found in /soc/qcom,dsi-display-primary
03-23 02:12:11.622   357   357 E         : [drm:dsi_panel_get [msm_drm]] *ERROR* [msm-dsi-error]: failed to read qcom,mdss-dsi-panel-version, rc=-22
03-23 02:12:11.635   357   357 I [drm:dsi_display_dev_probe [msm_drm]] [msm-dsi-info]: secondary default panel not found
03-23 02:12:11.635   357   357 I         : [drm:dp_pll_driver_probe][msm-dp-info][357 ]revision=DP_PLL_4NM_V1_1, ssc_en=0, bonding_en=0
03-23 02:12:11.636   357   357 I [drm:dsi_display_bind [msm_drm]] [msm-dsi-info]: Successfully bind display panel 'qcom,mdss_dsi_rm692j0_120hz_fhd_plus_dsc_cmd '
03-23 02:12:11.636   357   357 I msm_drm ae00000.qcom,mdss_mdp: bound soc:qcom,dsi-display-primary (ops dsi_display_comp_ops [msm_drm])
03-23 02:12:11.636   357   357 I msm_drm ae00000.qcom,mdss_mdp: bound soc:qcom,dsi-display-secondary (ops dsi_display_comp_ops [msm_drm])
03-23 02:12:11.636   357   357 I msm_drm ae00000.qcom,mdss_mdp: bound soc:qcom,smmu_sde_unsec_cb (ops msm_smmu_comp_ops [msm_drm])
03-23 02:12:11.636   357   357 I msm_drm ae00000.qcom,mdss_mdp: bound soc:qcom,smmu_sde_sec_cb (ops msm_smmu_comp_ops [msm_drm])
03-23 02:12:11.636   357   357 I msm_drm ae00000.qcom,mdss_mdp: bound soc:qcom,wb-display@1 (ops sde_wb_comp_ops [msm_drm])
03-23 02:12:11.636   357   357 I msm_drm ae00000.qcom,mdss_mdp: bound soc:qcom,wb-display@2 (ops sde_wb_comp_ops [msm_drm])
03-23 02:12:11.636   357   357 I msm_drm ae00000.qcom,mdss_mdp: bound af54000.qcom,dp_display (ops dp_display_comp_ops [msm_drm])
03-23 02:12:11.636   357   357 I msm_drm ae00000.qcom,mdss_mdp: bound af20000.qcom,sde_cesta (ops sde_cesta_comp_ops [msm_drm])
03-23 02:12:11.636   357   357 I         : [drm] mapped mdp address space @0000000070c3b8a1
03-23 02:12:11.637   357   357 I [drm:sde_hw_check_ssip_fuse:6346] ssip: disable = 0 polarity = 0
03-23 02:12:11.637   357   357 I         : [drm:_sde_kms_hw_init_blocks:5288] sde hardware revision:0xc0030000
03-23 02:12:11.638   357   357 I         : [drm:_sde_rm_hw_blk_create_new:898] failed to init hw-fences, disabling hw-fences
03-23 02:12:11.640   357   357 I [drm:dsi_panel_get_mode [msm_drm]] [msm-dsi-info]: default topology: lm: 2 comp_enc:2 intf: 1
03-23 02:12:11.640   357   357 I [drm:dsi_panel_get_mode [msm_drm]] [msm-dsi-info]: default topology: lm: 2 comp_enc:2 intf: 1
03-23 02:12:11.640   357   357 I [drm:dsi_panel_get_mode [msm_drm]] [msm-dsi-info]: default topology: lm: 2 comp_enc:2 intf: 1
03-23 02:12:11.641   357   357 I         : [drm:dp_display_initialize_hdcp][msm-dp-info][357 ]HDCP 1.3 initialized
03-23 02:12:11.641   357   357 I         : [drm:dp_display_initialize_hdcp][msm-dp-info][357 ]HDCP 2.2 initialized
03-23 02:12:11.642   357   357 I gh_msgq : Registered client for label: 2
03-23 02:12:11.642   357   357 I         : [drm] cont_splash enabled in 1 of 1 display(s)
03-23 02:12:11.642   357   357 I [drm:dsi_ctrl_isr_configure [msm_drm]] [msm-dsi-info]: dsi-ctrl-0: IRQ 236 registered
03-23 02:12:11.643   357   357 I         : [drm] Initialized msm_drm 1.4.0 20130625 for ae00000.qcom,mdss_mdp on minor 0
03-23 02:12:11.644   357   357 I init    : Loaded kernel module /lib/modules/msm_drm.ko
03-23 02:12:11.644     1     1 I init    : Loaded 336 modules from /lib/modules
03-23 02:12:11.644     1     1 I init    : Loaded 336 kernel modules took 322 ms
03-23 02:12:11.644     1     1 I init    : Copied ramdisk prop to /second_stage_resources/system/etc/ramdisk/build.prop
03-23 02:12:11.644     1     1 I init    : First stage mount skipped (recovery mode)
03-23 02:12:11.644     1     1 I init    : [libfstab] Using Android DT directory /proc/device-tree/firmware/android/
03-23 02:12:11.644     1     1 I init    : [libfstab] ReadFstabFromDt(): failed to read fstab from dt
03-23 02:12:11.645     1     1 W init    : [libfstab] Warning: unknown flag: sync
03-23 02:12:11.652    11    11 I WL_L1N  : Bringing 0uV into 1000000-1000000uV
03-23 02:12:11.653    11    11 I WL_L2N  : Bringing 0uV into 1000000-1000000uV
03-23 02:12:11.654    11    11 I WL_L3N  : Bringing 0uV into 1500000-1500000uV
03-23 02:12:11.655   138   138 E         : [NT_reserve_kernel_log] Get partition failed, retry count 191
03-23 02:12:11.655    11    11 I WL_L4N  : Bringing 0uV into 1500000-1500000uV
03-23 02:12:11.657    11    11 I WL_L5N  : Bringing 0uV into 1500000-1500000uV
03-23 02:12:11.658    11    11 I WL_L6N  : Bringing 0uV into 1500000-1500000uV
03-23 02:12:11.659    11    11 I WL_L7N  : Bringing 0uV into 1500000-1500000uV
03-23 02:12:11.660    11    11 I wl28681 8-0061: WL28681_UVP_INT_MASK = 0 ret = 0
03-23 02:12:11.660    11    11 I wl28681 8-0061: WL28681_OCP_INT_MASK = 0 ret = 0
03-23 02:12:11.660    11    11 I wl28681 8-0061: WL28681_TSD_UVLO_INT_MASK = 0 ret = 0
03-23 02:12:11.660    11    11 I wl28681 8-0061: wl28681 WL_LDO0 value is 0x7c
03-23 02:12:11.660    11    11 I wl28681 8-0061: wl28681 WL_LDO1 value is 0x7c
03-23 02:12:11.661    11    11 I wl28681 8-0061: wl28681 WL_LDO2 value is 0x11
03-23 02:12:11.661    11    11 I wl28681 8-0061: wl28681 WL_LDO3 value is 0x11
03-23 02:12:11.661    11    11 I wl28681 8-0061: wl28681 WL_LDO4 value is 0x11
03-23 02:12:11.661    11    11 I wl28681 8-0061: wl28681 WL_LDO5 value is 0x11
03-23 02:12:11.661    11    11 I wl28681 8-0061: wl28681 WL_LDO6 value is 0x11
03-23 02:12:11.662    11    11 I wl28681 8-0035: RESET GPIO number is 534
03-23 02:12:11.689     1     1 I init    : bool android::init::BlockDevInitializer::InitDevices(std::set<std::string>): partition(s) not found in /sys, waiting for their uevent(s): boot_a, dtbo_a, init_boot_a, metadata, nt_log, recovery_a, super, vbmeta_a, vbmeta_system_a, vbmeta_vendor_a, vendor_boot_a
03-23 02:12:11.691   138   138 E         : [NT_reserve_kernel_log] Get partition failed, retry count 190
03-23 02:12:11.695    11    11 I WL_L1M  : Bringing 0uV into 1000000-1000000uV
03-23 02:12:11.696    11    11 I WL_L2M  : Bringing 0uV into 1000000-1000000uV
03-23 02:12:11.697    11    11 I WL_L3M  : Bringing 0uV into 1500000-1500000uV
03-23 02:12:11.699    11    11 I WL_L4M  : Bringing 0uV into 1500000-1500000uV
03-23 02:12:11.700    11    11 I WL_L5M  : Bringing 0uV into 1500000-1500000uV
03-23 02:12:11.701    11    11 I WL_L6M  : Bringing 0uV into 1500000-1500000uV
03-23 02:12:11.702    11    11 I WL_L7M  : Bringing 0uV into 1500000-1500000uV
03-23 02:12:11.703    11    11 I wl28681 8-0035: WL28681_UVP_INT_MASK = 0 ret = 0
03-23 02:12:11.703    11    11 I wl28681 8-0035: WL28681_OCP_INT_MASK = 0 ret = 0
03-23 02:12:11.703    11    11 I wl28681 8-0035: WL28681_TSD_UVLO_INT_MASK = 0 ret = 0
03-23 02:12:11.703    11    11 I wl28681 8-0035: wl28681 WL_LDO0 value is 0x7c
03-23 02:12:11.704    11    11 I wl28681 8-0035: wl28681 WL_LDO1 value is 0x7c
03-23 02:12:11.704    11    11 I wl28681 8-0035: wl28681 WL_LDO2 value is 0x11
03-23 02:12:11.704    11    11 I wl28681 8-0035: wl28681 WL_LDO3 value is 0x11
03-23 02:12:11.704    11    11 I wl28681 8-0035: wl28681 WL_LDO4 value is 0x11
03-23 02:12:11.704    11    11 I wl28681 8-0035: wl28681 WL_LDO5 value is 0x11
03-23 02:12:11.704    11    11 I wl28681 8-0035: wl28681 WL_LDO6 value is 0x11
03-23 02:12:11.705    11    11 I         : aw9380x probe entry
03-23 02:12:11.705    11    11 I aw9380x_cap 8-0012: [aw9380x_regulator_power:960] regulator-power-supply = <1>
03-23 02:12:11.705    11    11 I aw9380x_cap 8-0012: [aw9380x_regulator_power_init:894] aw9380x power init enter
03-23 02:12:11.705    11    11 I aw9380x_cap 8-0012: [aw9380x_power_enable:923] aw9380x power enable enter
03-23 02:12:11.727    11    11 E aw9380x_cap 8-0012: [aw9380x_regulator_is_get_voltage:266] aw9380x voltage is : 3000000 uv
03-23 02:12:11.727    11    11 I aw9380x_cap 8-0012: [aw9380x_parse_dts:1047] cap num = 0
03-23 02:12:11.727    11    11 I aw9380x_cap 8-0012: [aw9380x_parse_dts:1060] irq gpio provided ok.
03-23 02:12:11.727    11    11 I aw9380x_cap 8-0012: [aw9380x_parse_dts:1064] channel_use_flag = 0x1fff
03-23 02:12:11.727    11    11 I aw9380x_cap 8-0012: [aw9380x_parse_dts:1072] aw_cap,use_inter_pull_up = <0>
03-23 02:12:11.727    11    11 I aw9380x_cap 8-0012: [aw9380x_parse_dts:1076] aw_cap, using_pm_ops = <0>
03-23 02:12:11.727    11    11 E aw9380x_cap 8-0012: [aw9380x_create_node:3693] enter
03-23 02:12:11.727   138   138 E         : [NT_reserve_kernel_log] Get partition failed, retry count 189
03-23 02:12:11.727    11    11 I aw9380x_cap 8-0012: [aw9380x_create_sysclass_group_register:3658] sysfs_class have be created
03-23 02:12:11.727    11    11 I aw9380x_cap 8-0012: [aw9380x_create_sysclass_group_register:3670] sysfs_dev have be created
03-23 02:12:11.727    11    11 I aw9380x_cap 8-0012: [aw9380x_create_sysclass_group_register:3683] sysfs_create have be created
03-23 02:12:11.727    11    11 I aw9380x_cap 8-0012: [aw9380x_irq_init:4179] IRQ request successfully!
03-23 02:12:11.727    11    11 I aw9380x_cap 8-0012: [aw9380x_irq_init:4188] disable_irq
03-23 02:12:11.727    11    11 I aw9380x_cap 8-0012: [aw9380x_irq_init:4192] irq init success!
03-23 02:12:11.727    11    11 I input   : aw9380x_0_ch0 as /devices/platform/soc/8c0000.qcom,qupv3_2_geni_se/880000.i2c/i2c-8/8-0012/input/input4
03-23 02:12:11.727    11    11 I input   : aw9380x_0_ch1 as /devices/platform/soc/8c0000.qcom,qupv3_2_geni_se/880000.i2c/i2c-8/8-0012/input/input5
03-23 02:12:11.727    11    11 I input   : aw9380x_0_ch2 as /devices/platform/soc/8c0000.qcom,qupv3_2_geni_se/880000.i2c/i2c-8/8-0012/input/input6
03-23 02:12:11.727    11    11 I input   : aw9380x_0_ch3 as /devices/platform/soc/8c0000.qcom,qupv3_2_geni_se/880000.i2c/i2c-8/8-0012/input/input7
03-23 02:12:11.727    11    11 I input   : aw9380x_0_ch4 as /devices/platform/soc/8c0000.qcom,qupv3_2_geni_se/880000.i2c/i2c-8/8-0012/input/input8
03-23 02:12:11.727    11    11 I input   : aw9380x_0_ch5 as /devices/platform/soc/8c0000.qcom,qupv3_2_geni_se/880000.i2c/i2c-8/8-0012/input/input9
03-23 02:12:11.727    11    11 I input   : aw9380x_0_ch6 as /devices/platform/soc/8c0000.qcom,qupv3_2_geni_se/880000.i2c/i2c-8/8-0012/input/input10
03-23 02:12:11.727    11    11 I input   : aw9380x_0_ch7 as /devices/platform/soc/8c0000.qcom,qupv3_2_geni_se/880000.i2c/i2c-8/8-0012/input/input11
03-23 02:12:11.727    11    11 I input   : aw9380x_0_ch8 as /devices/platform/soc/8c0000.qcom,qupv3_2_geni_se/880000.i2c/i2c-8/8-0012/input/input12
03-23 02:12:11.727    11    11 I input   : aw9380x_0_ch9 as /devices/platform/soc/8c0000.qcom,qupv3_2_geni_se/880000.i2c/i2c-8/8-0012/input/input13
03-23 02:12:11.728    11    11 I input   : aw9380x_0_ch10 as /devices/platform/soc/8c0000.qcom,qupv3_2_geni_se/880000.i2c/i2c-8/8-0012/input/input14
03-23 02:12:11.728    11    11 I input   : aw9380x_0_ch11 as /devices/platform/soc/8c0000.qcom,qupv3_2_geni_se/880000.i2c/i2c-8/8-0012/input/input15
03-23 02:12:11.728    11    11 I input   : aw9380x_0_wear as /devices/platform/soc/8c0000.qcom,qupv3_2_geni_se/880000.i2c/i2c-8/8-0012/input/input16
03-23 02:12:11.728    11    11 I aw9380x_cap 8-0012: [aw9380x_check_chipid:1100] AW93804 detected 0xa9331010
03-23 02:12:11.763   138   138 E         : [NT_reserve_kernel_log] Get partition failed, retry count 188
03-23 02:12:11.763    11    11 I aw9380x_cap 8-0012: [aw9380x_read_init_over_irq:542] read init irq success!
03-23 02:12:11.764    11    11 I aw9380x_cap 8-0012: [aw9380x_read_init_over_irq:544] firmware version = 0x02000007
03-23 02:12:11.764    11    11 I boot_kpi: M - DRIVER GENI_I2C_8 Ready
03-23 02:12:11.764    11    11 I i2c_geni 880000.i2c: I2C probed
03-23 02:12:11.764    11    11 I boot_kpi: M - DRIVER GENI_SPI Init
03-23 02:12:11.765    11    11 I         : [matrix-leds] matrix_leds_spi_probe
03-23 02:12:11.765    11    11 I [matrix-leds] power_ctrl: power_on 1
03-23 02:12:11.799   138   138 E         : [NT_reserve_kernel_log] Get partition failed, retry count 187
03-23 02:12:11.835   138   138 E         : [NT_reserve_kernel_log] Get partition failed, retry count 186
03-23 02:12:11.871   138   138 E         : [NT_reserve_kernel_log] Get partition failed, retry count 185
