03-23 01:53:27.602   246   246 I /soc/rsc@17a00000/drv@2/rpmh-regulator-cxlvl: Fixed dependency cycle(s) with /soc/rsc@17a00000/drv@2/rpmh-regulator-cxlvl/vreg-pm_v8f-s1-level
03-23 01:53:27.602   246   246 I /soc/rsc@17a00000/drv@2/rpmh-regulator-mxlvl: Fixed dependency cycle(s) with /soc/rsc@17a00000/drv@2/rpmh-regulator-mxlvl/vreg-pm_v8f-s8-level
03-23 01:53:27.602    10    10 I coresight-cti-dl3: CTI initialized
03-23 01:53:27.603   246   246 I /soc/rsc@17a00000/drv@2/rpmh-regulator-ldof3: Fixed dependency cycle(s) with /soc/rsc@17a00000/drv@2/rpmh-regulator-ldof3/vreg-pm_v8f-l3
03-23 01:53:27.603    10    10 I coresight-cti-dl3-1: CTI initialized
03-23 01:53:27.603    10    10 I coresight-cti-dl4: CTI initialized
03-23 01:53:27.603    10    10 I coresight-cti-dl4-1: CTI initialized
03-23 01:53:27.604    10    10 I coresight-cti-apss-dl: CTI initialized
03-23 01:53:27.604    10    10 I coresight-stm: STM32 initialized
03-23 01:53:27.609   246   246 I init    : Loaded kernel module /lib/modules/qcom_rpmh.ko
03-23 01:53:27.610   257   257 I init    : Loading module /lib/modules/camcc-tuna.ko with args ''
03-23 01:53:27.610   258   258 I init    : Loading module /lib/modules/sdhci-msm.ko with args ''
03-23 01:53:27.610   260   260 I init    : Loading module /lib/modules/gpucc-tuna.ko with args ''
03-23 01:53:27.610   261   261 I init    : Loading module /lib/modules/cambistmclkcc-tuna.ko with args ''
03-23 01:53:27.610   259   259 I init    : Loading module /lib/modules/videocc-sun.ko with args ''
03-23 01:53:27.610   262   262 I init    : Loading module /lib/modules/ufs-qcom.ko with args ''
03-23 01:53:27.610   263   263 I init    : Loading module /lib/modules/gpucc-kera.ko with args ''
03-23 01:53:27.610   264   264 I init    : Loading module /lib/modules/camcc-kera.ko with args ''
03-23 01:53:27.611   257   257 I init    : Loaded kernel module /lib/modules/camcc-tuna.ko
03-23 01:53:27.611   260   260 I init    : Loaded kernel module /lib/modules/gpucc-tuna.ko
03-23 01:53:27.611   260   260 I init    : Loading module /lib/modules/gcc-tuna.ko with args ''
03-23 01:53:27.611   257   257 I init    : Loading module /lib/modules/gcc-kera.ko with args ''
03-23 01:53:27.611    10    10 I coresight-qmi soc: turing-qmi: qmi initialized
03-23 01:53:27.612   261   261 I init    : Loaded kernel module /lib/modules/cambistmclkcc-tuna.ko
03-23 01:53:27.612   258   258 I init    : Loaded kernel module /lib/modules/sdhci-msm.ko
03-23 01:53:27.612   259   259 I init    : Loaded kernel module /lib/modules/videocc-sun.ko
03-23 01:53:27.612   261   261 I init    : Loading module /lib/modules/clk-rpmh.ko with args ''
03-23 01:53:27.612   258   258 I init    : Loading module /lib/modules/dmesg_dumper.ko with args ''
03-23 01:53:27.612   259   259 I init    : Loading module /lib/modules/tcsrcc-sun.ko with args ''
03-23 01:53:27.612   263   263 I init    : Loaded kernel module /lib/modules/gpucc-kera.ko
03-23 01:53:27.612   264   264 I init    : Loaded kernel module /lib/modules/camcc-kera.ko
03-23 01:53:27.612   260   260 I init    : Loaded kernel module /lib/modules/gcc-tuna.ko
03-23 01:53:27.612   263   263 I init    : Loading module /lib/modules/gcc-sun.ko with args ''
03-23 01:53:27.612   264   264 I init    : Loading module /lib/modules/dispcc-sun.ko with args ''
03-23 01:53:27.612   260   260 I init    : Loading module /lib/modules/evacc-tuna.ko with args ''
03-23 01:53:27.612   257   257 I init    : Loaded kernel module /lib/modules/gcc-kera.ko
03-23 01:53:27.613   262   262 I init    : Loaded kernel module /lib/modules/ufs-qcom.ko
03-23 01:53:27.613   257   257 I init    : Loading module /lib/modules/gpucc-sun.ko with args ''
03-23 01:53:27.613   262   262 I init    : Loading module /lib/modules/rpmh-regulator.ko with args ''
03-23 01:53:27.613   258   258 I qcom_dmesg_dumper soc: dmesg-dump: assigned reserved memory node vm_comm_mem_region
03-23 01:53:27.613   258   258 I init    : Loaded kernel module /lib/modules/dmesg_dumper.ko
03-23 01:53:27.614   258   258 I init    : Loading module /lib/modules/dispcc-tuna.ko with args ''
03-23 01:53:27.614   259   259 I init    : Loaded kernel module /lib/modules/tcsrcc-sun.ko
03-23 01:53:27.614   259   259 I init    : Loading module /lib/modules/evacc-sun.ko with args ''
03-23 01:53:27.614   263   263 I init    : Loaded kernel module /lib/modules/gcc-sun.ko
03-23 01:53:27.614   263   263 I init    : Loading module /lib/modules/cambistmclkcc-sun.ko with args ''
03-23 01:53:27.614   260   260 I init    : Loaded kernel module /lib/modules/evacc-tuna.ko
03-23 01:53:27.614   260   260 I init    : Loading module /lib/modules/tcsrcc-tuna.ko with args ''
03-23 01:53:27.614   261   261 I init    : Loaded kernel module /lib/modules/clk-rpmh.ko
03-23 01:53:27.615   261   261 I init    : Loading module /lib/modules/videocc-tuna.ko with args ''
03-23 01:53:27.615   258   258 I init    : Loaded kernel module /lib/modules/dispcc-tuna.ko
03-23 01:53:27.615   264   264 I init    : Loaded kernel module /lib/modules/dispcc-sun.ko
03-23 01:53:27.615   258   258 I init    : Loading module /lib/modules/clk-dummy.ko with args ''
03-23 01:53:27.615   264   264 I init    : Loading module /lib/modules/icc-bcm-voter.ko with args ''
03-23 01:53:27.615   260   260 I tcsr_cc-tuna 1fbf000.clock-controller: Registered TCSR CC clocks
03-23 01:53:27.615   257   257 I init    : Loaded kernel module /lib/modules/gpucc-sun.ko
03-23 01:53:27.615   263   263 I init    : Loaded kernel module /lib/modules/cambistmclkcc-sun.ko
03-23 01:53:27.615   257   257 I init    : Loading module /lib/modules/camcc-sun.ko with args ''
03-23 01:53:27.615   263   263 I init    : Loading module /lib/modules/dcvs_fp.ko with args ''
03-23 01:53:27.615   264   264 E bcm_voter soc: bcm_voter@1: crm_name=disp_crm unavailable=-517
03-23 01:53:27.615   264   264 E bcm_voter soc: bcm_voter@2: crm_name=disp_crm unavailable=-517
03-23 01:53:27.615   264   264 E bcm_voter soc: bcm_voter@3: crm_name=disp_crm unavailable=-517
03-23 01:53:27.615   264   264 E bcm_voter soc: bcm_voter@4: crm_name=disp_crm unavailable=-517
03-23 01:53:27.616   264   264 E bcm_voter soc: bcm_voter@5: crm_name=disp_crm unavailable=-517
03-23 01:53:27.616   264   264 E bcm_voter soc: bcm_voter@6: crm_name=disp_crm unavailable=-517
03-23 01:53:27.616   264   264 E bcm_voter soc: bcm_voter@7: crm_name=disp_crm unavailable=-517
03-23 01:53:27.616    10    10 E platform 16f2000.anoc_1_qtb: TBU failed probe, QSMMUV500 cannot continue!
03-23 01:53:27.616   259   259 I init    : Loaded kernel module /lib/modules/evacc-sun.ko
03-23 01:53:27.616   260   260 I init    : Loaded kernel module /lib/modules/tcsrcc-tuna.ko
03-23 01:53:27.616   261   261 I init    : Loaded kernel module /lib/modules/videocc-tuna.ko
03-23 01:53:27.616   259   259 I init    : Loading module /lib/modules/sys_pm_vx.ko with args ''
03-23 01:53:27.616   261   261 I init    : Loading module /lib/modules/rproc_qcom_common.ko with args ''
03-23 01:53:27.616   260   260 I init    : Loading module /lib/modules/msm-mmrm.ko with args ''
03-23 01:53:27.616   258   258 I init    : Loaded kernel module /lib/modules/clk-dummy.ko
03-23 01:53:27.616   264   264 I init    : Loaded kernel module /lib/modules/icc-bcm-voter.ko
03-23 01:53:27.617   263   263 I init    : Loaded kernel module /lib/modules/dcvs_fp.ko
03-23 01:53:27.617   257   257 I init    : Loaded kernel module /lib/modules/camcc-sun.ko
03-23 01:53:27.617    10    10 I tmecom-qmp-client soc: qcom,tmecom-qmp-client: tmecom probe success
03-23 01:53:27.617   261   261 I init    : Loaded kernel module /lib/modules/rproc_qcom_common.ko
03-23 01:53:27.618   260   260 I init    : Loaded kernel module /lib/modules/msm-mmrm.ko
03-23 01:53:27.618   259   259 I init    : Loaded kernel module /lib/modules/sys_pm_vx.ko
03-23 01:53:27.618    10    10 I noth-hwid soc: hardware_id: hwid_read_id(): id_0 adv val 1467mv
03-23 01:53:27.620    10    10 I noth-hwid soc: hardware_id: hwid_read_id(): id_1 adv val 202mv
03-23 01:53:27.620    10    10 I noth-hwid soc: hardware_id: hwid_probe() OK
03-23 01:53:27.620    10    10 I coresight-secure-etr soc: tmc-modem: assigned reserved memory node qdss_apps_region@82800000
03-23 01:53:27.621    10    10 I         : PMIC PON log: Reset Trigger: PS_HOLD
03-23 01:53:27.621    10    10 I         : PMIC PON log: Reset Type: HARD_RESET
03-23 01:53:27.621    10    10 I         : PMIC PON log: PON Trigger: HARD_RESET
03-23 01:53:27.621    10    10 I         : PMIC PON log: PON Trigger: USB_CHARGER
03-23 01:53:27.621    10    10 I         : PMIC PON log: Reset Trigger: PS_HOLD
03-23 01:53:27.621    10    10 I         : PMIC PON log: Reset Type: HARD_RESET
03-23 01:53:27.622    10    10 I         : PMIC PON log: PON Trigger: HARD_RESET
03-23 01:53:27.622    10    10 I         : PMIC PON log: PON Trigger: USB_CHARGER
03-23 01:53:27.622    10    10 I         : PMIC PON log: Reset Trigger: PS_HOLD
03-23 01:53:27.622    10    10 I         : PMIC PON log: Reset Type: HARD_RESET
03-23 01:53:27.622    10    10 I         : PMIC PON log: PON Trigger: USB_CHARGER
03-23 01:53:27.622    10    10 I         : PMIC PON log: PON Trigger: HARD_RESET
03-23 01:53:27.622    10    10 I         : PMIC PON log: Reset Trigger: PS_HOLD
03-23 01:53:27.622    10    10 I         : PMIC PON log: Reset Type: HARD_RESET
03-23 01:53:27.622    10    10 I         : PMIC PON log: PON Trigger: USB_CHARGER
03-23 01:53:27.622    10    10 I         : PMIC PON log: PON Trigger: HARD_RESET
03-23 01:53:27.622    10    10 I         : PMIC PON log: Reset Trigger: PS_HOLD
03-23 01:53:28.737   440   440 I hwservicemanager: getDeviceHalManifest: Successfully processed VINTF information
03-23 01:53:28.737   440   440 I hwservicemanager: getFrameworkHalManifest: Successfully processed VINTF information
03-23 01:53:27.622    10    10 I         : PMIC PON log: Reset Type: HARD_RESET
03-23 01:53:28.737   440   440 E SELinux : avc:  denied  { add } for interface=android.hidl.token::ITokenManager sid=u:r:recovery:s0 pid=440 scontext=u:r:recovery:s0 tcontext=u:object_r:hidl_token_hwservice:s0 tclass=hwservice_manager permissive=1
03-23 01:53:28.738   440   440 I hwservicemanager: hwservicemanager is ready now.
03-23 01:53:28.738   439   439 E cutils-trace: Error opening trace file: No such file or directory (2)
03-23 01:53:28.738   440   440 E cutils-trace: Error opening trace file: No such file or directory (2)
03-23 01:53:28.738   439   439 E LegacySupport: Could not get passthrough implementation for android.hardware.boot@1.0::IBootControl/default.
03-23 01:53:27.622    10    10 I         : PMIC PON log: PON Trigger: USB_CHARGER
03-23 01:53:27.622    10    10 I         : PMIC PON log: PON Trigger: HARD_RESET
03-23 01:53:27.623   140   140 E         : [NT_reserve_kernel_log] Get partition failed, retry count 194
03-23 01:53:27.626   262   262 E rpmh_regulator_probe: smpi1: could not find RPMh address for resource
03-23 01:53:27.626   262   262 E rpmh_regulator_probe: smpj1: could not find RPMh address for resource
03-23 01:53:27.626   262   262 E rpmh_regulator_probe: ldok5: could not find RPMh address for resource
03-23 01:53:27.626   262   262 E rpmh_regulator_probe: ldom1: could not find RPMh address for resource
03-23 01:53:27.626   262   262 E rpmh_regulator_probe: ldom2: could not find RPMh address for resource
03-23 01:53:27.626   262   262 E rpmh_regulator_probe: ldom3: could not find RPMh address for resource
03-23 01:53:27.626   262   262 E rpmh_regulator_probe: ldom4: could not find RPMh address for resource
03-23 01:53:27.627   262   262 E rpmh_regulator_probe: ldom6: could not find RPMh address for resource
03-23 01:53:27.627   262   262 E rpmh_regulator_probe: ldom7: could not find RPMh address for resource
03-23 01:53:27.627   262   262 E rpmh_regulator_probe: ldon1: could not find RPMh address for resource
03-23 01:53:27.627   262   262 E rpmh_regulator_probe: ldon2: could not find RPMh address for resource
03-23 01:53:27.627   262   262 E rpmh_regulator_probe: ldon3: could not find RPMh address for resource
03-23 01:53:27.627   262   262 E rpmh_regulator_probe: ldon5: could not find RPMh address for resource
03-23 01:53:27.627   262   262 E rpmh_regulator_probe: ldon6: could not find RPMh address for resource
03-23 01:53:27.627   262   262 E rpmh_regulator_probe: ldon7: could not find RPMh address for resource
03-23 01:53:27.627   262   262 E rpmh_regulator_probe: vrm.wcal: could not find RPMh address for resource
03-23 01:53:27.627   262   262 I init    : Loaded kernel module /lib/modules/rpmh-regulator.ko
03-23 01:53:27.627   266   266 I init    : Loading module /lib/modules/qsee_ipc_irq_bridge.ko with args ''
03-23 01:53:27.628   267   267 I init    : Loading module /lib/modules/glink_probe.ko with args ''
03-23 01:53:27.628   268   268 I init    : Loading module /lib/modules/debugcc-tuna.ko with args ''
03-23 01:53:27.628   270   270 I init    : Loading module /lib/modules/pci-msm-drv.ko with args 'pcie_sm_regs=0x1D07000,0x1040,0x1048,0x3000,0x1'
03-23 01:53:27.628   271   271 I init    : Loading module /lib/modules/debugcc-sun.ko with args ''
03-23 01:53:27.628   269   269 I init    : Loading module /lib/modules/debugcc-kera.ko with args ''
03-23 01:53:27.628   272   272 I init    : Loading module /lib/modules/msm_memshare.ko with args ''
03-23 01:53:27.630   266   266 I init    : Loaded kernel module /lib/modules/qsee_ipc_irq_bridge.ko
03-23 01:53:27.631   271   271 I init    : Loaded kernel module /lib/modules/debugcc-sun.ko
03-23 01:53:27.631   268   268 I init    : Loaded kernel module /lib/modules/debugcc-tuna.ko
03-23 01:53:27.631   266   266 I init    : Loading module /lib/modules/icc-rpmh.ko with args ''
03-23 01:53:27.631   271   271 I init    : Loading module /lib/modules/qcom-dcvs.ko with args ''
03-23 01:53:27.631   268   268 I init    : Loading module /lib/modules/pdr_interface.ko with args ''
03-23 01:53:27.631   273   273 I init    : Loading module /lib/modules/qcom_sysmon.ko with args ''
03-23 01:53:27.631   269   269 I init    : Loaded kernel module /lib/modules/debugcc-kera.ko
03-23 01:53:27.631   272   272 I memshare soc: qcom,memshare:qcom,client_1: memshare: Continuing with allocation from CMA
03-23 01:53:27.631   267   267 I init    : Loaded kernel module /lib/modules/glink_probe.ko
03-23 01:53:27.631   272   272 I memshare soc: qcom,memshare:qcom,client_2: memshare: Continuing with allocation from CMA
03-23 01:53:27.631   270   270 I init    : Loaded kernel module /lib/modules/pci-msm-drv.ko
03-23 01:53:27.631   272   272 I memshare soc: qcom,memshare:qcom,client_3: memshare: Continuing with allocation from CMA
03-23 01:53:27.631   272   272 I memshare soc: qcom,memshare:qcom,client_ims_1: memshare: Continuing with allocation from CMA
03-23 01:53:27.631   272   272 I memshare soc: qcom,memshare:qcom,client_ims_2: memshare: Continuing with allocation from CMA
03-23 01:53:27.632   272   272 I init    : Loaded kernel module /lib/modules/msm_memshare.ko
03-23 01:53:27.632   273   273 I init    : Loaded kernel module /lib/modules/qcom_sysmon.ko
03-23 01:53:27.632   268   268 I init    : Loaded kernel module /lib/modules/pdr_interface.ko
03-23 01:53:27.633   266   266 I init    : Loaded kernel module /lib/modules/icc-rpmh.ko
03-23 01:53:27.636   271   271 I init    : Loaded kernel module /lib/modules/qcom-dcvs.ko
03-23 01:53:27.637   277   277 I init    : Loading module /lib/modules/slim-qcom-ngd-ctrl.ko with args ''
03-23 01:53:27.637   278   278 I init    : Loading module /lib/modules/qcom_spss.ko with args ''
03-23 01:53:27.637   279   279 I init    : Loading module /lib/modules/memlat.ko with args ''
03-23 01:53:27.637   280   280 I init    : Loading module /lib/modules/qnoc-sun.ko with args ''
03-23 01:53:27.637   283   283 I init    : Loading module /lib/modules/mhi.ko with args ''
03-23 01:53:27.637   281   281 I init    : Loading module /lib/modules/qnoc-kera.ko with args ''
03-23 01:53:27.637   282   282 I init    : Loading module /lib/modules/qnoc-tuna.ko with args ''
03-23 01:53:27.639   279   279 E qcom-memlat soc: qcom,memlat: error getting kobj from qcom_dcvs: -517
03-23 01:53:27.639   279   279 E qcom-memlat soc: qcom,memlat: Failure to probe memlat device: -517
03-23 01:53:27.639   278   278 I init    : Loaded kernel module /lib/modules/qcom_spss.ko
03-23 01:53:27.639   282   282 I qnoc-tuna soc: interconnect@0: Registered TUNA ICC provider
03-23 01:53:27.639   278   278 I init    : Loading module /lib/modules/qcom_q6v5.ko with args ''
03-23 01:53:27.639   283   283 I init    : Loaded kernel module /lib/modules/mhi.ko
03-23 01:53:27.639   283   283 I init    : Loading module /lib/modules/qti_pmic_glink.ko with args ''
03-23 01:53:27.639   284   284 I init    : Loading module /lib/modules/bwmon.ko with args ''
03-23 01:53:27.639   282   282 E qnoc-tuna soc: interconnect@1: failed to register ICC provider: -517
03-23 01:53:27.639   282   282 I qnoc-tuna 1600000.interconnect: Registered TUNA ICC provider
03-23 01:53:27.639   277   277 I init    : Loaded kernel module /lib/modules/slim-qcom-ngd-ctrl.ko
03-23 01:53:27.640   279   279 I init    : Loaded kernel module /lib/modules/memlat.ko
03-23 01:53:27.640   280   280 I init    : Loaded kernel module /lib/modules/qnoc-sun.ko
03-23 01:53:27.640   278   278 I init    : Loaded kernel module /lib/modules/qcom_q6v5.ko
03-23 01:53:27.640   282   282 I qnoc-tuna 1500000.interconnect: Registered TUNA ICC provider
03-23 01:53:27.640   282   282 I qnoc-tuna 1680000.interconnect: Registered TUNA ICC provider
03-23 01:53:27.640   281   281 I init    : Loaded kernel module /lib/modules/qnoc-kera.ko
03-23 01:53:27.640   282   282 I qnoc-tuna 1700000.interconnect: Registered TUNA ICC provider
03-23 01:53:27.640   282   282 E qnoc-tuna 1780000.interconnect: failed to register ICC provider: -517
03-23 01:53:27.640   283   283 I init    : Loaded kernel module /lib/modules/qti_pmic_glink.ko
03-23 01:53:27.640   282   282 E qnoc-tuna 24100000.interconnect: failed to register ICC provider: -517
03-23 01:53:27.641   282   282 I qnoc-tuna 320c0000.interconnect: Registered TUNA ICC provider
03-23 01:53:27.641   282   282 I qnoc-tuna 7e40000.interconnect: Registered TUNA ICC provider
03-23 01:53:27.641   282   282 I qnoc-tuna 7400000.interconnect: Registered TUNA ICC provider
03-23 01:53:27.641   282   282 I qnoc-tuna 7420000.interconnect: Registered TUNA ICC provider
03-23 01:53:27.641   284   284 I init    : Loaded kernel module /lib/modules/bwmon.ko
03-23 01:53:27.641   282   282 I init    : Loaded kernel module /lib/modules/qnoc-tuna.ko
03-23 01:53:27.642   288   288 I init    : Loading module /lib/modules/charger-ulog-glink.ko with args ''
03-23 01:53:27.642   289   289 I init    : Loading module /lib/modules/pmic-glink-debug.ko with args ''
03-23 01:53:27.642   290   290 I init    : Loading module /lib/modules/qti_battery_debug.ko with args ''
03-23 01:53:27.642   291   291 I init    : Loading module /lib/modules/qrtr-mhi.ko with args ''
03-23 01:53:27.642   293   293 I init    : Loading module /lib/modules/mhi_dev_uci.ko with args ''
03-23 01:53:27.642   292   292 I init    : Loading module /lib/modules/mhi_dev_satellite.ko with args ''
03-23 01:53:27.642   294   294 I init    : Loading module /lib/modules/altmode-glink.ko with args ''
03-23 01:53:27.642   288   288 I init    : Loaded kernel module /lib/modules/charger-ulog-glink.ko
03-23 01:53:27.642   288   288 I init    : Loading module /lib/modules/qti_battery_charger.ko with args ''
03-23 01:53:27.642   289   289 I init    : Loaded kernel module /lib/modules/pmic-glink-debug.ko
03-23 01:53:27.642   289   289 I init    : Loading module /lib/modules/qcom_q6v5_pas.ko with args ''
03-23 01:53:27.642   290   290 I init    : Loaded kernel module /lib/modules/qti_battery_debug.ko
03-23 01:53:27.642   291   291 I init    : Loaded kernel module /lib/modules/qrtr-mhi.ko
03-23 01:53:27.642   290   290 I init    : Loading module /lib/modules/qti-glink-adc.ko with args ''
03-23 01:53:27.643   291   291 I init    : Loading module /lib/modules/ucsi_qti_glink.ko with args ''
03-23 01:53:27.643   293   293 I init    : Loaded kernel module /lib/modules/mhi_dev_uci.ko
03-23 01:53:27.643   294   294 I init    : Loaded kernel module /lib/modules/altmode-glink.ko
03-23 01:53:27.644   292   292 I init    : Loaded kernel module /lib/modules/mhi_dev_satellite.ko
03-23 01:53:27.644   289   289 I qcom_q6v5_pas 97000000.remoteproc-wpss: Low SVS vote for ICC is not set.
03-23 01:53:27.644   290   290 I init    : Loaded kernel module /lib/modules/qti-glink-adc.ko
03-23 01:53:27.644   288   288 I init    : Loaded kernel module /lib/modules/qti_battery_charger.ko
03-23 01:53:27.644   291   291 I init    : Loaded kernel module /lib/modules/ucsi_qti_glink.ko
03-23 01:53:27.644   289   289 E         : q6v5_pdev is NULL, save pdev, pdev->dev.kobj name: '97000000.remoteproc-wpss' (0000000014ceb430): qcom_q6v5_init
03-23 01:53:27.645   289   289 I remoteproc0: 97000000.remoteproc-wpss is available
03-23 01:53:27.645    10    10 I gcc-tuna 100000.clock-controller: Registered GCC clocks
03-23 01:53:27.647   289   289 I init    : Loaded kernel module /lib/modules/qcom_q6v5_pas.ko
03-23 01:53:27.647    10    10 I eva_cc-tuna abf0000.clock-controller: Registered EVA CC clocks
03-23 01:53:27.648   298   298 I init    : Loading module /lib/modules/msm_hw_fence.ko with args ''
03-23 01:53:27.648   299   299 I init    : Loading module /lib/modules/qcom-hv-haptics.ko with args ''
03-23 01:53:27.648   300   300 I init    : Loading module /lib/modules/fsa4480-i2c.ko with args ''
03-23 01:53:27.648   301   301 I init    : Loading module /lib/modules/adsp_sleepmon.ko with args ''
03-23 01:53:27.648   302   302 I init    : Loading module /lib/modules/leds-qti-flash.ko with args ''
03-23 01:53:27.648   303   303 I init    : Loading module /lib/modules/wcd_usbss_i2c.ko with args ''
03-23 01:53:27.649   300   300 I init    : Loaded kernel module /lib/modules/fsa4480-i2c.ko
03-23 01:53:27.649   301   301 I adsp_sleepmon soc: adsp-sleepmon: ADSP sleep monitor probe called
03-23 01:53:27.649   301   301 I init    : Loaded kernel module /lib/modules/adsp_sleepmon.ko
03-23 01:53:27.650   299   299 I qcom-hv-haptics c42d000.qcom,spmi: qcom,pmih010x@7:qcom,hv-haptics@f000: haptics revision: HAP_CFG 0x501, HAP_PTN 0x501, HAP_HBST 0x101, hw_type 5
03-23 01:53:27.650   298   298 I init    : Loaded kernel module /lib/modules/msm_hw_fence.ko
03-23 01:53:27.650   303   303 I init    : Loaded kernel module /lib/modules/wcd_usbss_i2c.ko
03-23 01:53:27.650   299   299 W qcom-hv-haptics c42d000.qcom,spmi: qcom,pmih010x@7:qcom,hv-haptics@f000: The calibrated period (2007 us) has large variation, use open-loop LRA period (5880 us) instead
03-23 01:53:27.651    10    10 I disp_cc-tuna af00000.clock-controller: Registered DISP CC clocks
03-23 01:53:27.651    10    10 I video_cc-tuna aaf0000.clock-controller: Registered VIDEO CC clocks
03-23 01:53:27.651    10    10 E bcm_voter soc: bcm_voter@1: crm_name=disp_crm unavailable=-517
03-23 01:53:27.651    10    10 E bcm_voter soc: bcm_voter@2: crm_name=disp_crm unavailable=-517
03-23 01:53:27.651    10    10 E bcm_voter soc: bcm_voter@3: crm_name=disp_crm unavailable=-517
03-23 01:53:27.651    10    10 E bcm_voter soc: bcm_voter@4: crm_name=disp_crm unavailable=-517
03-23 01:53:27.651    10    10 E bcm_voter soc: bcm_voter@5: crm_name=disp_crm unavailable=-517
03-23 01:53:27.651    10    10 E bcm_voter soc: bcm_voter@6: crm_name=disp_crm unavailable=-517
03-23 01:53:27.651    10    10 E bcm_voter soc: bcm_voter@7: crm_name=disp_crm unavailable=-517
03-23 01:53:27.651    10    10 E platform 16f2000.anoc_1_qtb: TBU failed probe, QSMMUV500 cannot continue!
03-23 01:53:27.652   302   302 I init    : Loaded kernel module /lib/modules/leds-qti-flash.ko
03-23 01:53:27.653    10    10 I cpu0    : EM: created perf domain
03-23 01:53:27.653   299   299 I input   : qcom-hv-haptics as /devices/platform/soc/c42d000.qcom,spmi/spmi-0/0-07/c42d000.qcom,spmi:qcom,pmih010x@7:qcom,hv-haptics@f000/input/input3
03-23 01:53:27.653   299   299 I init    : Loaded kernel module /lib/modules/qcom-hv-haptics.ko
03-23 01:53:27.654   312   312 I init    : Loading module /lib/modules/synx-driver.ko with args ''
03-23 01:53:27.654   313   313 I init    : Loading module /lib/modules/dwc3-msm.ko with args ''
03-23 01:53:27.655   312   312 I synx    : info: synx_init: 3115: device initialization start
03-23 01:53:27.655   312   312 I synx    : info: synx_init: 3200: device initialization success
03-23 01:53:27.656   312   312 I init    : Loaded kernel module /lib/modules/synx-driver.ko
03-23 01:53:27.656    10    10 I cpu2    : EM: created perf domain
03-23 01:53:27.658    10    10 I cpu5    : EM: created perf domain
03-23 01:53:27.658   313   313 I init    : Loaded kernel module /lib/modules/dwc3-msm.ko
03-23 01:53:27.658   322   322 I init    : Loading module /lib/modules/usb_f_qdss.ko with args ''
03-23 01:53:27.659   323   323 I init    : Loading module /lib/modules/usb_f_gsi.ko with args ''
03-23 01:53:27.659   324   324 I init    : Loading module /lib/modules/hdcp_qseecom_dlkm.ko with args ''
03-23 01:53:27.660   322   322 I init    : Loaded kernel module /lib/modules/usb_f_qdss.ko
03-23 01:53:27.660   324   324 I init    : Loaded kernel module /lib/modules/hdcp_qseecom_dlkm.ko
03-23 01:53:27.660   323   323 I init    : Loaded kernel module /lib/modules/usb_f_gsi.ko
03-23 01:53:27.660   331   331 I init    : Loading module /lib/modules/coresight-tmc.ko with args ''
03-23 01:53:27.660   332   332 I init    : Loading module /lib/modules/smmu_proxy_dlkm.ko with args ''
03-23 01:53:27.661    10    10 I cpu7    : EM: created perf domain
03-23 01:53:27.661   332   332 I gh_msgq : Registered client for label: 10
03-23 01:53:27.661   332   332 I smcinvoke_kernel: do_invoke: root object invocation with 2 arguments (1100) and op 5.
03-23 01:53:27.662   332   332 I smcinvoke_kernel: do_invoke: root object invocation returned with 0.
03-23 01:53:27.662   332   332 I smcinvoke_kernel: do_invoke: qtee-2 object invocation with 2 arguments (1001) and op 0.
03-23 01:53:27.662   332   332 I smcinvoke_kernel: do_invoke: qtee-2 object invocation returned with 0.
03-23 01:53:27.662   332   332 I smcinvoke_kernel: do_invoke: qtee-3 object invocation with 1 arguments (0010) and op 1.
03-23 01:53:27.662   332   332 I smcinvoke_kernel: do_invoke: qtee-3 object invocation returned with 0.
03-23 01:53:27.662   332   332 I init    : Loaded kernel module /lib/modules/smmu_proxy_dlkm.ko
03-23 01:53:27.663   331   331 I init    : Loaded kernel module /lib/modules/coresight-tmc.ko
03-23 01:53:27.663   340   340 I init    : Loading module /lib/modules/msm_drm.ko with args 'dsi_display0=qcom,mdss_dsi_rm692j0_120hz_fhd_plus_dsc_cmd:'
03-23 01:53:27.663   140   140 E         : [NT_reserve_kernel_log] Get partition failed, retry count 193
03-23 01:53:27.664   230   230 W         : Init cpu array finish!
03-23 01:53:27.665   230   230 I core_ctl: Creating CPU group 0
03-23 01:53:27.665   230   230 I core_ctl: Init CPU0 state
03-23 01:53:27.665   230   230 I core_ctl: Init CPU1 state
03-23 01:53:27.665   230   230 I core_ctl: Creating CPU group 2
03-23 01:53:27.665   230   230 I core_ctl: Init CPU2 state
03-23 01:53:27.665   230   230 I core_ctl: Init CPU3 state
03-23 01:53:27.665   230   230 I core_ctl: Init CPU4 state
03-23 01:53:27.665   230   230 I core_ctl: Creating CPU group 5
03-23 01:53:27.665   230   230 I core_ctl: Init CPU5 state
03-23 01:53:27.665   230   230 I core_ctl: Init CPU6 state
03-23 01:53:27.665   230   230 I core_ctl: Creating CPU group 7
03-23 01:53:27.665   230   230 I core_ctl: Init CPU7 state
03-23 01:53:27.666    10    10 E qcom-memlat soc: qcom,memlat: error getting kobj from qcom_dcvs: -517
03-23 01:53:27.666    10    10 E qcom-memlat soc: qcom,memlat: Failure to probe memlat device: -517
03-23 01:53:27.666    10    10 E qnoc-tuna soc: interconnect@1: failed to register ICC provider: -517
03-23 01:53:27.666    10    10 I qnoc-tuna 16c0000.interconnect: Registered TUNA ICC provider
03-23 01:53:27.666    10    10 I qnoc-tuna 16e0000.interconnect: Registered TUNA ICC provider
03-23 01:53:27.667    10    10 E qnoc-tuna 1780000.interconnect: failed to register ICC provider: -517
03-23 01:53:27.667    10    10 E qnoc-tuna 24100000.interconnect: failed to register ICC provider: -517
03-23 01:53:27.670    10    10 I cam_cc-tuna ade0000.clock-controller: Registered CAM CC clocks
03-23 01:53:27.671    10    10 I gpu_cc-tuna 3d90000.clock-controller: Registered GPU CC clocks
03-23 01:53:27.672    10    10 I cam_bist_mclk_cc-tuna 1760000.clock-controller: Registered CAM BIST MCLK CC clocks
03-23 01:53:27.672    10    10 E platform 16f2000.anoc_1_qtb: TBU failed probe, QSMMUV500 cannot continue!
03-23 01:53:27.674   340   340 W dsi_phy ae95000.qcom,mdss_dsi_phy0: supply gdsc not found, using dummy regulator
03-23 01:53:27.674   340   340 I [drm:dsi_pll_init [msm_drm]] [msm-dsi-info]: DSI_PLL_0: DSI pll label = dsi_pll_4nm
03-23 01:53:27.675   340   340 I [drm:dsi_pll_init [msm_drm]] [msm-dsi-info]: DSI_PLL_0: PLL SSC enabled
03-23 01:53:27.675   340   340 I dsi_pll_init: PLL base=000000002f107406
03-23 01:53:27.675    10    10 I tuna-debugcc soc: clock-controller@0: Registered debug measure clocks
03-23 01:53:27.675   340   340 I [drm:dsi_pll_clock_register_4nm [msm_drm]] [msm-dsi-info]: DSI_PLL_0: Registered clocks successfully
03-23 01:53:27.675    10    10 E qcom-memlat soc: qcom,memlat: error getting kobj from qcom_dcvs: -517
03-23 01:53:27.675    10    10 E qcom-memlat soc: qcom,memlat: Failure to probe memlat device: -517
03-23 01:53:27.675    10    10 E qnoc-tuna soc: interconnect@1: failed to register ICC provider: -517
03-23 01:53:27.675   340   340 I [drm:dsi_phy_driver_probe [msm_drm]] [msm-dsi-info]: DSI_0: Probe successful
03-23 01:53:27.676   340   340 W dsi_phy ae97000.qcom,mdss_dsi_phy1: supply gdsc not found, using dummy regulator
03-23 01:53:27.676   340   340 I [drm:dsi_pll_init [msm_drm]] [msm-dsi-info]: DSI_PLL_0: DSI pll label = dsi_pll_4nm
03-23 01:53:27.676    10    10 E qnoc-tuna 1780000.interconnect: failed to register ICC provider: -517
03-23 01:53:27.676    10    10 E qnoc-tuna 24100000.interconnect: failed to register ICC provider: -517
03-23 01:53:27.676   340   340 I [drm:dsi_pll_init [msm_drm]] [msm-dsi-info]: DSI_PLL_1: PLL SSC enabled
03-23 01:53:27.676   340   340 I dsi_pll_init: PLL base=00000000dc40ab4f
03-23 01:53:27.676   340   340 I [drm:dsi_pll_clock_register_4nm [msm_drm]] [msm-dsi-info]: DSI_PLL_1: Registered clocks successfully
03-23 01:53:27.676   340   340 I [drm:dsi_phy_driver_probe [msm_drm]] [msm-dsi-info]: DSI_1: Probe successful
03-23 01:53:27.677    10    10 E platform 16f2000.anoc_1_qtb: TBU failed probe, QSMMUV500 cannot continue!
03-23 01:53:27.678    10    10 E qcom-memlat soc: qcom,memlat: error getting kobj from qcom_dcvs: -517
03-23 01:53:27.678    10    10 E qcom-memlat soc: qcom,memlat: Failure to probe memlat device: -517
03-23 01:53:27.678   340   340 E         : [drm:dsi_display_dev_probe [msm_drm]] *ERROR* [msm-dsi-error]: resources required for display probe not present: rc=-517
03-23 01:53:27.679    10    10 I qnoc-tuna soc: interconnect@1: Registered TUNA ICC provider
03-23 01:53:27.679   340   340 I [drm:dsi_display_dev_probe [msm_drm]] [msm-dsi-info]: secondary default panel not found
03-23 01:53:27.679   340   340 E         : [drm:dsi_display_dev_probe [msm_drm]] *ERROR* [msm-dsi-error]: resources required for display probe not present: rc=-517
03-23 01:53:27.679    10    10 E qsmmuv500-tbu 7b3000.lpass_qtb: of_icc_get_by_index: invalid path=-517
03-23 01:53:27.679   340   340 I         : [drm:dp_pll_driver_probe][msm-dp-info][340 ]revision=DP_PLL_4NM_V1_1, ssc_en=0, bonding_en=0
03-23 01:53:27.680    10    10 I qnoc-tuna 1780000.interconnect: Registered TUNA ICC provider
03-23 01:53:27.680   340   340 I init    : Loaded kernel module /lib/modules/msm_drm.ko
03-23 01:53:27.681     1     1 I init    : Loaded 336 modules from /lib/modules
03-23 01:53:27.681     1     1 I init    : Loaded 336 kernel modules took 292 ms
03-23 01:53:27.681     1     1 I init    : Copied ramdisk prop to /second_stage_resources/system/etc/ramdisk/build.prop
03-23 01:53:27.681    10    10 I qnoc-tuna 24100000.interconnect: Registered TUNA ICC provider
03-23 01:53:27.681     1     1 I init    : First stage mount skipped (recovery mode)
03-23 01:53:27.681     1     1 I init    : [libfstab] Using Android DT directory /proc/device-tree/firmware/android/
03-23 01:53:27.681     1     1 I init    : [libfstab] ReadFstabFromDt(): failed to read fstab from dt
03-23 01:53:27.681     1     1 W init    : [libfstab] Warning: unknown flag: sync
03-23 01:53:27.681    10    10 I qcom_q6v5_pas 3000000.remoteproc-adsp: Low SVS vote for ICC is not set.
03-23 01:53:27.682    10    10 E         : q6v5_pdev exist
03-23 01:53:27.682    10    10 I remoteproc1: 3000000.remoteproc-adsp is available
03-23 01:53:27.682    72    72 W remoteproc1: Direct firmware load for adsp.mdt failed with error -2
03-23 01:53:27.682    72    72 I remoteproc1: powering up 3000000.remoteproc-adsp
03-23 01:53:27.682    72    72 W remoteproc1: Direct firmware load for adsp.mdt failed with error -2
03-23 01:53:27.682    72    72 E remoteproc1: request_firmware failed: -2
03-23 01:53:27.682    10    10 I qcom_q6v5_pas 32300000.remoteproc-cdsp: Low SVS vote for ICC is not set.
03-23 01:53:27.682    10    10 E         : q6v5_pdev exist
03-23 01:53:27.682    10    10 I remoteproc2: 32300000.remoteproc-cdsp is available
03-23 01:53:27.682   198   198 W remoteproc2: Direct firmware load for cdsp.mdt failed with error -2
03-23 01:53:27.682   198   198 I remoteproc2: powering up 32300000.remoteproc-cdsp
03-23 01:53:27.682   198   198 W remoteproc2: Direct firmware load for cdsp.mdt failed with error -2
03-23 01:53:27.682   198   198 E remoteproc2: request_firmware failed: -2
03-23 01:53:27.684    10    10 I qcom_q6v5_pas 4080000.remoteproc-mss: assigned reserved memory node linux,cma
03-23 01:53:27.684    10    10 I qcom_q6v5_pas 4080000.remoteproc-mss: Low SVS vote for ICC is not set.
03-23 01:53:27.684    10    10 E         : q6v5_pdev exist
03-23 01:53:27.684    10    10 I remoteproc3: 4080000.remoteproc-mss is available
03-23 01:53:27.684    10    10 E platform 16f2000.anoc_1_qtb: TBU failed probe, QSMMUV500 cannot continue!
03-23 01:53:27.685    10    10 I arm-smmu 3da0000.kgsl-smmu: probing hardware configuration...
03-23 01:53:27.685    10    10 I arm-smmu 3da0000.kgsl-smmu: SMMUv2 with:
03-23 01:53:27.685    10    10 I arm-smmu 3da0000.kgsl-smmu: stage 1 translation
03-23 01:53:27.685    10    10 I arm-smmu 3da0000.kgsl-smmu: coherent table walk
03-23 01:53:27.685    10    10 I arm-smmu 3da0000.kgsl-smmu: stream matching with 24 register groups
03-23 01:53:27.685    10    10 I arm-smmu 3da0000.kgsl-smmu: 22 context banks (0 stage-2 only)
03-23 01:53:27.685    10    10 I arm-smmu 3da0000.kgsl-smmu: Supported page sizes: 0x61311000
03-23 01:53:27.685    10    10 I arm-smmu 3da0000.kgsl-smmu: Stage-1: 48-bit VA -> 36-bit IPA
03-23 01:53:27.686    10    10 I arm-smmu 3da0000.kgsl-smmu: preserved 0 boot mappings
03-23 01:53:27.687    10    10 E qcom-iommu-debug soc: iommu_test_device: Failed to create device link (0x180) with 3da0000.kgsl-smmu
03-23 01:53:27.687    10    10 E qcom-iommu-debug soc: iommu_test_device: Failed to create device link (0x180) with 3da0000.kgsl-smmu
03-23 01:53:27.688    10    10 I [drm:sde_power_mnoc_bus_parse:483]: mnoc interconnect path(s) not defined, rc: 0
03-23 01:53:27.688    10    10 I [sde_cesta:sde_cesta_probe:1305]: sde cesta index:0 probed successfully
03-23 01:53:27.689    10    10 I [drm:sde_dbg_init:2868] evtlog_status: enable:11, panic:1, dump:2
03-23 01:53:27.690    10    10 I goodix_fp: enter gf_probe
03-23 01:53:27.690    10    10 I input   : qwerty as /devices/virtual/input/input4
03-23 01:53:27.690    10    10 I goodix_fp: version V1.2.11
03-23 01:53:27.692    10    10 E         : [drm:dsi_display_dev_probe [msm_drm]] *ERROR* [msm-dsi-error]: resources required for display probe not present: rc=-517
03-23 01:53:27.693    10    10 I [drm:dsi_display_dev_probe [msm_drm]] [msm-dsi-info]: secondary default panel not found
03-23 01:53:27.693    10    10 E         : [drm:dsi_display_dev_probe [msm_drm]] *ERROR* [msm-dsi-error]: resources required for display probe not present: rc=-517
03-23 01:53:27.693    10    10 I tcsr_cc-tuna 1fbf000.clock-controller: sync_state
03-23 01:53:27.694    10    10 W qcom-bwmon: Zone thres larger than hw limit: hi:267 med:400 lo:0
03-23 01:53:27.694    10    10 I [drm:dsi_ctrl_dev_probe [msm_drm]] [msm-dsi-info]: dsi-ctrl-0: Probe successful
03-23 01:53:27.694    10    10 I [drm:dsi_ctrl_dev_probe [msm_drm]] [msm-dsi-info]: dsi-ctrl-1: Probe successful
03-23 01:53:27.695    10    10 W irq     : type mismatch, failed to map hwirq-739 for interrupt-controller@17100000!
03-23 01:53:27.695    10    10 I arm-smmu 15000000.apps-smmu: probing hardware configuration...
03-23 01:53:27.695    10    10 I arm-smmu 15000000.apps-smmu: SMMUv2 with:
03-23 01:53:27.695    10    10 I arm-smmu 15000000.apps-smmu: stage 1 translation
03-23 01:53:27.695    10    10 I arm-smmu 15000000.apps-smmu: coherent table walk
03-23 01:53:27.695    10    10 I arm-smmu 15000000.apps-smmu: stream matching with 138 register groups
03-23 01:53:27.695    10    10 I arm-smmu 15000000.apps-smmu: 83 context banks (0 stage-2 only)
03-23 01:53:27.695    10    10 I arm-smmu 15000000.apps-smmu: Supported page sizes: 0x61311000
03-23 01:53:27.695    10    10 I arm-smmu 15000000.apps-smmu: Stage-1: 36-bit VA -> 36-bit IPA
03-23 01:53:27.696    10    10 I arm-smmu 15000000.apps-smmu: preserved 0 boot mappings
03-23 01:53:27.698    10    10 E qcom_q6v5_pas 32300000.remoteproc-cdsp: Failed to create device link (0x180) with 15000000.apps-smmu
03-23 01:53:27.698    10    10 E qcom_q6v5_pas 32300000.remoteproc-cdsp: Failed to create device link (0x180) with 15000000.apps-smmu
03-23 01:53:27.698    10    10 E qcom_q6v5_pas 32300000.remoteproc-cdsp: Failed to create device link (0x180) with 15000000.apps-smmu
03-23 01:53:27.698    10    10 E qcom_q6v5_pas 32300000.remoteproc-cdsp: Failed to create device link (0x180) with 15000000.apps-smmu
03-23 01:53:27.698    10    10 E qcom_q6v5_pas 32300000.remoteproc-cdsp: Failed to create device link (0x180) with 15000000.apps-smmu
03-23 01:53:27.698    10    10 E qcom_q6v5_pas 32300000.remoteproc-cdsp: Failed to create device link (0x180) with 15000000.apps-smmu
03-23 01:53:27.698    10    10 E qcom_q6v5_pas 32300000.remoteproc-cdsp: Failed to create device link (0x180) with 15000000.apps-smmu
03-23 01:53:27.698    10    10 E qcom_q6v5_pas 32300000.remoteproc-cdsp: Failed to create device link (0x180) with 15000000.apps-smmu
03-23 01:53:27.698    10    10 E qcom_q6v5_pas 32300000.remoteproc-cdsp: Failed to create device link (0x180) with 15000000.apps-smmu
03-23 01:53:27.698    10    10 E qcom_q6v5_pas 32300000.remoteproc-cdsp: Failed to create device link (0x180) with 15000000.apps-smmu
03-23 01:53:27.698    10    10 E qcom_q6v5_pas 32300000.remoteproc-cdsp: Failed to create device link (0x180) with 15000000.apps-smmu
03-23 01:53:27.698    10    10 E qcom_q6v5_pas 32300000.remoteproc-cdsp: Failed to create device link (0x180) with 15000000.apps-smmu
03-23 01:53:27.698    10    10 E qcom_q6v5_pas 3000000.remoteproc-adsp: Failed to create device link (0x180) with 15000000.apps-smmu
03-23 01:53:27.698    10    10 E qcom_q6v5_pas 3000000.remoteproc-adsp: Failed to create device link (0x180) with 15000000.apps-smmu
03-23 01:53:27.698    10    10 E qcom_q6v5_pas 3000000.remoteproc-adsp: Failed to create device link (0x180) with 15000000.apps-smmu
03-23 01:53:27.698    10    10 E qcom_q6v5_pas 3000000.remoteproc-adsp: Failed to create device link (0x180) with 15000000.apps-smmu
03-23 01:53:27.698    10    10 E qcom_q6v5_pas 3000000.remoteproc-adsp: Failed to create device link (0x180) with 15000000.apps-smmu
03-23 01:53:27.698    10    10 E qcom_q6v5_pas 3000000.remoteproc-adsp: Failed to create device link (0x180) with 15000000.apps-smmu
03-23 01:53:27.698    10    10 E qcom-iommu-debug soc: iommu_test_device: Failed to create device link (0x180) with 15000000.apps-smmu
03-23 01:53:27.698    10    10 E qcom-iommu-debug soc: iommu_test_device: Failed to create device link (0x180) with 15000000.apps-smmu
03-23 01:53:27.698    10    10 E qcom-iommu-debug soc: iommu_test_device: Failed to create device link (0x180) with 15000000.apps-smmu
03-23 01:53:27.698    10    10 E qcom-iommu-debug soc: iommu_test_device: Failed to create device link (0x180) with 15000000.apps-smmu
03-23 01:53:27.698    10    10 E qcom-iommu-debug soc: iommu_test_device: Failed to create device link (0x180) with 15000000.apps-smmu
03-23 01:53:27.699    10    10 I gpi_dma a00000.qcom,gpi-dma: Adding to iommu group 0
03-23 01:53:27.699   140   140 E         : [NT_reserve_kernel_log] Get partition failed, retry count 192
03-23 01:53:27.699    10    10 I gpi_dma 800000.qcom,gpi-dma: Adding to iommu group 1
03-23 01:53:27.700    10    10 I uaudio-qmi soc: usb_audio_qmi_dev: Adding to iommu group 2
03-23 01:53:27.700    10    10 I coresight-tmc 10048000.tmc: Adding to iommu group 3
03-23 01:53:27.701    10    10 I coresight-tmc 1004f000.tmc: Adding to iommu group 4
03-23 01:53:27.701    10    10 E 1004f000.tmc: ETR usb property is not configured!
03-23 01:53:27.702    10    10 I geni_se_qup ac0000.qcom,qupv3_1_geni_se: Adding to iommu group 5
03-23 01:53:27.702    10    10 I boot_kpi: M - DRIVER GENI_I2C Init
03-23 01:53:27.702    10    10 I i2c_geni a80000.i2c: Bus frequency is set to 1000000Hz.
03-23 01:53:27.703    10    10 I boot_kpi: M - DRIVER GENI_I2C_0 Ready
03-23 01:53:27.703    10    10 I i2c_geni a80000.i2c: I2C probed
03-23 01:53:27.703    10    10 I boot_kpi: M - DRIVER GENI_SPI Init
03-23 01:53:27.704    10    10 I spi_geni a88000.spi: spi_geni_probe: completed 0
03-23 01:53:27.704    10    10 I boot_kpi: M - DRIVER GENI_SPI_2 Ready
03-23 01:53:27.704    10    10 I boot_kpi: M - DRIVER GENI_I2C Init
03-23 01:53:27.704    10    10 I i2c_geni a8c000.i2c: Bus frequency is set to 400000Hz.
03-23 01:53:27.704    10    10 I boot_kpi: M - DRIVER GENI_I2C_3 Ready
03-23 01:53:27.704    10    10 I i2c_geni a8c000.i2c: I2C probed
03-23 01:53:27.705    10    10 I boot_kpi: M - DRIVER GENI_SPI Init
03-23 01:53:27.705    10    10 I spi_geni a90000.spi: LA-VM usecase
03-23 01:53:27.706    10    10 I spi_geni a90000.spi: spi_geni_probe: completed 0
03-23 01:53:27.706    10    10 I boot_kpi: M - DRIVER GENI_SPI_4 Ready
03-23 01:53:27.706    10    10 I boot_kpi: M - DRIVER GENI_I2C Init
03-23 01:53:27.706    10    10 I i2c_geni a94000.i2c: Bus frequency is set to 400000Hz.
03-23 01:53:27.706    10    10 I i2c_geni a94000.i2c: Multi-EE usecase
03-23 01:53:27.707    10    10 E ssusb-redriver 5-001c: writing reg 0x00 failure
03-23 01:53:27.707    10    10 I boot_kpi: M - DRIVER GENI_I2C_5 Ready
03-23 01:53:27.707    10    10 I i2c_geni a94000.i2c: I2C probed
03-23 01:53:27.707    10    10 I a9c000.qcom,qup_uart: ttyMSM0 at MMIO 0xa9c000 (irq = 267, base_baud = 0) is a MSM
03-23 01:53:27.707    11    11 I wcd-usbss-i2c-driver 3-000e: sdam registration successful
03-23 01:53:27.708    10    10 I geni_se_qup 8c0000.qcom,qupv3_2_geni_se: Adding to iommu group 6
03-23 01:53:27.708    11    11 I wcd-usbss-i2c-driver 3-000e: Probe completed!
03-23 01:53:27.709    10    10 I boot_kpi: M - DRIVER GENI_I2C Init
03-23 01:53:27.709    10    10 I i2c_geni 880000.i2c: Bus frequency is set to 400000Hz.
03-23 01:53:27.709   376   376 E wcd-usbss-i2c-driver 3-000e: wcd_usbss_is_in_reset_state: Surge check #3 failed
03-23 01:53:27.709    10    10 I wl28681 8-0061: RESET GPIO number is 535
03-23 01:53:27.735   140   140 E         : [NT_reserve_kernel_log] Get partition failed, retry count 191
03-23 01:53:27.739     1     1 I init    : bool android::init::BlockDevInitializer::InitDevices(std::set<std::string>): partition(s) not found in /sys, waiting for their uevent(s): boot_a, dtbo_a, init_boot_a, metadata, nt_log, recovery_a, super, vbmeta_a, vbmeta_system_a, vbmeta_vendor_a, vendor_boot_a
03-23 01:53:27.743    10    10 I WL_L1N  : Bringing 0uV into 1000000-1000000uV
03-23 01:53:27.744    10    10 I WL_L2N  : Bringing 0uV into 1000000-1000000uV
03-23 01:53:27.745    10    10 I WL_L3N  : Bringing 0uV into 1500000-1500000uV
03-23 01:53:27.746    10    10 I WL_L4N  : Bringing 0uV into 1500000-1500000uV
03-23 01:53:27.747    10    10 I WL_L5N  : Bringing 0uV into 1500000-1500000uV
03-23 01:53:27.748    10    10 I WL_L6N  : Bringing 0uV into 1500000-1500000uV
03-23 01:53:27.749    10    10 I WL_L7N  : Bringing 0uV into 1500000-1500000uV
03-23 01:53:27.750    10    10 I wl28681 8-0061: WL28681_UVP_INT_MASK = 0 ret = 0
03-23 01:53:27.751    10    10 I wl28681 8-0061: WL28681_OCP_INT_MASK = 0 ret = 0
03-23 01:53:27.751    10    10 I wl28681 8-0061: WL28681_TSD_UVLO_INT_MASK = 0 ret = 0
03-23 01:53:27.751    10    10 I wl28681 8-0061: wl28681 WL_LDO0 value is 0x7c
03-23 01:53:27.751    10    10 I wl28681 8-0061: wl28681 WL_LDO1 value is 0x7c
03-23 01:53:27.751    10    10 I wl28681 8-0061: wl28681 WL_LDO2 value is 0x11
03-23 01:53:27.751    10    10 I wl28681 8-0061: wl28681 WL_LDO3 value is 0x11
03-23 01:53:27.752    10    10 I wl28681 8-0061: wl28681 WL_LDO4 value is 0x11
03-23 01:53:27.752    10    10 I wl28681 8-0061: wl28681 WL_LDO5 value is 0x11
03-23 01:53:27.752    10    10 I wl28681 8-0061: wl28681 WL_LDO6 value is 0x11
03-23 01:53:27.752    10    10 I wl28681 8-0035: RESET GPIO number is 534
03-23 01:53:27.771   140   140 E         : [NT_reserve_kernel_log] Get partition failed, retry count 190
03-23 01:53:27.786    10    10 I WL_L1M  : Bringing 0uV into 1000000-1000000uV
03-23 01:53:27.787    10    10 I WL_L2M  : Bringing 0uV into 1000000-1000000uV
03-23 01:53:27.788    10    10 I WL_L3M  : Bringing 0uV into 1500000-1500000uV
03-23 01:53:27.789    10    10 I WL_L4M  : Bringing 0uV into 1500000-1500000uV
03-23 01:53:27.790    10    10 I WL_L5M  : Bringing 0uV into 1500000-1500000uV
03-23 01:53:27.792    10    10 I WL_L6M  : Bringing 0uV into 1500000-1500000uV
03-23 01:53:27.793    10    10 I WL_L7M  : Bringing 0uV into 1500000-1500000uV
03-23 01:53:27.794    10    10 I wl28681 8-0035: WL28681_UVP_INT_MASK = 0 ret = 0
03-23 01:53:27.794    10    10 I wl28681 8-0035: WL28681_OCP_INT_MASK = 0 ret = 0
03-23 01:53:27.794    10    10 I wl28681 8-0035: WL28681_TSD_UVLO_INT_MASK = 0 ret = 0
03-23 01:53:27.794    10    10 I wl28681 8-0035: wl28681 WL_LDO0 value is 0x7c
03-23 01:53:27.795    10    10 I wl28681 8-0035: wl28681 WL_LDO1 value is 0x7c
03-23 01:53:27.795    10    10 I wl28681 8-0035: wl28681 WL_LDO2 value is 0x11
03-23 01:53:27.795    10    10 I wl28681 8-0035: wl28681 WL_LDO3 value is 0x11
03-23 01:53:27.795    10    10 I wl28681 8-0035: wl28681 WL_LDO4 value is 0x11
03-23 01:53:27.795    10    10 I wl28681 8-0035: wl28681 WL_LDO5 value is 0x11
03-23 01:53:27.795    10    10 I wl28681 8-0035: wl28681 WL_LDO6 value is 0x11
03-23 01:53:27.796    10    10 I         : aw9380x probe entry
03-23 01:53:27.796    10    10 I aw9380x_cap 8-0012: [aw9380x_regulator_power:960] regulator-power-supply = <1>
03-23 01:53:27.796    10    10 I aw9380x_cap 8-0012: [aw9380x_regulator_power_init:894] aw9380x power init enter
03-23 01:53:27.796    10    10 I aw9380x_cap 8-0012: [aw9380x_power_enable:923] aw9380x power enable enter
03-23 01:53:27.807   140   140 E         : [NT_reserve_kernel_log] Get partition failed, retry count 189
03-23 01:53:27.819    10    10 E aw9380x_cap 8-0012: [aw9380x_regulator_is_get_voltage:266] aw9380x voltage is : 3000000 uv
03-23 01:53:27.819    10    10 I aw9380x_cap 8-0012: [aw9380x_parse_dts:1047] cap num = 0
03-23 01:53:27.819    10    10 I aw9380x_cap 8-0012: [aw9380x_parse_dts:1060] irq gpio provided ok.
03-23 01:53:27.819    10    10 I aw9380x_cap 8-0012: [aw9380x_parse_dts:1064] channel_use_flag = 0x1fff
03-23 01:53:27.819    10    10 I aw9380x_cap 8-0012: [aw9380x_parse_dts:1072] aw_cap,use_inter_pull_up = <0>
03-23 01:53:27.819    10    10 I aw9380x_cap 8-0012: [aw9380x_parse_dts:1076] aw_cap, using_pm_ops = <0>
03-23 01:53:27.819    10    10 E aw9380x_cap 8-0012: [aw9380x_create_node:3693] enter
03-23 01:53:27.819    10    10 I aw9380x_cap 8-0012: [aw9380x_create_sysclass_group_register:3658] sysfs_class have be created
03-23 01:53:27.819    10    10 I aw9380x_cap 8-0012: [aw9380x_create_sysclass_group_register:3670] sysfs_dev have be created
03-23 01:53:27.819    10    10 I aw9380x_cap 8-0012: [aw9380x_create_sysclass_group_register:3683] sysfs_create have be created
03-23 01:53:27.819    10    10 I aw9380x_cap 8-0012: [aw9380x_irq_init:4179] IRQ request successfully!
03-23 01:53:27.819    10    10 I aw9380x_cap 8-0012: [aw9380x_irq_init:4188] disable_irq
03-23 01:53:27.819    10    10 I aw9380x_cap 8-0012: [aw9380x_irq_init:4192] irq init success!
03-23 01:53:27.819    10    10 I input   : aw9380x_0_ch0 as /devices/platform/soc/8c0000.qcom,qupv3_2_geni_se/880000.i2c/i2c-8/8-0012/input/input5
03-23 01:53:27.819    10    10 I input   : aw9380x_0_ch1 as /devices/platform/soc/8c0000.qcom,qupv3_2_geni_se/880000.i2c/i2c-8/8-0012/input/input6
03-23 01:53:27.819    10    10 I input   : aw9380x_0_ch2 as /devices/platform/soc/8c0000.qcom,qupv3_2_geni_se/880000.i2c/i2c-8/8-0012/input/input7
03-23 01:53:27.819    10    10 I input   : aw9380x_0_ch3 as /devices/platform/soc/8c0000.qcom,qupv3_2_geni_se/880000.i2c/i2c-8/8-0012/input/input8
03-23 01:53:27.819    10    10 I input   : aw9380x_0_ch4 as /devices/platform/soc/8c0000.qcom,qupv3_2_geni_se/880000.i2c/i2c-8/8-0012/input/input9
03-23 01:53:27.819    10    10 I input   : aw9380x_0_ch5 as /devices/platform/soc/8c0000.qcom,qupv3_2_geni_se/880000.i2c/i2c-8/8-0012/input/input10
