12-19 15:25:02.785   635   635 E HidlServiceManagement: Service android.hardware.health@2.1::IHealth/default must be in VINTF manifest in order to register/get.
12-19 15:25:02.785   635   635 F android.hardware.health@2.1-service: Check failed: registerAsService(instance_name()) == android::OK (registerAsService(instance_name())=-2147483648, android::OK=0) default: Failed to register HAL
12-19 15:25:02.785   635   635 F libc    : Fatal signal 6 (SIGABRT), code -1 (SI_QUEUE) in tid 635 (android.hardwar), pid 635 (android.hardwar)
12-19 15:25:02.785   638   638 F libc    : failed to exec crash_dump helper: No such file or directory
12-19 15:25:02.786   635   635 F libc    : crash_dump helper failed to exec, or was killed
12-19 15:25:02.786   635   635 F libc    : failed to wait for crash_dump helper: No child processes
12-19 15:25:02.795   636   636 I keystore2: keystore2_main: Keystore2 is starting.
12-19 15:25:02.795   636   636 I keystore2: keystore2_main: Starting thread pool now.
12-19 15:25:02.795   636   639 I keystore2: getDeviceHalManifest: Reading VINTF information.
12-19 15:25:02.796   636   639 E keystore2: getDeviceHalManifest: status from fetching VINTF information: -22
12-19 15:25:02.796   636   639 E keystore2: getDeviceHalManifest: -22 VINTF parse error: Illformed file: /vendor/etc/vintf/manifest/vendor.qti.hardware.vibrator.service.xml: Unrecognized manifest.version 8.0 (libvintf@4.0)
12-19 15:25:02.796   636   639 F libc    : Fatal signal 11 (SIGSEGV), code 1 (SEGV_MAPERR), fault addr 0x0 in tid 639 (keystore2), pid 636 (keystore2)
12-19 15:25:02.796   636   636 I keystore2: getDeviceHalManifest: Reading VINTF information.
12-19 15:25:02.798   636   636 E keystore2: getDeviceHalManifest: status from fetching VINTF information: -22
12-19 15:25:02.798   643   643 F libc    : failed to exec crash_dump helper: No such file or directory
12-19 15:25:02.798   636   639 F libc    : crash_dump helper failed to exec, or was killed
12-19 15:25:02.798   636   636 E keystore2: getDeviceHalManifest: -22 VINTF parse error: Illformed file: /vendor/etc/vintf/manifest/vendor.qti.hardware.vibrator.service.xml: Unrecognized manifest.version 8.0 (libvintf@4.0)
12-19 15:25:02.798   636   639 F libc    : failed to wait for crash_dump helper: No child processes
12-19 15:25:02.958   448   448 W ServiceManager: Waited one second for android.system.keystore2.IKeystoreService/default (is service started? are binder threads started and available?)
12-19 15:25:02.958   442   442 I servicemanager: Since 'android.system.keystore2.IKeystoreService/default' could not be found, trying to start it as a lazy AIDL service
12-19 15:25:02.959   442   644 W libc    : Unable to set property "ctl.interface_start" to "aidl/android.system.keystore2.IKeystoreService/default": error code: 0x20
12-19 15:25:02.959   442   644 I servicemanager: Tried to start aidl service android.system.keystore2.IKeystoreService/default as a lazy service, but was unable to. Usually this happens when a service is not installed, but if the service is intended to be used as a lazy service, then it may be configured incorrectly.
12-19 15:25:03.959   448   448 W ServiceManager: Waited one second for android.system.keystore2.IKeystoreService/default (is service started? are binder threads started and available?)
12-19 15:25:03.959   442   442 I servicemanager: Since 'android.system.keystore2.IKeystoreService/default' could not be found, trying to start it as a lazy AIDL service
12-19 15:25:03.959   442   645 W libc    : Unable to set property "ctl.interface_start" to "aidl/android.system.keystore2.IKeystoreService/default": error code: 0x20
12-19 15:25:03.959   442   645 I servicemanager: Tried to start aidl service android.system.keystore2.IKeystoreService/default as a lazy service, but was unable to. Usually this happens when a service is not installed, but if the service is intended to be used as a lazy service, then it may be configured incorrectly.
12-19 15:25:04.959   448   448 W ServiceManager: Waited one second for android.system.keystore2.IKeystoreService/default (is service started? are binder threads started and available?)
12-19 15:25:04.959   442   442 I servicemanager: Since 'android.system.keystore2.IKeystoreService/default' could not be found, trying to start it as a lazy AIDL service
12-19 15:25:04.959   442   646 W libc    : Unable to set property "ctl.interface_start" to "aidl/android.system.keystore2.IKeystoreService/default": error code: 0x20
12-19 15:25:04.959   442   646 I servicemanager: Tried to start aidl service android.system.keystore2.IKeystoreService/default as a lazy service, but was unable to. Usually this happens when a service is not installed, but if the service is intended to be used as a lazy service, then it may be configured incorrectly.
12-19 15:25:05.959   448   448 W ServiceManager: Waited one second for android.system.keystore2.IKeystoreService/default (is service started? are binder threads started and available?)
12-19 15:25:05.959   442   442 I servicemanager: Since 'android.system.keystore2.IKeystoreService/default' could not be found, trying to start it as a lazy AIDL service
12-19 15:25:05.959   442   647 W libc    : Unable to set property "ctl.interface_start" to "aidl/android.system.keystore2.IKeystoreService/default": error code: 0x20
12-19 15:25:05.959   442   647 I servicemanager: Tried to start aidl service android.system.keystore2.IKeystoreService/default as a lazy service, but was unable to. Usually this happens when a service is not installed, but if the service is intended to be used as a lazy service, then it may be configured incorrectly.
12-19 15:25:06.959   448   448 W ServiceManager: Waited one second for android.system.keystore2.IKeystoreService/default (is service started? are binder threads started and available?)
12-19 15:25:06.959   442   442 I servicemanager: Since 'android.system.keystore2.IKeystoreService/default' could not be found, trying to start it as a lazy AIDL service
12-19 15:25:06.959   442   648 W libc    : Unable to set property "ctl.interface_start" to "aidl/android.system.keystore2.IKeystoreService/default": error code: 0x20
12-19 15:25:06.959   442   648 I servicemanager: Tried to start aidl service android.system.keystore2.IKeystoreService/default as a lazy service, but was unable to. Usually this happens when a service is not installed, but if the service is intended to be used as a lazy service, then it may be configured incorrectly.
12-19 15:25:07.781   649   649 E cutils-trace: Error opening trace file: No such file or directory (2)
12-19 15:25:07.785   650   650 E cutils-trace: Error opening trace file: No such file or directory (2)
12-19 15:25:07.785   441   441 I hwservicemanager: getDeviceHalManifest: Reading VINTF information.
12-19 15:25:07.786   441   441 E hwservicemanager: getDeviceHalManifest: status from fetching VINTF information: -22
12-19 15:25:07.786   441   441 E hwservicemanager: getDeviceHalManifest: -22 VINTF parse error: Illformed file: /vendor/etc/vintf/manifest/vendor.qti.hardware.vibrator.service.xml: Unrecognized manifest.version 8.0 (libvintf@4.0)
12-19 15:25:07.786   441   441 I hwservicemanager: getTransport: Cannot find entry android.hardware.boot@1.0::IBootControl/default in either framework or device VINTF manifest.
12-19 15:25:07.786   441   441 I hwservicemanager: getDeviceHalManifest: Reading VINTF information.
12-19 15:25:07.787   441   441 E hwservicemanager: getDeviceHalManifest: status from fetching VINTF information: -22
12-19 15:25:07.787   441   441 E hwservicemanager: getDeviceHalManifest: -22 VINTF parse error: Illformed file: /vendor/etc/vintf/manifest/vendor.qti.hardware.vibrator.service.xml: Unrecognized manifest.version 8.0 (libvintf@4.0)
12-19 15:25:07.787   441   441 I hwservicemanager: getTransport: Cannot find entry android.hardware.health@2.0::IHealth/default in either framework or device VINTF manifest.
12-19 15:25:07.787   649   649 E LegacySupport: Could not get passthrough implementation for android.hardware.boot@1.0::IBootControl/default.
12-19 15:25:07.788   650   650 E HidlServiceManagement: Could not find instance 'default' in library android.hardware.health@2.0-impl-default.so. Keeping library open.
12-19 15:25:07.788   650   650 I android.hardware.health@2.1-service: default instance initializing with healthd_config...
12-19 15:25:07.788   441   441 I hwservicemanager: getDeviceHalManifest: Reading VINTF information.
12-19 15:25:07.789   441   441 E hwservicemanager: getDeviceHalManifest: status from fetching VINTF information: -22
12-19 15:25:07.789   441   441 E hwservicemanager: getDeviceHalManifest: -22 VINTF parse error: Illformed file: /vendor/etc/vintf/manifest/vendor.qti.hardware.vibrator.service.xml: Unrecognized manifest.version 8.0 (libvintf@4.0)
12-19 15:25:07.789   441   441 I hwservicemanager: getTransport: Cannot find entry android.hardware.health@2.1::IHealth/default in either framework or device VINTF manifest.
12-19 15:25:07.789   650   650 E HidlServiceManagement: Service android.hardware.health@2.1::IHealth/default must be in VINTF manifest in order to register/get.
12-19 15:25:07.789   650   650 F android.hardware.health@2.1-service: Check failed: registerAsService(instance_name()) == android::OK (registerAsService(instance_name())=-2147483648, android::OK=0) default: Failed to register HAL
12-19 15:25:07.789   650   650 F libc    : Fatal signal 6 (SIGABRT), code -1 (SI_QUEUE) in tid 650 (android.hardwar), pid 650 (android.hardwar)
12-19 15:25:07.789   653   653 F libc    : failed to exec crash_dump helper: No such file or directory
12-19 15:25:07.789   650   650 F libc    : crash_dump helper failed to exec, or was killed
12-19 15:25:07.789   650   650 F libc    : failed to wait for crash_dump helper: No child processes
12-19 15:25:07.797   651   651 I keystore2: keystore2_main: Keystore2 is starting.
12-19 15:25:07.798   651   651 I keystore2: keystore2_main: Starting thread pool now.
12-19 15:25:07.798   651   654 I keystore2: getDeviceHalManifest: Reading VINTF information.
12-19 15:25:07.799   651   654 E keystore2: getDeviceHalManifest: status from fetching VINTF information: -22
12-19 15:25:07.799   651   654 E keystore2: getDeviceHalManifest: -22 VINTF parse error: Illformed file: /vendor/etc/vintf/manifest/vendor.qti.hardware.vibrator.service.xml: Unrecognized manifest.version 8.0 (libvintf@4.0)
12-19 15:25:07.799   651   651 I keystore2: getDeviceHalManifest: Reading VINTF information.
12-19 15:25:07.799   651   654 F libc    : Fatal signal 11 (SIGSEGV), code 1 (SEGV_MAPERR), fault addr 0x0 in tid 654 (keystore2), pid 651 (Binder:651_2)
12-19 15:25:07.800   658   658 F libc    : failed to exec crash_dump helper: No such file or directory
12-19 15:25:07.800   651   654 F libc    : crash_dump helper failed to exec, or was killed
12-19 15:25:07.800   651   654 F libc    : failed to wait for crash_dump helper: No child processes
12-19 15:25:07.959   448   448 W ServiceManager: Waited one second for android.system.keystore2.IKeystoreService/default (is service started? are binder threads started and available?)
12-19 15:25:07.959   442   442 I servicemanager: Since 'android.system.keystore2.IKeystoreService/default' could not be found, trying to start it as a lazy AIDL service
12-19 15:25:07.959   442   660 W libc    : Unable to set property "ctl.interface_start" to "aidl/android.system.keystore2.IKeystoreService/default": error code: 0x20
12-19 15:25:07.959   442   660 I servicemanager: Tried to start aidl service android.system.keystore2.IKeystoreService/default as a lazy service, but was unable to. Usually this happens when a service is not installed, but if the service is intended to be used as a lazy service, then it may be configured incorrectly.
12-19 15:25:08.959   448   448 W ServiceManager: Waited one second for android.system.keystore2.IKeystoreService/default (is service started? are binder threads started and available?)
12-19 15:25:08.959   442   442 I servicemanager: Since 'android.system.keystore2.IKeystoreService/default' could not be found, trying to start it as a lazy AIDL service
12-19 15:25:08.960   442   661 W libc    : Unable to set property "ctl.interface_start" to "aidl/android.system.keystore2.IKeystoreService/default": error code: 0x20
12-19 15:25:08.960   442   661 I servicemanager: Tried to start aidl service android.system.keystore2.IKeystoreService/default as a lazy service, but was unable to. Usually this happens when a service is not installed, but if the service is intended to be used as a lazy service, then it may be configured incorrectly.
12-19 15:25:09.960   448   448 W ServiceManager: Waited one second for android.system.keystore2.IKeystoreService/default (is service started? are binder threads started and available?)
12-19 15:25:09.960   442   442 I servicemanager: Since 'android.system.keystore2.IKeystoreService/default' could not be found, trying to start it as a lazy AIDL service
12-19 15:25:09.960   442   662 W libc    : Unable to set property "ctl.interface_start" to "aidl/android.system.keystore2.IKeystoreService/default": error code: 0x20
12-19 15:25:09.960   442   662 I servicemanager: Tried to start aidl service android.system.keystore2.IKeystoreService/default as a lazy service, but was unable to. Usually this happens when a service is not installed, but if the service is intended to be used as a lazy service, then it may be configured incorrectly.
12-19 15:25:10.960   448   448 W ServiceManager: Waited one second for android.system.keystore2.IKeystoreService/default (is service started? are binder threads started and available?)
12-19 15:25:10.960   442   442 I servicemanager: Since 'android.system.keystore2.IKeystoreService/default' could not be found, trying to start it as a lazy AIDL service
12-19 15:25:10.960   442   663 W libc    : Unable to set property "ctl.interface_start" to "aidl/android.system.keystore2.IKeystoreService/default": error code: 0x20
12-19 15:25:10.960   442   663 I servicemanager: Tried to start aidl service android.system.keystore2.IKeystoreService/default as a lazy service, but was unable to. Usually this happens when a service is not installed, but if the service is intended to be used as a lazy service, then it may be configured incorrectly.
12-19 15:25:11.960   448   448 W ServiceManager: Waited one second for android.system.keystore2.IKeystoreService/default (is service started? are binder threads started and available?)
12-19 15:25:11.960   442   442 I servicemanager: Since 'android.system.keystore2.IKeystoreService/default' could not be found, trying to start it as a lazy AIDL service
12-19 15:25:11.960   442   664 W libc    : Unable to set property "ctl.interface_start" to "aidl/android.system.keystore2.IKeystoreService/default": error code: 0x20
12-19 15:25:11.960   442   664 I servicemanager: Tried to start aidl service android.system.keystore2.IKeystoreService/default as a lazy service, but was unable to. Usually this happens when a service is not installed, but if the service is intended to be used as a lazy service, then it may be configured incorrectly.
12-19 15:25:12.784   665   665 E cutils-trace: Error opening trace file: No such file or directory (2)
12-19 15:25:12.784   441   441 I hwservicemanager: getDeviceHalManifest: Reading VINTF information.
12-19 15:25:12.785   441   441 E hwservicemanager: getDeviceHalManifest: status from fetching VINTF information: -22
12-19 15:25:12.785   441   441 E hwservicemanager: getDeviceHalManifest: -22 VINTF parse error: Illformed file: /vendor/etc/vintf/manifest/vendor.qti.hardware.vibrator.service.xml: Unrecognized manifest.version 8.0 (libvintf@4.0)
12-19 15:25:12.785   441   441 I hwservicemanager: getTransport: Cannot find entry android.hardware.boot@1.0::IBootControl/default in either framework or device VINTF manifest.
12-19 15:25:12.785   665   665 E LegacySupport: Could not get passthrough implementation for android.hardware.boot@1.0::IBootControl/default.
12-19 15:25:12.787   666   666 E cutils-trace: Error opening trace file: No such file or directory (2)
12-19 15:25:12.787   441   441 I hwservicemanager: getDeviceHalManifest: Reading VINTF information.
12-19 15:25:12.788   441   441 E hwservicemanager: getDeviceHalManifest: status from fetching VINTF information: -22
12-19 15:25:12.788   441   441 E hwservicemanager: getDeviceHalManifest: -22 VINTF parse error: Illformed file: /vendor/etc/vintf/manifest/vendor.qti.hardware.vibrator.service.xml: Unrecognized manifest.version 8.0 (libvintf@4.0)
12-19 15:25:12.788   441   441 I hwservicemanager: getTransport: Cannot find entry android.hardware.health@2.0::IHealth/default in either framework or device VINTF manifest.
12-19 15:25:12.788   666   666 E HidlServiceManagement: Could not find instance 'default' in library android.hardware.health@2.0-impl-default.so. Keeping library open.
12-19 15:25:12.788   666   666 I android.hardware.health@2.1-service: default instance initializing with healthd_config...
12-19 15:25:12.788   441   441 I hwservicemanager: getDeviceHalManifest: Reading VINTF information.
12-19 15:25:12.789   441   441 E hwservicemanager: getDeviceHalManifest: status from fetching VINTF information: -22
12-19 15:25:12.789   441   441 E hwservicemanager: getDeviceHalManifest: -22 VINTF parse error: Illformed file: /vendor/etc/vintf/manifest/vendor.qti.hardware.vibrator.service.xml: Unrecognized manifest.version 8.0 (libvintf@4.0)
12-19 15:25:12.789   441   441 I hwservicemanager: getTransport: Cannot find entry android.hardware.health@2.1::IHealth/default in either framework or device VINTF manifest.
12-19 15:25:12.789   666   666 E HidlServiceManagement: Service android.hardware.health@2.1::IHealth/default must be in VINTF manifest in order to register/get.
12-19 15:25:12.789   666   666 F android.hardware.health@2.1-service: Check failed: registerAsService(instance_name()) == android::OK (registerAsService(instance_name())=-2147483648, android::OK=0) default: Failed to register HAL
12-19 15:25:12.789   666   666 F libc    : Fatal signal 6 (SIGABRT), code -1 (SI_QUEUE) in tid 666 (android.hardwar), pid 666 (android.hardwar)
12-19 15:25:12.790   669   669 F libc    : failed to exec crash_dump helper: No such file or directory
12-19 15:25:12.790   666   666 F libc    : crash_dump helper failed to exec, or was killed
12-19 15:25:12.790   666   666 F libc    : failed to wait for crash_dump helper: No child processes
12-19 15:25:12.799   667   667 I keystore2: keystore2_main: Keystore2 is starting.
12-19 15:25:12.799   667   667 I keystore2: keystore2_main: Starting thread pool now.
12-19 15:25:12.799   667   670 I keystore2: getDeviceHalManifest: Reading VINTF information.
12-19 15:25:12.800   667   670 E keystore2: getDeviceHalManifest: status from fetching VINTF information: -22
12-19 15:25:12.800   667   670 E keystore2: getDeviceHalManifest: -22 VINTF parse error: Illformed file: /vendor/etc/vintf/manifest/vendor.qti.hardware.vibrator.service.xml: Unrecognized manifest.version 8.0 (libvintf@4.0)
12-19 15:25:12.800   667   667 I keystore2: getDeviceHalManifest: Reading VINTF information.
12-19 15:25:12.800   667   670 F libc    : Fatal signal 11 (SIGSEGV), code 1 (SEGV_MAPERR), fault addr 0x0 in tid 670 (keystore2), pid 667 (Binder:667_2)
12-19 15:25:12.801   674   674 F libc    : failed to exec crash_dump helper: No such file or directory
12-19 15:25:12.801   667   670 F libc    : crash_dump helper failed to exec, or was killed
12-19 15:25:12.801   667   670 F libc    : failed to wait for crash_dump helper: No child processes
12-19 15:25:12.960   448   448 W ServiceManager: Waited one second for android.system.keystore2.IKeystoreService/default (is service started? are binder threads started and available?)
12-19 15:25:12.960   442   442 I servicemanager: Since 'android.system.keystore2.IKeystoreService/default' could not be found, trying to start it as a lazy AIDL service
12-19 15:25:12.960   442   676 W libc    : Unable to set property "ctl.interface_start" to "aidl/android.system.keystore2.IKeystoreService/default": error code: 0x20
12-19 15:25:12.960   442   676 I servicemanager: Tried to start aidl service android.system.keystore2.IKeystoreService/default as a lazy service, but was unable to. Usually this happens when a service is not installed, but if the service is intended to be used as a lazy service, then it may be configured incorrectly.
12-19 15:25:13.960   448   448 W ServiceManager: Waited one second for android.system.keystore2.IKeystoreService/default (is service started? are binder threads started and available?)
12-19 15:25:13.960   442   442 I servicemanager: Since 'android.system.keystore2.IKeystoreService/default' could not be found, trying to start it as a lazy AIDL service
12-19 15:25:13.961   442   677 W libc    : Unable to set property "ctl.interface_start" to "aidl/android.system.keystore2.IKeystoreService/default": error code: 0x20
12-19 15:25:13.961   442   677 I servicemanager: Tried to start aidl service android.system.keystore2.IKeystoreService/default as a lazy service, but was unable to. Usually this happens when a service is not installed, but if the service is intended to be used as a lazy service, then it may be configured incorrectly.
12-19 15:25:14.961   448   448 W ServiceManager: Waited one second for android.system.keystore2.IKeystoreService/default (is service started? are binder threads started and available?)
12-19 15:25:14.961   442   442 I servicemanager: Since 'android.system.keystore2.IKeystoreService/default' could not be found, trying to start it as a lazy AIDL service
12-19 15:25:14.961   442   678 W libc    : Unable to set property "ctl.interface_start" to "aidl/android.system.keystore2.IKeystoreService/default": error code: 0x20
12-19 15:25:14.961   442   678 I servicemanager: Tried to start aidl service android.system.keystore2.IKeystoreService/default as a lazy service, but was unable to. Usually this happens when a service is not installed, but if the service is intended to be used as a lazy service, then it may be configured incorrectly.
12-19 15:25:15.961   448   448 W ServiceManager: Waited one second for android.system.keystore2.IKeystoreService/default (is service started? are binder threads started and available?)
12-19 15:25:15.961   442   442 I servicemanager: Since 'android.system.keystore2.IKeystoreService/default' could not be found, trying to start it as a lazy AIDL service
12-19 15:25:15.961   442   679 W libc    : Unable to set property "ctl.interface_start" to "aidl/android.system.keystore2.IKeystoreService/default": error code: 0x20
12-19 15:25:15.961   442   679 I servicemanager: Tried to start aidl service android.system.keystore2.IKeystoreService/default as a lazy service, but was unable to. Usually this happens when a service is not installed, but if the service is intended to be used as a lazy service, then it may be configured incorrectly.
12-19 15:25:16.961   448   448 W ServiceManager: Waited one second for android.system.keystore2.IKeystoreService/default (is service started? are binder threads started and available?)
12-19 15:25:16.961   442   442 I servicemanager: Since 'android.system.keystore2.IKeystoreService/default' could not be found, trying to start it as a lazy AIDL service
12-19 15:25:16.961   442   680 W libc    : Unable to set property "ctl.interface_start" to "aidl/android.system.keystore2.IKeystoreService/default": error code: 0x20
12-19 15:25:16.961   442   680 I servicemanager: Tried to start aidl service android.system.keystore2.IKeystoreService/default as a lazy service, but was unable to. Usually this happens when a service is not installed, but if the service is intended to be used as a lazy service, then it may be configured incorrectly.
12-19 15:25:17.785   681   681 E cutils-trace: Error opening trace file: No such file or directory (2)
12-19 15:25:17.786   441   441 I hwservicemanager: getDeviceHalManifest: Reading VINTF information.
12-19 15:25:17.787   441   441 E hwservicemanager: getDeviceHalManifest: status from fetching VINTF information: -22
12-19 15:25:17.787   441   441 E hwservicemanager: getDeviceHalManifest: -22 VINTF parse error: Illformed file: /vendor/etc/vintf/manifest/vendor.qti.hardware.vibrator.service.xml: Unrecognized manifest.version 8.0 (libvintf@4.0)
12-19 15:25:17.787   441   441 I hwservicemanager: getTransport: Cannot find entry android.hardware.boot@1.0::IBootControl/default in either framework or device VINTF manifest.
12-19 15:25:17.788   681   681 E LegacySupport: Could not get passthrough implementation for android.hardware.boot@1.0::IBootControl/default.
12-19 15:25:17.789   682   682 E cutils-trace: Error opening trace file: No such file or directory (2)
12-19 15:25:17.789   441   441 I hwservicemanager: getDeviceHalManifest: Reading VINTF information.
12-19 15:25:17.790   441   441 E hwservicemanager: getDeviceHalManifest: status from fetching VINTF information: -22
12-19 15:25:17.790   441   441 E hwservicemanager: getDeviceHalManifest: -22 VINTF parse error: Illformed file: /vendor/etc/vintf/manifest/vendor.qti.hardware.vibrator.service.xml: Unrecognized manifest.version 8.0 (libvintf@4.0)
12-19 15:25:17.790   441   441 I hwservicemanager: getTransport: Cannot find entry android.hardware.health@2.0::IHealth/default in either framework or device VINTF manifest.
12-19 15:25:17.790   682   682 E HidlServiceManagement: Could not find instance 'default' in library android.hardware.health@2.0-impl-default.so. Keeping library open.
12-19 15:25:17.791   682   682 I android.hardware.health@2.1-service: default instance initializing with healthd_config...
12-19 15:25:17.791   441   441 I hwservicemanager: getDeviceHalManifest: Reading VINTF information.
12-19 15:25:17.792   441   441 E hwservicemanager: getDeviceHalManifest: status from fetching VINTF information: -22
12-19 15:25:17.792   441   441 E hwservicemanager: getDeviceHalManifest: -22 VINTF parse error: Illformed file: /vendor/etc/vintf/manifest/vendor.qti.hardware.vibrator.service.xml: Unrecognized manifest.version 8.0 (libvintf@4.0)
12-19 15:25:17.792   441   441 I hwservicemanager: getTransport: Cannot find entry android.hardware.health@2.1::IHealth/default in either framework or device VINTF manifest.
12-19 15:25:17.792   682   682 E HidlServiceManagement: Service android.hardware.health@2.1::IHealth/default must be in VINTF manifest in order to register/get.
12-19 15:25:17.792   682   682 F android.hardware.health@2.1-service: Check failed: registerAsService(instance_name()) == android::OK (registerAsService(instance_name())=-2147483648, android::OK=0) default: Failed to register HAL
12-19 15:25:17.792   682   682 F libc    : Fatal signal 6 (SIGABRT), code -1 (SI_QUEUE) in tid 682 (android.hardwar), pid 682 (android.hardwar)
12-19 15:25:17.792   685   685 F libc    : failed to exec crash_dump helper: No such file or directory
12-19 15:25:17.792   682   682 F libc    : crash_dump helper failed to exec, or was killed
12-19 15:25:17.792   682   682 F libc    : failed to wait for crash_dump helper: No child processes
12-19 15:25:17.801   683   683 I keystore2: keystore2_main: Keystore2 is starting.
12-19 15:25:17.802   683   683 I keystore2: keystore2_main: Starting thread pool now.
12-19 15:25:17.802   683   686 I keystore2: getDeviceHalManifest: Reading VINTF information.
12-19 15:25:17.803   683   686 E keystore2: getDeviceHalManifest: status from fetching VINTF information: -22
12-19 15:25:17.803   683   686 E keystore2: getDeviceHalManifest: -22 VINTF parse error: Illformed file: /vendor/etc/vintf/manifest/vendor.qti.hardware.vibrator.service.xml: Unrecognized manifest.version 8.0 (libvintf@4.0)
12-19 15:25:17.803   683   683 I keystore2: getDeviceHalManifest: Reading VINTF information.
12-19 15:25:17.803   683   686 F libc    : Fatal signal 11 (SIGSEGV), code 1 (SEGV_MAPERR), fault addr 0x0 in tid 686 (keystore2), pid 683 (Binder:683_2)
12-19 15:25:17.803   690   690 F libc    : failed to exec crash_dump helper: No such file or directory
12-19 15:25:17.804   683   686 F libc    : crash_dump helper failed to exec, or was killed
12-19 15:25:17.804   683   686 F libc    : failed to wait for crash_dump helper: No child processes
12-19 15:25:17.961   448   448 W ServiceManager: Waited one second for android.system.keystore2.IKeystoreService/default (is service started? are binder threads started and available?)
12-19 15:25:17.961   442   442 I servicemanager: Since 'android.system.keystore2.IKeystoreService/default' could not be found, trying to start it as a lazy AIDL service
12-19 15:25:17.961   442   692 W libc    : Unable to set property "ctl.interface_start" to "aidl/android.system.keystore2.IKeystoreService/default": error code: 0x20
12-19 15:25:17.961   442   692 I servicemanager: Tried to start aidl service android.system.keystore2.IKeystoreService/default as a lazy service, but was unable to. Usually this happens when a service is not installed, but if the service is intended to be used as a lazy service, then it may be configured incorrectly.
12-19 15:25:18.961   448   448 W ServiceManager: Waited one second for android.system.keystore2.IKeystoreService/default (is service started? are binder threads started and available?)
12-19 15:25:18.961   442   442 I servicemanager: Since 'android.system.keystore2.IKeystoreService/default' could not be found, trying to start it as a lazy AIDL service
12-19 15:25:18.962   442   693 W libc    : Unable to set property "ctl.interface_start" to "aidl/android.system.keystore2.IKeystoreService/default": error code: 0x20
12-19 15:25:18.962   442   693 I servicemanager: Tried to start aidl service android.system.keystore2.IKeystoreService/default as a lazy service, but was unable to. Usually this happens when a service is not installed, but if the service is intended to be used as a lazy service, then it may be configured incorrectly.
12-19 15:25:19.962   448   448 W ServiceManager: Waited one second for android.system.keystore2.IKeystoreService/default (is service started? are binder threads started and available?)
12-19 15:25:19.962   442   442 I servicemanager: Since 'android.system.keystore2.IKeystoreService/default' could not be found, trying to start it as a lazy AIDL service
12-19 15:25:19.962   442   694 W libc    : Unable to set property "ctl.interface_start" to "aidl/android.system.keystore2.IKeystoreService/default": error code: 0x20
12-19 15:25:19.962   442   694 I servicemanager: Tried to start aidl service android.system.keystore2.IKeystoreService/default as a lazy service, but was unable to. Usually this happens when a service is not installed, but if the service is intended to be used as a lazy service, then it may be configured incorrectly.
12-19 15:25:20.962   448   448 W ServiceManager: Waited one second for android.system.keystore2.IKeystoreService/default (is service started? are binder threads started and available?)
12-19 15:25:20.962   442   442 I servicemanager: Since 'android.system.keystore2.IKeystoreService/default' could not be found, trying to start it as a lazy AIDL service
12-19 15:25:20.962   442   695 W libc    : Unable to set property "ctl.interface_start" to "aidl/android.system.keystore2.IKeystoreService/default": error code: 0x20
12-19 15:25:20.962   442   695 I servicemanager: Tried to start aidl service android.system.keystore2.IKeystoreService/default as a lazy service, but was unable to. Usually this happens when a service is not installed, but if the service is intended to be used as a lazy service, then it may be configured incorrectly.
12-19 15:25:21.962   448   448 W ServiceManager: Waited one second for android.system.keystore2.IKeystoreService/default (is service started? are binder threads started and available?)
12-19 15:25:21.962   442   442 I servicemanager: Since 'android.system.keystore2.IKeystoreService/default' could not be found, trying to start it as a lazy AIDL service
12-19 15:25:21.962   442   696 W libc    : Unable to set property "ctl.interface_start" to "aidl/android.system.keystore2.IKeystoreService/default": error code: 0x20
12-19 15:25:21.962   442   696 I servicemanager: Tried to start aidl service android.system.keystore2.IKeystoreService/default as a lazy service, but was unable to. Usually this happens when a service is not installed, but if the service is intended to be used as a lazy service, then it may be configured incorrectly.
12-19 15:25:22.788   697   697 E cutils-trace: Error opening trace file: No such file or directory (2)
12-19 15:25:22.789   441   441 I hwservicemanager: getDeviceHalManifest: Reading VINTF information.
12-19 15:25:22.790   441   441 E hwservicemanager: getDeviceHalManifest: status from fetching VINTF information: -22
12-19 15:25:22.790   441   441 E hwservicemanager: getDeviceHalManifest: -22 VINTF parse error: Illformed file: /vendor/etc/vintf/manifest/vendor.qti.hardware.vibrator.service.xml: Unrecognized manifest.version 8.0 (libvintf@4.0)
12-19 15:25:22.790   441   441 I hwservicemanager: getTransport: Cannot find entry android.hardware.boot@1.0::IBootControl/default in either framework or device VINTF manifest.
12-19 15:25:22.790   697   697 E LegacySupport: Could not get passthrough implementation for android.hardware.boot@1.0::IBootControl/default.
12-19 15:25:22.791   698   698 E cutils-trace: Error opening trace file: No such file or directory (2)
12-19 15:25:22.791   441   441 I hwservicemanager: getDeviceHalManifest: Reading VINTF information.
12-19 15:25:22.792   441   441 E hwservicemanager: getDeviceHalManifest: status from fetching VINTF information: -22
12-19 15:25:22.792   441   441 E hwservicemanager: getDeviceHalManifest: -22 VINTF parse error: Illformed file: /vendor/etc/vintf/manifest/vendor.qti.hardware.vibrator.service.xml: Unrecognized manifest.version 8.0 (libvintf@4.0)
12-19 15:25:22.792   441   441 I hwservicemanager: getTransport: Cannot find entry android.hardware.health@2.0::IHealth/default in either framework or device VINTF manifest.
12-19 15:25:22.792   698   698 E HidlServiceManagement: Could not find instance 'default' in library android.hardware.health@2.0-impl-default.so. Keeping library open.
12-19 15:25:22.792   698   698 I android.hardware.health@2.1-service: default instance initializing with healthd_config...
12-19 15:25:22.792   441   441 I hwservicemanager: getDeviceHalManifest: Reading VINTF information.
12-19 15:25:22.793   441   441 E hwservicemanager: getDeviceHalManifest: status from fetching VINTF information: -22
12-19 15:25:22.793   441   441 E hwservicemanager: getDeviceHalManifest: -22 VINTF parse error: Illformed file: /vendor/etc/vintf/manifest/vendor.qti.hardware.vibrator.service.xml: Unrecognized manifest.version 8.0 (libvintf@4.0)
12-19 15:25:22.793   441   441 I hwservicemanager: getTransport: Cannot find entry android.hardware.health@2.1::IHealth/default in either framework or device VINTF manifest.
12-19 15:25:22.793   698   698 E HidlServiceManagement: Service android.hardware.health@2.1::IHealth/default must be in VINTF manifest in order to register/get.
12-19 15:25:22.793   698   698 F android.hardware.health@2.1-service: Check failed: registerAsService(instance_name()) == android::OK (registerAsService(instance_name())=-2147483648, android::OK=0) default: Failed to register HAL
12-19 15:25:22.793   698   698 F libc    : Fatal signal 6 (SIGABRT), code -1 (SI_QUEUE) in tid 698 (android.hardwar), pid 698 (android.hardwar)
12-19 15:25:22.794   701   701 F libc    : failed to exec crash_dump helper: No such file or directory
12-19 15:25:22.794   698   698 F libc    : crash_dump helper failed to exec, or was killed
12-19 15:25:22.794   698   698 F libc    : failed to wait for crash_dump helper: No child processes
12-19 15:25:22.803   699   699 I keystore2: keystore2_main: Keystore2 is starting.
12-19 15:25:22.803   699   699 I keystore2: keystore2_main: Starting thread pool now.
12-19 15:25:22.803   699   702 I keystore2: getDeviceHalManifest: Reading VINTF information.
12-19 15:25:22.805   699   702 E keystore2: getDeviceHalManifest: status from fetching VINTF information: -22
12-19 15:25:22.805   699   702 E keystore2: getDeviceHalManifest: -22 VINTF parse error: Illformed file: /vendor/etc/vintf/manifest/vendor.qti.hardware.vibrator.service.xml: Unrecognized manifest.version 8.0 (libvintf@4.0)
12-19 15:25:22.805   699   699 I keystore2: getDeviceHalManifest: Reading VINTF information.
12-19 15:25:22.805   699   702 F libc    : Fatal signal 11 (SIGSEGV), code 1 (SEGV_MAPERR), fault addr 0x0 in tid 702 (keystore2), pid 699 (Binder:699_2)
12-19 15:25:22.805   706   706 F libc    : failed to exec crash_dump helper: No such file or directory
12-19 15:25:22.806   699   702 F libc    : crash_dump helper failed to exec, or was killed
12-19 15:25:22.806   699   702 F libc    : failed to wait for crash_dump helper: No child processes
12-19 15:25:22.962   448   448 W ServiceManager: Waited one second for android.system.keystore2.IKeystoreService/default (is service started? are binder threads started and available?)
12-19 15:25:22.962   442   442 I servicemanager: Since 'android.system.keystore2.IKeystoreService/default' could not be found, trying to start it as a lazy AIDL service
12-19 15:25:22.962   442   708 W libc    : Unable to set property "ctl.interface_start" to "aidl/android.system.keystore2.IKeystoreService/default": error code: 0x20
12-19 15:25:22.962   442   708 I servicemanager: Tried to start aidl service android.system.keystore2.IKeystoreService/default as a lazy service, but was unable to. Usually this happens when a service is not installed, but if the service is intended to be used as a lazy service, then it may be configured incorrectly.
12-19 15:25:23.962   448   448 W ServiceManager: Waited one second for android.system.keystore2.IKeystoreService/default (is service started? are binder threads started and available?)
12-19 15:25:23.962   442   442 I servicemanager: Since 'android.system.keystore2.IKeystoreService/default' could not be found, trying to start it as a lazy AIDL service
12-19 15:25:23.963   442   709 W libc    : Unable to set property "ctl.interface_start" to "aidl/android.system.keystore2.IKeystoreService/default": error code: 0x20
12-19 15:25:23.963   442   709 I servicemanager: Tried to start aidl service android.system.keystore2.IKeystoreService/default as a lazy service, but was unable to. Usually this happens when a service is not installed, but if the service is intended to be used as a lazy service, then it may be configured incorrectly.
12-19 15:25:24.963   448   448 W ServiceManager: Waited one second for android.system.keystore2.IKeystoreService/default (is service started? are binder threads started and available?)
12-19 15:25:24.963   442   442 I servicemanager: Since 'android.system.keystore2.IKeystoreService/default' could not be found, trying to start it as a lazy AIDL service
12-19 15:25:24.963   442   710 W libc    : Unable to set property "ctl.interface_start" to "aidl/android.system.keystore2.IKeystoreService/default": error code: 0x20
12-19 15:25:24.963   442   710 I servicemanager: Tried to start aidl service android.system.keystore2.IKeystoreService/default as a lazy service, but was unable to. Usually this happens when a service is not installed, but if the service is intended to be used as a lazy service, then it may be configured incorrectly.
12-19 15:25:25.963   448   448 W ServiceManager: Waited one second for android.system.keystore2.IKeystoreService/default (is service started? are binder threads started and available?)
12-19 15:25:25.963   442   442 I servicemanager: Since 'android.system.keystore2.IKeystoreService/default' could not be found, trying to start it as a lazy AIDL service
12-19 15:25:25.963   442   711 W libc    : Unable to set property "ctl.interface_start" to "aidl/android.system.keystore2.IKeystoreService/default": error code: 0x20
12-19 15:25:25.963   442   711 I servicemanager: Tried to start aidl service android.system.keystore2.IKeystoreService/default as a lazy service, but was unable to. Usually this happens when a service is not installed, but if the service is intended to be used as a lazy service, then it may be configured incorrectly.
12-19 15:25:26.963   448   448 W ServiceManager: Waited one second for android.system.keystore2.IKeystoreService/default (is service started? are binder threads started and available?)
12-19 15:25:26.963   442   442 I servicemanager: Since 'android.system.keystore2.IKeystoreService/default' could not be found, trying to start it as a lazy AIDL service
12-19 15:25:26.963   442   712 W libc    : Unable to set property "ctl.interface_start" to "aidl/android.system.keystore2.IKeystoreService/default": error code: 0x20
12-19 15:25:26.963   442   712 I servicemanager: Tried to start aidl service android.system.keystore2.IKeystoreService/default as a lazy service, but was unable to. Usually this happens when a service is not installed, but if the service is intended to be used as a lazy service, then it may be configured incorrectly.
12-19 15:25:27.789   713   713 E cutils-trace: Error opening trace file: No such file or directory (2)
12-19 15:25:27.790   441   441 I hwservicemanager: getDeviceHalManifest: Reading VINTF information.
12-19 15:25:27.791   441   441 E hwservicemanager: getDeviceHalManifest: status from fetching VINTF information: -22
12-19 15:25:27.792   441   441 E hwservicemanager: getDeviceHalManifest: -22 VINTF parse error: Illformed file: /vendor/etc/vintf/manifest/vendor.qti.hardware.vibrator.service.xml: Unrecognized manifest.version 8.0 (libvintf@4.0)
12-19 15:25:27.792   441   441 I hwservicemanager: getTransport: Cannot find entry android.hardware.boot@1.0::IBootControl/default in either framework or device VINTF manifest.
12-19 15:25:27.792   713   713 E LegacySupport: Could not get passthrough implementation for android.hardware.boot@1.0::IBootControl/default.
12-19 15:25:27.793   714   714 E cutils-trace: Error opening trace file: No such file or directory (2)
12-19 15:25:27.793   441   441 I hwservicemanager: getDeviceHalManifest: Reading VINTF information.
12-19 15:25:27.794   441   441 E hwservicemanager: getDeviceHalManifest: status from fetching VINTF information: -22
12-19 15:25:27.794   441   441 E hwservicemanager: getDeviceHalManifest: -22 VINTF parse error: Illformed file: /vendor/etc/vintf/manifest/vendor.qti.hardware.vibrator.service.xml: Unrecognized manifest.version 8.0 (libvintf@4.0)
12-19 15:25:27.794   441   441 I hwservicemanager: getTransport: Cannot find entry android.hardware.health@2.0::IHealth/default in either framework or device VINTF manifest.
12-19 15:25:27.794   714   714 E HidlServiceManagement: Could not find instance 'default' in library android.hardware.health@2.0-impl-default.so. Keeping library open.
12-19 15:25:27.795   714   714 I android.hardware.health@2.1-service: default instance initializing with healthd_config...
12-19 15:25:27.795   441   441 I hwservicemanager: getDeviceHalManifest: Reading VINTF information.
12-19 15:25:27.796   441   441 E hwservicemanager: getDeviceHalManifest: status from fetching VINTF information: -22
12-19 15:25:27.796   441   441 E hwservicemanager: getDeviceHalManifest: -22 VINTF parse error: Illformed file: /vendor/etc/vintf/manifest/vendor.qti.hardware.vibrator.service.xml: Unrecognized manifest.version 8.0 (libvintf@4.0)
12-19 15:25:27.796   441   441 I hwservicemanager: getTransport: Cannot find entry android.hardware.health@2.1::IHealth/default in either framework or device VINTF manifest.
12-19 15:25:27.796   714   714 E HidlServiceManagement: Service android.hardware.health@2.1::IHealth/default must be in VINTF manifest in order to register/get.
12-19 15:25:27.796   714   714 F android.hardware.health@2.1-service: Check failed: registerAsService(instance_name()) == android::OK (registerAsService(instance_name())=-2147483648, android::OK=0) default: Failed to register HAL
12-19 15:25:27.796   714   714 F libc    : Fatal signal 6 (SIGABRT), code -1 (SI_QUEUE) in tid 714 (android.hardwar), pid 714 (android.hardwar)
12-19 15:25:27.796   717   717 F libc    : failed to exec crash_dump helper: No such file or directory
12-19 15:25:27.797   714   714 F libc    : crash_dump helper failed to exec, or was killed
12-19 15:25:27.797   714   714 F libc    : failed to wait for crash_dump helper: No child processes
12-19 15:25:27.806   715   715 I keystore2: keystore2_main: Keystore2 is starting.
12-19 15:25:27.806   715   715 I keystore2: keystore2_main: Starting thread pool now.
12-19 15:25:27.806   715   718 I keystore2: getDeviceHalManifest: Reading VINTF information.
12-19 15:25:27.807   715   718 E keystore2: getDeviceHalManifest: status from fetching VINTF information: -22
12-19 15:25:27.807   715   718 E keystore2: getDeviceHalManifest: -22 VINTF parse error: Illformed file: /vendor/etc/vintf/manifest/vendor.qti.hardware.vibrator.service.xml: Unrecognized manifest.version 8.0 (libvintf@4.0)
12-19 15:25:27.807   715   718 F libc    : Fatal signal 11 (SIGSEGV), code 1 (SEGV_MAPERR), fault addr 0x0 in tid 718 (keystore2), pid 715 (Binder:715_2)
12-19 15:25:27.808   715   715 I keystore2: getDeviceHalManifest: Reading VINTF information.
12-19 15:25:27.808   722   722 F libc    : failed to exec crash_dump helper: No such file or directory
12-19 15:25:27.808   715   718 F libc    : crash_dump helper failed to exec, or was killed
12-19 15:25:27.808   715   718 F libc    : failed to wait for crash_dump helper: No child processes
12-19 15:25:27.963   448   448 W ServiceManager: Waited one second for android.system.keystore2.IKeystoreService/default (is service started? are binder threads started and available?)
12-19 15:25:27.963   442   442 I servicemanager: Since 'android.system.keystore2.IKeystoreService/default' could not be found, trying to start it as a lazy AIDL service
12-19 15:25:27.963   442   724 W libc    : Unable to set property "ctl.interface_start" to "aidl/android.system.keystore2.IKeystoreService/default": error code: 0x20
12-19 15:25:27.963   442   724 I servicemanager: Tried to start aidl service android.system.keystore2.IKeystoreService/default as a lazy service, but was unable to. Usually this happens when a service is not installed, but if the service is intended to be used as a lazy service, then it may be configured incorrectly.
12-19 15:25:28.963   448   448 W ServiceManager: Waited one second for android.system.keystore2.IKeystoreService/default (is service started? are binder threads started and available?)
12-19 15:25:28.963   442   442 I servicemanager: Since 'android.system.keystore2.IKeystoreService/default' could not be found, trying to start it as a lazy AIDL service
12-19 15:25:28.963   442   725 W libc    : Unable to set property "ctl.interface_start" to "aidl/android.system.keystore2.IKeystoreService/default": error code: 0x20
12-19 15:25:28.964   442   725 I servicemanager: Tried to start aidl service android.system.keystore2.IKeystoreService/default as a lazy service, but was unable to. Usually this happens when a service is not installed, but if the service is intended to be used as a lazy service, then it may be configured incorrectly.
12-19 15:25:29.963   448   448 W ServiceManager: Waited one second for android.system.keystore2.IKeystoreService/default (is service started? are binder threads started and available?)
12-19 15:25:29.963   442   442 I servicemanager: Since 'android.system.keystore2.IKeystoreService/default' could not be found, trying to start it as a lazy AIDL service
12-19 15:25:29.964   442   726 W libc    : Unable to set property "ctl.interface_start" to "aidl/android.system.keystore2.IKeystoreService/default": error code: 0x20
12-19 15:25:29.964   442   726 I servicemanager: Tried to start aidl service android.system.keystore2.IKeystoreService/default as a lazy service, but was unable to. Usually this happens when a service is not installed, but if the service is intended to be used as a lazy service, then it may be configured incorrectly.
12-19 15:25:30.964   448   448 W ServiceManager: Waited one second for android.system.keystore2.IKeystoreService/default (is service started? are binder threads started and available?)
12-19 15:25:30.964   442   442 I servicemanager: Since 'android.system.keystore2.IKeystoreService/default' could not be found, trying to start it as a lazy AIDL service
12-19 15:25:30.964   442   727 W libc    : Unable to set property "ctl.interface_start" to "aidl/android.system.keystore2.IKeystoreService/default": error code: 0x20
12-19 15:25:30.964   442   727 I servicemanager: Tried to start aidl service android.system.keystore2.IKeystoreService/default as a lazy service, but was unable to. Usually this happens when a service is not installed, but if the service is intended to be used as a lazy service, then it may be configured incorrectly.
12-19 15:25:31.964   448   448 W ServiceManager: Waited one second for android.system.keystore2.IKeystoreService/default (is service started? are binder threads started and available?)
12-19 15:25:31.964   442   442 I servicemanager: Since 'android.system.keystore2.IKeystoreService/default' could not be found, trying to start it as a lazy AIDL service
12-19 15:25:31.964   442   728 W libc    : Unable to set property "ctl.interface_start" to "aidl/android.system.keystore2.IKeystoreService/default": error code: 0x20
12-19 15:25:31.964   442   728 I servicemanager: Tried to start aidl service android.system.keystore2.IKeystoreService/default as a lazy service, but was unable to. Usually this happens when a service is not installed, but if the service is intended to be used as a lazy service, then it may be configured incorrectly.
12-19 15:25:32.793   729   729 E cutils-trace: Error opening trace file: No such file or directory (2)
