03-23 01:14:45.463   413   413 I aw9380x_cap 8-0012: [aw9380x_irq_handle_func:4065] IRQSEN = 0x000F0FFF
03-23 01:14:45.463   413   413 I aw9380x_cap 8-0012: [aw9380x_irq_handle_func:4067] IRQSRC = 0x00000010
03-23 01:14:45.464   413   413 I aw9380x_cap 8-0012: [aw9380x_noth_button_key_report:3855] touch0_state Cap 0 Force 0 currentBtn 0
03-23 01:14:45.480    50    50 I aw9380x_cap 8-0012: [aw9380x_data_update_work_func:1899] force: rawdata = 0 diff = 853796 baseline = 1856, cap: rawdata = 0 diff = 0 baseline = 0
03-23 01:14:45.506   413   413 I aw9380x_cap 8-0012: [aw9380x_rc_irqscr:3728] i2c read reg: 0xf080, val= 16
03-23 01:14:45.506   413   413 I aw9380x_cap 8-0012: [aw9380x_cap_default_irq_handle:4109] gpio_low_count 1
03-23 01:14:45.506   413   413 I aw9380x_cap 8-0012: [aw9380x_irq_handle_func:4065] IRQSEN = 0x000F0FFF
03-23 01:14:45.506   413   413 I aw9380x_cap 8-0012: [aw9380x_irq_handle_func:4067] IRQSRC = 0x00000010
03-23 01:14:45.507   413   413 I aw9380x_cap 8-0012: [aw9380x_noth_button_key_report:3855] touch0_state Cap 0 Force 0 currentBtn 0
03-23 01:14:45.509    50    50 I aw9380x_cap 8-0012: [aw9380x_data_update_work_func:1899] force: rawdata = 0 diff = 853796 baseline = 1856, cap: rawdata = 0 diff = 0 baseline = 0
03-23 01:14:45.527   413   413 I aw9380x_cap 8-0012: [aw9380x_rc_irqscr:3728] i2c read reg: 0xf080, val= 16
03-23 01:14:45.527   413   413 I aw9380x_cap 8-0012: [aw9380x_cap_default_irq_handle:4109] gpio_low_count 1
03-23 01:14:45.528   413   413 I aw9380x_cap 8-0012: [aw9380x_irq_handle_func:4065] IRQSEN = 0x000F0FFF
03-23 01:14:45.528   413   413 I aw9380x_cap 8-0012: [aw9380x_irq_handle_func:4067] IRQSRC = 0x00000010
03-23 01:14:45.529   413   413 I aw9380x_cap 8-0012: [aw9380x_noth_button_key_report:3855] touch0_state Cap 0 Force 0 currentBtn 0
03-23 01:14:45.536    50    50 I aw9380x_cap 8-0012: [aw9380x_data_update_work_func:1899] force: rawdata = 0 diff = 853796 baseline = 1856, cap: rawdata = 0 diff = 0 baseline = 0
03-23 01:14:45.564    50    50 I aw9380x_cap 8-0012: [aw9380x_data_update_work_func:1899] force: rawdata = 0 diff = 853796 baseline = 1856, cap: rawdata = 0 diff = 0 baseline = 0
03-23 01:14:45.570   413   413 I aw9380x_cap 8-0012: [aw9380x_rc_irqscr:3728] i2c read reg: 0xf080, val= 16
03-23 01:14:45.570   413   413 I aw9380x_cap 8-0012: [aw9380x_cap_default_irq_handle:4109] gpio_low_count 1
03-23 01:14:45.570   413   413 I aw9380x_cap 8-0012: [aw9380x_irq_handle_func:4065] IRQSEN = 0x000F0FFF
03-23 01:14:45.570   413   413 I aw9380x_cap 8-0012: [aw9380x_irq_handle_func:4067] IRQSRC = 0x00000010
03-23 01:14:45.571   413   413 I aw9380x_cap 8-0012: [aw9380x_noth_button_key_report:3855] touch0_state Cap 0 Force 0 currentBtn 0
03-23 01:14:45.592   413   413 I aw9380x_cap 8-0012: [aw9380x_rc_irqscr:3728] i2c read reg: 0xf080, val= 16
03-23 01:14:45.592   413   413 I aw9380x_cap 8-0012: [aw9380x_cap_default_irq_handle:4109] gpio_low_count 1
03-23 01:14:45.593   413   413 I aw9380x_cap 8-0012: [aw9380x_irq_handle_func:4065] IRQSEN = 0x000F0FFF
03-23 01:14:45.593   413   413 I aw9380x_cap 8-0012: [aw9380x_irq_handle_func:4067] IRQSRC = 0x00000010
03-23 01:14:45.593    50    50 I aw9380x_cap 8-0012: [aw9380x_data_update_work_func:1899] force: rawdata = 0 diff = 853796 baseline = 1856, cap: rawdata = 0 diff = 0 baseline = 0
03-23 01:14:45.594   413   413 I aw9380x_cap 8-0012: [aw9380x_noth_button_key_report:3855] touch0_state Cap 0 Force 0 currentBtn 0
12-19 15:53:38.029   431   431 W ServiceManager: Waited one second for android.system.keystore2.IKeystoreService/default (is service started? are binder threads started and available?)
12-19 15:53:38.030   428   428 I servicemanager: Since 'android.system.keystore2.IKeystoreService/default' could not be found, trying to start it as a lazy AIDL service
12-19 15:53:38.030   428   653 W libc    : Unable to set property "ctl.interface_start" to "aidl/android.system.keystore2.IKeystoreService/default": error code: 0x20
12-19 15:53:38.030   428   653 I servicemanager: Tried to start aidl service android.system.keystore2.IKeystoreService/default as a lazy service, but was unable to. Usually this happens when a service is not installed, but if the service is intended to be used as a lazy service, then it may be configured incorrectly.
03-23 01:14:45.596     1     1 E init    : Control message: Could not find 'aidl/android.system.keystore2.IKeystoreService/default' for ctl.interface_start from pid: 428 (/system/bin/servicemanager)
03-23 01:14:45.620    50    50 I aw9380x_cap 8-0012: [aw9380x_data_update_work_func:1899] force: rawdata = 0 diff = 853796 baseline = 1856, cap: rawdata = 0 diff = 0 baseline = 0
03-23 01:14:45.635   413   413 I aw9380x_cap 8-0012: [aw9380x_rc_irqscr:3728] i2c read reg: 0xf080, val= 16
03-23 01:14:45.635   413   413 I aw9380x_cap 8-0012: [aw9380x_cap_default_irq_handle:4109] gpio_low_count 1
03-23 01:14:45.635   413   413 I aw9380x_cap 8-0012: [aw9380x_irq_handle_func:4065] IRQSEN = 0x000F0FFF
03-23 01:14:45.635   413   413 I aw9380x_cap 8-0012: [aw9380x_irq_handle_func:4067] IRQSRC = 0x00000010
03-23 01:14:45.636   413   413 I aw9380x_cap 8-0012: [aw9380x_noth_button_key_report:3855] touch0_state Cap 0 Force 0 currentBtn 0
03-23 01:14:45.648    50    50 I aw9380x_cap 8-0012: [aw9380x_data_update_work_func:1899] force: rawdata = 0 diff = 853796 baseline = 1856, cap: rawdata = 0 diff = 0 baseline = 0
03-23 01:14:45.657   413   413 I aw9380x_cap 8-0012: [aw9380x_rc_irqscr:3728] i2c read reg: 0xf080, val= 16
03-23 01:14:45.657   413   413 I aw9380x_cap 8-0012: [aw9380x_cap_default_irq_handle:4109] gpio_low_count 1
03-23 01:14:45.657   413   413 I aw9380x_cap 8-0012: [aw9380x_irq_handle_func:4065] IRQSEN = 0x000F0FFF
03-23 01:14:45.657   413   413 I aw9380x_cap 8-0012: [aw9380x_irq_handle_func:4067] IRQSRC = 0x00000010
03-23 01:14:45.658   413   413 I aw9380x_cap 8-0012: [aw9380x_noth_button_key_report:3855] touch0_state Cap 0 Force 0 currentBtn 0
03-23 01:14:45.676    50    50 I aw9380x_cap 8-0012: [aw9380x_data_update_work_func:1899] force: rawdata = 0 diff = 853796 baseline = 1856, cap: rawdata = 0 diff = 0 baseline = 0
03-23 01:14:45.699   413   413 I aw9380x_cap 8-0012: [aw9380x_rc_irqscr:3728] i2c read reg: 0xf080, val= 16
03-23 01:14:45.699   413   413 I aw9380x_cap 8-0012: [aw9380x_cap_default_irq_handle:4109] gpio_low_count 1
03-23 01:14:45.699   413   413 I aw9380x_cap 8-0012: [aw9380x_irq_handle_func:4065] IRQSEN = 0x000F0FFF
03-23 01:14:45.699   413   413 I aw9380x_cap 8-0012: [aw9380x_irq_handle_func:4067] IRQSRC = 0x00000010
03-23 01:14:45.700   413   413 I aw9380x_cap 8-0012: [aw9380x_noth_button_key_report:3855] touch0_state Cap 0 Force 0 currentBtn 0
03-23 01:14:45.704    50    50 I aw9380x_cap 8-0012: [aw9380x_data_update_work_func:1899] force: rawdata = 0 diff = 853796 baseline = 1856, cap: rawdata = 0 diff = 0 baseline = 0
03-23 01:14:45.721   413   413 I aw9380x_cap 8-0012: [aw9380x_rc_irqscr:3728] i2c read reg: 0xf080, val= 16
03-23 01:14:45.721   413   413 I aw9380x_cap 8-0012: [aw9380x_cap_default_irq_handle:4109] gpio_low_count 1
03-23 01:14:45.722   413   413 I aw9380x_cap 8-0012: [aw9380x_irq_handle_func:4065] IRQSEN = 0x000F0FFF
03-23 01:14:45.722   413   413 I aw9380x_cap 8-0012: [aw9380x_irq_handle_func:4067] IRQSRC = 0x00000010
03-23 01:14:45.723   413   413 I aw9380x_cap 8-0012: [aw9380x_noth_button_key_report:3855] touch0_state Cap 0 Force 0 currentBtn 0
03-23 01:14:45.732    50    50 I aw9380x_cap 8-0012: [aw9380x_data_update_work_func:1899] force: rawdata = 0 diff = 853796 baseline = 1856, cap: rawdata = 0 diff = 0 baseline = 0
03-23 01:14:45.760    50    50 I aw9380x_cap 8-0012: [aw9380x_data_update_work_func:1899] force: rawdata = 0 diff = 853796 baseline = 1856, cap: rawdata = 0 diff = 0 baseline = 0
03-23 01:14:45.764   413   413 I aw9380x_cap 8-0012: [aw9380x_rc_irqscr:3728] i2c read reg: 0xf080, val= 16
03-23 01:14:45.764   413   413 I aw9380x_cap 8-0012: [aw9380x_cap_default_irq_handle:4109] gpio_low_count 1
03-23 01:14:45.764   413   413 I aw9380x_cap 8-0012: [aw9380x_irq_handle_func:4065] IRQSEN = 0x000F0FFF
03-23 01:14:45.764   413   413 I aw9380x_cap 8-0012: [aw9380x_irq_handle_func:4067] IRQSRC = 0x00000010
03-23 01:14:45.765   413   413 I aw9380x_cap 8-0012: [aw9380x_noth_button_key_report:3855] touch0_state Cap 0 Force 0 currentBtn 0
03-23 01:14:45.786   413   413 I aw9380x_cap 8-0012: [aw9380x_rc_irqscr:3728] i2c read reg: 0xf080, val= 16
03-23 01:14:45.786   413   413 I aw9380x_cap 8-0012: [aw9380x_cap_default_irq_handle:4109] gpio_low_count 1
03-23 01:14:45.786   413   413 I aw9380x_cap 8-0012: [aw9380x_irq_handle_func:4065] IRQSEN = 0x000F0FFF
03-23 01:14:45.786   413   413 I aw9380x_cap 8-0012: [aw9380x_irq_handle_func:4067] IRQSRC = 0x00000010
03-23 01:14:45.787   413   413 I aw9380x_cap 8-0012: [aw9380x_noth_button_key_report:3855] touch0_state Cap 0 Force 0 currentBtn 0
03-23 01:14:45.789    50    50 I aw9380x_cap 8-0012: [aw9380x_data_update_work_func:1899] force: rawdata = 0 diff = 853796 baseline = 1856, cap: rawdata = 0 diff = 0 baseline = 0
03-23 01:14:45.816    50    50 I aw9380x_cap 8-0012: [aw9380x_data_update_work_func:1899] force: rawdata = 0 diff = 853796 baseline = 1856, cap: rawdata = 0 diff = 0 baseline = 0
03-23 01:14:45.829   413   413 I aw9380x_cap 8-0012: [aw9380x_rc_irqscr:3728] i2c read reg: 0xf080, val= 16
03-23 01:14:45.829   413   413 I aw9380x_cap 8-0012: [aw9380x_cap_default_irq_handle:4109] gpio_low_count 1
03-23 01:14:45.829   413   413 I aw9380x_cap 8-0012: [aw9380x_irq_handle_func:4065] IRQSEN = 0x000F0FFF
03-23 01:14:45.829   413   413 I aw9380x_cap 8-0012: [aw9380x_irq_handle_func:4067] IRQSRC = 0x00000010
03-23 01:14:45.830   413   413 I aw9380x_cap 8-0012: [aw9380x_noth_button_key_report:3855] touch0_state Cap 0 Force 0 currentBtn 0
03-23 01:14:45.844    50    50 I aw9380x_cap 8-0012: [aw9380x_data_update_work_func:1899] force: rawdata = 0 diff = 853796 baseline = 1856, cap: rawdata = 0 diff = 0 baseline = 0
03-23 01:14:45.851   413   413 I aw9380x_cap 8-0012: [aw9380x_rc_irqscr:3728] i2c read reg: 0xf080, val= 16
03-23 01:14:45.851   413   413 I aw9380x_cap 8-0012: [aw9380x_cap_default_irq_handle:4109] gpio_low_count 1
03-23 01:14:45.851   413   413 I aw9380x_cap 8-0012: [aw9380x_irq_handle_func:4065] IRQSEN = 0x000F0FFF
03-23 01:14:45.851   413   413 I aw9380x_cap 8-0012: [aw9380x_irq_handle_func:4067] IRQSRC = 0x00000010
03-23 01:14:45.852   413   413 I aw9380x_cap 8-0012: [aw9380x_noth_button_key_report:3855] touch0_state Cap 0 Force 0 currentBtn 0
03-23 01:14:45.872    50    50 I aw9380x_cap 8-0012: [aw9380x_data_update_work_func:1899] force: rawdata = 0 diff = 853796 baseline = 1856, cap: rawdata = 0 diff = 0 baseline = 0
03-23 01:14:45.893   413   413 I aw9380x_cap 8-0012: [aw9380x_rc_irqscr:3728] i2c read reg: 0xf080, val= 16
03-23 01:14:45.893   413   413 I aw9380x_cap 8-0012: [aw9380x_cap_default_irq_handle:4109] gpio_low_count 1
03-23 01:14:45.893   413   413 I aw9380x_cap 8-0012: [aw9380x_irq_handle_func:4065] IRQSEN = 0x000F0FFF
03-23 01:14:45.893   413   413 I aw9380x_cap 8-0012: [aw9380x_irq_handle_func:4067] IRQSRC = 0x00000010
03-23 01:14:45.894   413   413 I aw9380x_cap 8-0012: [aw9380x_noth_button_key_report:3855] touch0_state Cap 0 Force 0 currentBtn 0
03-23 01:14:45.900    50    50 I aw9380x_cap 8-0012: [aw9380x_data_update_work_func:1899] force: rawdata = 0 diff = 853796 baseline = 1856, cap: rawdata = 0 diff = 0 baseline = 0
03-23 01:14:45.915   413   413 I aw9380x_cap 8-0012: [aw9380x_rc_irqscr:3728] i2c read reg: 0xf080, val= 16
03-23 01:14:45.915   413   413 I aw9380x_cap 8-0012: [aw9380x_cap_default_irq_handle:4109] gpio_low_count 1
03-23 01:14:45.915   413   413 I aw9380x_cap 8-0012: [aw9380x_irq_handle_func:4065] IRQSEN = 0x000F0FFF
03-23 01:14:45.915   413   413 I aw9380x_cap 8-0012: [aw9380x_irq_handle_func:4067] IRQSRC = 0x00000010
03-23 01:14:45.916   413   413 I aw9380x_cap 8-0012: [aw9380x_noth_button_key_report:3855] touch0_state Cap 0 Force 0 currentBtn 0
03-23 01:14:45.928    50    50 I aw9380x_cap 8-0012: [aw9380x_data_update_work_func:1899] force: rawdata = 0 diff = 853796 baseline = 1856, cap: rawdata = 0 diff = 0 baseline = 0
03-23 01:14:45.956    50    50 I aw9380x_cap 8-0012: [aw9380x_data_update_work_func:1899] force: rawdata = 0 diff = 853796 baseline = 1856, cap: rawdata = 0 diff = 0 baseline = 0
03-23 01:14:45.958   413   413 I aw9380x_cap 8-0012: [aw9380x_rc_irqscr:3728] i2c read reg: 0xf080, val= 16
03-23 01:14:45.958   413   413 I aw9380x_cap 8-0012: [aw9380x_cap_default_irq_handle:4109] gpio_low_count 1
03-23 01:14:45.958   413   413 I aw9380x_cap 8-0012: [aw9380x_irq_handle_func:4065] IRQSEN = 0x000F0FFF
03-23 01:14:45.958   413   413 I aw9380x_cap 8-0012: [aw9380x_irq_handle_func:4067] IRQSRC = 0x00000010
03-23 01:14:45.959   413   413 I aw9380x_cap 8-0012: [aw9380x_noth_button_key_report:3855] touch0_state Cap 0 Force 0 currentBtn 0
03-23 01:14:45.980   413   413 I aw9380x_cap 8-0012: [aw9380x_rc_irqscr:3728] i2c read reg: 0xf080, val= 16
03-23 01:14:45.980   413   413 I aw9380x_cap 8-0012: [aw9380x_cap_default_irq_handle:4109] gpio_low_count 1
03-23 01:14:45.980   413   413 I aw9380x_cap 8-0012: [aw9380x_irq_handle_func:4065] IRQSEN = 0x000F0FFF
03-23 01:14:45.980   413   413 I aw9380x_cap 8-0012: [aw9380x_irq_handle_func:4067] IRQSRC = 0x00000010
03-23 01:14:45.981   413   413 I aw9380x_cap 8-0012: [aw9380x_noth_button_key_report:3855] touch0_state Cap 0 Force 0 currentBtn 0
03-23 01:14:45.984    50    50 I aw9380x_cap 8-0012: [aw9380x_data_update_work_func:1899] force: rawdata = 0 diff = 853796 baseline = 1856, cap: rawdata = 0 diff = 0 baseline = 0
03-23 01:14:46.012    50    50 I aw9380x_cap 8-0012: [aw9380x_data_update_work_func:1899] force: rawdata = 0 diff = 853796 baseline = 1856, cap: rawdata = 0 diff = 0 baseline = 0
03-23 01:14:46.022   413   413 I aw9380x_cap 8-0012: [aw9380x_rc_irqscr:3728] i2c read reg: 0xf080, val= 16
03-23 01:14:46.022   413   413 I aw9380x_cap 8-0012: [aw9380x_cap_default_irq_handle:4109] gpio_low_count 1
03-23 01:14:46.022   413   413 I aw9380x_cap 8-0012: [aw9380x_irq_handle_func:4065] IRQSEN = 0x000F0FFF
03-23 01:14:46.022   413   413 I aw9380x_cap 8-0012: [aw9380x_irq_handle_func:4067] IRQSRC = 0x00000010
03-23 01:14:46.023   413   413 I aw9380x_cap 8-0012: [aw9380x_noth_button_key_report:3855] touch0_state Cap 0 Force 0 currentBtn 0
03-23 01:14:46.040    50    50 I aw9380x_cap 8-0012: [aw9380x_data_update_work_func:1899] force: rawdata = 0 diff = 853796 baseline = 1856, cap: rawdata = 0 diff = 0 baseline = 0
03-23 01:14:46.044   413   413 I aw9380x_cap 8-0012: [aw9380x_rc_irqscr:3728] i2c read reg: 0xf080, val= 16
03-23 01:14:46.044   413   413 I aw9380x_cap 8-0012: [aw9380x_cap_default_irq_handle:4109] gpio_low_count 1
03-23 01:14:46.044   413   413 I aw9380x_cap 8-0012: [aw9380x_irq_handle_func:4065] IRQSEN = 0x000F0FFF
03-23 01:14:46.044   413   413 I aw9380x_cap 8-0012: [aw9380x_irq_handle_func:4067] IRQSRC = 0x00000010
03-23 01:14:46.045   413   413 I aw9380x_cap 8-0012: [aw9380x_noth_button_key_report:3855] touch0_state Cap 0 Force 0 currentBtn 0
03-23 01:14:46.068    50    50 I aw9380x_cap 8-0012: [aw9380x_data_update_work_func:1899] force: rawdata = 0 diff = 853796 baseline = 1856, cap: rawdata = 0 diff = 0 baseline = 0
03-23 01:14:46.087   413   413 I aw9380x_cap 8-0012: [aw9380x_rc_irqscr:3728] i2c read reg: 0xf080, val= 16
03-23 01:14:46.087   413   413 I aw9380x_cap 8-0012: [aw9380x_cap_default_irq_handle:4109] gpio_low_count 1
03-23 01:14:46.087   413   413 I aw9380x_cap 8-0012: [aw9380x_irq_handle_func:4065] IRQSEN = 0x000F0FFF
03-23 01:14:46.087   413   413 I aw9380x_cap 8-0012: [aw9380x_irq_handle_func:4067] IRQSRC = 0x00000010
03-23 01:14:46.088   413   413 I aw9380x_cap 8-0012: [aw9380x_noth_button_key_report:3855] touch0_state Cap 0 Force 0 currentBtn 0
03-23 01:14:46.096    50    50 I aw9380x_cap 8-0012: [aw9380x_data_update_work_func:1899] force: rawdata = 0 diff = 853796 baseline = 1856, cap: rawdata = 0 diff = 0 baseline = 0
03-23 01:14:46.109   413   413 I aw9380x_cap 8-0012: [aw9380x_rc_irqscr:3728] i2c read reg: 0xf080, val= 16
03-23 01:14:46.109   413   413 I aw9380x_cap 8-0012: [aw9380x_cap_default_irq_handle:4109] gpio_low_count 1
03-23 01:14:46.109   413   413 I aw9380x_cap 8-0012: [aw9380x_irq_handle_func:4065] IRQSEN = 0x000F0FFF
03-23 01:14:46.109   413   413 I aw9380x_cap 8-0012: [aw9380x_irq_handle_func:4067] IRQSRC = 0x00000010
03-23 01:14:46.110   413   413 I aw9380x_cap 8-0012: [aw9380x_noth_button_key_report:3855] touch0_state Cap 0 Force 0 currentBtn 0
03-23 01:14:46.124    50    50 I aw9380x_cap 8-0012: [aw9380x_data_update_work_func:1899] force: rawdata = 0 diff = 853796 baseline = 1856, cap: rawdata = 0 diff = 0 baseline = 0
03-23 01:14:46.151   413   413 I aw9380x_cap 8-0012: [aw9380x_rc_irqscr:3728] i2c read reg: 0xf080, val= 16
03-23 01:14:46.151   413   413 I aw9380x_cap 8-0012: [aw9380x_cap_default_irq_handle:4109] gpio_low_count 1
03-23 01:14:46.152   413   413 I aw9380x_cap 8-0012: [aw9380x_irq_handle_func:4065] IRQSEN = 0x000F0FFF
03-23 01:14:46.152   413   413 I aw9380x_cap 8-0012: [aw9380x_irq_handle_func:4067] IRQSRC = 0x00000010
03-23 01:14:46.153   413   413 I aw9380x_cap 8-0012: [aw9380x_noth_button_key_report:3855] touch0_state Cap 0 Force 0 currentBtn 0
03-23 01:14:46.154    50    50 I aw9380x_cap 8-0012: [aw9380x_data_update_work_func:1899] force: rawdata = 0 diff = 853796 baseline = 1856, cap: rawdata = 0 diff = 0 baseline = 0
03-23 01:14:46.173   413   413 I aw9380x_cap 8-0012: [aw9380x_rc_irqscr:3728] i2c read reg: 0xf080, val= 16
03-23 01:14:46.173   413   413 I aw9380x_cap 8-0012: [aw9380x_cap_default_irq_handle:4109] gpio_low_count 1
03-23 01:14:46.173   413   413 I aw9380x_cap 8-0012: [aw9380x_irq_handle_func:4065] IRQSEN = 0x000F0FFF
03-23 01:14:46.173   413   413 I aw9380x_cap 8-0012: [aw9380x_irq_handle_func:4067] IRQSRC = 0x00000010
03-23 01:14:46.174   413   413 I aw9380x_cap 8-0012: [aw9380x_noth_button_key_report:3855] touch0_state Cap 0 Force 0 currentBtn 0
03-23 01:14:46.180    50    50 I aw9380x_cap 8-0012: [aw9380x_data_update_work_func:1899] force: rawdata = 0 diff = 853796 baseline = 1856, cap: rawdata = 0 diff = 0 baseline = 0
03-23 01:14:46.208    50    50 I aw9380x_cap 8-0012: [aw9380x_data_update_work_func:1899] force: rawdata = 0 diff = 853796 baseline = 1856, cap: rawdata = 0 diff = 0 baseline = 0
03-23 01:14:46.216   413   413 I aw9380x_cap 8-0012: [aw9380x_rc_irqscr:3728] i2c read reg: 0xf080, val= 16
03-23 01:14:46.216   413   413 I aw9380x_cap 8-0012: [aw9380x_cap_default_irq_handle:4109] gpio_low_count 1
03-23 01:14:46.216   413   413 I aw9380x_cap 8-0012: [aw9380x_irq_handle_func:4065] IRQSEN = 0x000F0FFF
03-23 01:14:46.216   413   413 I aw9380x_cap 8-0012: [aw9380x_irq_handle_func:4067] IRQSRC = 0x00000010
03-23 01:14:46.217   413   413 I aw9380x_cap 8-0012: [aw9380x_noth_button_key_report:3855] touch0_state Cap 0 Force 0 currentBtn 0
03-23 01:14:46.236    50    50 I aw9380x_cap 8-0012: [aw9380x_data_update_work_func:1899] force: rawdata = 0 diff = 853796 baseline = 1856, cap: rawdata = 0 diff = 0 baseline = 0
03-23 01:14:46.238   413   413 I aw9380x_cap 8-0012: [aw9380x_rc_irqscr:3728] i2c read reg: 0xf080, val= 16
03-23 01:14:46.238   413   413 I aw9380x_cap 8-0012: [aw9380x_cap_default_irq_handle:4109] gpio_low_count 1
03-23 01:14:46.238   413   413 I aw9380x_cap 8-0012: [aw9380x_irq_handle_func:4065] IRQSEN = 0x000F0FFF
03-23 01:14:46.238   413   413 I aw9380x_cap 8-0012: [aw9380x_irq_handle_func:4067] IRQSRC = 0x00000010
03-23 01:14:46.239   413   413 I aw9380x_cap 8-0012: [aw9380x_noth_button_key_report:3855] touch0_state Cap 0 Force 0 currentBtn 0
03-23 01:14:46.264    50    50 I aw9380x_cap 8-0012: [aw9380x_data_update_work_func:1899] force: rawdata = 0 diff = 853796 baseline = 1856, cap: rawdata = 0 diff = 0 baseline = 0
03-23 01:14:46.280   413   413 I aw9380x_cap 8-0012: [aw9380x_rc_irqscr:3728] i2c read reg: 0xf080, val= 16
03-23 01:14:46.280   413   413 I aw9380x_cap 8-0012: [aw9380x_cap_default_irq_handle:4109] gpio_low_count 1
03-23 01:14:46.280   413   413 I aw9380x_cap 8-0012: [aw9380x_irq_handle_func:4065] IRQSEN = 0x000F0FFF
03-23 01:14:46.280   413   413 I aw9380x_cap 8-0012: [aw9380x_irq_handle_func:4067] IRQSRC = 0x00000010
03-23 01:14:46.281   413   413 I aw9380x_cap 8-0012: [aw9380x_noth_button_key_report:3855] touch0_state Cap 0 Force 0 currentBtn 0
03-23 01:14:46.292    50    50 I aw9380x_cap 8-0012: [aw9380x_data_update_work_func:1899] force: rawdata = 0 diff = 853796 baseline = 1856, cap: rawdata = 0 diff = 0 baseline = 0
03-23 01:14:46.302   413   413 I aw9380x_cap 8-0012: [aw9380x_rc_irqscr:3728] i2c read reg: 0xf080, val= 16
03-23 01:14:46.302   413   413 I aw9380x_cap 8-0012: [aw9380x_cap_default_irq_handle:4109] gpio_low_count 1
03-23 01:14:46.302   413   413 I aw9380x_cap 8-0012: [aw9380x_irq_handle_func:4065] IRQSEN = 0x000F0FFF
03-23 01:14:46.302   413   413 I aw9380x_cap 8-0012: [aw9380x_irq_handle_func:4067] IRQSRC = 0x00000010
03-23 01:14:46.303   413   413 I aw9380x_cap 8-0012: [aw9380x_noth_button_key_report:3855] touch0_state Cap 0 Force 0 currentBtn 0
03-23 01:14:46.320    50    50 I aw9380x_cap 8-0012: [aw9380x_data_update_work_func:1899] force: rawdata = 0 diff = 853796 baseline = 1856, cap: rawdata = 0 diff = 0 baseline = 0
03-23 01:14:46.345   413   413 I aw9380x_cap 8-0012: [aw9380x_rc_irqscr:3728] i2c read reg: 0xf080, val= 16
03-23 01:14:46.345   413   413 I aw9380x_cap 8-0012: [aw9380x_cap_default_irq_handle:4109] gpio_low_count 1
03-23 01:14:46.345   413   413 I aw9380x_cap 8-0012: [aw9380x_irq_handle_func:4065] IRQSEN = 0x000F0FFF
03-23 01:14:46.345   413   413 I aw9380x_cap 8-0012: [aw9380x_irq_handle_func:4067] IRQSRC = 0x00000010
03-23 01:14:46.346   413   413 I aw9380x_cap 8-0012: [aw9380x_noth_button_key_report:3855] touch0_state Cap 0 Force 0 currentBtn 0
03-23 01:14:46.348    50    50 I aw9380x_cap 8-0012: [aw9380x_data_update_work_func:1899] force: rawdata = 0 diff = 853796 baseline = 1856, cap: rawdata = 0 diff = 0 baseline = 0
03-23 01:14:46.367   413   413 I aw9380x_cap 8-0012: [aw9380x_rc_irqscr:3728] i2c read reg: 0xf080, val= 16
03-23 01:14:46.367   413   413 I aw9380x_cap 8-0012: [aw9380x_cap_default_irq_handle:4109] gpio_low_count 1
03-23 01:14:46.367   413   413 I aw9380x_cap 8-0012: [aw9380x_irq_handle_func:4065] IRQSEN = 0x000F0FFF
03-23 01:14:46.367   413   413 I aw9380x_cap 8-0012: [aw9380x_irq_handle_func:4067] IRQSRC = 0x00000010
03-23 01:14:46.368   413   413 I aw9380x_cap 8-0012: [aw9380x_noth_button_key_report:3855] touch0_state Cap 0 Force 0 currentBtn 0
03-23 01:14:46.376    50    50 I aw9380x_cap 8-0012: [aw9380x_data_update_work_func:1899] force: rawdata = 0 diff = 853796 baseline = 1856, cap: rawdata = 0 diff = 0 baseline = 0
03-23 01:14:46.398     1     1 I init    : starting service 'boot-hal-1-2'...
03-23 01:14:46.399   654   654 I KernelSU: hook_manager: unmark 654 exec /system/bin/android.hardware.boot@1.2-service
03-23 01:14:46.401     1     1 I init    : starting service 'health-hal-2-1'...
03-23 01:14:46.402     1     1 I init    : Opened file '/dev/kmsg', flags 1
03-23 01:14:46.402     1     1 I init    : starting service 'keystore2'...
03-23 01:14:46.402   656   656 E init    : failed to write pid to files: couldn't write 656 to /dev/cpuset/foreground/tasks: No such file or directory
12-19 15:53:38.835   654   654 E cutils-trace: Error opening trace file: No such file or directory (2)
12-19 15:53:38.838   655   655 E cutils-trace: Error opening trace file: No such file or directory (2)
12-19 15:53:38.838   427   427 I hwservicemanager: getDeviceHalManifest: Reading VINTF information.
12-19 15:53:38.839   427   427 E hwservicemanager: getDeviceHalManifest: status from fetching VINTF information: -22
12-19 15:53:38.839   427   427 E hwservicemanager: getDeviceHalManifest: -22 VINTF parse error: Illformed file: /vendor/etc/vintf/manifest/android.hardware.security.keymint-service-qti.xml: Unrecognized manifest.version 8.0 (libvintf@4.0)
12-19 15:53:38.839   427   427 I hwservicemanager: getTransport: Cannot find entry android.hardware.boot@1.0::IBootControl/default in either framework or device VINTF manifest.
03-23 01:14:46.402   656   656 I KernelSU: hook_manager: unmark 656 exec /system/bin/keystore2
03-23 01:14:46.403   655   655 I KernelSU: hook_manager: unmark 655 exec /system/bin/android.hardware.health@2.1-service
03-23 01:14:46.404    50    50 I aw9380x_cap 8-0012: [aw9380x_data_update_work_func:1899] force: rawdata = 0 diff = 853796 baseline = 1856, cap: rawdata = 0 diff = 0 baseline = 0
12-19 15:53:38.839   427   427 I hwservicemanager: getDeviceHalManifest: Reading VINTF information.
12-19 15:53:38.840   427   427 E hwservicemanager: getDeviceHalManifest: status from fetching VINTF information: -22
12-19 15:53:38.840   427   427 E hwservicemanager: getDeviceHalManifest: -22 VINTF parse error: Illformed file: /vendor/etc/vintf/manifest/android.hardware.security.keymint-service-qti.xml: Unrecognized manifest.version 8.0 (libvintf@4.0)
12-19 15:53:38.840   427   427 I hwservicemanager: getTransport: Cannot find entry android.hardware.health@2.0::IHealth/default in either framework or device VINTF manifest.
12-19 15:53:38.840   654   654 E LegacySupport: Could not get passthrough implementation for android.hardware.boot@1.0::IBootControl/default.
12-19 15:53:38.841   655   655 E HidlServiceManagement: Could not find instance 'default' in library android.hardware.health@2.0-impl-default.so. Keeping library open.
12-19 15:53:38.841   655   655 I android.hardware.health@2.1-service: default instance initializing with healthd_config...
12-19 15:53:38.841   427   427 I hwservicemanager: getDeviceHalManifest: Reading VINTF information.
12-19 15:53:38.842   427   427 E hwservicemanager: getDeviceHalManifest: status from fetching VINTF information: -22
12-19 15:53:38.842   427   427 E hwservicemanager: getDeviceHalManifest: -22 VINTF parse error: Illformed file: /vendor/etc/vintf/manifest/android.hardware.security.keymint-service-qti.xml: Unrecognized manifest.version 8.0 (libvintf@4.0)
12-19 15:53:38.842   427   427 I hwservicemanager: getTransport: Cannot find entry android.hardware.health@2.1::IHealth/default in either framework or device VINTF manifest.
12-19 15:53:38.842   655   655 E HidlServiceManagement: Service android.hardware.health@2.1::IHealth/default must be in VINTF manifest in order to register/get.
12-19 15:53:38.842   655   655 F android.hardware.health@2.1-service: Check failed: registerAsService(instance_name()) == android::OK (registerAsService(instance_name())=-2147483648, android::OK=0) default: Failed to register HAL
12-19 15:53:38.842   655   655 F libc    : Fatal signal 6 (SIGABRT), code -1 (SI_QUEUE) in tid 655 (android.hardwar), pid 655 (android.hardwar)
12-19 15:53:38.843   658   658 F libc    : failed to exec crash_dump helper: No such file or directory
12-19 15:53:38.843   655   655 F libc    : crash_dump helper failed to exec, or was killed
12-19 15:53:38.843   655   655 F libc    : failed to wait for crash_dump helper: No child processes
03-23 01:14:46.407     1     1 I init    : Service 'boot-hal-1-2' (pid 654) exited with status 1
03-23 01:14:46.407     1     1 I init    : Sending signal 9 to service 'boot-hal-1-2' (pid 654) process group...
03-23 01:14:46.407     1     1 I libprocessgroup: Successfully killed process cgroup uid 0 pid 654 in 0ms
03-23 01:14:46.408   655   655 W healthd : No battery devices found
03-23 01:14:46.409   413   413 I aw9380x_cap 8-0012: [aw9380x_rc_irqscr:3728] i2c read reg: 0xf080, val= 16
03-23 01:14:46.409   413   413 I aw9380x_cap 8-0012: [aw9380x_cap_default_irq_handle:4109] gpio_low_count 1
03-23 01:14:46.409   413   413 I aw9380x_cap 8-0012: [aw9380x_irq_handle_func:4065] IRQSEN = 0x000F0FFF
03-23 01:14:46.409   413   413 I aw9380x_cap 8-0012: [aw9380x_irq_handle_func:4067] IRQSRC = 0x00000010
03-23 01:14:46.410     1     1 I init    : Service 'health-hal-2-1' (pid 655) received signal 6
03-23 01:14:46.410     1     1 I init    : Sending signal 9 to service 'health-hal-2-1' (pid 655) process group...
03-23 01:14:46.410     1     1 I libprocessgroup: Successfully killed process cgroup uid 0 pid 655 in 0ms
03-23 01:14:46.410   413   413 I aw9380x_cap 8-0012: [aw9380x_noth_button_key_report:3855] touch0_state Cap 0 Force 0 currentBtn 0
03-23 01:14:46.410     1     1 I init    : Untracked pid 658 exited with status 1
12-19 15:53:38.851   656   656 I keystore2: keystore2_main: Keystore2 is starting.
12-19 15:53:38.851   656   656 I keystore2: keystore2_main: Starting thread pool now.
12-19 15:53:38.851   656   659 I keystore2: getDeviceHalManifest: Reading VINTF information.
12-19 15:53:38.853   656   659 E keystore2: getDeviceHalManifest: status from fetching VINTF information: -22
12-19 15:53:38.853   656   659 E keystore2: getDeviceHalManifest: -22 VINTF parse error: Illformed file: /vendor/etc/vintf/manifest/android.hardware.security.keymint-service-qti.xml: Unrecognized manifest.version 8.0 (libvintf@4.0)
12-19 15:53:38.853   656   656 I keystore2: getDeviceHalManifest: Reading VINTF information.
12-19 15:53:38.853   656   659 F libc    : Fatal signal 11 (SIGSEGV), code 1 (SEGV_MAPERR), fault addr 0x0 in tid 659 (keystore2), pid 656 (Binder:656_2)
12-19 15:53:38.853   663   663 F libc    : failed to exec crash_dump helper: No such file or directory
12-19 15:53:38.854   656   659 F libc    : crash_dump helper failed to exec, or was killed
12-19 15:53:38.854   656   659 F libc    : failed to wait for crash_dump helper: No child processes
03-23 01:14:46.421     1     1 I init    : Service 'keystore2' (pid 656) received signal 11
03-23 01:14:46.421     1     1 I init    : Sending signal 9 to service 'keystore2' (pid 656) process group...
03-23 01:14:46.421     1     1 I libprocessgroup: Successfully killed process cgroup uid 0 pid 656 in 0ms
03-23 01:14:46.421     1     1 I init    : Untracked pid 663 exited with status 1
03-23 01:14:46.431   413   413 I aw9380x_cap 8-0012: [aw9380x_rc_irqscr:3728] i2c read reg: 0xf080, val= 16
03-23 01:14:46.431   413   413 I aw9380x_cap 8-0012: [aw9380x_cap_default_irq_handle:4109] gpio_low_count 1
03-23 01:14:46.432   413   413 I aw9380x_cap 8-0012: [aw9380x_irq_handle_func:4065] IRQSEN = 0x000F0FFF
03-23 01:14:46.432   413   413 I aw9380x_cap 8-0012: [aw9380x_irq_handle_func:4067] IRQSRC = 0x00000010
03-23 01:14:46.433   413   413 I aw9380x_cap 8-0012: [aw9380x_noth_button_key_report:3855] touch0_state Cap 0 Force 0 currentBtn 0
03-23 01:14:46.434    50    50 I aw9380x_cap 8-0012: [aw9380x_data_update_work_func:1899] force: rawdata = 0 diff = 853796 baseline = 1856, cap: rawdata = 0 diff = 0 baseline = 0
03-23 01:14:46.460    50    50 I aw9380x_cap 8-0012: [aw9380x_data_update_work_func:1899] force: rawdata = 0 diff = 853796 baseline = 1856, cap: rawdata = 0 diff = 0 baseline = 0
03-23 01:14:46.474   413   413 I aw9380x_cap 8-0012: [aw9380x_rc_irqscr:3728] i2c read reg: 0xf080, val= 16
03-23 01:14:46.474   413   413 I aw9380x_cap 8-0012: [aw9380x_cap_default_irq_handle:4109] gpio_low_count 1
03-23 01:14:46.474   413   413 I aw9380x_cap 8-0012: [aw9380x_irq_handle_func:4065] IRQSEN = 0x000F0FFF
03-23 01:14:46.474   413   413 I aw9380x_cap 8-0012: [aw9380x_irq_handle_func:4067] IRQSRC = 0x00000010
03-23 01:14:46.475   413   413 I aw9380x_cap 8-0012: [aw9380x_noth_button_key_report:3855] touch0_state Cap 0 Force 0 currentBtn 0
03-23 01:14:46.488    50    50 I aw9380x_cap 8-0012: [aw9380x_data_update_work_func:1899] force: rawdata = 0 diff = 853796 baseline = 1856, cap: rawdata = 0 diff = 0 baseline = 0
03-23 01:14:46.496   413   413 I aw9380x_cap 8-0012: [aw9380x_rc_irqscr:3728] i2c read reg: 0xf080, val= 16
03-23 01:14:46.496   413   413 I aw9380x_cap 8-0012: [aw9380x_cap_default_irq_handle:4109] gpio_low_count 1
03-23 01:14:46.496   413   413 I aw9380x_cap 8-0012: [aw9380x_irq_handle_func:4065] IRQSEN = 0x000F0FFF
03-23 01:14:46.496   413   413 I aw9380x_cap 8-0012: [aw9380x_irq_handle_func:4067] IRQSRC = 0x00000010
03-23 01:14:46.497   413   413 I aw9380x_cap 8-0012: [aw9380x_noth_button_key_report:3855] touch0_state Cap 0 Force 0 currentBtn 0
03-23 01:14:46.516    50    50 I aw9380x_cap 8-0012: [aw9380x_data_update_work_func:1899] force: rawdata = 0 diff = 853796 baseline = 1856, cap: rawdata = 0 diff = 0 baseline = 0
03-23 01:14:46.538   413   413 I aw9380x_cap 8-0012: [aw9380x_rc_irqscr:3728] i2c read reg: 0xf080, val= 16
03-23 01:14:46.538   413   413 I aw9380x_cap 8-0012: [aw9380x_cap_default_irq_handle:4109] gpio_low_count 1
03-23 01:14:46.539   413   413 I aw9380x_cap 8-0012: [aw9380x_irq_handle_func:4065] IRQSEN = 0x000F0FFF
03-23 01:14:46.539   413   413 I aw9380x_cap 8-0012: [aw9380x_irq_handle_func:4067] IRQSRC = 0x00000010
03-23 01:14:46.539   413   413 I aw9380x_cap 8-0012: [aw9380x_noth_button_key_report:3855] touch0_state Cap 0 Force 0 currentBtn 0
03-23 01:14:46.544    50    50 I aw9380x_cap 8-0012: [aw9380x_data_update_work_func:1899] force: rawdata = 0 diff = 853796 baseline = 1856, cap: rawdata = 0 diff = 0 baseline = 0
03-23 01:14:46.560   413   413 I aw9380x_cap 8-0012: [aw9380x_rc_irqscr:3728] i2c read reg: 0xf080, val= 16
03-23 01:14:46.560   413   413 I aw9380x_cap 8-0012: [aw9380x_cap_default_irq_handle:4109] gpio_low_count 1
03-23 01:14:46.561   413   413 I aw9380x_cap 8-0012: [aw9380x_irq_handle_func:4065] IRQSEN = 0x000F0FFF
03-23 01:14:46.561   413   413 I aw9380x_cap 8-0012: [aw9380x_irq_handle_func:4067] IRQSRC = 0x00000010
03-23 01:14:46.561   413   413 I aw9380x_cap 8-0012: [aw9380x_noth_button_key_report:3855] touch0_state Cap 0 Force 0 currentBtn 0
03-23 01:14:46.572    50    50 I aw9380x_cap 8-0012: [aw9380x_data_update_work_func:1899] force: rawdata = 0 diff = 853796 baseline = 1856, cap: rawdata = 0 diff = 0 baseline = 0
12-19 15:53:39.030   431   431 W ServiceManager: Waited one second for android.system.keystore2.IKeystoreService/default (is service started? are binder threads started and available?)
12-19 15:53:39.030   428   428 I servicemanager: Since 'android.system.keystore2.IKeystoreService/default' could not be found, trying to start it as a lazy AIDL service
12-19 15:53:39.030   428   665 W libc    : Unable to set property "ctl.interface_start" to "aidl/android.system.keystore2.IKeystoreService/default": error code: 0x20
12-19 15:53:39.030   428   665 I servicemanager: Tried to start aidl service android.system.keystore2.IKeystoreService/default as a lazy service, but was unable to. Usually this happens when a service is not installed, but if the service is intended to be used as a lazy service, then it may be configured incorrectly.
03-23 01:14:46.597     1     1 E init    : Control message: Could not find 'aidl/android.system.keystore2.IKeystoreService/default' for ctl.interface_start from pid: 428 (/system/bin/servicemanager)
03-23 01:14:46.600    50    50 I aw9380x_cap 8-0012: [aw9380x_data_update_work_func:1899] force: rawdata = 0 diff = 853796 baseline = 1856, cap: rawdata = 0 diff = 0 baseline = 0
03-23 01:14:46.603   413   413 I aw9380x_cap 8-0012: [aw9380x_rc_irqscr:3728] i2c read reg: 0xf080, val= 16
03-23 01:14:46.603   413   413 I aw9380x_cap 8-0012: [aw9380x_cap_default_irq_handle:4109] gpio_low_count 1
03-23 01:14:46.603   413   413 I aw9380x_cap 8-0012: [aw9380x_irq_handle_func:4065] IRQSEN = 0x000F0FFF
03-23 01:14:46.603   413   413 I aw9380x_cap 8-0012: [aw9380x_irq_handle_func:4067] IRQSRC = 0x00000010
03-23 01:14:46.604   413   413 I aw9380x_cap 8-0012: [aw9380x_noth_button_key_report:3855] touch0_state Cap 0 Force 0 currentBtn 0
03-23 01:14:46.625   413   413 I aw9380x_cap 8-0012: [aw9380x_rc_irqscr:3728] i2c read reg: 0xf080, val= 16
03-23 01:14:46.625   413   413 I aw9380x_cap 8-0012: [aw9380x_cap_default_irq_handle:4109] gpio_low_count 1
03-23 01:14:46.625   413   413 I aw9380x_cap 8-0012: [aw9380x_irq_handle_func:4065] IRQSEN = 0x000F0FFF
03-23 01:14:46.625   413   413 I aw9380x_cap 8-0012: [aw9380x_irq_handle_func:4067] IRQSRC = 0x00000010
03-23 01:14:46.626   413   413 I aw9380x_cap 8-0012: [aw9380x_noth_button_key_report:3855] touch0_state Cap 0 Force 0 currentBtn 0
03-23 01:14:46.628    50    50 I aw9380x_cap 8-0012: [aw9380x_data_update_work_func:1899] force: rawdata = 0 diff = 853796 baseline = 1856, cap: rawdata = 0 diff = 0 baseline = 0
03-23 01:14:46.656    50    50 I aw9380x_cap 8-0012: [aw9380x_data_update_work_func:1899] force: rawdata = 0 diff = 853796 baseline = 1856, cap: rawdata = 0 diff = 0 baseline = 0
03-23 01:14:46.667   413   413 I aw9380x_cap 8-0012: [aw9380x_rc_irqscr:3728] i2c read reg: 0xf080, val= 16
03-23 01:14:46.667   413   413 I aw9380x_cap 8-0012: [aw9380x_cap_default_irq_handle:4109] gpio_low_count 1
03-23 01:14:46.668   413   413 I aw9380x_cap 8-0012: [aw9380x_irq_handle_func:4065] IRQSEN = 0x000F0FFF
03-23 01:14:46.668   413   413 I aw9380x_cap 8-0012: [aw9380x_irq_handle_func:4067] IRQSRC = 0x00000010
03-23 01:14:46.668   413   413 I aw9380x_cap 8-0012: [aw9380x_noth_button_key_report:3855] touch0_state Cap 0 Force 0 currentBtn 0
03-23 01:14:46.684    50    50 I aw9380x_cap 8-0012: [aw9380x_data_update_work_func:1899] force: rawdata = 0 diff = 853796 baseline = 1856, cap: rawdata = 0 diff = 0 baseline = 0
03-23 01:14:46.689   413   413 I aw9380x_cap 8-0012: [aw9380x_rc_irqscr:3728] i2c read reg: 0xf080, val= 16
03-23 01:14:46.689   413   413 I aw9380x_cap 8-0012: [aw9380x_cap_default_irq_handle:4109] gpio_low_count 1
03-23 01:14:46.690   413   413 I aw9380x_cap 8-0012: [aw9380x_irq_handle_func:4065] IRQSEN = 0x000F0FFF
03-23 01:14:46.690   413   413 I aw9380x_cap 8-0012: [aw9380x_irq_handle_func:4067] IRQSRC = 0x00000010
03-23 01:14:46.690   413   413 I aw9380x_cap 8-0012: [aw9380x_noth_button_key_report:3855] touch0_state Cap 0 Force 0 currentBtn 0
03-23 01:14:46.712    50    50 I aw9380x_cap 8-0012: [aw9380x_data_update_work_func:1899] force: rawdata = 0 diff = 853796 baseline = 1856, cap: rawdata = 0 diff = 0 baseline = 0
03-23 01:14:46.732   413   413 I aw9380x_cap 8-0012: [aw9380x_rc_irqscr:3728] i2c read reg: 0xf080, val= 16
03-23 01:14:46.732   413   413 I aw9380x_cap 8-0012: [aw9380x_cap_default_irq_handle:4109] gpio_low_count 1
03-23 01:14:46.732   413   413 I aw9380x_cap 8-0012: [aw9380x_irq_handle_func:4065] IRQSEN = 0x000F0FFF
03-23 01:14:46.732   413   413 I aw9380x_cap 8-0012: [aw9380x_irq_handle_func:4067] IRQSRC = 0x00000010
03-23 01:14:46.733   413   413 I aw9380x_cap 8-0012: [aw9380x_noth_button_key_report:3855] touch0_state Cap 0 Force 0 currentBtn 0
03-23 01:14:46.740    50    50 I aw9380x_cap 8-0012: [aw9380x_data_update_work_func:1899] force: rawdata = 0 diff = 853796 baseline = 1856, cap: rawdata = 0 diff = 0 baseline = 0
03-23 01:14:46.754   413   413 I aw9380x_cap 8-0012: [aw9380x_rc_irqscr:3728] i2c read reg: 0xf080, val= 16
03-23 01:14:46.754   413   413 I aw9380x_cap 8-0012: [aw9380x_cap_default_irq_handle:4109] gpio_low_count 1
03-23 01:14:46.754   413   413 I aw9380x_cap 8-0012: [aw9380x_irq_handle_func:4065] IRQSEN = 0x000F0FFF
03-23 01:14:46.754   413   413 I aw9380x_cap 8-0012: [aw9380x_irq_handle_func:4067] IRQSRC = 0x00000010
03-23 01:14:46.755   413   413 I aw9380x_cap 8-0012: [aw9380x_noth_button_key_report:3855] touch0_state Cap 0 Force 0 currentBtn 0
03-23 01:14:46.768    50    50 I aw9380x_cap 8-0012: [aw9380x_data_update_work_func:1899] force: rawdata = 0 diff = 853796 baseline = 1856, cap: rawdata = 0 diff = 0 baseline = 0
03-23 01:14:46.796    50    50 I aw9380x_cap 8-0012: [aw9380x_data_update_work_func:1899] force: rawdata = 0 diff = 853796 baseline = 1856, cap: rawdata = 0 diff = 0 baseline = 0
03-23 01:14:46.797   413   413 I aw9380x_cap 8-0012: [aw9380x_rc_irqscr:3728] i2c read reg: 0xf080, val= 16
03-23 01:14:46.797   413   413 I aw9380x_cap 8-0012: [aw9380x_cap_default_irq_handle:4109] gpio_low_count 1
03-23 01:14:46.797   413   413 I aw9380x_cap 8-0012: [aw9380x_irq_handle_func:4065] IRQSEN = 0x000F0FFF
03-23 01:14:46.797   413   413 I aw9380x_cap 8-0012: [aw9380x_irq_handle_func:4067] IRQSRC = 0x00000010
03-23 01:14:46.798   413   413 I aw9380x_cap 8-0012: [aw9380x_noth_button_key_report:3855] touch0_state Cap 0 Force 0 currentBtn 0
03-23 01:14:46.819   413   413 I aw9380x_cap 8-0012: [aw9380x_rc_irqscr:3728] i2c read reg: 0xf080, val= 16
03-23 01:14:46.819   413   413 I aw9380x_cap 8-0012: [aw9380x_cap_default_irq_handle:4109] gpio_low_count 1
03-23 01:14:46.819   413   413 I aw9380x_cap 8-0012: [aw9380x_irq_handle_func:4065] IRQSEN = 0x000F0FFF
03-23 01:14:46.819   413   413 I aw9380x_cap 8-0012: [aw9380x_irq_handle_func:4067] IRQSRC = 0x00000010
03-23 01:14:46.820   413   413 I aw9380x_cap 8-0012: [aw9380x_noth_button_key_report:3855] touch0_state Cap 0 Force 0 currentBtn 0
03-23 01:14:46.824    50    50 I aw9380x_cap 8-0012: [aw9380x_data_update_work_func:1899] force: rawdata = 0 diff = 853796 baseline = 1856, cap: rawdata = 0 diff = 0 baseline = 0
03-23 01:14:46.852    50    50 I aw9380x_cap 8-0012: [aw9380x_data_update_work_func:1899] force: rawdata = 0 diff = 853796 baseline = 1856, cap: rawdata = 0 diff = 0 baseline = 0
03-23 01:14:46.861   413   413 I aw9380x_cap 8-0012: [aw9380x_rc_irqscr:3728] i2c read reg: 0xf080, val= 16
03-23 01:14:46.861   413   413 I aw9380x_cap 8-0012: [aw9380x_cap_default_irq_handle:4109] gpio_low_count 1
03-23 01:14:46.862   413   413 I aw9380x_cap 8-0012: [aw9380x_irq_handle_func:4065] IRQSEN = 0x000F0FFF
03-23 01:14:46.862   413   413 I aw9380x_cap 8-0012: [aw9380x_irq_handle_func:4067] IRQSRC = 0x00000010
03-23 01:14:46.862   413   413 I aw9380x_cap 8-0012: [aw9380x_noth_button_key_report:3855] touch0_state Cap 0 Force 0 currentBtn 0
03-23 01:14:46.880    50    50 I aw9380x_cap 8-0012: [aw9380x_data_update_work_func:1899] force: rawdata = 0 diff = 853796 baseline = 1856, cap: rawdata = 0 diff = 0 baseline = 0
03-23 01:14:46.883   413   413 I aw9380x_cap 8-0012: [aw9380x_rc_irqscr:3728] i2c read reg: 0xf080, val= 16
03-23 01:14:46.883   413   413 I aw9380x_cap 8-0012: [aw9380x_cap_default_irq_handle:4109] gpio_low_count 1
03-23 01:14:46.884   413   413 I aw9380x_cap 8-0012: [aw9380x_irq_handle_func:4065] IRQSEN = 0x000F0FFF
03-23 01:14:46.884   413   413 I aw9380x_cap 8-0012: [aw9380x_irq_handle_func:4067] IRQSRC = 0x00000010
03-23 01:14:46.884   413   413 I aw9380x_cap 8-0012: [aw9380x_noth_button_key_report:3855] touch0_state Cap 0 Force 0 currentBtn 0
03-23 01:14:46.908    50    50 I aw9380x_cap 8-0012: [aw9380x_data_update_work_func:1899] force: rawdata = 0 diff = 853796 baseline = 1856, cap: rawdata = 0 diff = 0 baseline = 0
03-23 01:14:46.926   413   413 I aw9380x_cap 8-0012: [aw9380x_rc_irqscr:3728] i2c read reg: 0xf080, val= 16
03-23 01:14:46.926   413   413 I aw9380x_cap 8-0012: [aw9380x_cap_default_irq_handle:4109] gpio_low_count 1
03-23 01:14:46.926   413   413 I aw9380x_cap 8-0012: [aw9380x_irq_handle_func:4065] IRQSEN = 0x000F0FFF
03-23 01:14:46.926   413   413 I aw9380x_cap 8-0012: [aw9380x_irq_handle_func:4067] IRQSRC = 0x00000010
03-23 01:14:46.927   413   413 I aw9380x_cap 8-0012: [aw9380x_noth_button_key_report:3855] touch0_state Cap 0 Force 0 currentBtn 0
03-23 01:14:46.936    50    50 I aw9380x_cap 8-0012: [aw9380x_data_update_work_func:1899] force: rawdata = 0 diff = 853796 baseline = 1856, cap: rawdata = 0 diff = 0 baseline = 0
03-23 01:14:46.948   413   413 I aw9380x_cap 8-0012: [aw9380x_rc_irqscr:3728] i2c read reg: 0xf080, val= 16
03-23 01:14:46.948   413   413 I aw9380x_cap 8-0012: [aw9380x_cap_default_irq_handle:4109] gpio_low_count 1
03-23 01:14:46.948   413   413 I aw9380x_cap 8-0012: [aw9380x_irq_handle_func:4065] IRQSEN = 0x000F0FFF
03-23 01:14:46.948   413   413 I aw9380x_cap 8-0012: [aw9380x_irq_handle_func:4067] IRQSRC = 0x00000010
03-23 01:14:46.949   413   413 I aw9380x_cap 8-0012: [aw9380x_noth_button_key_report:3855] touch0_state Cap 0 Force 0 currentBtn 0
03-23 01:14:46.964    50    50 I aw9380x_cap 8-0012: [aw9380x_data_update_work_func:1899] force: rawdata = 0 diff = 853796 baseline = 1856, cap: rawdata = 0 diff = 0 baseline = 0
03-23 01:14:46.990   413   413 I aw9380x_cap 8-0012: [aw9380x_rc_irqscr:3728] i2c read reg: 0xf080, val= 16
03-23 01:14:46.990   413   413 I aw9380x_cap 8-0012: [aw9380x_cap_default_irq_handle:4109] gpio_low_count 1
03-23 01:14:46.991   413   413 I aw9380x_cap 8-0012: [aw9380x_irq_handle_func:4065] IRQSEN = 0x000F0FFF
03-23 01:14:46.991   413   413 I aw9380x_cap 8-0012: [aw9380x_irq_handle_func:4067] IRQSRC = 0x00000010
03-23 01:14:46.992   413   413 I aw9380x_cap 8-0012: [aw9380x_noth_button_key_report:3855] touch0_state Cap 0 Force 0 currentBtn 0
03-23 01:14:46.994    50    50 I aw9380x_cap 8-0012: [aw9380x_data_update_work_func:1899] force: rawdata = 0 diff = 853796 baseline = 1856, cap: rawdata = 0 diff = 0 baseline = 0
03-23 01:14:47.012   413   413 I aw9380x_cap 8-0012: [aw9380x_rc_irqscr:3728] i2c read reg: 0xf080, val= 16
03-23 01:14:47.012   413   413 I aw9380x_cap 8-0012: [aw9380x_cap_default_irq_handle:4109] gpio_low_count 1
03-23 01:14:47.013   413   413 I aw9380x_cap 8-0012: [aw9380x_irq_handle_func:4065] IRQSEN = 0x000F0FFF
03-23 01:14:47.013   413   413 I aw9380x_cap 8-0012: [aw9380x_irq_handle_func:4067] IRQSRC = 0x00000010
03-23 01:14:47.013   413   413 I aw9380x_cap 8-0012: [aw9380x_noth_button_key_report:3855] touch0_state Cap 0 Force 0 currentBtn 0
03-23 01:14:47.020    50    50 I aw9380x_cap 8-0012: [aw9380x_data_update_work_func:1899] force: rawdata = 0 diff = 853796 baseline = 1856, cap: rawdata = 0 diff = 0 baseline = 0
03-23 01:14:47.048    50    50 I aw9380x_cap 8-0012: [aw9380x_data_update_work_func:1899] force: rawdata = 0 diff = 853796 baseline = 1856, cap: rawdata = 0 diff = 0 baseline = 0
03-23 01:14:47.055   413   413 I aw9380x_cap 8-0012: [aw9380x_rc_irqscr:3728] i2c read reg: 0xf080, val= 16
03-23 01:14:47.055   413   413 I aw9380x_cap 8-0012: [aw9380x_cap_default_irq_handle:4109] gpio_low_count 1
03-23 01:14:47.055   413   413 I aw9380x_cap 8-0012: [aw9380x_irq_handle_func:4065] IRQSEN = 0x000F0FFF
03-23 01:14:47.055   413   413 I aw9380x_cap 8-0012: [aw9380x_irq_handle_func:4067] IRQSRC = 0x00000010
03-23 01:14:47.056   413   413 I aw9380x_cap 8-0012: [aw9380x_noth_button_key_report:3855] touch0_state Cap 0 Force 0 currentBtn 0
03-23 01:14:47.076    50    50 I aw9380x_cap 8-0012: [aw9380x_data_update_work_func:1899] force: rawdata = 0 diff = 853796 baseline = 1856, cap: rawdata = 0 diff = 0 baseline = 0
03-23 01:14:47.077   413   413 I aw9380x_cap 8-0012: [aw9380x_rc_irqscr:3728] i2c read reg: 0xf080, val= 16
03-23 01:14:47.077   413   413 I aw9380x_cap 8-0012: [aw9380x_cap_default_irq_handle:4109] gpio_low_count 1
03-23 01:14:47.077   413   413 I aw9380x_cap 8-0012: [aw9380x_irq_handle_func:4065] IRQSEN = 0x000F0FFF
03-23 01:14:47.077   413   413 I aw9380x_cap 8-0012: [aw9380x_irq_handle_func:4067] IRQSRC = 0x00000010
03-23 01:14:47.078   413   413 I aw9380x_cap 8-0012: [aw9380x_noth_button_key_report:3855] touch0_state Cap 0 Force 0 currentBtn 0
03-23 01:14:47.104    50    50 I aw9380x_cap 8-0012: [aw9380x_data_update_work_func:1899] force: rawdata = 0 diff = 853796 baseline = 1856, cap: rawdata = 0 diff = 0 baseline = 0
03-23 01:14:47.119   413   413 I aw9380x_cap 8-0012: [aw9380x_rc_irqscr:3728] i2c read reg: 0xf080, val= 16
03-23 01:14:47.119   413   413 I aw9380x_cap 8-0012: [aw9380x_cap_default_irq_handle:4109] gpio_low_count 1
03-23 01:14:47.120   413   413 I aw9380x_cap 8-0012: [aw9380x_irq_handle_func:4065] IRQSEN = 0x000F0FFF
03-23 01:14:47.120   413   413 I aw9380x_cap 8-0012: [aw9380x_irq_handle_func:4067] IRQSRC = 0x00000010
03-23 01:14:47.120   413   413 I aw9380x_cap 8-0012: [aw9380x_noth_button_key_report:3855] touch0_state Cap 0 Force 0 currentBtn 0
03-23 01:14:47.132    50    50 I aw9380x_cap 8-0012: [aw9380x_data_update_work_func:1899] force: rawdata = 0 diff = 853796 baseline = 1856, cap: rawdata = 0 diff = 0 baseline = 0
03-23 01:14:47.141   413   413 I aw9380x_cap 8-0012: [aw9380x_rc_irqscr:3728] i2c read reg: 0xf080, val= 16
03-23 01:14:47.141   413   413 I aw9380x_cap 8-0012: [aw9380x_cap_default_irq_handle:4109] gpio_low_count 1
03-23 01:14:47.142   413   413 I aw9380x_cap 8-0012: [aw9380x_irq_handle_func:4065] IRQSEN = 0x000F0FFF
03-23 01:14:47.142   413   413 I aw9380x_cap 8-0012: [aw9380x_irq_handle_func:4067] IRQSRC = 0x00000010
03-23 01:14:47.142   413   413 I aw9380x_cap 8-0012: [aw9380x_noth_button_key_report:3855] touch0_state Cap 0 Force 0 currentBtn 0
03-23 01:14:47.160    50    50 I aw9380x_cap 8-0012: [aw9380x_data_update_work_func:1899] force: rawdata = 0 diff = 853796 baseline = 1856, cap: rawdata = 0 diff = 0 baseline = 0
03-23 01:14:47.184   413   413 I aw9380x_cap 8-0012: [aw9380x_rc_irqscr:3728] i2c read reg: 0xf080, val= 16
03-23 01:14:47.184   413   413 I aw9380x_cap 8-0012: [aw9380x_cap_default_irq_handle:4109] gpio_low_count 1
03-23 01:14:47.184   413   413 I aw9380x_cap 8-0012: [aw9380x_irq_handle_func:4065] IRQSEN = 0x000F0FFF
03-23 01:14:47.184   413   413 I aw9380x_cap 8-0012: [aw9380x_irq_handle_func:4067] IRQSRC = 0x00000010
03-23 01:14:47.185   413   413 I aw9380x_cap 8-0012: [aw9380x_noth_button_key_report:3855] touch0_state Cap 0 Force 0 currentBtn 0
03-23 01:14:47.188    50    50 I aw9380x_cap 8-0012: [aw9380x_data_update_work_func:1899] force: rawdata = 0 diff = 853796 baseline = 1856, cap: rawdata = 0 diff = 0 baseline = 0
03-23 01:14:47.206   413   413 I aw9380x_cap 8-0012: [aw9380x_rc_irqscr:3728] i2c read reg: 0xf080, val= 16
03-23 01:14:47.206   413   413 I aw9380x_cap 8-0012: [aw9380x_cap_default_irq_handle:4109] gpio_low_count 1
03-23 01:14:47.206   413   413 I aw9380x_cap 8-0012: [aw9380x_irq_handle_func:4065] IRQSEN = 0x000F0FFF
03-23 01:14:47.206   413   413 I aw9380x_cap 8-0012: [aw9380x_irq_handle_func:4067] IRQSRC = 0x00000010
03-23 01:14:47.207   413   413 I aw9380x_cap 8-0012: [aw9380x_noth_button_key_report:3855] touch0_state Cap 0 Force 0 currentBtn 0
