03-23 01:43:44.501   230   230 I /soc/rsc@17a00000/drv@2/rpmh-regulator-ldod3: Fixed dependency cycle(s) with /soc/rsc@17a00000/drv@2/rpmh-regulator-ldod3/vreg-pm_v6d-l3
03-23 01:43:44.501   230   230 I /soc/rsc@17a00000/drv@2/rpmh-regulator-cxlvl: Fixed dependency cycle(s) with /soc/rsc@17a00000/drv@2/rpmh-regulator-cxlvl/vreg-pm_v8f-s1-level
03-23 01:43:44.502   230   230 I /soc/rsc@17a00000/drv@2/rpmh-regulator-mxlvl: Fixed dependency cycle(s) with /soc/rsc@17a00000/drv@2/rpmh-regulator-mxlvl/vreg-pm_v8f-s8-level
03-23 01:43:44.502   230   230 I /soc/rsc@17a00000/drv@2/rpmh-regulator-ldof3: Fixed dependency cycle(s) with /soc/rsc@17a00000/drv@2/rpmh-regulator-ldof3/vreg-pm_v8f-l3
03-23 01:43:44.503    86    86 I noth-hwid soc: hardware_id: hwid_read_id(): id_1 adv val 202mv
03-23 01:43:44.503    86    86 I noth-hwid soc: hardware_id: hwid_probe() OK
03-23 01:43:44.503    86    86 I rtc-pm8xxx c42d000.qcom,spmi: qcom,pmk8550@0:rtc@6100: registered as rtc0
03-23 01:43:44.503    86    86 I rtc-pm8xxx c42d000.qcom,spmi: qcom,pmk8550@0:rtc@6100: setting system clock to 1970-03-23T01:43:44 UTC (7004624)
03-23 01:43:44.503    86    86 I tmecom-qmp-client soc: qcom,tmecom-qmp-client: tmecom probe success
03-23 01:43:44.503    86    86 E spmi_pmic_arb_debug 10b14000.qcom,spmi-debug: SPMI PMIC arbiter debug bus disabled by fuse
03-23 01:43:44.503   231   231 I init    : Loaded kernel module /lib/modules/clk-qcom.ko
03-23 01:43:44.504    86    86 I input   : gpio-keys as /devices/platform/soc/soc:gpio_key/input/input2
03-23 01:43:44.504   230   230 I init    : Loaded kernel module /lib/modules/qcom_rpmh.ko
03-23 01:43:44.505   245   245 I init    : Loading module /lib/modules/camcc-tuna.ko with args ''
03-23 01:43:44.505   246   246 I init    : Loading module /lib/modules/sdhci-msm.ko with args ''
03-23 01:43:44.505   247   247 I init    : Loading module /lib/modules/gpucc-tuna.ko with args ''
03-23 01:43:44.505   248   248 I init    : Loading module /lib/modules/videocc-sun.ko with args ''
03-23 01:43:44.505   249   249 I init    : Loading module /lib/modules/cambistmclkcc-tuna.ko with args ''
03-23 01:43:44.506   250   250 I init    : Loading module /lib/modules/ufs-qcom.ko with args ''
03-23 01:43:44.506   251   251 I init    : Loading module /lib/modules/gpucc-kera.ko with args ''
03-23 01:43:44.506   252   252 I init    : Loading module /lib/modules/camcc-kera.ko with args ''
03-23 01:43:44.507   245   245 I init    : Loaded kernel module /lib/modules/camcc-tuna.ko
03-23 01:43:44.507   245   245 I init    : Loading module /lib/modules/gcc-kera.ko with args ''
03-23 01:43:44.507   246   246 I init    : Loaded kernel module /lib/modules/sdhci-msm.ko
03-23 01:43:44.507   246   246 I init    : Loading module /lib/modules/gcc-tuna.ko with args ''
03-23 01:43:44.508   248   248 I init    : Loaded kernel module /lib/modules/videocc-sun.ko
03-23 01:43:44.508    86    86 I         : PMIC PON log: Reset Trigger: PS_HOLD
03-23 01:43:44.508    86    86 I         : PMIC PON log: Reset Type: HARD_RESET
03-23 01:43:44.508   248   248 I init    : Loading module /lib/modules/clk-rpmh.ko with args ''
03-23 01:43:44.508    86    86 I         : PMIC PON log: PON Trigger: USB_CHARGER
03-23 01:43:44.508    86    86 I         : PMIC PON log: PON Trigger: HARD_RESET
03-23 01:43:44.508   252   252 I init    : Loaded kernel module /lib/modules/camcc-kera.ko
03-23 01:43:44.508    86    86 I         : PMIC PON log: Reset Trigger: PS_HOLD
03-23 01:43:44.508    86    86 I         : PMIC PON log: Reset Type: HARD_RESET
03-23 01:43:44.508   252   252 I init    : Loading module /lib/modules/dmesg_dumper.ko with args ''
03-23 01:43:44.508    86    86 I         : PMIC PON log: PON Trigger: HARD_RESET
03-23 01:43:44.508    86    86 I         : PMIC PON log: PON Trigger: USB_CHARGER
03-23 01:43:44.508   251   251 I init    : Loaded kernel module /lib/modules/gpucc-kera.ko
03-23 01:43:44.508    86    86 I         : PMIC PON log: Reset Trigger: PS_HOLD
03-23 01:43:44.508    86    86 I         : PMIC PON log: Reset Type: HARD_RESET
03-23 01:43:44.508   251   251 I init    : Loading module /lib/modules/tcsrcc-sun.ko with args ''
03-23 01:43:44.508   245   245 I init    : Loaded kernel module /lib/modules/gcc-kera.ko
03-23 01:43:44.508    86    86 I         : PMIC PON log: PON Trigger: HARD_RESET
03-23 01:43:44.508    86    86 I         : PMIC PON log: PON Trigger: USB_CHARGER
03-23 01:43:44.508   245   245 I init    : Loading module /lib/modules/gcc-sun.ko with args ''
03-23 01:43:44.508    86    86 I         : PMIC PON log: Reset Trigger: PS_HOLD
03-23 01:43:44.508    86    86 I         : PMIC PON log: Reset Type: HARD_RESET
03-23 01:43:44.508   246   246 I init    : Loaded kernel module /lib/modules/gcc-tuna.ko
03-23 01:43:44.508    86    86 I         : PMIC PON log: PON Trigger: HARD_RESET
03-23 01:43:44.508    86    86 I         : PMIC PON log: PON Trigger: USB_CHARGER
03-23 01:43:44.508   246   246 I init    : Loading module /lib/modules/dispcc-sun.ko with args ''
03-23 01:43:44.508    86    86 I         : PMIC PON log: Reset Trigger: PS_HOLD
03-23 01:43:44.508    86    86 I         : PMIC PON log: Reset Type: HARD_RESET
03-23 01:43:44.508    86    86 I         : PMIC PON log: PON Trigger: USB_CHARGER
03-23 01:43:44.508    86    86 I         : PMIC PON log: PON Trigger: HARD_RESET
03-23 01:43:44.508   250   250 I init    : Loaded kernel module /lib/modules/ufs-qcom.ko
03-23 01:43:44.509   247   247 I init    : Loaded kernel module /lib/modules/gpucc-tuna.ko
03-23 01:43:44.509   250   250 I init    : Loading module /lib/modules/evacc-tuna.ko with args ''
03-23 01:43:44.509   247   247 I init    : Loading module /lib/modules/gpucc-sun.ko with args ''
03-23 01:43:44.509   252   252 I qcom_dmesg_dumper soc: dmesg-dump: assigned reserved memory node vm_comm_mem_region
03-23 01:43:44.509   249   249 I init    : Loaded kernel module /lib/modules/cambistmclkcc-tuna.ko
03-23 01:43:44.510   249   249 I init    : Loading module /lib/modules/rpmh-regulator.ko with args ''
03-23 01:43:44.510   251   251 I init    : Loaded kernel module /lib/modules/tcsrcc-sun.ko
03-23 01:43:44.510   251   251 I init    : Loading module /lib/modules/dispcc-tuna.ko with args ''
03-23 01:43:44.510   245   245 I init    : Loaded kernel module /lib/modules/gcc-sun.ko
03-23 01:43:44.510   245   245 I init    : Loading module /lib/modules/evacc-sun.ko with args ''
03-23 01:43:44.510   252   252 I init    : Loaded kernel module /lib/modules/dmesg_dumper.ko
03-23 01:43:44.510   252   252 I init    : Loading module /lib/modules/cambistmclkcc-sun.ko with args ''
03-23 01:43:44.511   248   248 I init    : Loaded kernel module /lib/modules/clk-rpmh.ko
03-23 01:43:44.511   248   248 I init    : Loading module /lib/modules/tcsrcc-tuna.ko with args ''
03-23 01:43:44.511   250   250 I init    : Loaded kernel module /lib/modules/evacc-tuna.ko
03-23 01:43:44.511   250   250 I init    : Loading module /lib/modules/videocc-tuna.ko with args ''
03-23 01:43:44.511   245   245 I init    : Loaded kernel module /lib/modules/evacc-sun.ko
03-23 01:43:44.511   248   248 I tcsr_cc-tuna 1fbf000.clock-controller: Registered TCSR CC clocks
03-23 01:43:44.511   245   245 I init    : Loading module /lib/modules/clk-dummy.ko with args ''
03-23 01:43:44.511   251   251 I init    : Loaded kernel module /lib/modules/dispcc-tuna.ko
03-23 01:43:44.511   251   251 I init    : Loading module /lib/modules/icc-bcm-voter.ko with args ''
03-23 01:43:44.511   247   247 I init    : Loaded kernel module /lib/modules/gpucc-sun.ko
03-23 01:43:44.512   252   252 I init    : Loaded kernel module /lib/modules/cambistmclkcc-sun.ko
03-23 01:43:44.512   247   247 I init    : Loading module /lib/modules/camcc-sun.ko with args ''
03-23 01:43:44.512   252   252 I init    : Loading module /lib/modules/dcvs_fp.ko with args ''
03-23 01:43:44.512   248   248 I init    : Loaded kernel module /lib/modules/tcsrcc-tuna.ko
03-23 01:43:44.512   250   250 I init    : Loaded kernel module /lib/modules/videocc-tuna.ko
03-23 01:43:44.512   248   248 I init    : Loading module /lib/modules/sys_pm_vx.ko with args ''
03-23 01:43:44.512   250   250 I init    : Loading module /lib/modules/msm-mmrm.ko with args ''
03-23 01:43:44.512   251   251 E bcm_voter soc: bcm_voter@1: crm_name=disp_crm unavailable=-517
03-23 01:43:44.512   251   251 E bcm_voter soc: bcm_voter@2: crm_name=disp_crm unavailable=-517
03-23 01:43:44.512   251   251 E bcm_voter soc: bcm_voter@3: crm_name=disp_crm unavailable=-517
03-23 01:43:44.512   139   139 E         : [NT_reserve_kernel_log] Get partition failed, retry count 194
03-23 01:43:44.512   246   246 I init    : Loaded kernel module /lib/modules/dispcc-sun.ko
03-23 01:43:44.512   246   246 I init    : Loading module /lib/modules/rproc_qcom_common.ko with args ''
03-23 01:43:44.512   245   245 I init    : Loaded kernel module /lib/modules/clk-dummy.ko
03-23 01:43:44.513   252   252 I init    : Loaded kernel module /lib/modules/dcvs_fp.ko
03-23 01:43:44.513   251   251 E bcm_voter soc: bcm_voter@4: crm_name=disp_crm unavailable=-517
03-23 01:43:44.513   251   251 E bcm_voter soc: bcm_voter@5: crm_name=disp_crm unavailable=-517
03-23 01:43:44.513   251   251 E bcm_voter soc: bcm_voter@6: crm_name=disp_crm unavailable=-517
03-23 01:43:44.513   251   251 E bcm_voter soc: bcm_voter@7: crm_name=disp_crm unavailable=-517
03-23 01:43:44.513   247   247 I init    : Loaded kernel module /lib/modules/camcc-sun.ko
03-23 01:43:44.514   248   248 I init    : Loaded kernel module /lib/modules/sys_pm_vx.ko
03-23 01:43:44.514   251   251 I init    : Loaded kernel module /lib/modules/icc-bcm-voter.ko
03-23 01:43:44.514   246   246 I init    : Loaded kernel module /lib/modules/rproc_qcom_common.ko
03-23 01:43:44.514   250   250 I init    : Loaded kernel module /lib/modules/msm-mmrm.ko
03-23 01:43:44.517    86    86 I coresight-secure-etr soc: tmc-modem: assigned reserved memory node qdss_apps_region@82800000
03-23 01:43:44.518    86    86 E platform 16f2000.anoc_1_qtb: TBU failed probe, QSMMUV500 cannot continue!
03-23 01:43:44.518    86    86 E bcm_voter soc: bcm_voter@1: crm_name=disp_crm unavailable=-517
03-23 01:43:44.518    86    86 E bcm_voter soc: bcm_voter@2: crm_name=disp_crm unavailable=-517
03-23 01:43:44.518    86    86 E bcm_voter soc: bcm_voter@3: crm_name=disp_crm unavailable=-517
03-23 01:43:44.518    86    86 E bcm_voter soc: bcm_voter@4: crm_name=disp_crm unavailable=-517
03-23 01:43:44.519    86    86 E bcm_voter soc: bcm_voter@5: crm_name=disp_crm unavailable=-517
03-23 01:43:44.519    86    86 E bcm_voter soc: bcm_voter@6: crm_name=disp_crm unavailable=-517
03-23 01:43:44.519    86    86 E bcm_voter soc: bcm_voter@7: crm_name=disp_crm unavailable=-517
03-23 01:43:44.520    86    86 E platform 16f2000.anoc_1_qtb: TBU failed probe, QSMMUV500 cannot continue!
03-23 01:43:44.521   249   249 E rpmh_regulator_probe: smpi1: could not find RPMh address for resource
03-23 01:43:44.521   249   249 E rpmh_regulator_probe: smpj1: could not find RPMh address for resource
03-23 01:43:44.521   249   249 E rpmh_regulator_probe: ldok5: could not find RPMh address for resource
03-23 01:43:44.522   249   249 E rpmh_regulator_probe: ldom1: could not find RPMh address for resource
03-23 01:43:44.522   249   249 E rpmh_regulator_probe: ldom2: could not find RPMh address for resource
03-23 01:43:44.522   249   249 E rpmh_regulator_probe: ldom3: could not find RPMh address for resource
03-23 01:43:44.522   249   249 E rpmh_regulator_probe: ldom4: could not find RPMh address for resource
03-23 01:43:44.522   249   249 E rpmh_regulator_probe: ldom6: could not find RPMh address for resource
03-23 01:43:44.522   249   249 E rpmh_regulator_probe: ldom7: could not find RPMh address for resource
03-23 01:43:44.522   249   249 E rpmh_regulator_probe: ldon1: could not find RPMh address for resource
03-23 01:43:44.522   249   249 E rpmh_regulator_probe: ldon2: could not find RPMh address for resource
03-23 01:43:44.522   249   249 E rpmh_regulator_probe: ldon3: could not find RPMh address for resource
03-23 01:43:44.522   249   249 E rpmh_regulator_probe: ldon5: could not find RPMh address for resource
03-23 01:43:44.522   249   249 E rpmh_regulator_probe: ldon6: could not find RPMh address for resource
03-23 01:43:44.522   249   249 E rpmh_regulator_probe: ldon7: could not find RPMh address for resource
03-23 01:43:44.522   249   249 E rpmh_regulator_probe: vrm.wcal: could not find RPMh address for resource
03-23 01:43:44.522   249   249 I init    : Loaded kernel module /lib/modules/rpmh-regulator.ko
03-23 01:43:44.523   256   256 I init    : Loading module /lib/modules/qsee_ipc_irq_bridge.ko with args ''
03-23 01:43:44.523   257   257 I init    : Loading module /lib/modules/glink_probe.ko with args ''
03-23 01:43:44.523   258   258 I init    : Loading module /lib/modules/debugcc-tuna.ko with args ''
03-23 01:43:44.523   259   259 I init    : Loading module /lib/modules/debugcc-kera.ko with args ''
03-23 01:43:44.523   260   260 I init    : Loading module /lib/modules/debugcc-sun.ko with args ''
03-23 01:43:44.523    86    86 I gcc-tuna 100000.clock-controller: Registered GCC clocks
03-23 01:43:44.523   263   263 I init    : Loading module /lib/modules/msm_memshare.ko with args ''
03-23 01:43:44.523   262   262 I init    : Loading module /lib/modules/pci-msm-drv.ko with args 'pcie_sm_regs=0x1D07000,0x1040,0x1048,0x3000,0x1'
03-23 01:43:44.523   256   256 I init    : Loaded kernel module /lib/modules/qsee_ipc_irq_bridge.ko
03-23 01:43:44.523   257   257 I init    : Loaded kernel module /lib/modules/glink_probe.ko
03-23 01:43:44.524   257   257 I init    : Loading module /lib/modules/qcom-dcvs.ko with args ''
03-23 01:43:44.524   261   261 I init    : Loading module /lib/modules/pdr_interface.ko with args ''
03-23 01:43:44.524   256   256 I init    : Loading module /lib/modules/icc-rpmh.ko with args ''
03-23 01:43:44.524   259   259 I init    : Loaded kernel module /lib/modules/debugcc-kera.ko
03-23 01:43:44.524   259   259 I init    : Loading module /lib/modules/qcom_sysmon.ko with args ''
03-23 01:43:44.524    86    86 I cam_bist_mclk_cc-tuna 1760000.clock-controller: Registered CAM BIST MCLK CC clocks
03-23 01:43:44.524   258   258 I init    : Loaded kernel module /lib/modules/debugcc-tuna.ko
03-23 01:43:44.524   263   263 I memshare soc: qcom,memshare:qcom,client_1: memshare: Continuing with allocation from CMA
03-23 01:43:44.524   263   263 I memshare soc: qcom,memshare:qcom,client_2: memshare: Continuing with allocation from CMA
03-23 01:43:44.524   263   263 I memshare soc: qcom,memshare:qcom,client_3: memshare: Continuing with allocation from CMA
03-23 01:43:44.524    86    86 I eva_cc-tuna abf0000.clock-controller: Registered EVA CC clocks
03-23 01:43:44.524   263   263 I memshare soc: qcom,memshare:qcom,client_ims_1: memshare: Continuing with allocation from CMA
03-23 01:43:44.524   263   263 I memshare soc: qcom,memshare:qcom,client_ims_2: memshare: Continuing with allocation from CMA
03-23 01:43:44.525   263   263 I init    : Loaded kernel module /lib/modules/msm_memshare.ko
03-23 01:43:44.525   256   256 I init    : Loaded kernel module /lib/modules/icc-rpmh.ko
03-23 01:43:44.525   260   260 I init    : Loaded kernel module /lib/modules/debugcc-sun.ko
03-23 01:43:44.525   261   261 I init    : Loaded kernel module /lib/modules/pdr_interface.ko
03-23 01:43:44.526   259   259 I init    : Loaded kernel module /lib/modules/qcom_sysmon.ko
03-23 01:43:44.527    86    86 I disp_cc-tuna af00000.clock-controller: Registered DISP CC clocks
03-23 01:43:44.528   262   262 I init    : Loaded kernel module /lib/modules/pci-msm-drv.ko
03-23 01:43:44.528   257   257 I init    : Loaded kernel module /lib/modules/qcom-dcvs.ko
03-23 01:43:44.528    86    86 I video_cc-tuna aaf0000.clock-controller: Registered VIDEO CC clocks
03-23 01:43:44.528    86    86 E bcm_voter soc: bcm_voter@1: crm_name=disp_crm unavailable=-517
03-23 01:43:44.528    86    86 E bcm_voter soc: bcm_voter@2: crm_name=disp_crm unavailable=-517
03-23 01:43:44.528    86    86 E bcm_voter soc: bcm_voter@3: crm_name=disp_crm unavailable=-517
03-23 01:43:44.528    86    86 E bcm_voter soc: bcm_voter@4: crm_name=disp_crm unavailable=-517
03-23 01:43:44.528    86    86 E bcm_voter soc: bcm_voter@5: crm_name=disp_crm unavailable=-517
03-23 01:43:44.528    86    86 E bcm_voter soc: bcm_voter@6: crm_name=disp_crm unavailable=-517
03-23 01:43:44.528    86    86 E bcm_voter soc: bcm_voter@7: crm_name=disp_crm unavailable=-517
03-23 01:43:44.528   266   266 I init    : Loading module /lib/modules/slim-qcom-ngd-ctrl.ko with args ''
03-23 01:43:44.528   268   268 I init    : Loading module /lib/modules/memlat.ko with args ''
03-23 01:43:44.528   267   267 I init    : Loading module /lib/modules/qcom_spss.ko with args ''
03-23 01:43:44.528   265   265 I init    : Loading module /lib/modules/qnoc-sun.ko with args ''
03-23 01:43:44.529   269   269 I init    : Loading module /lib/modules/qnoc-kera.ko with args ''
03-23 01:43:44.529   270   270 I init    : Loading module /lib/modules/mhi.ko with args ''
03-23 01:43:44.529   271   271 I init    : Loading module /lib/modules/qnoc-tuna.ko with args ''
03-23 01:43:44.530    86    86 E platform 16f2000.anoc_1_qtb: TBU failed probe, QSMMUV500 cannot continue!
03-23 01:43:44.530   268   268 E qcom-memlat soc: qcom,memlat: error getting kobj from qcom_dcvs: -517
03-23 01:43:44.530   268   268 E qcom-memlat soc: qcom,memlat: Failure to probe memlat device: -517
03-23 01:43:44.531   268   268 I init    : Loaded kernel module /lib/modules/memlat.ko
03-23 01:43:44.531   268   268 I init    : Loading module /lib/modules/bwmon.ko with args ''
03-23 01:43:44.531   271   271 I qnoc-tuna soc: interconnect@0: Registered TUNA ICC provider
03-23 01:43:44.531   272   272 I init    : Loading module /lib/modules/qcom_q6v5.ko with args ''
03-23 01:43:44.531   271   271 E qnoc-tuna soc: interconnect@1: failed to register ICC provider: -517
03-23 01:43:44.532   271   271 I qnoc-tuna 1600000.interconnect: Registered TUNA ICC provider
03-23 01:43:44.532   271   271 I qnoc-tuna 1500000.interconnect: Registered TUNA ICC provider
03-23 01:43:44.532   265   265 I init    : Loaded kernel module /lib/modules/qnoc-sun.ko
03-23 01:43:44.532   265   265 I init    : Loading module /lib/modules/qti_pmic_glink.ko with args ''
03-23 01:43:44.532   271   271 I qnoc-tuna 1680000.interconnect: Registered TUNA ICC provider
03-23 01:43:44.532   269   269 I init    : Loaded kernel module /lib/modules/qnoc-kera.ko
03-23 01:43:44.532   267   267 I init    : Loaded kernel module /lib/modules/qcom_spss.ko
03-23 01:43:44.532   271   271 I qnoc-tuna 16c0000.interconnect: Registered TUNA ICC provider
03-23 01:43:44.532   270   270 I init    : Loaded kernel module /lib/modules/mhi.ko
03-23 01:43:44.532   266   266 I init    : Loaded kernel module /lib/modules/slim-qcom-ngd-ctrl.ko
03-23 01:43:44.532   271   271 I qnoc-tuna 16e0000.interconnect: Registered TUNA ICC provider
03-23 01:43:44.532    86    86 I cpu0    : EM: created perf domain
03-23 01:43:44.532   271   271 I qnoc-tuna 1700000.interconnect: Registered TUNA ICC provider
03-23 01:43:44.532   272   272 I init    : Loaded kernel module /lib/modules/qcom_q6v5.ko
03-23 01:43:44.533   271   271 E qnoc-tuna 1780000.interconnect: failed to register ICC provider: -517
03-23 01:43:44.533   271   271 E qnoc-tuna 24100000.interconnect: failed to register ICC provider: -517
03-23 01:43:44.533   271   271 I qnoc-tuna 320c0000.interconnect: Registered TUNA ICC provider
03-23 01:43:44.533   271   271 I qnoc-tuna 7e40000.interconnect: Registered TUNA ICC provider
03-23 01:43:44.534   271   271 I qnoc-tuna 7400000.interconnect: Registered TUNA ICC provider
03-23 01:43:44.534   271   271 I qnoc-tuna 7420000.interconnect: Registered TUNA ICC provider
03-23 01:43:44.534   268   268 I init    : Loaded kernel module /lib/modules/bwmon.ko
03-23 01:43:44.534   265   265 I init    : Loaded kernel module /lib/modules/qti_pmic_glink.ko
03-23 01:43:44.535   271   271 I init    : Loaded kernel module /lib/modules/qnoc-tuna.ko
03-23 01:43:44.535   277   277 I init    : Loading module /lib/modules/charger-ulog-glink.ko with args ''
03-23 01:43:44.535   278   278 I init    : Loading module /lib/modules/pmic-glink-debug.ko with args ''
03-23 01:43:44.535   279   279 I init    : Loading module /lib/modules/qti_battery_debug.ko with args ''
03-23 01:43:44.535   280   280 I init    : Loading module /lib/modules/qrtr-mhi.ko with args ''
03-23 01:43:44.535   281   281 I init    : Loading module /lib/modules/mhi_dev_uci.ko with args ''
03-23 01:43:44.535   282   282 I init    : Loading module /lib/modules/mhi_dev_satellite.ko with args ''
03-23 01:43:44.535   284   284 I init    : Loading module /lib/modules/altmode-glink.ko with args ''
03-23 01:43:44.536   280   280 I init    : Loaded kernel module /lib/modules/qrtr-mhi.ko
03-23 01:43:44.536   283   283 I init    : Loading module /lib/modules/qti_battery_charger.ko with args ''
03-23 01:43:44.536   280   280 I init    : Loading module /lib/modules/qcom_q6v5_pas.ko with args ''
03-23 01:43:44.536   281   281 I init    : Loaded kernel module /lib/modules/mhi_dev_uci.ko
03-23 01:43:44.536   282   282 I init    : Loaded kernel module /lib/modules/mhi_dev_satellite.ko
03-23 01:43:44.536   282   282 I init    : Loading module /lib/modules/ucsi_qti_glink.ko with args ''
03-23 01:43:44.536   281   281 I init    : Loading module /lib/modules/qti-glink-adc.ko with args ''
03-23 01:43:44.536   279   279 I init    : Loaded kernel module /lib/modules/qti_battery_debug.ko
03-23 01:43:44.536   277   277 I init    : Loaded kernel module /lib/modules/charger-ulog-glink.ko
03-23 01:43:44.536   278   278 I init    : Loaded kernel module /lib/modules/pmic-glink-debug.ko
03-23 01:43:44.537    86    86 I cpu2    : EM: created perf domain
03-23 01:43:44.537   284   284 I init    : Loaded kernel module /lib/modules/altmode-glink.ko
03-23 01:43:44.538   280   280 I qcom_q6v5_pas 97000000.remoteproc-wpss: Low SVS vote for ICC is not set.
03-23 01:43:44.538   281   281 I init    : Loaded kernel module /lib/modules/qti-glink-adc.ko
03-23 01:43:44.538   282   282 I init    : Loaded kernel module /lib/modules/ucsi_qti_glink.ko
03-23 01:43:44.538   280   280 E         : q6v5_pdev is NULL, save pdev, pdev->dev.kobj name: '97000000.remoteproc-wpss' (00000000e53ffac1): qcom_q6v5_init
03-23 01:43:44.538   283   283 I init    : Loaded kernel module /lib/modules/qti_battery_charger.ko
03-23 01:43:44.538   280   280 I remoteproc0: 97000000.remoteproc-wpss is available
03-23 01:43:44.540   280   280 I init    : Loaded kernel module /lib/modules/qcom_q6v5_pas.ko
03-23 01:43:44.541   287   287 I init    : Loading module /lib/modules/msm_hw_fence.ko with args ''
03-23 01:43:44.541   288   288 I init    : Loading module /lib/modules/qcom-hv-haptics.ko with args ''
03-23 01:43:44.541   289   289 I init    : Loading module /lib/modules/fsa4480-i2c.ko with args ''
03-23 01:43:44.541   290   290 I init    : Loading module /lib/modules/adsp_sleepmon.ko with args ''
03-23 01:43:44.541   291   291 I init    : Loading module /lib/modules/leds-qti-flash.ko with args ''
03-23 01:43:44.541   292   292 I init    : Loading module /lib/modules/wcd_usbss_i2c.ko with args ''
03-23 01:43:44.541    86    86 I cpu5    : EM: created perf domain
03-23 01:43:44.542   289   289 I init    : Loaded kernel module /lib/modules/fsa4480-i2c.ko
03-23 01:43:44.542   290   290 I adsp_sleepmon soc: adsp-sleepmon: ADSP sleep monitor probe called
03-23 01:43:44.543   292   292 I init    : Loaded kernel module /lib/modules/wcd_usbss_i2c.ko
03-23 01:43:44.543   290   290 I init    : Loaded kernel module /lib/modules/adsp_sleepmon.ko
03-23 01:43:44.543   288   288 I qcom-hv-haptics c42d000.qcom,spmi: qcom,pmih010x@7:qcom,hv-haptics@f000: haptics revision: HAP_CFG 0x501, HAP_PTN 0x501, HAP_HBST 0x101, hw_type 5
03-23 01:43:44.544   291   291 I init    : Loaded kernel module /lib/modules/leds-qti-flash.ko
03-23 01:43:44.544   287   287 I init    : Loaded kernel module /lib/modules/msm_hw_fence.ko
03-23 01:43:44.545   288   288 W qcom-hv-haptics c42d000.qcom,spmi: qcom,pmih010x@7:qcom,hv-haptics@f000: The calibrated period (2006 us) has large variation, use open-loop LRA period (5880 us) instead
03-23 01:43:44.546    86    86 I cpu7    : EM: created perf domain
03-23 01:43:44.547   288   288 I input   : qcom-hv-haptics as /devices/platform/soc/c42d000.qcom,spmi/spmi-0/0-07/c42d000.qcom,spmi:qcom,pmih010x@7:qcom,hv-haptics@f000/input/input3
03-23 01:43:44.547   288   288 I init    : Loaded kernel module /lib/modules/qcom-hv-haptics.ko
03-23 01:43:44.548   303   303 I init    : Loading module /lib/modules/synx-driver.ko with args ''
03-23 01:43:44.548   304   304 I init    : Loading module /lib/modules/dwc3-msm.ko with args ''
03-23 01:43:44.548   103   103 W         : Init cpu array finish!
03-23 01:43:44.548   139   139 E         : [NT_reserve_kernel_log] Get partition failed, retry count 193
03-23 01:43:44.549   103   103 I core_ctl: Creating CPU group 0
03-23 01:43:44.549   103   103 I core_ctl: Init CPU0 state
03-23 01:43:44.549   103   103 I core_ctl: Init CPU1 state
03-23 01:43:44.549   103   103 I core_ctl: Creating CPU group 2
03-23 01:43:44.549   103   103 I core_ctl: Init CPU2 state
03-23 01:43:44.549   103   103 I core_ctl: Init CPU3 state
03-23 01:43:44.549   103   103 I core_ctl: Init CPU4 state
03-23 01:43:44.549   103   103 I core_ctl: Creating CPU group 5
03-23 01:43:44.549   103   103 I core_ctl: Init CPU5 state
03-23 01:43:44.549   103   103 I core_ctl: Init CPU6 state
03-23 01:43:44.549   103   103 I core_ctl: Creating CPU group 7
03-23 01:43:44.549   103   103 I core_ctl: Init CPU7 state
03-23 01:43:44.550   303   303 I synx    : info: synx_init: 3115: device initialization start
03-23 01:43:44.550   303   303 I synx    : info: synx_init: 3200: device initialization success
03-23 01:43:44.551   303   303 I init    : Loaded kernel module /lib/modules/synx-driver.ko
03-23 01:43:44.551   304   304 I init    : Loaded kernel module /lib/modules/dwc3-msm.ko
03-23 01:43:44.551   316   316 I init    : Loading module /lib/modules/usb_f_gsi.ko with args ''
03-23 01:43:44.551   315   315 I init    : Loading module /lib/modules/usb_f_qdss.ko with args ''
03-23 01:43:44.551   314   314 I init    : Loading module /lib/modules/hdcp_qseecom_dlkm.ko with args ''
03-23 01:43:44.553    86    86 I cam_cc-tuna ade0000.clock-controller: Registered CAM CC clocks
03-23 01:43:44.553   315   315 I init    : Loaded kernel module /lib/modules/usb_f_qdss.ko
03-23 01:43:44.553   314   314 I init    : Loaded kernel module /lib/modules/hdcp_qseecom_dlkm.ko
03-23 01:43:44.554    86    86 I gpu_cc-tuna 3d90000.clock-controller: Registered GPU CC clocks
03-23 01:43:44.554   316   316 I init    : Loaded kernel module /lib/modules/usb_f_gsi.ko
03-23 01:43:44.554   324   324 I init    : Loading module /lib/modules/coresight-tmc.ko with args ''
03-23 01:43:44.554   325   325 I init    : Loading module /lib/modules/smmu_proxy_dlkm.ko with args ''
03-23 01:43:44.555   325   325 I gh_msgq : Registered client for label: 10
03-23 01:43:44.555   325   325 I smcinvoke_kernel: do_invoke: root object invocation with 2 arguments (1100) and op 5.
03-23 01:43:44.556   325   325 I smcinvoke_kernel: do_invoke: root object invocation returned with 0.
03-23 01:43:44.556   325   325 I smcinvoke_kernel: do_invoke: qtee-2 object invocation with 2 arguments (1001) and op 0.
03-23 01:43:44.556   325   325 I smcinvoke_kernel: do_invoke: qtee-2 object invocation returned with 0.
03-23 01:43:44.556   325   325 I smcinvoke_kernel: do_invoke: qtee-3 object invocation with 1 arguments (0010) and op 1.
03-23 01:43:44.556   325   325 I smcinvoke_kernel: do_invoke: qtee-3 object invocation returned with 0.
03-23 01:43:44.556   325   325 I init    : Loaded kernel module /lib/modules/smmu_proxy_dlkm.ko
03-23 01:43:44.868   409   409 E SELinux : avc:  denied  { add } for interface=android.hidl.base::IBase sid=u:r:recovery:s0 pid=409 scontext=u:r:recovery:s0 tcontext=u:object_r:hidl_base_hwservice:s0 tclass=hwservice_manager permissive=1
03-23 01:43:44.556   324   324 I init    : Loaded kernel module /lib/modules/coresight-tmc.ko
03-23 01:43:44.557   332   332 I init    : Loading module /lib/modules/msm_drm.ko with args 'dsi_display0=qcom,mdss_dsi_rm692j0_120hz_fhd_plus_dsc_cmd:'
03-23 01:43:44.558    86    86 I tuna-debugcc soc: clock-controller@0: Registered debug measure clocks
03-23 01:43:44.869   409   409 E SELinux : avc:  denied  { add } for interface=android.hidl.manager::IServiceManager sid=u:r:recovery:s0 pid=409 scontext=u:r:recovery:s0 tcontext=u:object_r:hidl_manager_hwservice:s0 tclass=hwservice_manager permissive=1
03-23 01:43:44.869   409   409 I hwservicemanager: getFrameworkHalManifest: Reading VINTF information.
03-23 01:43:44.560    86    86 E platform 16f2000.anoc_1_qtb: TBU failed probe, QSMMUV500 cannot continue!
03-23 01:43:44.560    86    86 E qcom-memlat soc: qcom,memlat: error getting kobj from qcom_dcvs: -517
03-23 01:43:44.560    86    86 E qcom-memlat soc: qcom,memlat: Failure to probe memlat device: -517
03-23 01:43:44.560    86    86 E qnoc-tuna soc: interconnect@1: failed to register ICC provider: -517
03-23 01:43:44.560    86    86 E qnoc-tuna 1780000.interconnect: failed to register ICC provider: -517
03-23 01:43:44.560    86    86 E qnoc-tuna 24100000.interconnect: failed to register ICC provider: -517
03-23 01:43:44.562    86    86 E platform 16f2000.anoc_1_qtb: TBU failed probe, QSMMUV500 cannot continue!
03-23 01:43:44.562    86    86 E qcom-memlat soc: qcom,memlat: error getting kobj from qcom_dcvs: -517
03-23 01:43:44.562    86    86 E qcom-memlat soc: qcom,memlat: Failure to probe memlat device: -517
03-23 01:43:44.562    86    86 I qnoc-tuna soc: interconnect@1: Registered TUNA ICC provider
03-23 01:43:44.562    86    86 I qnoc-tuna 1780000.interconnect: Registered TUNA ICC provider
03-23 01:43:44.563    86    86 I qnoc-tuna 24100000.interconnect: Registered TUNA ICC provider
03-23 01:43:44.563    86    86 I qcom_q6v5_pas 3000000.remoteproc-adsp: Low SVS vote for ICC is not set.
03-23 01:43:44.563    86    86 E         : q6v5_pdev exist
03-23 01:43:44.563    86    86 I remoteproc1: 3000000.remoteproc-adsp is available
03-23 01:43:44.563   335   335 W remoteproc1: Direct firmware load for adsp.mdt failed with error -2
03-23 01:43:44.563   335   335 I remoteproc1: powering up 3000000.remoteproc-adsp
03-23 01:43:44.563   335   335 W remoteproc1: Direct firmware load for adsp.mdt failed with error -2
03-23 01:43:44.563   335   335 E remoteproc1: request_firmware failed: -2
03-23 01:43:44.564    86    86 I qcom_q6v5_pas 32300000.remoteproc-cdsp: Low SVS vote for ICC is not set.
03-23 01:43:44.564    86    86 E         : q6v5_pdev exist
03-23 01:43:44.564    86    86 I remoteproc2: 32300000.remoteproc-cdsp is available
03-23 01:43:44.564   335   335 W remoteproc2: Direct firmware load for cdsp.mdt failed with error -2
03-23 01:43:44.564   335   335 I remoteproc2: powering up 32300000.remoteproc-cdsp
03-23 01:43:44.564   335   335 W remoteproc2: Direct firmware load for cdsp.mdt failed with error -2
03-23 01:43:44.564   335   335 E remoteproc2: request_firmware failed: -2
03-23 01:43:44.565    86    86 I qcom_q6v5_pas 4080000.remoteproc-mss: assigned reserved memory node linux,cma
03-23 01:43:44.565    86    86 I qcom_q6v5_pas 4080000.remoteproc-mss: Low SVS vote for ICC is not set.
03-23 01:43:44.565    86    86 E         : q6v5_pdev exist
03-23 01:43:44.565    86    86 I remoteproc3: 4080000.remoteproc-mss is available
03-23 01:43:44.566    86    86 I arm-smmu 3da0000.kgsl-smmu: probing hardware configuration...
03-23 01:43:44.566    86    86 I arm-smmu 3da0000.kgsl-smmu: SMMUv2 with:
03-23 01:43:44.566    86    86 I arm-smmu 3da0000.kgsl-smmu: stage 1 translation
03-23 01:43:44.566    86    86 I arm-smmu 3da0000.kgsl-smmu: coherent table walk
03-23 01:43:44.566    86    86 I arm-smmu 3da0000.kgsl-smmu: stream matching with 24 register groups
03-23 01:43:44.566    86    86 I arm-smmu 3da0000.kgsl-smmu: 22 context banks (0 stage-2 only)
03-23 01:43:44.566    86    86 I arm-smmu 3da0000.kgsl-smmu: Supported page sizes: 0x61311000
03-23 01:43:44.566    86    86 I arm-smmu 3da0000.kgsl-smmu: Stage-1: 48-bit VA -> 36-bit IPA
03-23 01:43:44.566    86    86 I arm-smmu 3da0000.kgsl-smmu: preserved 0 boot mappings
03-23 01:43:44.568   332   332 I [drm:sde_power_mnoc_bus_parse:483]: mnoc interconnect path(s) not defined, rc: 0
03-23 01:43:44.568   332   332 I [sde_cesta:sde_cesta_probe:1305]: sde cesta index:0 probed successfully
03-23 01:43:44.568    86    86 E qcom-iommu-debug soc: iommu_test_device: Failed to create device link (0x180) with 3da0000.kgsl-smmu
03-23 01:43:44.568    86    86 E qcom-iommu-debug soc: iommu_test_device: Failed to create device link (0x180) with 3da0000.kgsl-smmu
03-23 01:43:44.569   332   332 I [drm:sde_dbg_init:2868] evtlog_status: enable:11, panic:1, dump:2
03-23 01:43:44.570    86    86 I goodix_fp: enter gf_probe
03-23 01:43:44.570    86    86 I input   : qwerty as /devices/virtual/input/input4
03-23 01:43:44.570    86    86 I goodix_fp: version V1.2.11
03-23 01:43:44.570   332   332 W dsi_phy ae95000.qcom,mdss_dsi_phy0: supply gdsc not found, using dummy regulator
03-23 01:43:44.570   332   332 I [drm:dsi_pll_init [msm_drm]] [msm-dsi-info]: DSI_PLL_0: DSI pll label = dsi_pll_4nm
03-23 01:43:44.570   332   332 I [drm:dsi_pll_init [msm_drm]] [msm-dsi-info]: DSI_PLL_0: PLL SSC enabled
03-23 01:43:44.570   332   332 I dsi_pll_init: PLL base=00000000e8075d07
03-23 01:43:44.570   332   332 I [drm:dsi_pll_clock_register_4nm [msm_drm]] [msm-dsi-info]: DSI_PLL_0: Registered clocks successfully
03-23 01:43:44.570    86    86 W irq     : type mismatch, failed to map hwirq-739 for interrupt-controller@17100000!
03-23 01:43:44.571    86    86 I arm-smmu 15000000.apps-smmu: probing hardware configuration...
03-23 01:43:44.571    86    86 I arm-smmu 15000000.apps-smmu: SMMUv2 with:
03-23 01:43:44.571    86    86 I arm-smmu 15000000.apps-smmu: stage 1 translation
03-23 01:43:44.571    86    86 I arm-smmu 15000000.apps-smmu: coherent table walk
03-23 01:43:44.571    86    86 I arm-smmu 15000000.apps-smmu: stream matching with 138 register groups
03-23 01:43:44.571    86    86 I arm-smmu 15000000.apps-smmu: 83 context banks (0 stage-2 only)
03-23 01:43:44.571    86    86 I arm-smmu 15000000.apps-smmu: Supported page sizes: 0x61311000
03-23 01:43:44.571    86    86 I arm-smmu 15000000.apps-smmu: Stage-1: 36-bit VA -> 36-bit IPA
03-23 01:43:44.571   332   332 I [drm:dsi_phy_driver_probe [msm_drm]] [msm-dsi-info]: DSI_0: Probe successful
03-23 01:43:44.571   332   332 W dsi_phy ae97000.qcom,mdss_dsi_phy1: supply gdsc not found, using dummy regulator
03-23 01:43:44.869   409   409 I hwservicemanager: getDeviceHalManifest: Reading VINTF information.
03-23 01:43:44.571   332   332 I [drm:dsi_pll_init [msm_drm]] [msm-dsi-info]: DSI_PLL_0: DSI pll label = dsi_pll_4nm
03-23 01:43:44.571   332   332 I [drm:dsi_pll_init [msm_drm]] [msm-dsi-info]: DSI_PLL_1: PLL SSC enabled
03-23 01:43:44.571   332   332 I dsi_pll_init: PLL base=0000000032b32a39
03-23 01:43:44.571   332   332 I [drm:dsi_pll_clock_register_4nm [msm_drm]] [msm-dsi-info]: DSI_PLL_1: Registered clocks successfully
03-23 01:43:44.571   332   332 I [drm:dsi_phy_driver_probe [msm_drm]] [msm-dsi-info]: DSI_1: Probe successful
03-23 01:43:44.571    86    86 I arm-smmu 15000000.apps-smmu: preserved 0 boot mappings
03-23 01:43:44.572   332   332 I [drm:dsi_ctrl_dev_probe [msm_drm]] [msm-dsi-info]: dsi-ctrl-0: Probe successful
03-23 01:43:44.572   332   332 I [drm:dsi_ctrl_dev_probe [msm_drm]] [msm-dsi-info]: dsi-ctrl-1: Probe successful
03-23 01:43:44.573   332   332 E OF      : graph: no port node found in /soc/qcom,dsi-display-primary
03-23 01:43:44.573   332   332 E         : [drm:dsi_panel_get [msm_drm]] *ERROR* [msm-dsi-error]: failed to read qcom,mdss-dsi-panel-version, rc=-22
03-23 01:43:44.573    86    86 E qcom_q6v5_pas 32300000.remoteproc-cdsp: Failed to create device link (0x180) with 15000000.apps-smmu
03-23 01:43:44.573    86    86 E qcom_q6v5_pas 32300000.remoteproc-cdsp: Failed to create device link (0x180) with 15000000.apps-smmu
03-23 01:43:44.573    86    86 E qcom_q6v5_pas 32300000.remoteproc-cdsp: Failed to create device link (0x180) with 15000000.apps-smmu
03-23 01:43:44.573    86    86 E qcom_q6v5_pas 32300000.remoteproc-cdsp: Failed to create device link (0x180) with 15000000.apps-smmu
03-23 01:43:44.573    86    86 E qcom_q6v5_pas 32300000.remoteproc-cdsp: Failed to create device link (0x180) with 15000000.apps-smmu
03-23 01:43:44.573    86    86 E qcom_q6v5_pas 32300000.remoteproc-cdsp: Failed to create device link (0x180) with 15000000.apps-smmu
03-23 01:43:44.573    86    86 E qcom_q6v5_pas 32300000.remoteproc-cdsp: Failed to create device link (0x180) with 15000000.apps-smmu
03-23 01:43:44.573    86    86 E qcom_q6v5_pas 32300000.remoteproc-cdsp: Failed to create device link (0x180) with 15000000.apps-smmu
03-23 01:43:44.573    86    86 E qcom_q6v5_pas 32300000.remoteproc-cdsp: Failed to create device link (0x180) with 15000000.apps-smmu
03-23 01:43:44.573    86    86 E qcom_q6v5_pas 32300000.remoteproc-cdsp: Failed to create device link (0x180) with 15000000.apps-smmu
03-23 01:43:44.573    86    86 E qcom_q6v5_pas 32300000.remoteproc-cdsp: Failed to create device link (0x180) with 15000000.apps-smmu
03-23 01:43:44.573    86    86 E qcom_q6v5_pas 32300000.remoteproc-cdsp: Failed to create device link (0x180) with 15000000.apps-smmu
03-23 01:43:44.573    86    86 E qcom_q6v5_pas 3000000.remoteproc-adsp: Failed to create device link (0x180) with 15000000.apps-smmu
03-23 01:43:44.573    86    86 E qcom_q6v5_pas 3000000.remoteproc-adsp: Failed to create device link (0x180) with 15000000.apps-smmu
03-23 01:43:44.573    86    86 E qcom_q6v5_pas 3000000.remoteproc-adsp: Failed to create device link (0x180) with 15000000.apps-smmu
03-23 01:43:44.573    86    86 E qcom_q6v5_pas 3000000.remoteproc-adsp: Failed to create device link (0x180) with 15000000.apps-smmu
03-23 01:43:44.573    86    86 E qcom_q6v5_pas 3000000.remoteproc-adsp: Failed to create device link (0x180) with 15000000.apps-smmu
03-23 01:43:44.573    86    86 E qcom_q6v5_pas 3000000.remoteproc-adsp: Failed to create device link (0x180) with 15000000.apps-smmu
03-23 01:43:44.573    86    86 E qcom-iommu-debug soc: iommu_test_device: Failed to create device link (0x180) with 15000000.apps-smmu
03-23 01:43:44.573    86    86 E qcom-iommu-debug soc: iommu_test_device: Failed to create device link (0x180) with 15000000.apps-smmu
03-23 01:43:44.573    86    86 E qcom-iommu-debug soc: iommu_test_device: Failed to create device link (0x180) with 15000000.apps-smmu
03-23 01:43:44.573    86    86 E qcom-iommu-debug soc: iommu_test_device: Failed to create device link (0x180) with 15000000.apps-smmu
03-23 01:43:44.573    86    86 E qcom-iommu-debug soc: iommu_test_device: Failed to create device link (0x180) with 15000000.apps-smmu
03-23 01:43:44.574    86    86 I geni_se_qup ac0000.qcom,qupv3_1_geni_se: Adding to iommu group 0
03-23 01:43:44.575    86    86 I a9c000.qcom,qup_uart: ttyMSM0 at MMIO 0xa9c000 (irq = 249, base_baud = 0) is a MSM
03-23 01:43:44.575    86    86 I geni_se_qup 8c0000.qcom,qupv3_2_geni_se: Adding to iommu group 1
03-23 01:43:44.576    86    86 I boot_kpi: M - DRIVER GENI_HS_UART_0 Init
03-23 01:43:44.576    86    86 I msm_geni_serial 898000.qcom,qup_uart: Wakeup byte 0xfd
03-23 01:43:44.576    86    86 I msm_geni_serial 898000.qcom,qup_uart: Serial port: 0 added.FifoSize: 64 is_console: 0
03-23 01:43:44.577    86    86 I msm_geni_serial 898000.qcom,qup_uart: gsi_mode:0
03-23 01:43:44.577    86    86 I 898000.qcom,qup_uart: ttyHS0 at MMIO 0x898000 (irq = 251, base_baud = 0) is a MSM
03-23 01:43:44.578    86    86 I boot_kpi: M - DRIVER GENI_HS_UART_0 Ready
03-23 01:43:44.580    86    86 W qcom-bwmon: Zone thres larger than hw limit: hi:267 med:400 lo:0
03-23 01:43:44.580    86    86 I ufshcd-qcom 1d84000.ufshc: Adding to iommu group 2
03-23 01:43:44.581    86    86 I ufshcd-qcom 1d84000.ufshc: ufshcd_populate_vreg: unable to find vdd-hba-max-microamp
03-23 01:43:44.581    86    86 I ufshcd-qcom 1d84000.ufshc: ufshcd_populate_vreg: Unable to find vccq2-supply regulator, assuming enabled
03-23 01:43:44.581    86    86 I ufshcd-qcom 1d84000.ufshc: ufs_qcom_parse_reg_info: Unable to find qcom,vccq2-parent-supply regulator, assuming enabled
03-23 01:43:44.582    86    86 I ufshcd-qcom 1d84000.ufshc: Found QC Inline Crypto Engine (ICE) v4.0.3
03-23 01:43:44.584   139   139 E         : [NT_reserve_kernel_log] Get partition failed, retry count 192
03-23 01:43:44.587   332   332 I [drm:dsi_display_dev_probe [msm_drm]] [msm-dsi-info]: secondary default panel not found
03-23 01:43:44.587   332   332 I         : [drm:dp_pll_driver_probe][msm-dp-info][332 ]revision=DP_PLL_4NM_V1_1, ssc_en=0, bonding_en=0
03-23 01:43:44.588   332   332 I tcsr_cc-tuna 1fbf000.clock-controller: sync_state
03-23 01:43:44.588   332   332 I init    : Loaded kernel module /lib/modules/msm_drm.ko
03-23 01:43:44.588     1     1 I init    : Loaded 336 modules from /lib/modules
03-23 01:43:44.589     1     1 I init    : Loaded 336 kernel modules took 305 ms
03-23 01:43:44.589     1     1 I init    : Copied ramdisk prop to /second_stage_resources/system/etc/ramdisk/build.prop
03-23 01:43:44.589     1     1 I init    : First stage mount skipped (recovery mode)
03-23 01:43:44.589     1     1 I init    : [libfstab] Using Android DT directory /proc/device-tree/firmware/android/
03-23 01:43:44.589     1     1 I init    : [libfstab] ReadFstabFromDt(): failed to read fstab from dt
03-23 01:43:44.589     1     1 W init    : [libfstab] Warning: unknown flag: sync
03-23 01:43:44.592    86    86 I coresight-tmc 10048000.tmc: Adding to iommu group 3
03-23 01:43:44.593    86    86 I coresight-tmc 1004f000.tmc: Adding to iommu group 4
03-23 01:43:44.593    86    86 E 1004f000.tmc: ETR usb property is not configured!
03-23 01:43:44.593    86    86 I msmdrm_smmu soc: qcom,smmu_sde_unsec_cb: Adding to iommu group 5
03-23 01:43:44.594    86    86 I         : [drm] probing device qcom,smmu_sde_unsec
03-23 01:43:44.594    86    86 I         : [drm] Created domain mdp_ns, secure=0
03-23 01:43:44.594    86    86 I msmdrm_smmu soc: qcom,smmu_sde_sec_cb: Adding to iommu group 6
03-23 01:43:44.594    86    86 I         : [drm] probing device qcom,smmu_sde_sec
03-23 01:43:44.594    86    86 I         : [drm] Created domain mdp_s, secure=1
03-23 01:43:44.594    86    86 I [drm:dsi_display_bind [msm_drm]] [msm-dsi-info]: Successfully bind display panel 'qcom,mdss_dsi_rm692j0_120hz_fhd_plus_dsc_cmd '
03-23 01:43:44.594    86    86 I msm_drm ae00000.qcom,mdss_mdp: bound soc:qcom,dsi-display-primary (ops dsi_display_comp_ops [msm_drm])
03-23 01:43:44.595    86    86 I msm_drm ae00000.qcom,mdss_mdp: bound soc:qcom,dsi-display-secondary (ops dsi_display_comp_ops [msm_drm])
03-23 01:43:44.595    86    86 I msm_drm ae00000.qcom,mdss_mdp: bound soc:qcom,smmu_sde_unsec_cb (ops msm_smmu_comp_ops [msm_drm])
03-23 01:43:44.595    86    86 I msm_drm ae00000.qcom,mdss_mdp: bound soc:qcom,smmu_sde_sec_cb (ops msm_smmu_comp_ops [msm_drm])
03-23 01:43:44.595    86    86 I msm_drm ae00000.qcom,mdss_mdp: bound soc:qcom,wb-display@1 (ops sde_wb_comp_ops [msm_drm])
03-23 01:43:44.595    86    86 I msm_drm ae00000.qcom,mdss_mdp: bound soc:qcom,wb-display@2 (ops sde_wb_comp_ops [msm_drm])
03-23 01:43:44.595    86    86 I msm_drm ae00000.qcom,mdss_mdp: bound af54000.qcom,dp_display (ops dp_display_comp_ops [msm_drm])
03-23 01:43:44.595    86    86 I msm_drm ae00000.qcom,mdss_mdp: bound af20000.qcom,sde_cesta (ops sde_cesta_comp_ops [msm_drm])
03-23 01:43:44.595    86    86 I         : [drm] mapped mdp address space @0000000083d80afd
03-23 01:43:44.596    86    86 I [drm:sde_hw_check_ssip_fuse:6346] ssip: disable = 0 polarity = 0
03-23 01:43:44.596    86    86 I         : [drm:_sde_kms_hw_init_blocks:5288] sde hardware revision:0xc0030000
03-23 01:43:44.596    86    86 I         : [drm:_sde_rm_hw_blk_create_new:898] failed to init hw-fences, disabling hw-fences
03-23 01:43:44.599    86    86 I [drm:dsi_panel_get_mode [msm_drm]] [msm-dsi-info]: default topology: lm: 2 comp_enc:2 intf: 1
03-23 01:43:44.599    86    86 I [drm:dsi_panel_get_mode [msm_drm]] [msm-dsi-info]: default topology: lm: 2 comp_enc:2 intf: 1
03-23 01:43:44.599    86    86 I [drm:dsi_panel_get_mode [msm_drm]] [msm-dsi-info]: default topology: lm: 2 comp_enc:2 intf: 1
03-23 01:43:44.600    86    86 I         : [drm:dp_display_initialize_hdcp][msm-dp-info][86  ]HDCP 1.3 initialized
03-23 01:43:44.600    86    86 I         : [drm:dp_display_initialize_hdcp][msm-dp-info][86  ]HDCP 2.2 initialized
03-23 01:43:44.601    86    86 I gh_msgq : Registered client for label: 2
03-23 01:43:44.601    86    86 I         : [drm] cont_splash enabled in 1 of 1 display(s)
03-23 01:43:44.601    86    86 I [drm:dsi_ctrl_isr_configure [msm_drm]] [msm-dsi-info]: dsi-ctrl-0: IRQ 257 registered
03-23 01:43:44.602    86    86 I         : [drm] Initialized msm_drm 1.4.0 20130625 for ae00000.qcom,mdss_mdp on minor 0
03-23 01:43:44.602    86    86 I disp_cc-tuna af00000.clock-controller: sync_state
03-23 01:43:44.602    86    86 I gpi_dma a00000.qcom,gpi-dma: Adding to iommu group 7
03-23 01:43:44.603    86    86 I gpi_dma 800000.qcom,gpi-dma: Adding to iommu group 8
03-23 01:43:44.604    86    86 I uaudio-qmi soc: usb_audio_qmi_dev: Adding to iommu group 9
03-23 01:43:44.604    86    86 I boot_kpi: M - DRIVER GENI_I2C Init
03-23 01:43:44.604    86    86 I i2c_geni a80000.i2c: Bus frequency is set to 1000000Hz.
03-23 01:43:44.605    86    86 I boot_kpi: M - DRIVER GENI_I2C_0 Ready
03-23 01:43:44.605    86    86 I i2c_geni a80000.i2c: I2C probed
03-23 01:43:44.605    86    86 I boot_kpi: M - DRIVER GENI_SPI Init
03-23 01:43:44.605    86    86 I spi_geni a88000.spi: spi_geni_probe: completed 0
03-23 01:43:44.605    86    86 I boot_kpi: M - DRIVER GENI_SPI_2 Ready
03-23 01:43:44.605    86    86 I boot_kpi: M - DRIVER GENI_I2C Init
03-23 01:43:44.605    86    86 I i2c_geni a8c000.i2c: Bus frequency is set to 400000Hz.
03-23 01:43:44.606    86    86 I boot_kpi: M - DRIVER GENI_I2C_3 Ready
03-23 01:43:44.606    86    86 I i2c_geni a8c000.i2c: I2C probed
03-23 01:43:44.606    86    86 I boot_kpi: M - DRIVER GENI_SPI Init
03-23 01:43:44.606    86    86 I spi_geni a90000.spi: LA-VM usecase
03-23 01:43:44.607    86    86 I spi_geni a90000.spi: spi_geni_probe: completed 0
03-23 01:43:44.607    86    86 I boot_kpi: M - DRIVER GENI_SPI_4 Ready
03-23 01:43:44.607    86    86 I boot_kpi: M - DRIVER GENI_I2C Init
03-23 01:43:44.607    86    86 I i2c_geni a94000.i2c: Bus frequency is set to 400000Hz.
03-23 01:43:44.607    86    86 I i2c_geni a94000.i2c: Multi-EE usecase
03-23 01:43:44.608    86    86 E ssusb-redriver 5-001c: writing reg 0x00 failure
03-23 01:43:44.609    86    86 I boot_kpi: M - DRIVER GENI_I2C_5 Ready
03-23 01:43:44.609    86    86 I i2c_geni a94000.i2c: I2C probed
03-23 01:43:44.609    10    10 I wcd-usbss-i2c-driver 3-000e: sdam registration successful
03-23 01:43:44.609    86    86 I boot_kpi: M - DRIVER GENI_I2C Init
03-23 01:43:44.609    86    86 I i2c_geni 880000.i2c: Bus frequency is set to 400000Hz.
03-23 01:43:44.610    86    86 I wl28681 8-0061: RESET GPIO number is 535
03-23 01:43:44.610    10    10 I wcd-usbss-i2c-driver 3-000e: Probe completed!
03-23 01:43:44.610   388   388 E wcd-usbss-i2c-driver 3-000e: wcd_usbss_is_in_reset_state: Surge check #3 failed
03-23 01:43:44.620   139   139 E         : [NT_reserve_kernel_log] Get partition failed, retry count 191
03-23 01:43:44.634     1     1 I init    : bool android::init::BlockDevInitializer::InitDevices(std::set<std::string>): partition(s) not found in /sys, waiting for their uevent(s): boot_a, dtbo_a, init_boot_a, metadata, nt_log, recovery_a, super, vbmeta_a, vbmeta_system_a, vbmeta_vendor_a, vendor_boot_a
03-23 01:43:44.637    11    11 I ufshcd-qcom 1d84000.ufshc: Resource mcq not provided
03-23 01:43:44.637    11    11 I ufshcd-qcom 1d84000.ufshc: Resource mcq_sqis not provided
03-23 01:43:44.637    11    11 I ufshcd-qcom 1d84000.ufshc: Resource mcq_cqd not provided
03-23 01:43:44.637    11    11 I ufshcd-qcom 1d84000.ufshc: Resource mcq_cqis not provided
03-23 01:43:44.638    11    11 I ufshcd-qcom 1d84000.ufshc: ESI configured
03-23 01:43:44.638    11    11 I ufshcd-qcom 1d84000.ufshc: MCQ configured, nr_queues=9, io_queues=8, read_queue=0, poll_queues=1, queue_depth=64
03-23 01:43:44.638    11    11 I scsi host0: ufshcd
03-23 01:43:44.643    86    86 I WL_L1N  : Bringing 0uV into 1000000-1000000uV
03-23 01:43:44.644    86    86 I WL_L2N  : Bringing 0uV into 1000000-1000000uV
03-23 01:43:44.645    86    86 I WL_L3N  : Bringing 0uV into 1500000-1500000uV
03-23 01:43:44.646    86    86 I WL_L4N  : Bringing 0uV into 1500000-1500000uV
03-23 01:43:44.647    86    86 I WL_L5N  : Bringing 0uV into 1500000-1500000uV
03-23 01:43:44.649    86    86 I WL_L6N  : Bringing 0uV into 1500000-1500000uV
03-23 01:43:44.650    86    86 I WL_L7N  : Bringing 0uV into 1500000-1500000uV
03-23 01:43:44.651    86    86 I wl28681 8-0061: WL28681_UVP_INT_MASK = 0 ret = 0
03-23 01:43:44.651    86    86 I wl28681 8-0061: WL28681_OCP_INT_MASK = 0 ret = 0
03-23 01:43:44.651    86    86 I wl28681 8-0061: WL28681_TSD_UVLO_INT_MASK = 0 ret = 0
03-23 01:43:44.651    86    86 I wl28681 8-0061: wl28681 WL_LDO0 value is 0x7c
03-23 01:43:44.652    86    86 I wl28681 8-0061: wl28681 WL_LDO1 value is 0x7c
03-23 01:43:44.652    86    86 I wl28681 8-0061: wl28681 WL_LDO2 value is 0x11
03-23 01:43:44.652    86    86 I wl28681 8-0061: wl28681 WL_LDO3 value is 0x11
03-23 01:43:44.652    86    86 I wl28681 8-0061: wl28681 WL_LDO4 value is 0x11
