03-23 01:34:10.028   140   140 I aw9380x_cap 8-0012: [aw9380x_para_loaded:823] reg_addr = 0x127c, reg_data = 0x000008d0
03-23 01:34:10.028   140   140 I aw9380x_cap 8-0012: [aw9380x_para_loaded:823] reg_addr = 0x1280, reg_data = 0x00000000
03-23 01:34:10.029   140   140 I aw9380x_cap 8-0012: [aw9380x_para_loaded:823] reg_addr = 0x1284, reg_data = 0x00000000
03-23 01:34:10.029   140   140 I aw9380x_cap 8-0012: [aw9380x_para_loaded:823] reg_addr = 0x1288, reg_data = 0x00000000
03-23 01:34:10.029   140   140 I aw9380x_cap 8-0012: [aw9380x_para_loaded:823] reg_addr = 0x128c, reg_data = 0x00000000
03-23 01:34:10.029   140   140 I aw9380x_cap 8-0012: [aw9380x_para_loaded:823] reg_addr = 0x129c, reg_data = 0x00000000
03-23 01:34:10.030   140   140 I aw9380x_cap 8-0012: [aw9380x_para_loaded:823] reg_addr = 0x12a0, reg_data = 0x00000000
03-23 01:34:10.030   140   140 I aw9380x_cap 8-0012: [aw9380x_para_loaded:823] reg_addr = 0x12a4, reg_data = 0x00000000
03-23 01:34:10.030   140   140 I aw9380x_cap 8-0012: [aw9380x_para_loaded:823] reg_addr = 0x12ac, reg_data = 0x00000000
03-23 01:34:10.030   140   140 I aw9380x_cap 8-0012: [aw9380x_para_loaded:823] reg_addr = 0x141c, reg_data = 0x00000000
03-23 01:34:10.031   140   140 I aw9380x_cap 8-0012: [aw9380x_para_loaded:823] reg_addr = 0x1420, reg_data = 0x00000000
03-23 01:34:10.031   140   140 I aw9380x_cap 8-0012: [aw9380x_para_loaded:823] reg_addr = 0x1428, reg_data = 0x00000000
03-23 01:34:10.031   140   140 I aw9380x_cap 8-0012: [aw9380x_para_loaded:823] reg_addr = 0x142c, reg_data = 0x000008d0
03-23 01:34:10.031   140   140 I aw9380x_cap 8-0012: [aw9380x_para_loaded:823] reg_addr = 0x1430, reg_data = 0x00000000
03-23 01:34:10.032   140   140 I aw9380x_cap 8-0012: [aw9380x_para_loaded:823] reg_addr = 0x1434, reg_data = 0x00000000
03-23 01:34:10.032   140   140 I aw9380x_cap 8-0012: [aw9380x_para_loaded:823] reg_addr = 0x1438, reg_data = 0x00000000
03-23 01:34:10.032   140   140 I aw9380x_cap 8-0012: [aw9380x_para_loaded:823] reg_addr = 0x143c, reg_data = 0x00000000
03-23 01:34:10.032   140   140 I aw9380x_cap 8-0012: [aw9380x_para_loaded:823] reg_addr = 0x144c, reg_data = 0x00000000
03-23 01:34:10.032   140   140 I aw9380x_cap 8-0012: [aw9380x_para_loaded:823] reg_addr = 0x1450, reg_data = 0x00000000
03-23 01:34:10.033   140   140 I aw9380x_cap 8-0012: [aw9380x_para_loaded:823] reg_addr = 0x1454, reg_data = 0x00000000
03-23 01:34:10.033   140   140 I aw9380x_cap 8-0012: [aw9380x_para_loaded:823] reg_addr = 0x145c, reg_data = 0x00000000
03-23 01:34:10.033   140   140 I aw9380x_cap 8-0012: [aw9380x_para_loaded:823] reg_addr = 0x01d0, reg_data = 0x00000000
03-23 01:34:10.033   140   140 I aw9380x_cap 8-0012: [aw9380x_para_loaded:823] reg_addr = 0x01d4, reg_data = 0x00000000
03-23 01:34:10.034   140   140 I aw9380x_cap 8-0012: [aw9380x_para_loaded:823] reg_addr = 0x01d8, reg_data = 0x00000000
03-23 01:34:10.034   140   140 I aw9380x_cap 8-0012: [aw9380x_para_loaded:823] reg_addr = 0x01e0, reg_data = 0x00000000
03-23 01:34:10.034   140   140 I aw9380x_cap 8-0012: [aw9380x_para_loaded:823] reg_addr = 0x01e4, reg_data = 0xffffffff
03-23 01:34:10.034   140   140 I aw9380x_cap 8-0012: [aw9380x_para_loaded:823] reg_addr = 0x01f8, reg_data = 0x070004b0
03-23 01:34:10.035   140   140 I aw9380x_cap 8-0012: [aw9380x_para_loaded:823] reg_addr = 0x01fc, reg_data = 0x0e000000
03-23 01:34:10.035   140   140 I aw9380x_cap 8-0012: [aw9380x_para_loaded:823] reg_addr = 0x0200, reg_data = 0xf2000000
03-23 01:34:10.035   140   140 I aw9380x_cap 8-0012: [aw9380x_para_loaded:823] reg_addr = 0x0204, reg_data = 0x02000000
03-23 01:34:10.035   140   140 I aw9380x_cap 8-0012: [aw9380x_para_loaded:823] reg_addr = 0x0208, reg_data = 0x02000000
03-23 01:34:10.036   140   140 I aw9380x_cap 8-0012: [aw9380x_para_loaded:823] reg_addr = 0x020c, reg_data = 0x00002000
03-23 01:34:10.036   140   140 I aw9380x_cap 8-0012: [aw9380x_para_loaded:823] reg_addr = 0x0210, reg_data = 0x00010000
03-23 01:34:10.036   140   140 I aw9380x_cap 8-0012: [aw9380x_para_loaded:823] reg_addr = 0x0214, reg_data = 0x80007530
03-23 01:34:10.036   140   140 I aw9380x_cap 8-0012: [aw9380x_para_loaded:823] reg_addr = 0x0380, reg_data = 0x00000000
03-23 01:34:10.037   140   140 I aw9380x_cap 8-0012: [aw9380x_para_loaded:823] reg_addr = 0x0384, reg_data = 0x00000000
03-23 01:34:10.037   140   140 I aw9380x_cap 8-0012: [aw9380x_para_loaded:823] reg_addr = 0x0388, reg_data = 0x00000000
03-23 01:34:10.037   140   140 I aw9380x_cap 8-0012: [aw9380x_para_loaded:823] reg_addr = 0x0390, reg_data = 0x00000000
03-23 01:34:10.037   140   140 I aw9380x_cap 8-0012: [aw9380x_para_loaded:823] reg_addr = 0x0394, reg_data = 0xffffffff
03-23 01:34:10.038   140   140 I aw9380x_cap 8-0012: [aw9380x_para_loaded:823] reg_addr = 0x03a8, reg_data = 0x070004b0
03-23 01:34:10.038   140   140 I aw9380x_cap 8-0012: [aw9380x_para_loaded:823] reg_addr = 0x03ac, reg_data = 0x0e000000
03-23 01:34:10.038   140   140 I aw9380x_cap 8-0012: [aw9380x_para_loaded:823] reg_addr = 0x03b0, reg_data = 0xf2000000
03-23 01:34:10.038   140   140 I aw9380x_cap 8-0012: [aw9380x_para_loaded:823] reg_addr = 0x03b4, reg_data = 0x02000000
03-23 01:34:10.039   140   140 I aw9380x_cap 8-0012: [aw9380x_para_loaded:823] reg_addr = 0x03b8, reg_data = 0x02000000
03-23 01:34:10.039   140   140 I aw9380x_cap 8-0012: [aw9380x_para_loaded:823] reg_addr = 0x03bc, reg_data = 0x00002000
03-23 01:34:10.039   140   140 I aw9380x_cap 8-0012: [aw9380x_para_loaded:823] reg_addr = 0x03c0, reg_data = 0x00010000
03-23 01:34:10.039   140   140 I aw9380x_cap 8-0012: [aw9380x_para_loaded:823] reg_addr = 0x03c4, reg_data = 0x80007530
03-23 01:34:10.040   140   140 I aw9380x_cap 8-0012: [aw9380x_para_loaded:823] reg_addr = 0x0530, reg_data = 0x00000000
03-23 01:34:10.040   140   140 I aw9380x_cap 8-0012: [aw9380x_para_loaded:823] reg_addr = 0x0534, reg_data = 0x00000000
03-23 01:34:10.040   140   140 I aw9380x_cap 8-0012: [aw9380x_para_loaded:823] reg_addr = 0x0538, reg_data = 0x00000000
03-23 01:34:10.040   140   140 I aw9380x_cap 8-0012: [aw9380x_para_loaded:823] reg_addr = 0x0540, reg_data = 0x00000000
03-23 01:34:10.041   140   140 I aw9380x_cap 8-0012: [aw9380x_para_loaded:823] reg_addr = 0x0544, reg_data = 0xffffffff
03-23 01:34:10.041   140   140 I aw9380x_cap 8-0012: [aw9380x_para_loaded:823] reg_addr = 0x0558, reg_data = 0x070004b0
03-23 01:34:10.041   140   140 I aw9380x_cap 8-0012: [aw9380x_para_loaded:823] reg_addr = 0x055c, reg_data = 0x0e000000
03-23 01:34:10.041   140   140 I aw9380x_cap 8-0012: [aw9380x_para_loaded:823] reg_addr = 0x0560, reg_data = 0xf2000000
03-23 01:34:10.041   140   140 I aw9380x_cap 8-0012: [aw9380x_para_loaded:823] reg_addr = 0x0564, reg_data = 0x02000000
03-23 01:34:10.042   140   140 I aw9380x_cap 8-0012: [aw9380x_para_loaded:823] reg_addr = 0x0568, reg_data = 0x02000000
03-23 01:34:10.042   140   140 I aw9380x_cap 8-0012: [aw9380x_para_loaded:823] reg_addr = 0x056c, reg_data = 0x00002000
03-23 01:34:10.042   140   140 I aw9380x_cap 8-0012: [aw9380x_para_loaded:823] reg_addr = 0x0570, reg_data = 0x00010000
03-23 01:34:10.042   140   140 I aw9380x_cap 8-0012: [aw9380x_para_loaded:823] reg_addr = 0x0574, reg_data = 0x80007530
03-23 01:34:10.043   140   140 I aw9380x_cap 8-0012: [aw9380x_para_loaded:823] reg_addr = 0x06e0, reg_data = 0x00000000
03-23 01:34:10.043   140   140 I aw9380x_cap 8-0012: [aw9380x_para_loaded:823] reg_addr = 0x06e4, reg_data = 0x00000000
03-23 01:34:10.043   140   140 I aw9380x_cap 8-0012: [aw9380x_para_loaded:823] reg_addr = 0x06e8, reg_data = 0x00000000
03-23 01:34:10.043   140   140 I aw9380x_cap 8-0012: [aw9380x_para_loaded:823] reg_addr = 0x06f0, reg_data = 0x00000000
03-23 01:34:10.044   140   140 I aw9380x_cap 8-0012: [aw9380x_para_loaded:823] reg_addr = 0x06f4, reg_data = 0xffffffff
03-23 01:34:10.044   140   140 I aw9380x_cap 8-0012: [aw9380x_para_loaded:823] reg_addr = 0x0708, reg_data = 0x070004b0
03-23 01:34:10.044   140   140 I aw9380x_cap 8-0012: [aw9380x_para_loaded:823] reg_addr = 0x070c, reg_data = 0x0e000000
03-23 01:34:10.044   140   140 I aw9380x_cap 8-0012: [aw9380x_para_loaded:823] reg_addr = 0x0710, reg_data = 0xf2000000
03-23 01:34:10.045   140   140 I aw9380x_cap 8-0012: [aw9380x_para_loaded:823] reg_addr = 0x0714, reg_data = 0x02000000
03-23 01:34:10.045   140   140 I aw9380x_cap 8-0012: [aw9380x_para_loaded:823] reg_addr = 0x0718, reg_data = 0x02000000
03-23 01:34:10.045   140   140 I aw9380x_cap 8-0012: [aw9380x_para_loaded:823] reg_addr = 0x071c, reg_data = 0x00002000
03-23 01:34:10.045   140   140 I aw9380x_cap 8-0012: [aw9380x_para_loaded:823] reg_addr = 0x0720, reg_data = 0x00010000
03-23 01:34:10.046   140   140 I aw9380x_cap 8-0012: [aw9380x_para_loaded:823] reg_addr = 0x0724, reg_data = 0x80007530
03-23 01:34:10.046   140   140 I aw9380x_cap 8-0012: [aw9380x_para_loaded:823] reg_addr = 0x0890, reg_data = 0x00000000
03-23 01:34:10.046   140   140 I aw9380x_cap 8-0012: [aw9380x_para_loaded:823] reg_addr = 0x0894, reg_data = 0x00000000
03-23 01:34:10.046   140   140 I aw9380x_cap 8-0012: [aw9380x_para_loaded:823] reg_addr = 0x0898, reg_data = 0x00000000
03-23 01:34:10.047   140   140 I aw9380x_cap 8-0012: [aw9380x_para_loaded:823] reg_addr = 0x08a0, reg_data = 0x00000000
03-23 01:34:10.047   140   140 I aw9380x_cap 8-0012: [aw9380x_para_loaded:823] reg_addr = 0x08a4, reg_data = 0xffffffff
03-23 01:34:10.047   140   140 I aw9380x_cap 8-0012: [aw9380x_para_loaded:823] reg_addr = 0x08b8, reg_data = 0x070004b0
03-23 01:34:10.047   140   140 I aw9380x_cap 8-0012: [aw9380x_para_loaded:823] reg_addr = 0x08bc, reg_data = 0x0e000000
03-23 01:34:10.048   140   140 I aw9380x_cap 8-0012: [aw9380x_para_loaded:823] reg_addr = 0x08c0, reg_data = 0xf2000000
03-23 01:34:10.048   140   140 I aw9380x_cap 8-0012: [aw9380x_para_loaded:823] reg_addr = 0x08c4, reg_data = 0x02000000
03-23 01:34:10.048   140   140 I aw9380x_cap 8-0012: [aw9380x_para_loaded:823] reg_addr = 0x08c8, reg_data = 0x02000000
03-23 01:34:10.048   140   140 I aw9380x_cap 8-0012: [aw9380x_para_loaded:823] reg_addr = 0x08cc, reg_data = 0x00002000
03-23 01:34:10.049   140   140 I aw9380x_cap 8-0012: [aw9380x_para_loaded:823] reg_addr = 0x08d0, reg_data = 0x00010000
03-23 01:34:10.049   140   140 I aw9380x_cap 8-0012: [aw9380x_para_loaded:823] reg_addr = 0x08d4, reg_data = 0x80007530
03-23 01:34:10.049   140   140 I aw9380x_cap 8-0012: [aw9380x_para_loaded:823] reg_addr = 0x0a40, reg_data = 0x00000000
03-23 01:34:10.049   140   140 I aw9380x_cap 8-0012: [aw9380x_para_loaded:823] reg_addr = 0x0a44, reg_data = 0x00000000
03-23 01:34:10.050   140   140 I aw9380x_cap 8-0012: [aw9380x_para_loaded:823] reg_addr = 0x0a48, reg_data = 0x00000000
03-23 01:34:10.050   140   140 I aw9380x_cap 8-0012: [aw9380x_para_loaded:823] reg_addr = 0x0a50, reg_data = 0x00000000
03-23 01:34:10.050   140   140 I aw9380x_cap 8-0012: [aw9380x_para_loaded:823] reg_addr = 0x0a54, reg_data = 0xffffffff
03-23 01:34:10.050   140   140 I aw9380x_cap 8-0012: [aw9380x_para_loaded:823] reg_addr = 0x0a68, reg_data = 0x070004b0
03-23 01:34:10.051   140   140 I aw9380x_cap 8-0012: [aw9380x_para_loaded:823] reg_addr = 0x0a6c, reg_data = 0x0e000000
03-23 01:34:10.051   140   140 I aw9380x_cap 8-0012: [aw9380x_para_loaded:823] reg_addr = 0x0a70, reg_data = 0xf2000000
03-23 01:34:10.051   140   140 I aw9380x_cap 8-0012: [aw9380x_para_loaded:823] reg_addr = 0x0a74, reg_data = 0x02000000
03-23 01:34:10.051   140   140 I aw9380x_cap 8-0012: [aw9380x_para_loaded:823] reg_addr = 0x0a78, reg_data = 0x02000000
03-23 01:34:10.051   140   140 I aw9380x_cap 8-0012: [aw9380x_para_loaded:823] reg_addr = 0x0a7c, reg_data = 0x00002000
03-23 01:34:10.052   140   140 I aw9380x_cap 8-0012: [aw9380x_para_loaded:823] reg_addr = 0x0a80, reg_data = 0x00010000
03-23 01:34:10.052   140   140 I aw9380x_cap 8-0012: [aw9380x_para_loaded:823] reg_addr = 0x0a84, reg_data = 0x80007530
03-23 01:34:10.052   140   140 I aw9380x_cap 8-0012: [aw9380x_para_loaded:823] reg_addr = 0x0bf0, reg_data = 0x00000000
03-23 01:34:10.052   140   140 I aw9380x_cap 8-0012: [aw9380x_para_loaded:823] reg_addr = 0x0bf4, reg_data = 0x00000000
03-23 01:34:10.053   140   140 I aw9380x_cap 8-0012: [aw9380x_para_loaded:823] reg_addr = 0x0bf8, reg_data = 0x00000000
03-23 01:34:10.053   140   140 I aw9380x_cap 8-0012: [aw9380x_para_loaded:823] reg_addr = 0x0c00, reg_data = 0x00000000
03-23 01:34:10.053   140   140 I aw9380x_cap 8-0012: [aw9380x_para_loaded:823] reg_addr = 0x0c04, reg_data = 0xffffffff
03-23 01:34:10.053   140   140 I aw9380x_cap 8-0012: [aw9380x_para_loaded:823] reg_addr = 0x0c18, reg_data = 0x070004b0
03-23 01:34:10.054   140   140 I aw9380x_cap 8-0012: [aw9380x_para_loaded:823] reg_addr = 0x0c1c, reg_data = 0x0e000000
03-23 01:34:10.054   140   140 I aw9380x_cap 8-0012: [aw9380x_para_loaded:823] reg_addr = 0x0c20, reg_data = 0xf2000000
03-23 01:34:10.054   140   140 I aw9380x_cap 8-0012: [aw9380x_para_loaded:823] reg_addr = 0x0c24, reg_data = 0x02000000
03-23 01:34:10.054   140   140 I aw9380x_cap 8-0012: [aw9380x_para_loaded:823] reg_addr = 0x0c28, reg_data = 0x02000000
03-23 01:34:10.055   140   140 I aw9380x_cap 8-0012: [aw9380x_para_loaded:823] reg_addr = 0x0c2c, reg_data = 0x00002000
03-23 01:34:10.055   140   140 I aw9380x_cap 8-0012: [aw9380x_para_loaded:823] reg_addr = 0x0c30, reg_data = 0x00010000
03-23 01:34:10.055   140   140 I aw9380x_cap 8-0012: [aw9380x_para_loaded:823] reg_addr = 0x0c34, reg_data = 0x80007530
03-23 01:34:10.055   140   140 I aw9380x_cap 8-0012: [aw9380x_para_loaded:823] reg_addr = 0x0da0, reg_data = 0x00000000
03-23 01:34:10.056   140   140 I aw9380x_cap 8-0012: [aw9380x_para_loaded:823] reg_addr = 0x0da4, reg_data = 0x00000000
03-23 01:34:10.056   140   140 I aw9380x_cap 8-0012: [aw9380x_para_loaded:823] reg_addr = 0x0da8, reg_data = 0x00000000
03-23 01:34:10.056   140   140 I aw9380x_cap 8-0012: [aw9380x_para_loaded:823] reg_addr = 0x0db0, reg_data = 0x00000000
03-23 01:34:10.056   140   140 I aw9380x_cap 8-0012: [aw9380x_para_loaded:823] reg_addr = 0x0db4, reg_data = 0xffffffff
03-23 01:34:10.057   140   140 I aw9380x_cap 8-0012: [aw9380x_para_loaded:823] reg_addr = 0x0dc8, reg_data = 0x070004b0
03-23 01:34:10.057   140   140 I aw9380x_cap 8-0012: [aw9380x_para_loaded:823] reg_addr = 0x0dcc, reg_data = 0x0e000000
03-23 01:34:10.057   140   140 I aw9380x_cap 8-0012: [aw9380x_para_loaded:823] reg_addr = 0x0dd0, reg_data = 0xf2000000
03-23 01:34:10.057   140   140 I aw9380x_cap 8-0012: [aw9380x_para_loaded:823] reg_addr = 0x0dd4, reg_data = 0x02000000
03-23 01:34:10.058   140   140 I aw9380x_cap 8-0012: [aw9380x_para_loaded:823] reg_addr = 0x0dd8, reg_data = 0x02000000
03-23 01:34:10.058   140   140 I aw9380x_cap 8-0012: [aw9380x_para_loaded:823] reg_addr = 0x0ddc, reg_data = 0x00002000
03-23 01:34:10.058   140   140 I aw9380x_cap 8-0012: [aw9380x_para_loaded:823] reg_addr = 0x0de0, reg_data = 0x00010000
03-23 01:34:10.058   140   140 I aw9380x_cap 8-0012: [aw9380x_para_loaded:823] reg_addr = 0x0de4, reg_data = 0x80007530
03-23 01:34:10.059   140   140 I aw9380x_cap 8-0012: [aw9380x_para_loaded:823] reg_addr = 0x0f50, reg_data = 0x00000000
03-23 01:34:10.059   140   140 I aw9380x_cap 8-0012: [aw9380x_para_loaded:823] reg_addr = 0x0f54, reg_data = 0x00000000
03-23 01:34:10.059   140   140 I aw9380x_cap 8-0012: [aw9380x_para_loaded:823] reg_addr = 0x0f58, reg_data = 0x00000000
03-23 01:34:10.059   140   140 I aw9380x_cap 8-0012: [aw9380x_para_loaded:823] reg_addr = 0x0f60, reg_data = 0x00000000
03-23 01:34:10.060   140   140 I aw9380x_cap 8-0012: [aw9380x_para_loaded:823] reg_addr = 0x0f64, reg_data = 0xffffffff
03-23 01:34:10.060   140   140 I aw9380x_cap 8-0012: [aw9380x_para_loaded:823] reg_addr = 0x0f78, reg_data = 0x070004b0
03-23 01:34:10.060   140   140 I aw9380x_cap 8-0012: [aw9380x_para_loaded:823] reg_addr = 0x0f7c, reg_data = 0x0e000000
03-23 01:34:10.060   140   140 I aw9380x_cap 8-0012: [aw9380x_para_loaded:823] reg_addr = 0x0f80, reg_data = 0xf2000000
03-23 01:34:10.061   140   140 I aw9380x_cap 8-0012: [aw9380x_para_loaded:823] reg_addr = 0x0f84, reg_data = 0x02000000
03-23 01:34:10.061   140   140 I aw9380x_cap 8-0012: [aw9380x_para_loaded:823] reg_addr = 0x0f88, reg_data = 0x02000000
03-23 01:34:10.061   140   140 I aw9380x_cap 8-0012: [aw9380x_para_loaded:823] reg_addr = 0x0f8c, reg_data = 0x00002000
03-23 01:34:10.061   140   140 I aw9380x_cap 8-0012: [aw9380x_para_loaded:823] reg_addr = 0x0f90, reg_data = 0x00010000
03-23 01:34:10.062   140   140 I aw9380x_cap 8-0012: [aw9380x_para_loaded:823] reg_addr = 0x0f94, reg_data = 0x80007530
03-23 01:34:10.062   140   140 I aw9380x_cap 8-0012: [aw9380x_para_loaded:823] reg_addr = 0x1100, reg_data = 0x00000000
03-23 01:34:10.062   140   140 I aw9380x_cap 8-0012: [aw9380x_para_loaded:823] reg_addr = 0x1104, reg_data = 0x00000000
03-23 01:34:10.062   140   140 I aw9380x_cap 8-0012: [aw9380x_para_loaded:823] reg_addr = 0x1108, reg_data = 0x00000000
03-23 01:34:10.063   140   140 I aw9380x_cap 8-0012: [aw9380x_para_loaded:823] reg_addr = 0x1110, reg_data = 0x00000000
03-23 01:34:10.063   140   140 I aw9380x_cap 8-0012: [aw9380x_para_loaded:823] reg_addr = 0x1114, reg_data = 0xffffffff
03-23 01:34:10.063   140   140 I aw9380x_cap 8-0012: [aw9380x_para_loaded:823] reg_addr = 0x1128, reg_data = 0x070004b0
03-23 01:34:10.063   140   140 I aw9380x_cap 8-0012: [aw9380x_para_loaded:823] reg_addr = 0x112c, reg_data = 0x0e000000
03-23 01:34:10.063   140   140 I aw9380x_cap 8-0012: [aw9380x_para_loaded:823] reg_addr = 0x1130, reg_data = 0xf2000000
03-23 01:34:10.064   140   140 I aw9380x_cap 8-0012: [aw9380x_para_loaded:823] reg_addr = 0x1134, reg_data = 0x02000000
03-23 01:34:10.064   140   140 I aw9380x_cap 8-0012: [aw9380x_para_loaded:823] reg_addr = 0x1138, reg_data = 0x02000000
03-23 01:34:10.064   140   140 I aw9380x_cap 8-0012: [aw9380x_para_loaded:823] reg_addr = 0x113c, reg_data = 0x00002000
03-23 01:34:10.064   140   140 I aw9380x_cap 8-0012: [aw9380x_para_loaded:823] reg_addr = 0x1140, reg_data = 0x00010000
03-23 01:34:10.065   140   140 I aw9380x_cap 8-0012: [aw9380x_para_loaded:823] reg_addr = 0x1144, reg_data = 0x80007530
03-23 01:34:10.065   140   140 I aw9380x_cap 8-0012: [aw9380x_para_loaded:823] reg_addr = 0x12b0, reg_data = 0x00000000
03-23 01:34:10.065   140   140 I aw9380x_cap 8-0012: [aw9380x_para_loaded:823] reg_addr = 0x12b4, reg_data = 0x00000000
03-23 01:34:10.065   140   140 I aw9380x_cap 8-0012: [aw9380x_para_loaded:823] reg_addr = 0x12b8, reg_data = 0x00000000
03-23 01:34:10.066   140   140 I aw9380x_cap 8-0012: [aw9380x_para_loaded:823] reg_addr = 0x12c0, reg_data = 0x00000000
03-23 01:34:10.066   140   140 I aw9380x_cap 8-0012: [aw9380x_para_loaded:823] reg_addr = 0x12c4, reg_data = 0xffffffff
03-23 01:34:10.066   140   140 I aw9380x_cap 8-0012: [aw9380x_para_loaded:823] reg_addr = 0x12d8, reg_data = 0x070004b0
03-23 01:34:10.066   140   140 I aw9380x_cap 8-0012: [aw9380x_para_loaded:823] reg_addr = 0x12dc, reg_data = 0x0e000000
03-23 01:34:10.067   140   140 I aw9380x_cap 8-0012: [aw9380x_para_loaded:823] reg_addr = 0x12e0, reg_data = 0xf2000000
03-23 01:34:10.067   140   140 I aw9380x_cap 8-0012: [aw9380x_para_loaded:823] reg_addr = 0x12e4, reg_data = 0x02000000
03-23 01:34:10.067   140   140 I aw9380x_cap 8-0012: [aw9380x_para_loaded:823] reg_addr = 0x12e8, reg_data = 0x02000000
03-23 01:34:10.067   140   140 I aw9380x_cap 8-0012: [aw9380x_para_loaded:823] reg_addr = 0x12ec, reg_data = 0x00002000
03-23 01:34:10.068   140   140 I aw9380x_cap 8-0012: [aw9380x_para_loaded:823] reg_addr = 0x12f0, reg_data = 0x00010000
03-23 01:34:10.068   140   140 I aw9380x_cap 8-0012: [aw9380x_para_loaded:823] reg_addr = 0x12f4, reg_data = 0x80007530
03-23 01:34:10.068   140   140 I aw9380x_cap 8-0012: [aw9380x_para_loaded:823] reg_addr = 0x1460, reg_data = 0x00000000
03-23 01:34:10.068   140   140 I aw9380x_cap 8-0012: [aw9380x_para_loaded:823] reg_addr = 0x1464, reg_data = 0x00000000
03-23 01:34:10.069   140   140 I aw9380x_cap 8-0012: [aw9380x_para_loaded:823] reg_addr = 0x1468, reg_data = 0x00000000
03-23 01:34:10.069   140   140 I aw9380x_cap 8-0012: [aw9380x_para_loaded:823] reg_addr = 0x1470, reg_data = 0x00000000
03-23 01:34:10.069   140   140 I aw9380x_cap 8-0012: [aw9380x_para_loaded:823] reg_addr = 0x1474, reg_data = 0xffffffff
03-23 01:34:10.069   140   140 I aw9380x_cap 8-0012: [aw9380x_para_loaded:823] reg_addr = 0x1488, reg_data = 0x070004b0
03-23 01:34:10.069   140   140 I aw9380x_cap 8-0012: [aw9380x_para_loaded:823] reg_addr = 0x148c, reg_data = 0x0e000000
03-23 01:34:10.070   140   140 I aw9380x_cap 8-0012: [aw9380x_para_loaded:823] reg_addr = 0x1490, reg_data = 0xf2000000
03-23 01:34:10.070   140   140 I aw9380x_cap 8-0012: [aw9380x_para_loaded:823] reg_addr = 0x1494, reg_data = 0x02000000
03-23 01:34:10.070   140   140 I aw9380x_cap 8-0012: [aw9380x_para_loaded:823] reg_addr = 0x1498, reg_data = 0x02000000
03-23 01:34:10.070   140   140 I aw9380x_cap 8-0012: [aw9380x_para_loaded:823] reg_addr = 0x149c, reg_data = 0x00002000
03-23 01:34:10.071   140   140 I aw9380x_cap 8-0012: [aw9380x_para_loaded:823] reg_addr = 0x14a0, reg_data = 0x00010000
03-23 01:34:10.071   140   140 I aw9380x_cap 8-0012: [aw9380x_para_loaded:823] reg_addr = 0x14a4, reg_data = 0x80007530
03-23 01:34:10.071   140   140 I aw9380x_cap 8-0012: [aw9380x_para_loaded:823] reg_addr = 0xf084, reg_data = 0x000f0fff
03-23 01:34:10.071   140   140 I aw9380x_cap 8-0012: [aw9380x_para_loaded:823] reg_addr = 0x004c, reg_data = 0xffffffff
03-23 01:34:10.072   140   140 I aw9380x_cap 8-0012: [aw9380x_para_loaded:823] reg_addr = 0x0050, reg_data = 0xffffffff
03-23 01:34:10.072   140   140 I aw9380x_cap 8-0012: [aw9380x_para_loaded:826] para writen completely
03-23 01:34:10.072   140   140 I aw9380x_cap 8-0012: [aw9380x_update_ch_en:325] ch_en_val old:0x000000FF
03-23 01:34:10.076   140   140 I aw9380x_cap 8-0012: [aw9380x_update_ch_en:336] ch_en_val new:0x0000007F
03-23 01:34:10.077   140   140 I aw9380x_cap 8-0012: [aw9380x_fct_cali_coef_def_read:2521] ch=0, diff=0, weight=0, cali_coef_def=0
03-23 01:34:10.078   412   412 I aw9380x_cap 8-0012: [aw9380x_rc_irqscr:3728] i2c read reg: 0xf080, val= 0
03-23 01:34:10.078   412   412 I aw9380x_cap 8-0012: [aw9380x_cap_default_irq_handle:4109] gpio_low_count 0
03-23 01:34:10.078   140   140 I aw9380x_cap 8-0012: [aw9380x_fct_cali_coef_def_read:2521] ch=1, diff=0, weight=0, cali_coef_def=0
03-23 01:34:10.078   412   412 I aw9380x_cap 8-0012: [aw9380x_irq_handle_func:4065] IRQSEN = 0x000F0FFF
03-23 01:34:10.078   412   412 I aw9380x_cap 8-0012: [aw9380x_irq_handle_func:4067] IRQSRC = 0x00000000
03-23 01:34:10.078   412   412 I aw9380x_cap 8-0012: [aw9380x_noth_button_key_report:3855] touch0_state Cap 0 Force 0 currentBtn 2
03-23 01:34:10.078   412   412 I aw9380x_cap 8-0012: [aw9380x_noth_button_key_report:3875] KeyCode 251 newBtn(0/UP) 0 2025-12-19 16:13:01.502582331 UTC
03-23 01:34:10.079   140   140 I aw9380x_cap 8-0012: [aw9380x_fct_cali_coef_def_read:2521] ch=2, diff=0, weight=0, cali_coef_def=0
03-23 01:34:10.079   140   140 I aw9380x_cap 8-0012: [aw9380x_fct_cali_coef_def_read:2521] ch=3, diff=0, weight=0, cali_coef_def=0
03-23 01:34:10.080   140   140 I aw9380x_cap 8-0012: [aw9380x_fct_cali_coef_def_read:2521] ch=4, diff=0, weight=0, cali_coef_def=0
03-23 01:34:10.080   140   140 I aw9380x_cap 8-0012: [aw9380x_fct_cali_coef_def_read:2521] ch=5, diff=0, weight=0, cali_coef_def=0
03-23 01:34:10.080   140   140 I aw9380x_cap 8-0012: [aw9380x_fct_cali_coef_def_read:2521] ch=6, diff=0, weight=0, cali_coef_def=0
03-23 01:34:10.081   140   140 I aw9380x_cap 8-0012: [aw9380x_fct_cali_coef_def_read:2521] ch=7, diff=0, weight=0, cali_coef_def=0
03-23 01:34:10.081   140   140 I aw9380x_cap 8-0012: [aw9380x_fct_cali_coef_def_read:2521] ch=8, diff=0, weight=0, cali_coef_def=0
03-23 01:34:10.081   140   140 I aw9380x_cap 8-0012: [aw9380x_fct_cali_coef_def_read:2521] ch=9, diff=0, weight=0, cali_coef_def=0
03-23 01:34:10.082   140   140 I aw9380x_cap 8-0012: [aw9380x_fct_cali_coef_def_read:2521] ch=10, diff=0, weight=0, cali_coef_def=0
03-23 01:34:10.082   140   140 I aw9380x_cap 8-0012: [aw9380x_fct_cali_coef_def_read:2521] ch=11, diff=0, weight=0, cali_coef_def=0
03-23 01:34:10.082   140   140 I aw9380x_cap 8-0012: [aw9380x_fct_data_write_back_to_fw:2802] Enter
03-23 01:34:10.082   140   140 I aw9380x_cap 8-0012: [aw9380x_fct_data_read_from_flash:2787] Enter
03-23 01:34:10.089   409   409 I         : [matrix-leds] write bytes len 4106, ret 0
03-23 01:34:10.225   409   409 I         : [matrix-leds] write bytes len 4106, ret 0
03-23 01:34:10.361   409   409 I         : [matrix-leds] write bytes len 4106, ret 0
03-23 01:34:10.433   412   412 I aw9380x_cap 8-0012: [aw9380x_rc_irqscr:3728] i2c read reg: 0xf080, val= 24
03-23 01:34:10.433   412   412 I aw9380x_cap 8-0012: [aw9380x_cap_default_irq_handle:4109] gpio_low_count 0
03-23 01:34:10.433   412   412 I aw9380x_cap 8-0012: [aw9380x_irq_handle_func:4065] IRQSEN = 0x000F0FFF
03-23 01:34:10.433   412   412 I aw9380x_cap 8-0012: [aw9380x_irq_handle_func:4067] IRQSRC = 0x00000018
03-23 01:34:10.434   412   412 I aw9380x_cap 8-0012: [aw9380x_noth_button_key_report:3855] touch0_state Cap 0 Force 0 currentBtn 0
03-23 01:34:10.475   412   412 I aw9380x_cap 8-0012: [aw9380x_rc_irqscr:3728] i2c read reg: 0xf080, val= 16
03-23 01:34:10.475   412   412 I aw9380x_cap 8-0012: [aw9380x_cap_default_irq_handle:4109] gpio_low_count 0
03-23 01:34:10.475   412   412 I aw9380x_cap 8-0012: [aw9380x_irq_handle_func:4065] IRQSEN = 0x000F0FFF
03-23 01:34:10.475   412   412 I aw9380x_cap 8-0012: [aw9380x_irq_handle_func:4067] IRQSRC = 0x00000010
03-23 01:34:10.476   412   412 I aw9380x_cap 8-0012: [aw9380x_noth_button_key_report:3855] touch0_state Cap 0 Force 0 currentBtn 0
03-23 01:34:10.497   412   412 I aw9380x_cap 8-0012: [aw9380x_rc_irqscr:3728] i2c read reg: 0xf080, val= 16
03-23 01:34:10.497   412   412 I aw9380x_cap 8-0012: [aw9380x_cap_default_irq_handle:4109] gpio_low_count 0
03-23 01:34:10.497   409   409 I         : [matrix-leds] write bytes len 4106, ret 0
03-23 01:34:10.497   412   412 I aw9380x_cap 8-0012: [aw9380x_irq_handle_func:4065] IRQSEN = 0x000F0FFF
03-23 01:34:10.497   412   412 I aw9380x_cap 8-0012: [aw9380x_irq_handle_func:4067] IRQSRC = 0x00000010
03-23 01:34:10.498   412   412 I aw9380x_cap 8-0012: [aw9380x_noth_button_key_report:3855] touch0_state Cap 0 Force 0 currentBtn 0
03-23 01:34:10.539   412   412 I aw9380x_cap 8-0012: [aw9380x_rc_irqscr:3728] i2c read reg: 0xf080, val= 16
03-23 01:34:10.539   412   412 I aw9380x_cap 8-0012: [aw9380x_cap_default_irq_handle:4109] gpio_low_count 0
03-23 01:34:10.540   412   412 I aw9380x_cap 8-0012: [aw9380x_irq_handle_func:4065] IRQSEN = 0x000F0FFF
03-23 01:34:10.540   412   412 I aw9380x_cap 8-0012: [aw9380x_irq_handle_func:4067] IRQSRC = 0x00000010
03-23 01:34:10.540   412   412 I aw9380x_cap 8-0012: [aw9380x_noth_button_key_report:3855] touch0_state Cap 0 Force 0 currentBtn 0
03-23 01:34:10.561   412   412 I aw9380x_cap 8-0012: [aw9380x_rc_irqscr:3728] i2c read reg: 0xf080, val= 16
03-23 01:34:10.561   412   412 I aw9380x_cap 8-0012: [aw9380x_cap_default_irq_handle:4109] gpio_low_count 0
03-23 01:34:10.562   412   412 I aw9380x_cap 8-0012: [aw9380x_irq_handle_func:4065] IRQSEN = 0x000F0FFF
03-23 01:34:10.562   412   412 I aw9380x_cap 8-0012: [aw9380x_irq_handle_func:4067] IRQSRC = 0x00000010
03-23 01:34:10.562   412   412 I aw9380x_cap 8-0012: [aw9380x_noth_button_key_report:3855] touch0_state Cap 0 Force 0 currentBtn 0
12-19 16:13:02.031   434   434 W ServiceManager: Waited one second for android.system.keystore2.IKeystoreService/default (is service started? are binder threads started and available?)
12-19 16:13:02.031   430   430 I servicemanager: Since 'android.system.keystore2.IKeystoreService/default' could not be found, trying to start it as a lazy AIDL service
03-23 01:34:10.604   412   412 I aw9380x_cap 8-0012: [aw9380x_rc_irqscr:3728] i2c read reg: 0xf080, val= 16
03-23 01:34:10.604   412   412 I aw9380x_cap 8-0012: [aw9380x_cap_default_irq_handle:4109] gpio_low_count 0
03-23 01:34:10.604   412   412 I aw9380x_cap 8-0012: [aw9380x_irq_handle_func:4065] IRQSEN = 0x000F0FFF
03-23 01:34:10.604   412   412 I aw9380x_cap 8-0012: [aw9380x_irq_handle_func:4067] IRQSRC = 0x00000010
03-23 01:34:10.605   412   412 I aw9380x_cap 8-0012: [aw9380x_noth_button_key_report:3855] touch0_state Cap 0 Force 0 currentBtn 0
03-23 01:34:10.626   412   412 I aw9380x_cap 8-0012: [aw9380x_rc_irqscr:3728] i2c read reg: 0xf080, val= 16
03-23 01:34:10.626   412   412 I aw9380x_cap 8-0012: [aw9380x_cap_default_irq_handle:4109] gpio_low_count 0
03-23 01:34:10.626   412   412 I aw9380x_cap 8-0012: [aw9380x_irq_handle_func:4065] IRQSEN = 0x000F0FFF
03-23 01:34:10.626   412   412 I aw9380x_cap 8-0012: [aw9380x_irq_handle_func:4067] IRQSRC = 0x00000010
03-23 01:34:10.627   412   412 I aw9380x_cap 8-0012: [aw9380x_noth_button_key_report:3855] touch0_state Cap 0 Force 0 currentBtn 0
03-23 01:34:10.633   409   409 I         : [matrix-leds] write bytes len 4106, ret 0
03-23 01:34:10.668   412   412 I aw9380x_cap 8-0012: [aw9380x_rc_irqscr:3728] i2c read reg: 0xf080, val= 16
03-23 01:34:10.668   412   412 I aw9380x_cap 8-0012: [aw9380x_cap_default_irq_handle:4109] gpio_low_count 0
03-23 01:34:10.669   412   412 I aw9380x_cap 8-0012: [aw9380x_irq_handle_func:4065] IRQSEN = 0x000F0FFF
03-23 01:34:10.669   412   412 I aw9380x_cap 8-0012: [aw9380x_irq_handle_func:4067] IRQSRC = 0x00000010
03-23 01:34:10.669   412   412 I aw9380x_cap 8-0012: [aw9380x_noth_button_key_report:3855] touch0_state Cap 0 Force 0 currentBtn 0
03-23 01:34:10.690   412   412 I aw9380x_cap 8-0012: [aw9380x_rc_irqscr:3728] i2c read reg: 0xf080, val= 16
03-23 01:34:10.690   412   412 I aw9380x_cap 8-0012: [aw9380x_cap_default_irq_handle:4109] gpio_low_count 0
03-23 01:34:10.690   412   412 I aw9380x_cap 8-0012: [aw9380x_irq_handle_func:4065] IRQSEN = 0x000F0FFF
03-23 01:34:10.690   412   412 I aw9380x_cap 8-0012: [aw9380x_irq_handle_func:4067] IRQSRC = 0x00000010
03-23 01:34:10.691   412   412 I aw9380x_cap 8-0012: [aw9380x_noth_button_key_report:3855] touch0_state Cap 0 Force 0 currentBtn 0
03-23 01:34:10.733   412   412 I aw9380x_cap 8-0012: [aw9380x_rc_irqscr:3728] i2c read reg: 0xf080, val= 16
03-23 01:34:10.733   412   412 I aw9380x_cap 8-0012: [aw9380x_cap_default_irq_handle:4109] gpio_low_count 0
03-23 01:34:10.733   412   412 I aw9380x_cap 8-0012: [aw9380x_irq_handle_func:4065] IRQSEN = 0x000F0FFF
03-23 01:34:10.733   412   412 I aw9380x_cap 8-0012: [aw9380x_irq_handle_func:4067] IRQSRC = 0x00000010
03-23 01:34:10.734   412   412 I aw9380x_cap 8-0012: [aw9380x_noth_button_key_report:3855] touch0_state Cap 0 Force 0 currentBtn 0
03-23 01:34:10.754   412   412 I aw9380x_cap 8-0012: [aw9380x_rc_irqscr:3728] i2c read reg: 0xf080, val= 16
03-23 01:34:10.754   412   412 I aw9380x_cap 8-0012: [aw9380x_cap_default_irq_handle:4109] gpio_low_count 0
03-23 01:34:10.755   412   412 I aw9380x_cap 8-0012: [aw9380x_irq_handle_func:4065] IRQSEN = 0x000F0FFF
03-23 01:34:10.755   412   412 I aw9380x_cap 8-0012: [aw9380x_irq_handle_func:4067] IRQSRC = 0x00000010
03-23 01:34:10.755   412   412 I aw9380x_cap 8-0012: [aw9380x_noth_button_key_report:3855] touch0_state Cap 0 Force 0 currentBtn 0
03-23 01:34:10.769   409   409 I         : [matrix-leds] write bytes len 4106, ret 0
03-23 01:34:10.797   412   412 I aw9380x_cap 8-0012: [aw9380x_rc_irqscr:3728] i2c read reg: 0xf080, val= 16
03-23 01:34:10.797   412   412 I aw9380x_cap 8-0012: [aw9380x_cap_default_irq_handle:4109] gpio_low_count 0
03-23 01:34:10.797   412   412 I aw9380x_cap 8-0012: [aw9380x_irq_handle_func:4065] IRQSEN = 0x000F0FFF
03-23 01:34:10.797   412   412 I aw9380x_cap 8-0012: [aw9380x_irq_handle_func:4067] IRQSRC = 0x00000010
03-23 01:34:10.798   412   412 I aw9380x_cap 8-0012: [aw9380x_noth_button_key_report:3855] touch0_state Cap 0 Force 0 currentBtn 0
03-23 01:34:10.819   412   412 I aw9380x_cap 8-0012: [aw9380x_rc_irqscr:3728] i2c read reg: 0xf080, val= 16
03-23 01:34:10.819   412   412 I aw9380x_cap 8-0012: [aw9380x_cap_default_irq_handle:4109] gpio_low_count 0
03-23 01:34:10.819   412   412 I aw9380x_cap 8-0012: [aw9380x_irq_handle_func:4065] IRQSEN = 0x000F0FFF
03-23 01:34:10.819   412   412 I aw9380x_cap 8-0012: [aw9380x_irq_handle_func:4067] IRQSRC = 0x00000010
03-23 01:34:10.820   412   412 I aw9380x_cap 8-0012: [aw9380x_noth_button_key_report:3855] touch0_state Cap 0 Force 0 currentBtn 0
03-23 01:34:10.861   412   412 I aw9380x_cap 8-0012: [aw9380x_rc_irqscr:3728] i2c read reg: 0xf080, val= 16
03-23 01:34:10.861   412   412 I aw9380x_cap 8-0012: [aw9380x_cap_default_irq_handle:4109] gpio_low_count 0
03-23 01:34:10.862   412   412 I aw9380x_cap 8-0012: [aw9380x_irq_handle_func:4065] IRQSEN = 0x000F0FFF
03-23 01:34:10.862   412   412 I aw9380x_cap 8-0012: [aw9380x_irq_handle_func:4067] IRQSRC = 0x00000010
03-23 01:34:10.862   412   412 I aw9380x_cap 8-0012: [aw9380x_noth_button_key_report:3855] touch0_state Cap 0 Force 0 currentBtn 0
03-23 01:34:10.883   412   412 I aw9380x_cap 8-0012: [aw9380x_rc_irqscr:3728] i2c read reg: 0xf080, val= 16
03-23 01:34:10.883   412   412 I aw9380x_cap 8-0012: [aw9380x_cap_default_irq_handle:4109] gpio_low_count 0
03-23 01:34:10.884   412   412 I aw9380x_cap 8-0012: [aw9380x_irq_handle_func:4065] IRQSEN = 0x000F0FFF
03-23 01:34:10.884   412   412 I aw9380x_cap 8-0012: [aw9380x_irq_handle_func:4067] IRQSRC = 0x00000010
03-23 01:34:10.884   412   412 I aw9380x_cap 8-0012: [aw9380x_noth_button_key_report:3855] touch0_state Cap 0 Force 0 currentBtn 0
03-23 01:34:10.905   409   409 I         : [matrix-leds] write bytes len 4106, ret 0
03-23 01:34:10.926   412   412 I aw9380x_cap 8-0012: [aw9380x_rc_irqscr:3728] i2c read reg: 0xf080, val= 16
03-23 01:34:10.926   412   412 I aw9380x_cap 8-0012: [aw9380x_cap_default_irq_handle:4109] gpio_low_count 0
03-23 01:34:10.926   412   412 I aw9380x_cap 8-0012: [aw9380x_irq_handle_func:4065] IRQSEN = 0x000F0FFF
03-23 01:34:10.926   412   412 I aw9380x_cap 8-0012: [aw9380x_irq_handle_func:4067] IRQSRC = 0x00000010
03-23 01:34:10.927   412   412 I aw9380x_cap 8-0012: [aw9380x_noth_button_key_report:3855] touch0_state Cap 0 Force 0 currentBtn 0
03-23 01:34:10.948   412   412 I aw9380x_cap 8-0012: [aw9380x_rc_irqscr:3728] i2c read reg: 0xf080, val= 16
03-23 01:34:10.948   412   412 I aw9380x_cap 8-0012: [aw9380x_cap_default_irq_handle:4109] gpio_low_count 0
03-23 01:34:10.948   412   412 I aw9380x_cap 8-0012: [aw9380x_irq_handle_func:4065] IRQSEN = 0x000F0FFF
03-23 01:34:10.948   412   412 I aw9380x_cap 8-0012: [aw9380x_irq_handle_func:4067] IRQSRC = 0x00000010
03-23 01:34:10.949   412   412 I aw9380x_cap 8-0012: [aw9380x_noth_button_key_report:3855] touch0_state Cap 0 Force 0 currentBtn 0
03-23 01:34:10.990   412   412 I aw9380x_cap 8-0012: [aw9380x_rc_irqscr:3728] i2c read reg: 0xf080, val= 16
03-23 01:34:10.990   412   412 I aw9380x_cap 8-0012: [aw9380x_cap_default_irq_handle:4109] gpio_low_count 0
03-23 01:34:10.991   412   412 I aw9380x_cap 8-0012: [aw9380x_irq_handle_func:4065] IRQSEN = 0x000F0FFF
03-23 01:34:10.991   412   412 I aw9380x_cap 8-0012: [aw9380x_irq_handle_func:4067] IRQSRC = 0x00000010
03-23 01:34:10.991   412   412 I aw9380x_cap 8-0012: [aw9380x_noth_button_key_report:3855] touch0_state Cap 0 Force 0 currentBtn 0
03-23 01:34:11.012   412   412 I aw9380x_cap 8-0012: [aw9380x_rc_irqscr:3728] i2c read reg: 0xf080, val= 16
03-23 01:34:11.012   412   412 I aw9380x_cap 8-0012: [aw9380x_cap_default_irq_handle:4109] gpio_low_count 0
03-23 01:34:11.012   412   412 I aw9380x_cap 8-0012: [aw9380x_irq_handle_func:4065] IRQSEN = 0x000F0FFF
03-23 01:34:11.012   412   412 I aw9380x_cap 8-0012: [aw9380x_irq_handle_func:4067] IRQSRC = 0x00000010
03-23 01:34:11.013   412   412 I aw9380x_cap 8-0012: [aw9380x_noth_button_key_report:3855] touch0_state Cap 0 Force 0 currentBtn 0
03-23 01:34:11.041   409   409 I         : [matrix-leds] write bytes len 4106, ret 0
03-23 01:34:11.055   412   412 I aw9380x_cap 8-0012: [aw9380x_rc_irqscr:3728] i2c read reg: 0xf080, val= 16
03-23 01:34:11.055   412   412 I aw9380x_cap 8-0012: [aw9380x_cap_default_irq_handle:4109] gpio_low_count 0
03-23 01:34:11.055   412   412 I aw9380x_cap 8-0012: [aw9380x_irq_handle_func:4065] IRQSEN = 0x000F0FFF
03-23 01:34:11.055   412   412 I aw9380x_cap 8-0012: [aw9380x_irq_handle_func:4067] IRQSRC = 0x00000010
03-23 01:34:11.056   412   412 I aw9380x_cap 8-0012: [aw9380x_noth_button_key_report:3855] touch0_state Cap 0 Force 0 currentBtn 0
03-23 01:34:11.077   412   412 I aw9380x_cap 8-0012: [aw9380x_rc_irqscr:3728] i2c read reg: 0xf080, val= 16
03-23 01:34:11.077   412   412 I aw9380x_cap 8-0012: [aw9380x_cap_default_irq_handle:4109] gpio_low_count 0
03-23 01:34:11.077   412   412 I aw9380x_cap 8-0012: [aw9380x_irq_handle_func:4065] IRQSEN = 0x000F0FFF
03-23 01:34:11.077   412   412 I aw9380x_cap 8-0012: [aw9380x_irq_handle_func:4067] IRQSRC = 0x00000010
03-23 01:34:11.078   412   412 I aw9380x_cap 8-0012: [aw9380x_noth_button_key_report:3855] touch0_state Cap 0 Force 0 currentBtn 0
03-23 01:34:11.119   412   412 I aw9380x_cap 8-0012: [aw9380x_rc_irqscr:3728] i2c read reg: 0xf080, val= 16
03-23 01:34:11.119   412   412 I aw9380x_cap 8-0012: [aw9380x_cap_default_irq_handle:4109] gpio_low_count 0
03-23 01:34:11.120   412   412 I aw9380x_cap 8-0012: [aw9380x_irq_handle_func:4065] IRQSEN = 0x000F0FFF
03-23 01:34:11.120   412   412 I aw9380x_cap 8-0012: [aw9380x_irq_handle_func:4067] IRQSRC = 0x00000010
03-23 01:34:11.120   412   412 I aw9380x_cap 8-0012: [aw9380x_noth_button_key_report:3855] touch0_state Cap 0 Force 0 currentBtn 0
03-23 01:34:11.141   412   412 I aw9380x_cap 8-0012: [aw9380x_rc_irqscr:3728] i2c read reg: 0xf080, val= 16
03-23 01:34:11.141   412   412 I aw9380x_cap 8-0012: [aw9380x_cap_default_irq_handle:4109] gpio_low_count 0
03-23 01:34:11.141   412   412 I aw9380x_cap 8-0012: [aw9380x_irq_handle_func:4065] IRQSEN = 0x000F0FFF
03-23 01:34:11.141   412   412 I aw9380x_cap 8-0012: [aw9380x_irq_handle_func:4067] IRQSRC = 0x00000010
03-23 01:34:11.142   412   412 I aw9380x_cap 8-0012: [aw9380x_noth_button_key_report:3855] touch0_state Cap 0 Force 0 currentBtn 0
03-23 01:34:11.177   409   409 I         : [matrix-leds] write bytes len 4018, ret 0
03-23 01:34:11.184   412   412 I aw9380x_cap 8-0012: [aw9380x_rc_irqscr:3728] i2c read reg: 0xf080, val= 16
03-23 01:34:11.184   412   412 I aw9380x_cap 8-0012: [aw9380x_cap_default_irq_handle:4109] gpio_low_count 0
03-23 01:34:11.184   412   412 I aw9380x_cap 8-0012: [aw9380x_irq_handle_func:4065] IRQSEN = 0x000F0FFF
03-23 01:34:11.184   412   412 I aw9380x_cap 8-0012: [aw9380x_irq_handle_func:4067] IRQSRC = 0x00000010
03-23 01:34:11.185   412   412 I aw9380x_cap 8-0012: [aw9380x_noth_button_key_report:3855] touch0_state Cap 0 Force 0 currentBtn 0
03-23 01:34:11.205   412   412 I aw9380x_cap 8-0012: [aw9380x_rc_irqscr:3728] i2c read reg: 0xf080, val= 16
03-23 01:34:11.205   412   412 I aw9380x_cap 8-0012: [aw9380x_cap_default_irq_handle:4109] gpio_low_count 0
03-23 01:34:11.206   412   412 I aw9380x_cap 8-0012: [aw9380x_irq_handle_func:4065] IRQSEN = 0x000F0FFF
03-23 01:34:11.206   412   412 I aw9380x_cap 8-0012: [aw9380x_irq_handle_func:4067] IRQSRC = 0x00000010
03-23 01:34:11.207   412   412 I aw9380x_cap 8-0012: [aw9380x_noth_button_key_report:3855] touch0_state Cap 0 Force 0 currentBtn 0
03-23 01:34:11.248   412   412 I aw9380x_cap 8-0012: [aw9380x_rc_irqscr:3728] i2c read reg: 0xf080, val= 16
03-23 01:34:11.248   412   412 I aw9380x_cap 8-0012: [aw9380x_cap_default_irq_handle:4109] gpio_low_count 0
03-23 01:34:11.248   412   412 I aw9380x_cap 8-0012: [aw9380x_irq_handle_func:4065] IRQSEN = 0x000F0FFF
03-23 01:34:11.248   412   412 I aw9380x_cap 8-0012: [aw9380x_irq_handle_func:4067] IRQSRC = 0x00000010
03-23 01:34:11.249   412   412 I aw9380x_cap 8-0012: [aw9380x_noth_button_key_report:3855] touch0_state Cap 0 Force 0 currentBtn 0
03-23 01:34:11.270   412   412 I aw9380x_cap 8-0012: [aw9380x_rc_irqscr:3728] i2c read reg: 0xf080, val= 16
03-23 01:34:11.270   412   412 I aw9380x_cap 8-0012: [aw9380x_cap_default_irq_handle:4109] gpio_low_count 0
03-23 01:34:11.270   412   412 I aw9380x_cap 8-0012: [aw9380x_irq_handle_func:4065] IRQSEN = 0x000F0FFF
03-23 01:34:11.270   412   412 I aw9380x_cap 8-0012: [aw9380x_irq_handle_func:4067] IRQSRC = 0x00000010
03-23 01:34:11.271   412   412 I aw9380x_cap 8-0012: [aw9380x_noth_button_key_report:3855] touch0_state Cap 0 Force 0 currentBtn 0
03-23 01:34:11.280   409   409 I         : [matrix-leds] Video data successfully loaded.
03-23 01:34:11.280   409   409 I [matrix-leds] power_ctrl: power_on 0
03-23 01:34:11.281   409   409 I         : [matrix-leds] write bytes len 14, ret 0
03-23 01:34:11.312   412   412 I aw9380x_cap 8-0012: [aw9380x_rc_irqscr:3728] i2c read reg: 0xf080, val= 16
03-23 01:34:11.312   412   412 I aw9380x_cap 8-0012: [aw9380x_cap_default_irq_handle:4109] gpio_low_count 0
03-23 01:34:11.313   412   412 I aw9380x_cap 8-0012: [aw9380x_irq_handle_func:4065] IRQSEN = 0x000F0FFF
03-23 01:34:11.313   412   412 I aw9380x_cap 8-0012: [aw9380x_irq_handle_func:4067] IRQSRC = 0x00000010
03-23 01:34:11.313   412   412 I aw9380x_cap 8-0012: [aw9380x_noth_button_key_report:3855] touch0_state Cap 0 Force 0 currentBtn 0
03-23 01:34:11.334   412   412 I aw9380x_cap 8-0012: [aw9380x_rc_irqscr:3728] i2c read reg: 0xf080, val= 16
03-23 01:34:11.334   412   412 I aw9380x_cap 8-0012: [aw9380x_cap_default_irq_handle:4109] gpio_low_count 0
03-23 01:34:11.335   412   412 I aw9380x_cap 8-0012: [aw9380x_irq_handle_func:4065] IRQSEN = 0x000F0FFF
03-23 01:34:11.335   412   412 I aw9380x_cap 8-0012: [aw9380x_irq_handle_func:4067] IRQSRC = 0x00000010
03-23 01:34:11.335   412   412 I aw9380x_cap 8-0012: [aw9380x_noth_button_key_report:3855] touch0_state Cap 0 Force 0 currentBtn 0
03-23 01:34:11.377   412   412 I aw9380x_cap 8-0012: [aw9380x_rc_irqscr:3728] i2c read reg: 0xf080, val= 16
03-23 01:34:11.377   412   412 I aw9380x_cap 8-0012: [aw9380x_cap_default_irq_handle:4109] gpio_low_count 0
03-23 01:34:11.377   412   412 I aw9380x_cap 8-0012: [aw9380x_irq_handle_func:4065] IRQSEN = 0x000F0FFF
03-23 01:34:11.377   412   412 I aw9380x_cap 8-0012: [aw9380x_irq_handle_func:4067] IRQSRC = 0x00000010
03-23 01:34:11.378   412   412 I aw9380x_cap 8-0012: [aw9380x_noth_button_key_report:3855] touch0_state Cap 0 Force 0 currentBtn 0
12-19 16:13:02.818   430   503 W libc    : Unable to set property "ctl.interface_start" to "aidl/android.system.keystore2.IKeystoreService/default": error code: 0x20
12-19 16:13:02.818   430   503 I servicemanager: Tried to start aidl service android.system.keystore2.IKeystoreService/default as a lazy service, but was unable to. Usually this happens when a service is not installed, but if the service is intended to be used as a lazy service, then it may be configured incorrectly.
12-19 16:13:02.818   430   504 W libc    : Unable to set property "ctl.interface_start" to "aidl/android.system.keystore2.IKeystoreService/default": error code: 0x20
12-19 16:13:02.818   430   504 I servicemanager: Tried to start aidl service android.system.keystore2.IKeystoreService/default as a lazy service, but was unable to. Usually this happens when a service is not installed, but if the service is intended to be used as a lazy service, then it may be configured incorrectly.
12-19 16:13:02.818   430   505 W libc    : Unable to set property "ctl.interface_start" to "aidl/android.system.keystore2.IKeystoreService/default": error code: 0x20
12-19 16:13:02.818   430   505 I servicemanager: Tried to start aidl service android.system.keystore2.IKeystoreService/default as a lazy service, but was unable to. Usually this happens when a service is not installed, but if the service is intended to be used as a lazy service, then it may be configured incorrectly.
03-23 01:34:11.388     1     1 W init    : wait for '/sys/class/power_supply/battery' timed out and took 5000ms
03-23 01:34:11.388     1     1 I init    : Command 'wait /sys/class/power_supply/battery' action=twrp.modules.loaded=true (/init.recovery.qcom.rc:53) took 5000ms and failed: wait_for_file() failed
03-23 01:34:11.388     1     1 I init    : starting service 'adbd'...
03-23 01:34:11.388     1     1 I init    : Created socket '/dev/socket/adbd', mode 660, user 1000, group 1000
03-23 01:34:11.392     1     1 I init    : starting service 'boot-hal-1-2'...
03-23 01:34:11.392   510   510 I KernelSU: hook_manager: unmark 510 exec /system/bin/android.hardware.boot@1.2-service
03-23 01:34:11.392     1     1 I init    : starting service 'keystore2'...
03-23 01:34:11.393   511   511 E init    : failed to write pid to files: couldn't write 511 to /dev/cpuset/foreground/tasks: No such file or directory
03-23 01:34:11.393   511   511 I KernelSU: hook_manager: unmark 511 exec /system/bin/keystore2
03-23 01:34:11.393     1     1 E init    : Control message: Could not find 'aidl/android.system.keystore2.IKeystoreService/default' for ctl.interface_start from pid: 430 (/system/bin/servicemanager)
03-23 01:34:11.393     1     1 I init    : starting service 'health-hal-2-1'...
03-23 01:34:11.393     1     1 I init    : Opened file '/dev/kmsg', flags 1
03-23 01:34:11.394   512   512 I KernelSU: hook_manager: unmark 512 exec /system/bin/android.hardware.health@2.1-service
03-23 01:34:11.394     1     1 E init    : Control message: Could not find 'aidl/android.system.keystore2.IKeystoreService/default' for ctl.interface_start from pid: 430 (/system/bin/servicemanager)
03-23 01:34:11.394     1     1 E init    : Control message: Could not find 'aidl/android.system.keystore2.IKeystoreService/default' for ctl.interface_start from pid: 430 (/system/bin/servicemanager)
12-19 16:13:02.814   512   512 I android.hardwar: type=1400 audit(0.0:104): avc: denied { write } for path="/dev/kmsg" dev="tmpfs" ino=5 scontext=u:r:recovery:s0 tcontext=u:object_r:kmsg_device:s0 tclass=chr_file permissive=1
12-19 16:13:02.818   430   508 I servicemanager: Tried to start aidl service android.system.keystore2.IKeystoreService/default as a lazy service, but was unable to. Usually this happens when a service is not installed, but if the service is intended to be used as a lazy service, then it may be configured incorrectly.
03-23 01:34:11.394     1     1 E init    : Control message: Could not find 'aidl/android.system.keystore2.IKeystoreService/default' for ctl.interface_start from pid: 430 (/system/bin/servicemanager)
03-23 01:34:11.394     1     1 I init    : processing action (ro.boot.dynamic_partitions=true && ro.crypto.state=encrypted) from (/init.recovery.qcom_decrypt.rc:15)
03-23 01:34:11.394     1     1 I init    : starting service 'prepdecrypt'...
03-23 01:34:11.394   513   513 I KernelSU: hook_manager: unmark 513 exec /system/bin/prepdecrypt.sh
03-23 01:34:11.395     1     1 I init    : processing action (ro.crypto.state=encrypted && ro.crypto.type=file) from (/init.recovery.qcom_decrypt.fbe.rc:3)
03-23 01:34:11.395     1     1 I init    : Keyring created with id 194642254 in process 1
03-23 01:34:11.395     1     1 I init    : processing action (ro.crypto.state=encrypted && ro.crypto.type=file) from (/init.recovery.qcom_decrypt.fbe.rc:3)
03-23 01:34:11.395     1     1 I init    : Keyring is already created
12-19 16:13:02.820   510   510 E cutils-trace: Error opening trace file: No such file or directory (2)
12-19 16:13:02.820   429   429 I hwservicemanager: getDeviceHalManifest: Reading VINTF information.
12-19 16:13:02.821   512   512 E cutils-trace: Error opening trace file: No such file or directory (2)
12-19 16:13:02.822   429   429 E hwservicemanager: getDeviceHalManifest: status from fetching VINTF information: -2147483648
12-19 16:13:02.822   429   429 E hwservicemanager: getDeviceHalManifest: -2147483648 VINTF parse error: Cannot add manifest fragment /vendor/etc/vintf/manifest/android.hardware.security.keymint-service-qti.xml: HAL "android.hardware.health" has a conflict: Conflicting major version: 2.1 (from /vendor/etc/vintf/manifest/vendor.qti.hardware.vibrator.service.xml) vs. 2.1 (from /vendor/etc/vintf/manifest/android.hardware.security.keymint-service-qti.xml). Check whether or not multiple modules providing the same HAL are installed.
12-19 16:13:02.822   429   429 I hwservicemanager: getTransport: Cannot find entry android.hardware.boot@1.0::IBootControl/default in either framework or device VINTF manifest.
12-19 16:13:02.822   429   429 E SELinux : avc:  denied  { find } for interface=android.hardware.health::IHealth sid=u:r:recovery:s0 pid=512 scontext=u:r:recovery:s0 tcontext=u:object_r:hal_health_hwservice:s0 tclass=hwservice_manager permissive=1
12-19 16:13:02.822   429   429 I hwservicemanager: getDeviceHalManifest: Reading VINTF information.
12-19 16:13:02.822   510   510 E LegacySupport: Could not get passthrough implementation for android.hardware.boot@1.0::IBootControl/default.
03-23 01:34:11.398     1     1 I init    : Service 'boot-hal-1-2' (pid 510) exited with status 1
03-23 01:34:11.398     1     1 I init    : Sending signal 9 to service 'boot-hal-1-2' (pid 510) process group...
03-23 01:34:11.399     1     1 I libprocessgroup: Successfully killed process cgroup uid 0 pid 510 in 0ms
03-23 01:34:11.399   412   412 I aw9380x_cap 8-0012: [aw9380x_rc_irqscr:3728] i2c read reg: 0xf080, val= 16
03-23 01:34:11.399   412   412 I aw9380x_cap 8-0012: [aw9380x_cap_default_irq_handle:4109] gpio_low_count 0
03-23 01:34:11.399   412   412 I aw9380x_cap 8-0012: [aw9380x_irq_handle_func:4065] IRQSEN = 0x000F0FFF
03-23 01:34:11.399   412   412 I aw9380x_cap 8-0012: [aw9380x_irq_handle_func:4067] IRQSRC = 0x00000010
03-23 01:34:11.399   412   412 I aw9380x_cap 8-0012: [aw9380x_noth_button_key_report:3855] touch0_state Cap 0 Force 0 currentBtn 0
