03-23 01:53:33.016   364   364 I aw9380x_cap 8-0012: [aw9380x_para_loaded:823] reg_addr = 0x06a0, reg_data = 0x00000000
03-23 01:53:33.016   364   364 I aw9380x_cap 8-0012: [aw9380x_para_loaded:823] reg_addr = 0x06a8, reg_data = 0x00000000
03-23 01:53:33.017   364   364 I aw9380x_cap 8-0012: [aw9380x_para_loaded:823] reg_addr = 0x06ac, reg_data = 0x000008d0
03-23 01:53:33.017   364   364 I aw9380x_cap 8-0012: [aw9380x_para_loaded:823] reg_addr = 0x06b0, reg_data = 0x00000000
03-23 01:53:33.017   364   364 I aw9380x_cap 8-0012: [aw9380x_para_loaded:823] reg_addr = 0x06b4, reg_data = 0x00000000
03-23 01:53:33.017   364   364 I aw9380x_cap 8-0012: [aw9380x_para_loaded:823] reg_addr = 0x06b8, reg_data = 0x0000c350
03-23 01:53:33.018   364   364 I aw9380x_cap 8-0012: [aw9380x_para_loaded:823] reg_addr = 0x06bc, reg_data = 0x000186a0
03-23 01:53:33.018   364   364 I aw9380x_cap 8-0012: [aw9380x_para_loaded:823] reg_addr = 0x06cc, reg_data = 0x00000000
03-23 01:53:33.018   364   364 I aw9380x_cap 8-0012: [aw9380x_para_loaded:823] reg_addr = 0x06d0, reg_data = 0x00000000
03-23 01:53:33.018   364   364 I aw9380x_cap 8-0012: [aw9380x_para_loaded:823] reg_addr = 0x06d4, reg_data = 0x00000000
03-23 01:53:33.019   364   364 I aw9380x_cap 8-0012: [aw9380x_para_loaded:823] reg_addr = 0x06dc, reg_data = 0x00000000
03-23 01:53:33.019   364   364 I aw9380x_cap 8-0012: [aw9380x_para_loaded:823] reg_addr = 0x084c, reg_data = 0x00000000
03-23 01:53:33.019   364   364 I aw9380x_cap 8-0012: [aw9380x_para_loaded:823] reg_addr = 0x0850, reg_data = 0x00000000
03-23 01:53:33.019   364   364 I aw9380x_cap 8-0012: [aw9380x_para_loaded:823] reg_addr = 0x0858, reg_data = 0x00000000
03-23 01:53:33.019   364   364 I aw9380x_cap 8-0012: [aw9380x_para_loaded:823] reg_addr = 0x085c, reg_data = 0x000008d0
03-23 01:53:33.020   364   364 I aw9380x_cap 8-0012: [aw9380x_para_loaded:823] reg_addr = 0x0860, reg_data = 0x00000000
03-23 01:53:33.020   364   364 I aw9380x_cap 8-0012: [aw9380x_para_loaded:823] reg_addr = 0x0864, reg_data = 0x00000000
03-23 01:53:33.020   364   364 I aw9380x_cap 8-0012: [aw9380x_para_loaded:823] reg_addr = 0x0868, reg_data = 0x0000c350
03-23 01:53:33.020   364   364 I aw9380x_cap 8-0012: [aw9380x_para_loaded:823] reg_addr = 0x086c, reg_data = 0x000186a0
03-23 01:53:33.021   364   364 I aw9380x_cap 8-0012: [aw9380x_para_loaded:823] reg_addr = 0x087c, reg_data = 0x00000000
03-23 01:53:33.021   364   364 I aw9380x_cap 8-0012: [aw9380x_para_loaded:823] reg_addr = 0x0880, reg_data = 0x00000000
03-23 01:53:33.021   364   364 I aw9380x_cap 8-0012: [aw9380x_para_loaded:823] reg_addr = 0x0884, reg_data = 0x00000000
03-23 01:53:33.021   364   364 I aw9380x_cap 8-0012: [aw9380x_para_loaded:823] reg_addr = 0x088c, reg_data = 0x00000000
03-23 01:53:33.022   364   364 I aw9380x_cap 8-0012: [aw9380x_para_loaded:823] reg_addr = 0x09fc, reg_data = 0x00000000
03-23 01:53:33.022   364   364 I aw9380x_cap 8-0012: [aw9380x_para_loaded:823] reg_addr = 0x0a00, reg_data = 0x00000000
03-23 01:53:33.022   364   364 I aw9380x_cap 8-0012: [aw9380x_para_loaded:823] reg_addr = 0x0a08, reg_data = 0x00000000
03-23 01:53:33.022   364   364 I aw9380x_cap 8-0012: [aw9380x_para_loaded:823] reg_addr = 0x0a0c, reg_data = 0x000008d0
03-23 01:53:33.023   364   364 I aw9380x_cap 8-0012: [aw9380x_para_loaded:823] reg_addr = 0x0a10, reg_data = 0x00000000
03-23 01:53:33.023   364   364 I aw9380x_cap 8-0012: [aw9380x_para_loaded:823] reg_addr = 0x0a14, reg_data = 0x00000000
03-23 01:53:33.023   364   364 I aw9380x_cap 8-0012: [aw9380x_para_loaded:823] reg_addr = 0x0a18, reg_data = 0x0000c350
03-23 01:53:33.023   364   364 I aw9380x_cap 8-0012: [aw9380x_para_loaded:823] reg_addr = 0x0a1c, reg_data = 0x000186a0
03-23 01:53:33.024   364   364 I aw9380x_cap 8-0012: [aw9380x_para_loaded:823] reg_addr = 0x0a2c, reg_data = 0x00000000
03-23 01:53:33.024   364   364 I aw9380x_cap 8-0012: [aw9380x_para_loaded:823] reg_addr = 0x0a30, reg_data = 0x00000000
03-23 01:53:33.024   364   364 I aw9380x_cap 8-0012: [aw9380x_para_loaded:823] reg_addr = 0x0a34, reg_data = 0x00000000
03-23 01:53:33.024   364   364 I aw9380x_cap 8-0012: [aw9380x_para_loaded:823] reg_addr = 0x0a3c, reg_data = 0x00000000
03-23 01:53:33.025   364   364 I aw9380x_cap 8-0012: [aw9380x_para_loaded:823] reg_addr = 0x0bac, reg_data = 0x00000000
03-23 01:53:33.025   364   364 I aw9380x_cap 8-0012: [aw9380x_para_loaded:823] reg_addr = 0x0bb0, reg_data = 0x00000000
03-23 01:53:33.025   364   364 I aw9380x_cap 8-0012: [aw9380x_para_loaded:823] reg_addr = 0x0bb8, reg_data = 0x00000000
03-23 01:53:33.025   364   364 I aw9380x_cap 8-0012: [aw9380x_para_loaded:823] reg_addr = 0x0bbc, reg_data = 0x000008d0
03-23 01:53:33.026   364   364 I aw9380x_cap 8-0012: [aw9380x_para_loaded:823] reg_addr = 0x0bc0, reg_data = 0x00000000
03-23 01:53:33.026   364   364 I aw9380x_cap 8-0012: [aw9380x_para_loaded:823] reg_addr = 0x0bc4, reg_data = 0x00000000
03-23 01:53:33.026   364   364 I aw9380x_cap 8-0012: [aw9380x_para_loaded:823] reg_addr = 0x0bc8, reg_data = 0x0000c350
03-23 01:53:33.026   364   364 I aw9380x_cap 8-0012: [aw9380x_para_loaded:823] reg_addr = 0x0bcc, reg_data = 0x000186a0
03-23 01:53:33.027   364   364 I aw9380x_cap 8-0012: [aw9380x_para_loaded:823] reg_addr = 0x0bdc, reg_data = 0x00000000
03-23 01:53:33.027   364   364 I aw9380x_cap 8-0012: [aw9380x_para_loaded:823] reg_addr = 0x0be0, reg_data = 0x00000000
03-23 01:53:33.027   364   364 I aw9380x_cap 8-0012: [aw9380x_para_loaded:823] reg_addr = 0x0be4, reg_data = 0x00000000
03-23 01:53:33.027   364   364 I aw9380x_cap 8-0012: [aw9380x_para_loaded:823] reg_addr = 0x0bec, reg_data = 0x00000000
03-23 01:53:33.027   364   364 I aw9380x_cap 8-0012: [aw9380x_para_loaded:823] reg_addr = 0x0d5c, reg_data = 0x00000000
03-23 01:53:33.028   364   364 I aw9380x_cap 8-0012: [aw9380x_para_loaded:823] reg_addr = 0x0d60, reg_data = 0x00000000
03-23 01:53:33.028   364   364 I aw9380x_cap 8-0012: [aw9380x_para_loaded:823] reg_addr = 0x0d68, reg_data = 0x00000000
03-23 01:53:33.028   364   364 I aw9380x_cap 8-0012: [aw9380x_para_loaded:823] reg_addr = 0x0d6c, reg_data = 0x000008d0
03-23 01:53:33.028   364   364 I aw9380x_cap 8-0012: [aw9380x_para_loaded:823] reg_addr = 0x0d70, reg_data = 0x00000000
03-23 01:53:33.029   364   364 I aw9380x_cap 8-0012: [aw9380x_para_loaded:823] reg_addr = 0x0d74, reg_data = 0x00000000
03-23 01:53:33.029   364   364 I aw9380x_cap 8-0012: [aw9380x_para_loaded:823] reg_addr = 0x0d78, reg_data = 0x000061a8
03-23 01:53:33.029   364   364 I aw9380x_cap 8-0012: [aw9380x_para_loaded:823] reg_addr = 0x0d7c, reg_data = 0x000009c4
03-23 01:53:33.029   364   364 I aw9380x_cap 8-0012: [aw9380x_para_loaded:823] reg_addr = 0x0d8c, reg_data = 0x00000000
03-23 01:53:33.030   364   364 I aw9380x_cap 8-0012: [aw9380x_para_loaded:823] reg_addr = 0x0d90, reg_data = 0x00000000
03-23 01:53:33.030   364   364 I aw9380x_cap 8-0012: [aw9380x_para_loaded:823] reg_addr = 0x0d94, reg_data = 0x00000000
03-23 01:53:33.030   364   364 I aw9380x_cap 8-0012: [aw9380x_para_loaded:823] reg_addr = 0x0d9c, reg_data = 0x00000000
03-23 01:53:33.030   364   364 I aw9380x_cap 8-0012: [aw9380x_para_loaded:823] reg_addr = 0x0f0c, reg_data = 0x00000000
03-23 01:53:33.031   364   364 I aw9380x_cap 8-0012: [aw9380x_para_loaded:823] reg_addr = 0x0f10, reg_data = 0x00000000
03-23 01:53:33.031   364   364 I aw9380x_cap 8-0012: [aw9380x_para_loaded:823] reg_addr = 0x0f18, reg_data = 0x00000000
03-23 01:53:33.031   364   364 I aw9380x_cap 8-0012: [aw9380x_para_loaded:823] reg_addr = 0x0f1c, reg_data = 0x000008d0
03-23 01:53:33.031   364   364 I aw9380x_cap 8-0012: [aw9380x_para_loaded:823] reg_addr = 0x0f20, reg_data = 0x00000000
03-23 01:53:33.032   364   364 I aw9380x_cap 8-0012: [aw9380x_para_loaded:823] reg_addr = 0x0f24, reg_data = 0x00000000
03-23 01:53:33.032   364   364 I aw9380x_cap 8-0012: [aw9380x_para_loaded:823] reg_addr = 0x0f28, reg_data = 0x00000000
03-23 01:53:33.032   364   364 I aw9380x_cap 8-0012: [aw9380x_para_loaded:823] reg_addr = 0x0f2c, reg_data = 0x00000000
03-23 01:53:33.032   364   364 I aw9380x_cap 8-0012: [aw9380x_para_loaded:823] reg_addr = 0x0f3c, reg_data = 0x00000000
03-23 01:53:33.033   364   364 I aw9380x_cap 8-0012: [aw9380x_para_loaded:823] reg_addr = 0x0f40, reg_data = 0x00000000
03-23 01:53:33.033   364   364 I aw9380x_cap 8-0012: [aw9380x_para_loaded:823] reg_addr = 0x0f44, reg_data = 0x00000000
03-23 01:53:33.033   364   364 I aw9380x_cap 8-0012: [aw9380x_para_loaded:823] reg_addr = 0x0f4c, reg_data = 0x00000000
03-23 01:53:33.033   364   364 I aw9380x_cap 8-0012: [aw9380x_para_loaded:823] reg_addr = 0x10bc, reg_data = 0x00000000
03-23 01:53:33.034   364   364 I aw9380x_cap 8-0012: [aw9380x_para_loaded:823] reg_addr = 0x10c0, reg_data = 0x00000000
03-23 01:53:33.034   364   364 I aw9380x_cap 8-0012: [aw9380x_para_loaded:823] reg_addr = 0x10c8, reg_data = 0x00000000
03-23 01:53:33.034   364   364 I aw9380x_cap 8-0012: [aw9380x_para_loaded:823] reg_addr = 0x10cc, reg_data = 0x000008d0
03-23 01:53:33.034   364   364 I aw9380x_cap 8-0012: [aw9380x_para_loaded:823] reg_addr = 0x10d0, reg_data = 0x00000000
03-23 01:53:33.035   364   364 I aw9380x_cap 8-0012: [aw9380x_para_loaded:823] reg_addr = 0x10d4, reg_data = 0x00000000
03-23 01:53:33.035   364   364 I aw9380x_cap 8-0012: [aw9380x_para_loaded:823] reg_addr = 0x10d8, reg_data = 0x00000000
03-23 01:53:33.035   364   364 I aw9380x_cap 8-0012: [aw9380x_para_loaded:823] reg_addr = 0x10dc, reg_data = 0x00000000
03-23 01:53:33.035   364   364 I aw9380x_cap 8-0012: [aw9380x_para_loaded:823] reg_addr = 0x10ec, reg_data = 0x00000000
03-23 01:53:33.035   364   364 I aw9380x_cap 8-0012: [aw9380x_para_loaded:823] reg_addr = 0x10f0, reg_data = 0x00000000
03-23 01:53:33.036   364   364 I aw9380x_cap 8-0012: [aw9380x_para_loaded:823] reg_addr = 0x10f4, reg_data = 0x00000000
03-23 01:53:33.036   364   364 I aw9380x_cap 8-0012: [aw9380x_para_loaded:823] reg_addr = 0x10fc, reg_data = 0x00000000
03-23 01:53:33.036   364   364 I aw9380x_cap 8-0012: [aw9380x_para_loaded:823] reg_addr = 0x126c, reg_data = 0x00000000
03-23 01:53:33.036   364   364 I aw9380x_cap 8-0012: [aw9380x_para_loaded:823] reg_addr = 0x1270, reg_data = 0x00000000
03-23 01:53:33.037   364   364 I aw9380x_cap 8-0012: [aw9380x_para_loaded:823] reg_addr = 0x1278, reg_data = 0x00000000
03-23 01:53:33.037   364   364 I aw9380x_cap 8-0012: [aw9380x_para_loaded:823] reg_addr = 0x127c, reg_data = 0x000008d0
03-23 01:53:33.037   364   364 I aw9380x_cap 8-0012: [aw9380x_para_loaded:823] reg_addr = 0x1280, reg_data = 0x00000000
03-23 01:53:33.037   364   364 I aw9380x_cap 8-0012: [aw9380x_para_loaded:823] reg_addr = 0x1284, reg_data = 0x00000000
03-23 01:53:33.038   364   364 I aw9380x_cap 8-0012: [aw9380x_para_loaded:823] reg_addr = 0x1288, reg_data = 0x00000000
03-23 01:53:33.038   364   364 I aw9380x_cap 8-0012: [aw9380x_para_loaded:823] reg_addr = 0x128c, reg_data = 0x00000000
03-23 01:53:33.038   364   364 I aw9380x_cap 8-0012: [aw9380x_para_loaded:823] reg_addr = 0x129c, reg_data = 0x00000000
03-23 01:53:33.038   364   364 I aw9380x_cap 8-0012: [aw9380x_para_loaded:823] reg_addr = 0x12a0, reg_data = 0x00000000
03-23 01:53:33.039   364   364 I aw9380x_cap 8-0012: [aw9380x_para_loaded:823] reg_addr = 0x12a4, reg_data = 0x00000000
03-23 01:53:33.039   364   364 I aw9380x_cap 8-0012: [aw9380x_para_loaded:823] reg_addr = 0x12ac, reg_data = 0x00000000
03-23 01:53:33.039   364   364 I aw9380x_cap 8-0012: [aw9380x_para_loaded:823] reg_addr = 0x141c, reg_data = 0x00000000
03-23 01:53:33.039   364   364 I aw9380x_cap 8-0012: [aw9380x_para_loaded:823] reg_addr = 0x1420, reg_data = 0x00000000
03-23 01:53:33.040   364   364 I aw9380x_cap 8-0012: [aw9380x_para_loaded:823] reg_addr = 0x1428, reg_data = 0x00000000
03-23 01:53:33.040   364   364 I aw9380x_cap 8-0012: [aw9380x_para_loaded:823] reg_addr = 0x142c, reg_data = 0x000008d0
03-23 01:53:33.040   364   364 I aw9380x_cap 8-0012: [aw9380x_para_loaded:823] reg_addr = 0x1430, reg_data = 0x00000000
03-23 01:53:33.040   364   364 I aw9380x_cap 8-0012: [aw9380x_para_loaded:823] reg_addr = 0x1434, reg_data = 0x00000000
03-23 01:53:33.041   364   364 I aw9380x_cap 8-0012: [aw9380x_para_loaded:823] reg_addr = 0x1438, reg_data = 0x00000000
03-23 01:53:33.041   364   364 I aw9380x_cap 8-0012: [aw9380x_para_loaded:823] reg_addr = 0x143c, reg_data = 0x00000000
03-23 01:53:33.041   364   364 I aw9380x_cap 8-0012: [aw9380x_para_loaded:823] reg_addr = 0x144c, reg_data = 0x00000000
03-23 01:53:33.041   364   364 I aw9380x_cap 8-0012: [aw9380x_para_loaded:823] reg_addr = 0x1450, reg_data = 0x00000000
03-23 01:53:33.042   364   364 I aw9380x_cap 8-0012: [aw9380x_para_loaded:823] reg_addr = 0x1454, reg_data = 0x00000000
03-23 01:53:33.042   364   364 I aw9380x_cap 8-0012: [aw9380x_para_loaded:823] reg_addr = 0x145c, reg_data = 0x00000000
03-23 01:53:33.042   364   364 I aw9380x_cap 8-0012: [aw9380x_para_loaded:823] reg_addr = 0x01d0, reg_data = 0x00000000
03-23 01:53:33.042   364   364 I aw9380x_cap 8-0012: [aw9380x_para_loaded:823] reg_addr = 0x01d4, reg_data = 0x00000000
03-23 01:53:33.042   364   364 I aw9380x_cap 8-0012: [aw9380x_para_loaded:823] reg_addr = 0x01d8, reg_data = 0x00000000
03-23 01:53:33.043   364   364 I aw9380x_cap 8-0012: [aw9380x_para_loaded:823] reg_addr = 0x01e0, reg_data = 0x00000000
03-23 01:53:33.043   364   364 I aw9380x_cap 8-0012: [aw9380x_para_loaded:823] reg_addr = 0x01e4, reg_data = 0xffffffff
03-23 01:53:33.043   364   364 I aw9380x_cap 8-0012: [aw9380x_para_loaded:823] reg_addr = 0x01f8, reg_data = 0x070004b0
03-23 01:53:33.043   364   364 I aw9380x_cap 8-0012: [aw9380x_para_loaded:823] reg_addr = 0x01fc, reg_data = 0x0e000000
03-23 01:53:33.044   364   364 I aw9380x_cap 8-0012: [aw9380x_para_loaded:823] reg_addr = 0x0200, reg_data = 0xf2000000
03-23 01:53:33.044   364   364 I aw9380x_cap 8-0012: [aw9380x_para_loaded:823] reg_addr = 0x0204, reg_data = 0x02000000
03-23 01:53:33.044   364   364 I aw9380x_cap 8-0012: [aw9380x_para_loaded:823] reg_addr = 0x0208, reg_data = 0x02000000
03-23 01:53:33.044   364   364 I aw9380x_cap 8-0012: [aw9380x_para_loaded:823] reg_addr = 0x020c, reg_data = 0x00002000
03-23 01:53:33.045   364   364 I aw9380x_cap 8-0012: [aw9380x_para_loaded:823] reg_addr = 0x0210, reg_data = 0x00010000
03-23 01:53:33.045   364   364 I aw9380x_cap 8-0012: [aw9380x_para_loaded:823] reg_addr = 0x0214, reg_data = 0x80007530
03-23 01:53:33.045   364   364 I aw9380x_cap 8-0012: [aw9380x_para_loaded:823] reg_addr = 0x0380, reg_data = 0x00000000
03-23 01:53:33.045   364   364 I aw9380x_cap 8-0012: [aw9380x_para_loaded:823] reg_addr = 0x0384, reg_data = 0x00000000
03-23 01:53:33.046   364   364 I aw9380x_cap 8-0012: [aw9380x_para_loaded:823] reg_addr = 0x0388, reg_data = 0x00000000
03-23 01:53:33.046   364   364 I aw9380x_cap 8-0012: [aw9380x_para_loaded:823] reg_addr = 0x0390, reg_data = 0x00000000
03-23 01:53:33.046   364   364 I aw9380x_cap 8-0012: [aw9380x_para_loaded:823] reg_addr = 0x0394, reg_data = 0xffffffff
03-23 01:53:33.046   364   364 I aw9380x_cap 8-0012: [aw9380x_para_loaded:823] reg_addr = 0x03a8, reg_data = 0x070004b0
03-23 01:53:33.047   364   364 I aw9380x_cap 8-0012: [aw9380x_para_loaded:823] reg_addr = 0x03ac, reg_data = 0x0e000000
03-23 01:53:33.047   364   364 I aw9380x_cap 8-0012: [aw9380x_para_loaded:823] reg_addr = 0x03b0, reg_data = 0xf2000000
03-23 01:53:33.047   364   364 I aw9380x_cap 8-0012: [aw9380x_para_loaded:823] reg_addr = 0x03b4, reg_data = 0x02000000
03-23 01:53:33.047   364   364 I aw9380x_cap 8-0012: [aw9380x_para_loaded:823] reg_addr = 0x03b8, reg_data = 0x02000000
03-23 01:53:33.048   364   364 I aw9380x_cap 8-0012: [aw9380x_para_loaded:823] reg_addr = 0x03bc, reg_data = 0x00002000
03-23 01:53:33.048   364   364 I aw9380x_cap 8-0012: [aw9380x_para_loaded:823] reg_addr = 0x03c0, reg_data = 0x00010000
03-23 01:53:33.048   364   364 I aw9380x_cap 8-0012: [aw9380x_para_loaded:823] reg_addr = 0x03c4, reg_data = 0x80007530
03-23 01:53:33.048   364   364 I aw9380x_cap 8-0012: [aw9380x_para_loaded:823] reg_addr = 0x0530, reg_data = 0x00000000
03-23 01:53:33.049   364   364 I aw9380x_cap 8-0012: [aw9380x_para_loaded:823] reg_addr = 0x0534, reg_data = 0x00000000
03-23 01:53:33.049   364   364 I aw9380x_cap 8-0012: [aw9380x_para_loaded:823] reg_addr = 0x0538, reg_data = 0x00000000
03-23 01:53:33.049   364   364 I aw9380x_cap 8-0012: [aw9380x_para_loaded:823] reg_addr = 0x0540, reg_data = 0x00000000
03-23 01:53:33.049   364   364 I aw9380x_cap 8-0012: [aw9380x_para_loaded:823] reg_addr = 0x0544, reg_data = 0xffffffff
03-23 01:53:33.050   364   364 I aw9380x_cap 8-0012: [aw9380x_para_loaded:823] reg_addr = 0x0558, reg_data = 0x070004b0
03-23 01:53:33.050   364   364 I aw9380x_cap 8-0012: [aw9380x_para_loaded:823] reg_addr = 0x055c, reg_data = 0x0e000000
03-23 01:53:33.050   364   364 I aw9380x_cap 8-0012: [aw9380x_para_loaded:823] reg_addr = 0x0560, reg_data = 0xf2000000
03-23 01:53:33.050   364   364 I aw9380x_cap 8-0012: [aw9380x_para_loaded:823] reg_addr = 0x0564, reg_data = 0x02000000
03-23 01:53:33.051   364   364 I aw9380x_cap 8-0012: [aw9380x_para_loaded:823] reg_addr = 0x0568, reg_data = 0x02000000
03-23 01:53:33.051   364   364 I aw9380x_cap 8-0012: [aw9380x_para_loaded:823] reg_addr = 0x056c, reg_data = 0x00002000
03-23 01:53:33.051   364   364 I aw9380x_cap 8-0012: [aw9380x_para_loaded:823] reg_addr = 0x0570, reg_data = 0x00010000
03-23 01:53:33.051   364   364 I aw9380x_cap 8-0012: [aw9380x_para_loaded:823] reg_addr = 0x0574, reg_data = 0x80007530
03-23 01:53:33.051   364   364 I aw9380x_cap 8-0012: [aw9380x_para_loaded:823] reg_addr = 0x06e0, reg_data = 0x00000000
03-23 01:53:33.052   364   364 I aw9380x_cap 8-0012: [aw9380x_para_loaded:823] reg_addr = 0x06e4, reg_data = 0x00000000
03-23 01:53:33.052   364   364 I aw9380x_cap 8-0012: [aw9380x_para_loaded:823] reg_addr = 0x06e8, reg_data = 0x00000000
03-23 01:53:33.052   364   364 I aw9380x_cap 8-0012: [aw9380x_para_loaded:823] reg_addr = 0x06f0, reg_data = 0x00000000
03-23 01:53:33.052   364   364 I aw9380x_cap 8-0012: [aw9380x_para_loaded:823] reg_addr = 0x06f4, reg_data = 0xffffffff
03-23 01:53:33.053   364   364 I aw9380x_cap 8-0012: [aw9380x_para_loaded:823] reg_addr = 0x0708, reg_data = 0x070004b0
03-23 01:53:33.053   364   364 I aw9380x_cap 8-0012: [aw9380x_para_loaded:823] reg_addr = 0x070c, reg_data = 0x0e000000
03-23 01:53:33.053   364   364 I aw9380x_cap 8-0012: [aw9380x_para_loaded:823] reg_addr = 0x0710, reg_data = 0xf2000000
03-23 01:53:33.053   364   364 I aw9380x_cap 8-0012: [aw9380x_para_loaded:823] reg_addr = 0x0714, reg_data = 0x02000000
03-23 01:53:33.054   364   364 I aw9380x_cap 8-0012: [aw9380x_para_loaded:823] reg_addr = 0x0718, reg_data = 0x02000000
03-23 01:53:33.054   364   364 I aw9380x_cap 8-0012: [aw9380x_para_loaded:823] reg_addr = 0x071c, reg_data = 0x00002000
03-23 01:53:33.054   364   364 I aw9380x_cap 8-0012: [aw9380x_para_loaded:823] reg_addr = 0x0720, reg_data = 0x00010000
03-23 01:53:33.054   364   364 I aw9380x_cap 8-0012: [aw9380x_para_loaded:823] reg_addr = 0x0724, reg_data = 0x80007530
03-23 01:53:33.055   364   364 I aw9380x_cap 8-0012: [aw9380x_para_loaded:823] reg_addr = 0x0890, reg_data = 0x00000000
03-23 01:53:33.055   364   364 I aw9380x_cap 8-0012: [aw9380x_para_loaded:823] reg_addr = 0x0894, reg_data = 0x00000000
03-23 01:53:33.055   364   364 I aw9380x_cap 8-0012: [aw9380x_para_loaded:823] reg_addr = 0x0898, reg_data = 0x00000000
03-23 01:53:33.055   364   364 I aw9380x_cap 8-0012: [aw9380x_para_loaded:823] reg_addr = 0x08a0, reg_data = 0x00000000
03-23 01:53:33.056   364   364 I aw9380x_cap 8-0012: [aw9380x_para_loaded:823] reg_addr = 0x08a4, reg_data = 0xffffffff
03-23 01:53:33.056   364   364 I aw9380x_cap 8-0012: [aw9380x_para_loaded:823] reg_addr = 0x08b8, reg_data = 0x070004b0
03-23 01:53:33.056   364   364 I aw9380x_cap 8-0012: [aw9380x_para_loaded:823] reg_addr = 0x08bc, reg_data = 0x0e000000
03-23 01:53:33.056   364   364 I aw9380x_cap 8-0012: [aw9380x_para_loaded:823] reg_addr = 0x08c0, reg_data = 0xf2000000
03-23 01:53:33.056   364   364 I aw9380x_cap 8-0012: [aw9380x_para_loaded:823] reg_addr = 0x08c4, reg_data = 0x02000000
03-23 01:53:33.057   364   364 I aw9380x_cap 8-0012: [aw9380x_para_loaded:823] reg_addr = 0x08c8, reg_data = 0x02000000
03-23 01:53:33.057   364   364 I aw9380x_cap 8-0012: [aw9380x_para_loaded:823] reg_addr = 0x08cc, reg_data = 0x00002000
03-23 01:53:33.057   364   364 I aw9380x_cap 8-0012: [aw9380x_para_loaded:823] reg_addr = 0x08d0, reg_data = 0x00010000
03-23 01:53:33.057   364   364 I aw9380x_cap 8-0012: [aw9380x_para_loaded:823] reg_addr = 0x08d4, reg_data = 0x80007530
03-23 01:53:33.058   364   364 I aw9380x_cap 8-0012: [aw9380x_para_loaded:823] reg_addr = 0x0a40, reg_data = 0x00000000
03-23 01:53:33.058   364   364 I aw9380x_cap 8-0012: [aw9380x_para_loaded:823] reg_addr = 0x0a44, reg_data = 0x00000000
03-23 01:53:33.058   364   364 I aw9380x_cap 8-0012: [aw9380x_para_loaded:823] reg_addr = 0x0a48, reg_data = 0x00000000
03-23 01:53:33.058   364   364 I aw9380x_cap 8-0012: [aw9380x_para_loaded:823] reg_addr = 0x0a50, reg_data = 0x00000000
03-23 01:53:33.059   364   364 I aw9380x_cap 8-0012: [aw9380x_para_loaded:823] reg_addr = 0x0a54, reg_data = 0xffffffff
03-23 01:53:33.059   364   364 I aw9380x_cap 8-0012: [aw9380x_para_loaded:823] reg_addr = 0x0a68, reg_data = 0x070004b0
03-23 01:53:33.059   364   364 I aw9380x_cap 8-0012: [aw9380x_para_loaded:823] reg_addr = 0x0a6c, reg_data = 0x0e000000
03-23 01:53:33.059   364   364 I aw9380x_cap 8-0012: [aw9380x_para_loaded:823] reg_addr = 0x0a70, reg_data = 0xf2000000
03-23 01:53:33.060   364   364 I aw9380x_cap 8-0012: [aw9380x_para_loaded:823] reg_addr = 0x0a74, reg_data = 0x02000000
03-23 01:53:33.060   364   364 I aw9380x_cap 8-0012: [aw9380x_para_loaded:823] reg_addr = 0x0a78, reg_data = 0x02000000
03-23 01:53:33.060   364   364 I aw9380x_cap 8-0012: [aw9380x_para_loaded:823] reg_addr = 0x0a7c, reg_data = 0x00002000
03-23 01:53:33.060   364   364 I aw9380x_cap 8-0012: [aw9380x_para_loaded:823] reg_addr = 0x0a80, reg_data = 0x00010000
03-23 01:53:33.061   364   364 I aw9380x_cap 8-0012: [aw9380x_para_loaded:823] reg_addr = 0x0a84, reg_data = 0x80007530
03-23 01:53:33.061   364   364 I aw9380x_cap 8-0012: [aw9380x_para_loaded:823] reg_addr = 0x0bf0, reg_data = 0x00000000
03-23 01:53:33.061   364   364 I aw9380x_cap 8-0012: [aw9380x_para_loaded:823] reg_addr = 0x0bf4, reg_data = 0x00000000
03-23 01:53:33.061   364   364 I aw9380x_cap 8-0012: [aw9380x_para_loaded:823] reg_addr = 0x0bf8, reg_data = 0x00000000
03-23 01:53:33.062   364   364 I aw9380x_cap 8-0012: [aw9380x_para_loaded:823] reg_addr = 0x0c00, reg_data = 0x00000000
03-23 01:53:33.062   364   364 I aw9380x_cap 8-0012: [aw9380x_para_loaded:823] reg_addr = 0x0c04, reg_data = 0xffffffff
03-23 01:53:33.062   364   364 I aw9380x_cap 8-0012: [aw9380x_para_loaded:823] reg_addr = 0x0c18, reg_data = 0x070004b0
03-23 01:53:33.062   364   364 I aw9380x_cap 8-0012: [aw9380x_para_loaded:823] reg_addr = 0x0c1c, reg_data = 0x0e000000
03-23 01:53:33.063   364   364 I aw9380x_cap 8-0012: [aw9380x_para_loaded:823] reg_addr = 0x0c20, reg_data = 0xf2000000
03-23 01:53:33.063   364   364 I aw9380x_cap 8-0012: [aw9380x_para_loaded:823] reg_addr = 0x0c24, reg_data = 0x02000000
03-23 01:53:33.063   364   364 I aw9380x_cap 8-0012: [aw9380x_para_loaded:823] reg_addr = 0x0c28, reg_data = 0x02000000
03-23 01:53:33.063   364   364 I aw9380x_cap 8-0012: [aw9380x_para_loaded:823] reg_addr = 0x0c2c, reg_data = 0x00002000
03-23 01:53:33.064   364   364 I aw9380x_cap 8-0012: [aw9380x_para_loaded:823] reg_addr = 0x0c30, reg_data = 0x00010000
03-23 01:53:33.064   364   364 I aw9380x_cap 8-0012: [aw9380x_para_loaded:823] reg_addr = 0x0c34, reg_data = 0x80007530
03-23 01:53:33.064   364   364 I aw9380x_cap 8-0012: [aw9380x_para_loaded:823] reg_addr = 0x0da0, reg_data = 0x00000000
03-23 01:53:33.064   364   364 I aw9380x_cap 8-0012: [aw9380x_para_loaded:823] reg_addr = 0x0da4, reg_data = 0x00000000
03-23 01:53:33.065   364   364 I aw9380x_cap 8-0012: [aw9380x_para_loaded:823] reg_addr = 0x0da8, reg_data = 0x00000000
03-23 01:53:33.065   364   364 I aw9380x_cap 8-0012: [aw9380x_para_loaded:823] reg_addr = 0x0db0, reg_data = 0x00000000
03-23 01:53:33.065   364   364 I aw9380x_cap 8-0012: [aw9380x_para_loaded:823] reg_addr = 0x0db4, reg_data = 0xffffffff
03-23 01:53:33.065   364   364 I aw9380x_cap 8-0012: [aw9380x_para_loaded:823] reg_addr = 0x0dc8, reg_data = 0x070004b0
03-23 01:53:33.066   364   364 I aw9380x_cap 8-0012: [aw9380x_para_loaded:823] reg_addr = 0x0dcc, reg_data = 0x0e000000
03-23 01:53:33.066   364   364 I aw9380x_cap 8-0012: [aw9380x_para_loaded:823] reg_addr = 0x0dd0, reg_data = 0xf2000000
03-23 01:53:33.066   364   364 I aw9380x_cap 8-0012: [aw9380x_para_loaded:823] reg_addr = 0x0dd4, reg_data = 0x02000000
03-23 01:53:33.066   364   364 I aw9380x_cap 8-0012: [aw9380x_para_loaded:823] reg_addr = 0x0dd8, reg_data = 0x02000000
03-23 01:53:33.067   364   364 I aw9380x_cap 8-0012: [aw9380x_para_loaded:823] reg_addr = 0x0ddc, reg_data = 0x00002000
03-23 01:53:33.067   364   364 I aw9380x_cap 8-0012: [aw9380x_para_loaded:823] reg_addr = 0x0de0, reg_data = 0x00010000
03-23 01:53:33.067   364   364 I aw9380x_cap 8-0012: [aw9380x_para_loaded:823] reg_addr = 0x0de4, reg_data = 0x80007530
03-23 01:53:33.067   364   364 I aw9380x_cap 8-0012: [aw9380x_para_loaded:823] reg_addr = 0x0f50, reg_data = 0x00000000
03-23 01:53:33.067   364   364 I aw9380x_cap 8-0012: [aw9380x_para_loaded:823] reg_addr = 0x0f54, reg_data = 0x00000000
03-23 01:53:33.068   364   364 I aw9380x_cap 8-0012: [aw9380x_para_loaded:823] reg_addr = 0x0f58, reg_data = 0x00000000
03-23 01:53:33.068   364   364 I aw9380x_cap 8-0012: [aw9380x_para_loaded:823] reg_addr = 0x0f60, reg_data = 0x00000000
03-23 01:53:33.068   364   364 I aw9380x_cap 8-0012: [aw9380x_para_loaded:823] reg_addr = 0x0f64, reg_data = 0xffffffff
03-23 01:53:33.068   364   364 I aw9380x_cap 8-0012: [aw9380x_para_loaded:823] reg_addr = 0x0f78, reg_data = 0x070004b0
03-23 01:53:33.069   364   364 I aw9380x_cap 8-0012: [aw9380x_para_loaded:823] reg_addr = 0x0f7c, reg_data = 0x0e000000
03-23 01:53:33.069   364   364 I aw9380x_cap 8-0012: [aw9380x_para_loaded:823] reg_addr = 0x0f80, reg_data = 0xf2000000
03-23 01:53:33.069   364   364 I aw9380x_cap 8-0012: [aw9380x_para_loaded:823] reg_addr = 0x0f84, reg_data = 0x02000000
03-23 01:53:33.069   364   364 I aw9380x_cap 8-0012: [aw9380x_para_loaded:823] reg_addr = 0x0f88, reg_data = 0x02000000
03-23 01:53:33.070   364   364 I aw9380x_cap 8-0012: [aw9380x_para_loaded:823] reg_addr = 0x0f8c, reg_data = 0x00002000
03-23 01:53:33.070   364   364 I aw9380x_cap 8-0012: [aw9380x_para_loaded:823] reg_addr = 0x0f90, reg_data = 0x00010000
03-23 01:53:33.070   364   364 I aw9380x_cap 8-0012: [aw9380x_para_loaded:823] reg_addr = 0x0f94, reg_data = 0x80007530
03-23 01:53:33.070   364   364 I aw9380x_cap 8-0012: [aw9380x_para_loaded:823] reg_addr = 0x1100, reg_data = 0x00000000
03-23 01:53:33.071   364   364 I aw9380x_cap 8-0012: [aw9380x_para_loaded:823] reg_addr = 0x1104, reg_data = 0x00000000
03-23 01:53:33.071   364   364 I aw9380x_cap 8-0012: [aw9380x_para_loaded:823] reg_addr = 0x1108, reg_data = 0x00000000
03-23 01:53:33.071   364   364 I aw9380x_cap 8-0012: [aw9380x_para_loaded:823] reg_addr = 0x1110, reg_data = 0x00000000
03-23 01:53:33.071   364   364 I aw9380x_cap 8-0012: [aw9380x_para_loaded:823] reg_addr = 0x1114, reg_data = 0xffffffff
03-23 01:53:33.072   364   364 I aw9380x_cap 8-0012: [aw9380x_para_loaded:823] reg_addr = 0x1128, reg_data = 0x070004b0
03-23 01:53:33.072   364   364 I aw9380x_cap 8-0012: [aw9380x_para_loaded:823] reg_addr = 0x112c, reg_data = 0x0e000000
03-23 01:53:33.072   364   364 I aw9380x_cap 8-0012: [aw9380x_para_loaded:823] reg_addr = 0x1130, reg_data = 0xf2000000
03-23 01:53:33.072   364   364 I aw9380x_cap 8-0012: [aw9380x_para_loaded:823] reg_addr = 0x1134, reg_data = 0x02000000
03-23 01:53:33.073   364   364 I aw9380x_cap 8-0012: [aw9380x_para_loaded:823] reg_addr = 0x1138, reg_data = 0x02000000
03-23 01:53:33.073   364   364 I aw9380x_cap 8-0012: [aw9380x_para_loaded:823] reg_addr = 0x113c, reg_data = 0x00002000
03-23 01:53:33.073   364   364 I aw9380x_cap 8-0012: [aw9380x_para_loaded:823] reg_addr = 0x1140, reg_data = 0x00010000
03-23 01:53:33.073   364   364 I aw9380x_cap 8-0012: [aw9380x_para_loaded:823] reg_addr = 0x1144, reg_data = 0x80007530
03-23 01:53:33.073   364   364 I aw9380x_cap 8-0012: [aw9380x_para_loaded:823] reg_addr = 0x12b0, reg_data = 0x00000000
03-23 01:53:33.074   364   364 I aw9380x_cap 8-0012: [aw9380x_para_loaded:823] reg_addr = 0x12b4, reg_data = 0x00000000
03-23 01:53:33.074   364   364 I aw9380x_cap 8-0012: [aw9380x_para_loaded:823] reg_addr = 0x12b8, reg_data = 0x00000000
03-23 01:53:33.074   364   364 I aw9380x_cap 8-0012: [aw9380x_para_loaded:823] reg_addr = 0x12c0, reg_data = 0x00000000
03-23 01:53:33.074   364   364 I aw9380x_cap 8-0012: [aw9380x_para_loaded:823] reg_addr = 0x12c4, reg_data = 0xffffffff
03-23 01:53:33.075   364   364 I aw9380x_cap 8-0012: [aw9380x_para_loaded:823] reg_addr = 0x12d8, reg_data = 0x070004b0
03-23 01:53:33.075   364   364 I aw9380x_cap 8-0012: [aw9380x_para_loaded:823] reg_addr = 0x12dc, reg_data = 0x0e000000
03-23 01:53:33.075   364   364 I aw9380x_cap 8-0012: [aw9380x_para_loaded:823] reg_addr = 0x12e0, reg_data = 0xf2000000
03-23 01:53:33.075   364   364 I aw9380x_cap 8-0012: [aw9380x_para_loaded:823] reg_addr = 0x12e4, reg_data = 0x02000000
03-23 01:53:33.076   364   364 I aw9380x_cap 8-0012: [aw9380x_para_loaded:823] reg_addr = 0x12e8, reg_data = 0x02000000
03-23 01:53:33.076   364   364 I aw9380x_cap 8-0012: [aw9380x_para_loaded:823] reg_addr = 0x12ec, reg_data = 0x00002000
03-23 01:53:33.076   364   364 I aw9380x_cap 8-0012: [aw9380x_para_loaded:823] reg_addr = 0x12f0, reg_data = 0x00010000
03-23 01:53:33.076   364   364 I aw9380x_cap 8-0012: [aw9380x_para_loaded:823] reg_addr = 0x12f4, reg_data = 0x80007530
03-23 01:53:33.077   364   364 I aw9380x_cap 8-0012: [aw9380x_para_loaded:823] reg_addr = 0x1460, reg_data = 0x00000000
03-23 01:53:33.077   364   364 I aw9380x_cap 8-0012: [aw9380x_para_loaded:823] reg_addr = 0x1464, reg_data = 0x00000000
03-23 01:53:33.077   364   364 I aw9380x_cap 8-0012: [aw9380x_para_loaded:823] reg_addr = 0x1468, reg_data = 0x00000000
03-23 01:53:33.077   364   364 I aw9380x_cap 8-0012: [aw9380x_para_loaded:823] reg_addr = 0x1470, reg_data = 0x00000000
03-23 01:53:33.078   364   364 I aw9380x_cap 8-0012: [aw9380x_para_loaded:823] reg_addr = 0x1474, reg_data = 0xffffffff
03-23 01:53:33.078   364   364 I aw9380x_cap 8-0012: [aw9380x_para_loaded:823] reg_addr = 0x1488, reg_data = 0x070004b0
03-23 01:53:33.078   364   364 I aw9380x_cap 8-0012: [aw9380x_para_loaded:823] reg_addr = 0x148c, reg_data = 0x0e000000
03-23 01:53:33.078   364   364 I aw9380x_cap 8-0012: [aw9380x_para_loaded:823] reg_addr = 0x1490, reg_data = 0xf2000000
03-23 01:53:33.079   364   364 I aw9380x_cap 8-0012: [aw9380x_para_loaded:823] reg_addr = 0x1494, reg_data = 0x02000000
03-23 01:53:33.079   364   364 I aw9380x_cap 8-0012: [aw9380x_para_loaded:823] reg_addr = 0x1498, reg_data = 0x02000000
03-23 01:53:33.079   364   364 I aw9380x_cap 8-0012: [aw9380x_para_loaded:823] reg_addr = 0x149c, reg_data = 0x00002000
03-23 01:53:33.079   364   364 I aw9380x_cap 8-0012: [aw9380x_para_loaded:823] reg_addr = 0x14a0, reg_data = 0x00010000
03-23 01:53:33.079   364   364 I aw9380x_cap 8-0012: [aw9380x_para_loaded:823] reg_addr = 0x14a4, reg_data = 0x80007530
03-23 01:53:33.080   364   364 I aw9380x_cap 8-0012: [aw9380x_para_loaded:823] reg_addr = 0xf084, reg_data = 0x000f0fff
03-23 01:53:33.080   364   364 I aw9380x_cap 8-0012: [aw9380x_para_loaded:823] reg_addr = 0x004c, reg_data = 0xffffffff
03-23 01:53:33.080   364   364 I aw9380x_cap 8-0012: [aw9380x_para_loaded:823] reg_addr = 0x0050, reg_data = 0xffffffff
03-23 01:53:33.080   364   364 I aw9380x_cap 8-0012: [aw9380x_para_loaded:826] para writen completely
03-23 01:53:33.080   364   364 I aw9380x_cap 8-0012: [aw9380x_update_ch_en:325] ch_en_val old:0x000000FF
03-23 01:53:33.085   364   364 I aw9380x_cap 8-0012: [aw9380x_update_ch_en:336] ch_en_val new:0x0000007F
03-23 01:53:33.086   364   364 I aw9380x_cap 8-0012: [aw9380x_fct_cali_coef_def_read:2521] ch=0, diff=0, weight=0, cali_coef_def=0
03-23 01:53:33.086   380   380 I aw9380x_cap 8-0012: [aw9380x_rc_irqscr:3728] i2c read reg: 0xf080, val= 0
03-23 01:53:33.086   380   380 I aw9380x_cap 8-0012: [aw9380x_cap_default_irq_handle:4109] gpio_low_count 0
03-23 01:53:33.086   364   364 I aw9380x_cap 8-0012: [aw9380x_fct_cali_coef_def_read:2521] ch=1, diff=0, weight=0, cali_coef_def=0
03-23 01:53:33.087   380   380 I aw9380x_cap 8-0012: [aw9380x_irq_handle_func:4065] IRQSEN = 0x000F0FFF
03-23 01:53:33.087   380   380 I aw9380x_cap 8-0012: [aw9380x_irq_handle_func:4067] IRQSRC = 0x00000000
03-23 01:53:33.087   380   380 I aw9380x_cap 8-0012: [aw9380x_noth_button_key_report:3855] touch0_state Cap 0 Force 0 currentBtn 2
03-23 01:53:33.087   380   380 I aw9380x_cap 8-0012: [aw9380x_noth_button_key_report:3875] KeyCode 251 newBtn(0/UP) 0 2025-12-19 16:32:24.750911998 UTC
03-23 01:53:33.087   364   364 I aw9380x_cap 8-0012: [aw9380x_fct_cali_coef_def_read:2521] ch=2, diff=0, weight=0, cali_coef_def=0
03-23 01:53:33.088   364   364 I aw9380x_cap 8-0012: [aw9380x_fct_cali_coef_def_read:2521] ch=3, diff=0, weight=0, cali_coef_def=0
03-23 01:53:33.088   364   364 I aw9380x_cap 8-0012: [aw9380x_fct_cali_coef_def_read:2521] ch=4, diff=0, weight=0, cali_coef_def=0
03-23 01:53:33.088   364   364 I aw9380x_cap 8-0012: [aw9380x_fct_cali_coef_def_read:2521] ch=5, diff=0, weight=0, cali_coef_def=0
03-23 01:53:33.089   364   364 I aw9380x_cap 8-0012: [aw9380x_fct_cali_coef_def_read:2521] ch=6, diff=0, weight=0, cali_coef_def=0
03-23 01:53:33.089   364   364 I aw9380x_cap 8-0012: [aw9380x_fct_cali_coef_def_read:2521] ch=7, diff=0, weight=0, cali_coef_def=0
03-23 01:53:33.089   364   364 I aw9380x_cap 8-0012: [aw9380x_fct_cali_coef_def_read:2521] ch=8, diff=0, weight=0, cali_coef_def=0
03-23 01:53:33.090   364   364 I aw9380x_cap 8-0012: [aw9380x_fct_cali_coef_def_read:2521] ch=9, diff=0, weight=0, cali_coef_def=0
03-23 01:53:33.090   364   364 I aw9380x_cap 8-0012: [aw9380x_fct_cali_coef_def_read:2521] ch=10, diff=0, weight=0, cali_coef_def=0
03-23 01:53:33.090   364   364 I aw9380x_cap 8-0012: [aw9380x_fct_cali_coef_def_read:2521] ch=11, diff=0, weight=0, cali_coef_def=0
03-23 01:53:33.090   364   364 I aw9380x_cap 8-0012: [aw9380x_fct_data_write_back_to_fw:2802] Enter
03-23 01:53:33.090   364   364 I aw9380x_cap 8-0012: [aw9380x_fct_data_read_from_flash:2787] Enter
03-23 01:53:33.101    86    86 I         : [matrix-leds] write bytes len 4106, ret 0
03-23 01:53:33.237    86    86 I         : [matrix-leds] write bytes len 4106, ret 0
12-19 16:32:25.023   447   447 W ServiceManager: Waited one second for android.system.keystore2.IKeystoreService/default (is service started? are binder threads started and available?)
12-19 16:32:25.023   441   441 I servicemanager: Since 'android.system.keystore2.IKeystoreService/default' could not be found, trying to start it as a lazy AIDL service
03-23 01:53:33.373    86    86 I         : [matrix-leds] write bytes len 4106, ret 0
03-23 01:53:33.441   380   380 I aw9380x_cap 8-0012: [aw9380x_rc_irqscr:3728] i2c read reg: 0xf080, val= 24
03-23 01:53:33.441   380   380 I aw9380x_cap 8-0012: [aw9380x_cap_default_irq_handle:4109] gpio_low_count 0
03-23 01:53:33.442   380   380 I aw9380x_cap 8-0012: [aw9380x_irq_handle_func:4065] IRQSEN = 0x000F0FFF
03-23 01:53:33.442   380   380 I aw9380x_cap 8-0012: [aw9380x_irq_handle_func:4067] IRQSRC = 0x00000018
03-23 01:53:33.442   380   380 I aw9380x_cap 8-0012: [aw9380x_noth_button_key_report:3855] touch0_state Cap 0 Force 0 currentBtn 0
03-23 01:53:33.484   380   380 I aw9380x_cap 8-0012: [aw9380x_rc_irqscr:3728] i2c read reg: 0xf080, val= 16
03-23 01:53:33.484   380   380 I aw9380x_cap 8-0012: [aw9380x_cap_default_irq_handle:4109] gpio_low_count 0
03-23 01:53:33.484   380   380 I aw9380x_cap 8-0012: [aw9380x_irq_handle_func:4065] IRQSEN = 0x000F0FFF
03-23 01:53:33.484   380   380 I aw9380x_cap 8-0012: [aw9380x_irq_handle_func:4067] IRQSRC = 0x00000010
03-23 01:53:33.485   380   380 I aw9380x_cap 8-0012: [aw9380x_noth_button_key_report:3855] touch0_state Cap 0 Force 0 currentBtn 0
03-23 01:53:33.505   380   380 I aw9380x_cap 8-0012: [aw9380x_rc_irqscr:3728] i2c read reg: 0xf080, val= 16
03-23 01:53:33.505   380   380 I aw9380x_cap 8-0012: [aw9380x_cap_default_irq_handle:4109] gpio_low_count 0
03-23 01:53:33.506   380   380 I aw9380x_cap 8-0012: [aw9380x_irq_handle_func:4065] IRQSEN = 0x000F0FFF
03-23 01:53:33.506   380   380 I aw9380x_cap 8-0012: [aw9380x_irq_handle_func:4067] IRQSRC = 0x00000010
03-23 01:53:33.506   380   380 I aw9380x_cap 8-0012: [aw9380x_noth_button_key_report:3855] touch0_state Cap 0 Force 0 currentBtn 0
03-23 01:53:33.509    86    86 I         : [matrix-leds] write bytes len 4106, ret 0
03-23 01:53:33.548   380   380 I aw9380x_cap 8-0012: [aw9380x_rc_irqscr:3728] i2c read reg: 0xf080, val= 16
03-23 01:53:33.548   380   380 I aw9380x_cap 8-0012: [aw9380x_cap_default_irq_handle:4109] gpio_low_count 0
03-23 01:53:33.548   380   380 I aw9380x_cap 8-0012: [aw9380x_irq_handle_func:4065] IRQSEN = 0x000F0FFF
03-23 01:53:33.548   380   380 I aw9380x_cap 8-0012: [aw9380x_irq_handle_func:4067] IRQSRC = 0x00000010
03-23 01:53:33.549   380   380 I aw9380x_cap 8-0012: [aw9380x_noth_button_key_report:3855] touch0_state Cap 0 Force 0 currentBtn 0
03-23 01:53:33.570   380   380 I aw9380x_cap 8-0012: [aw9380x_rc_irqscr:3728] i2c read reg: 0xf080, val= 16
03-23 01:53:33.570   380   380 I aw9380x_cap 8-0012: [aw9380x_cap_default_irq_handle:4109] gpio_low_count 0
03-23 01:53:33.570   380   380 I aw9380x_cap 8-0012: [aw9380x_irq_handle_func:4065] IRQSEN = 0x000F0FFF
03-23 01:53:33.570   380   380 I aw9380x_cap 8-0012: [aw9380x_irq_handle_func:4067] IRQSRC = 0x00000010
03-23 01:53:33.571   380   380 I aw9380x_cap 8-0012: [aw9380x_noth_button_key_report:3855] touch0_state Cap 0 Force 0 currentBtn 0
03-23 01:53:33.612   380   380 I aw9380x_cap 8-0012: [aw9380x_rc_irqscr:3728] i2c read reg: 0xf080, val= 16
03-23 01:53:33.612   380   380 I aw9380x_cap 8-0012: [aw9380x_cap_default_irq_handle:4109] gpio_low_count 0
03-23 01:53:33.613   380   380 I aw9380x_cap 8-0012: [aw9380x_irq_handle_func:4065] IRQSEN = 0x000F0FFF
03-23 01:53:33.613   380   380 I aw9380x_cap 8-0012: [aw9380x_irq_handle_func:4067] IRQSRC = 0x00000010
03-23 01:53:33.613   380   380 I aw9380x_cap 8-0012: [aw9380x_noth_button_key_report:3855] touch0_state Cap 0 Force 0 currentBtn 0
03-23 01:53:33.634   380   380 I aw9380x_cap 8-0012: [aw9380x_rc_irqscr:3728] i2c read reg: 0xf080, val= 16
03-23 01:53:33.634   380   380 I aw9380x_cap 8-0012: [aw9380x_cap_default_irq_handle:4109] gpio_low_count 0
03-23 01:53:33.635   380   380 I aw9380x_cap 8-0012: [aw9380x_irq_handle_func:4065] IRQSEN = 0x000F0FFF
03-23 01:53:33.635   380   380 I aw9380x_cap 8-0012: [aw9380x_irq_handle_func:4067] IRQSRC = 0x00000010
03-23 01:53:33.635   380   380 I aw9380x_cap 8-0012: [aw9380x_noth_button_key_report:3855] touch0_state Cap 0 Force 0 currentBtn 0
03-23 01:53:33.645    86    86 I         : [matrix-leds] write bytes len 4106, ret 0
03-23 01:53:33.677   380   380 I aw9380x_cap 8-0012: [aw9380x_rc_irqscr:3728] i2c read reg: 0xf080, val= 16
03-23 01:53:33.677   380   380 I aw9380x_cap 8-0012: [aw9380x_cap_default_irq_handle:4109] gpio_low_count 0
03-23 01:53:33.677   380   380 I aw9380x_cap 8-0012: [aw9380x_irq_handle_func:4065] IRQSEN = 0x000F0FFF
03-23 01:53:33.677   380   380 I aw9380x_cap 8-0012: [aw9380x_irq_handle_func:4067] IRQSRC = 0x00000010
03-23 01:53:33.678   380   380 I aw9380x_cap 8-0012: [aw9380x_noth_button_key_report:3855] touch0_state Cap 0 Force 0 currentBtn 0
03-23 01:53:33.699   380   380 I aw9380x_cap 8-0012: [aw9380x_rc_irqscr:3728] i2c read reg: 0xf080, val= 16
03-23 01:53:33.699   380   380 I aw9380x_cap 8-0012: [aw9380x_cap_default_irq_handle:4109] gpio_low_count 0
03-23 01:53:33.699   380   380 I aw9380x_cap 8-0012: [aw9380x_irq_handle_func:4065] IRQSEN = 0x000F0FFF
03-23 01:53:33.699   380   380 I aw9380x_cap 8-0012: [aw9380x_irq_handle_func:4067] IRQSRC = 0x00000010
03-23 01:53:33.700   380   380 I aw9380x_cap 8-0012: [aw9380x_noth_button_key_report:3855] touch0_state Cap 0 Force 0 currentBtn 0
03-23 01:53:33.742   380   380 I aw9380x_cap 8-0012: [aw9380x_rc_irqscr:3728] i2c read reg: 0xf080, val= 16
03-23 01:53:33.742   380   380 I aw9380x_cap 8-0012: [aw9380x_cap_default_irq_handle:4109] gpio_low_count 0
03-23 01:53:33.742   380   380 I aw9380x_cap 8-0012: [aw9380x_irq_handle_func:4065] IRQSEN = 0x000F0FFF
03-23 01:53:33.742   380   380 I aw9380x_cap 8-0012: [aw9380x_irq_handle_func:4067] IRQSRC = 0x00000010
03-23 01:53:33.743   380   380 I aw9380x_cap 8-0012: [aw9380x_noth_button_key_report:3855] touch0_state Cap 0 Force 0 currentBtn 0
12-19 16:32:25.416   446   452 W HidlServiceManagement: Waited one second for android.hardware.keymaster@4.0::IKeymasterDevice/default
12-19 16:32:25.416   440   440 I hwservicemanager: Since android.hardware.keymaster@4.0::IKeymasterDevice/default is not registered, trying to start it as a lazy HAL.
12-19 16:32:25.416   446   452 I HidlServiceManagement: getService: Trying again for android.hardware.keymaster@4.0::IKeymasterDevice/default...
12-19 16:32:25.420   446   446 W ServiceManager: Service android.hardware.security.keymint.IKeyMintDevice/default didn't start. Returning NULL
12-19 16:32:25.420   446   446 E keystore2: keystore2_main: panicked at 'Failed to create service android.system.keystore2.IKeystoreService/default because of In KeystoreService::new_native_binder: Trying to construct mandatory security level TEE.
12-19 16:32:25.420   446   446 E keystore2: 
12-19 16:32:25.420   446   446 E keystore2: Caused by:
12-19 16:32:25.420   446   446 E keystore2:     0: In KeystoreSecurityLevel::new_native_binder.
12-19 16:32:25.420   446   446 E keystore2:     1: In get_keymint_device.
12-19 16:32:25.420   446   446 E keystore2:     2: In connect_keymint: Trying to connect to genuine KeyMint service.
12-19 16:32:25.420   446   446 E keystore2:     3: Binder transaction error NAME_NOT_FOUND.', system/security/keystore2/src/keystore2_main.rs:82:9
--------- beginning of crash
12-19 16:32:25.421   446   446 F libc    : Fatal signal 6 (SIGABRT), code -1 (SI_QUEUE) in tid 446 (Binder:446_2), pid 446 (Binder:446_2)
12-19 16:32:25.421   508   508 F libc    : failed to exec crash_dump helper: No such file or directory
12-19 16:32:25.421   446   446 F libc    : crash_dump helper failed to exec, or was killed
12-19 16:32:25.421   446   446 F libc    : failed to wait for crash_dump helper: No child processes
03-23 01:53:33.763   380   380 I aw9380x_cap 8-0012: [aw9380x_rc_irqscr:3728] i2c read reg: 0xf080, val= 16
03-23 01:53:33.763   380   380 I aw9380x_cap 8-0012: [aw9380x_cap_default_irq_handle:4109] gpio_low_count 0
03-23 01:53:33.764   380   380 I aw9380x_cap 8-0012: [aw9380x_irq_handle_func:4065] IRQSEN = 0x000F0FFF
03-23 01:53:33.764   380   380 I aw9380x_cap 8-0012: [aw9380x_irq_handle_func:4067] IRQSRC = 0x00000010
03-23 01:53:33.765   380   380 I aw9380x_cap 8-0012: [aw9380x_noth_button_key_report:3855] touch0_state Cap 0 Force 0 currentBtn 0
03-23 01:53:33.781    86    86 I         : [matrix-leds] write bytes len 4106, ret 0
03-23 01:53:33.806   380   380 I aw9380x_cap 8-0012: [aw9380x_rc_irqscr:3728] i2c read reg: 0xf080, val= 16
03-23 01:53:33.806   380   380 I aw9380x_cap 8-0012: [aw9380x_cap_default_irq_handle:4109] gpio_low_count 0
03-23 01:53:33.806   380   380 I aw9380x_cap 8-0012: [aw9380x_irq_handle_func:4065] IRQSEN = 0x000F0FFF
03-23 01:53:33.806   380   380 I aw9380x_cap 8-0012: [aw9380x_irq_handle_func:4067] IRQSRC = 0x00000010
03-23 01:53:33.807   380   380 I aw9380x_cap 8-0012: [aw9380x_noth_button_key_report:3855] touch0_state Cap 0 Force 0 currentBtn 0
03-23 01:53:33.828   380   380 I aw9380x_cap 8-0012: [aw9380x_rc_irqscr:3728] i2c read reg: 0xf080, val= 16
03-23 01:53:33.828   380   380 I aw9380x_cap 8-0012: [aw9380x_cap_default_irq_handle:4109] gpio_low_count 0
03-23 01:53:33.828   380   380 I aw9380x_cap 8-0012: [aw9380x_irq_handle_func:4065] IRQSEN = 0x000F0FFF
03-23 01:53:33.828   380   380 I aw9380x_cap 8-0012: [aw9380x_irq_handle_func:4067] IRQSRC = 0x00000010
03-23 01:53:33.829   380   380 I aw9380x_cap 8-0012: [aw9380x_noth_button_key_report:3855] touch0_state Cap 0 Force 0 currentBtn 0
03-23 01:53:33.871   380   380 I aw9380x_cap 8-0012: [aw9380x_rc_irqscr:3728] i2c read reg: 0xf080, val= 16
03-23 01:53:33.871   380   380 I aw9380x_cap 8-0012: [aw9380x_cap_default_irq_handle:4109] gpio_low_count 0
03-23 01:53:33.871   380   380 I aw9380x_cap 8-0012: [aw9380x_irq_handle_func:4065] IRQSEN = 0x000F0FFF
03-23 01:53:33.871   380   380 I aw9380x_cap 8-0012: [aw9380x_irq_handle_func:4067] IRQSRC = 0x00000010
03-23 01:53:33.872   380   380 I aw9380x_cap 8-0012: [aw9380x_noth_button_key_report:3855] touch0_state Cap 0 Force 0 currentBtn 0
03-23 01:53:33.893   380   380 I aw9380x_cap 8-0012: [aw9380x_rc_irqscr:3728] i2c read reg: 0xf080, val= 16
03-23 01:53:33.893   380   380 I aw9380x_cap 8-0012: [aw9380x_cap_default_irq_handle:4109] gpio_low_count 0
03-23 01:53:33.893   380   380 I aw9380x_cap 8-0012: [aw9380x_irq_handle_func:4065] IRQSEN = 0x000F0FFF
03-23 01:53:33.893   380   380 I aw9380x_cap 8-0012: [aw9380x_irq_handle_func:4067] IRQSRC = 0x00000010
03-23 01:53:33.894   380   380 I aw9380x_cap 8-0012: [aw9380x_noth_button_key_report:3855] touch0_state Cap 0 Force 0 currentBtn 0
03-23 01:53:33.917    86    86 I         : [matrix-leds] write bytes len 4106, ret 0
03-23 01:53:33.935   380   380 I aw9380x_cap 8-0012: [aw9380x_rc_irqscr:3728] i2c read reg: 0xf080, val= 16
03-23 01:53:33.935   380   380 I aw9380x_cap 8-0012: [aw9380x_cap_default_irq_handle:4109] gpio_low_count 0
03-23 01:53:33.936   380   380 I aw9380x_cap 8-0012: [aw9380x_irq_handle_func:4065] IRQSEN = 0x000F0FFF
03-23 01:53:33.936   380   380 I aw9380x_cap 8-0012: [aw9380x_irq_handle_func:4067] IRQSRC = 0x00000010
03-23 01:53:33.936   380   380 I aw9380x_cap 8-0012: [aw9380x_noth_button_key_report:3855] touch0_state Cap 0 Force 0 currentBtn 0
03-23 01:53:33.957   380   380 I aw9380x_cap 8-0012: [aw9380x_rc_irqscr:3728] i2c read reg: 0xf080, val= 16
03-23 01:53:33.957   380   380 I aw9380x_cap 8-0012: [aw9380x_cap_default_irq_handle:4109] gpio_low_count 0
03-23 01:53:33.958   380   380 I aw9380x_cap 8-0012: [aw9380x_irq_handle_func:4065] IRQSEN = 0x000F0FFF
03-23 01:53:33.958   380   380 I aw9380x_cap 8-0012: [aw9380x_irq_handle_func:4067] IRQSRC = 0x00000010
03-23 01:53:33.958   380   380 I aw9380x_cap 8-0012: [aw9380x_noth_button_key_report:3855] touch0_state Cap 0 Force 0 currentBtn 0
03-23 01:53:34.000   380   380 I aw9380x_cap 8-0012: [aw9380x_rc_irqscr:3728] i2c read reg: 0xf080, val= 16
03-23 01:53:34.000   380   380 I aw9380x_cap 8-0012: [aw9380x_cap_default_irq_handle:4109] gpio_low_count 0
03-23 01:53:34.000   380   380 I aw9380x_cap 8-0012: [aw9380x_irq_handle_func:4065] IRQSEN = 0x000F0FFF
03-23 01:53:34.000   380   380 I aw9380x_cap 8-0012: [aw9380x_irq_handle_func:4067] IRQSRC = 0x00000010
03-23 01:53:34.001   380   380 I aw9380x_cap 8-0012: [aw9380x_noth_button_key_report:3855] touch0_state Cap 0 Force 0 currentBtn 0
03-23 01:53:34.022   380   380 I aw9380x_cap 8-0012: [aw9380x_rc_irqscr:3728] i2c read reg: 0xf080, val= 16
03-23 01:53:34.022   380   380 I aw9380x_cap 8-0012: [aw9380x_cap_default_irq_handle:4109] gpio_low_count 0
03-23 01:53:34.022   380   380 I aw9380x_cap 8-0012: [aw9380x_irq_handle_func:4065] IRQSEN = 0x000F0FFF
03-23 01:53:34.022   380   380 I aw9380x_cap 8-0012: [aw9380x_irq_handle_func:4067] IRQSRC = 0x00000010
03-23 01:53:34.023   380   380 I aw9380x_cap 8-0012: [aw9380x_noth_button_key_report:3855] touch0_state Cap 0 Force 0 currentBtn 0
03-23 01:53:34.053    86    86 I         : [matrix-leds] write bytes len 4106, ret 0
03-23 01:53:34.064   380   380 I aw9380x_cap 8-0012: [aw9380x_rc_irqscr:3728] i2c read reg: 0xf080, val= 16
03-23 01:53:34.064   380   380 I aw9380x_cap 8-0012: [aw9380x_cap_default_irq_handle:4109] gpio_low_count 0
03-23 01:53:34.065   380   380 I aw9380x_cap 8-0012: [aw9380x_irq_handle_func:4065] IRQSEN = 0x000F0FFF
03-23 01:53:34.065   380   380 I aw9380x_cap 8-0012: [aw9380x_irq_handle_func:4067] IRQSRC = 0x00000010
03-23 01:53:34.065   380   380 I aw9380x_cap 8-0012: [aw9380x_noth_button_key_report:3855] touch0_state Cap 0 Force 0 currentBtn 0
03-23 01:53:34.086   380   380 I aw9380x_cap 8-0012: [aw9380x_rc_irqscr:3728] i2c read reg: 0xf080, val= 16
03-23 01:53:34.086   380   380 I aw9380x_cap 8-0012: [aw9380x_cap_default_irq_handle:4109] gpio_low_count 0
03-23 01:53:34.087   380   380 I aw9380x_cap 8-0012: [aw9380x_irq_handle_func:4065] IRQSEN = 0x000F0FFF
03-23 01:53:34.087   380   380 I aw9380x_cap 8-0012: [aw9380x_irq_handle_func:4067] IRQSRC = 0x00000010
03-23 01:53:34.087   380   380 I aw9380x_cap 8-0012: [aw9380x_noth_button_key_report:3855] touch0_state Cap 0 Force 0 currentBtn 0
03-23 01:53:34.129   380   380 I aw9380x_cap 8-0012: [aw9380x_rc_irqscr:3728] i2c read reg: 0xf080, val= 16
03-23 01:53:34.129   380   380 I aw9380x_cap 8-0012: [aw9380x_cap_default_irq_handle:4109] gpio_low_count 0
03-23 01:53:34.129   380   380 I aw9380x_cap 8-0012: [aw9380x_irq_handle_func:4065] IRQSEN = 0x000F0FFF
03-23 01:53:34.129   380   380 I aw9380x_cap 8-0012: [aw9380x_irq_handle_func:4067] IRQSRC = 0x00000010
03-23 01:53:34.130   380   380 I aw9380x_cap 8-0012: [aw9380x_noth_button_key_report:3855] touch0_state Cap 0 Force 0 currentBtn 0
03-23 01:53:34.151   380   380 I aw9380x_cap 8-0012: [aw9380x_rc_irqscr:3728] i2c read reg: 0xf080, val= 16
