03-23 02:02:54.954   103   103 I aw9380x_cap 8-0012: [aw9380x_para_loaded:823] reg_addr = 0x0d9c, reg_data = 0x00000000
03-23 02:02:54.954   103   103 I aw9380x_cap 8-0012: [aw9380x_para_loaded:823] reg_addr = 0x0f0c, reg_data = 0x00000000
03-23 02:02:54.955   103   103 I aw9380x_cap 8-0012: [aw9380x_para_loaded:823] reg_addr = 0x0f10, reg_data = 0x00000000
03-23 02:02:54.955   103   103 I aw9380x_cap 8-0012: [aw9380x_para_loaded:823] reg_addr = 0x0f18, reg_data = 0x00000000
03-23 02:02:54.955   103   103 I aw9380x_cap 8-0012: [aw9380x_para_loaded:823] reg_addr = 0x0f1c, reg_data = 0x000008d0
03-23 02:02:54.955   103   103 I aw9380x_cap 8-0012: [aw9380x_para_loaded:823] reg_addr = 0x0f20, reg_data = 0x00000000
03-23 02:02:54.955   103   103 I aw9380x_cap 8-0012: [aw9380x_para_loaded:823] reg_addr = 0x0f24, reg_data = 0x00000000
03-23 02:02:54.956   103   103 I aw9380x_cap 8-0012: [aw9380x_para_loaded:823] reg_addr = 0x0f28, reg_data = 0x00000000
03-23 02:02:54.956   103   103 I aw9380x_cap 8-0012: [aw9380x_para_loaded:823] reg_addr = 0x0f2c, reg_data = 0x00000000
03-23 02:02:54.956   103   103 I aw9380x_cap 8-0012: [aw9380x_para_loaded:823] reg_addr = 0x0f3c, reg_data = 0x00000000
03-23 02:02:54.956   103   103 I aw9380x_cap 8-0012: [aw9380x_para_loaded:823] reg_addr = 0x0f40, reg_data = 0x00000000
03-23 02:02:54.956   103   103 I aw9380x_cap 8-0012: [aw9380x_para_loaded:823] reg_addr = 0x0f44, reg_data = 0x00000000
03-23 02:02:54.957   103   103 I aw9380x_cap 8-0012: [aw9380x_para_loaded:823] reg_addr = 0x0f4c, reg_data = 0x00000000
03-23 02:02:54.957   103   103 I aw9380x_cap 8-0012: [aw9380x_para_loaded:823] reg_addr = 0x10bc, reg_data = 0x00000000
03-23 02:02:54.957   103   103 I aw9380x_cap 8-0012: [aw9380x_para_loaded:823] reg_addr = 0x10c0, reg_data = 0x00000000
03-23 02:02:54.957   103   103 I aw9380x_cap 8-0012: [aw9380x_para_loaded:823] reg_addr = 0x10c8, reg_data = 0x00000000
03-23 02:02:54.957   103   103 I aw9380x_cap 8-0012: [aw9380x_para_loaded:823] reg_addr = 0x10cc, reg_data = 0x000008d0
03-23 02:02:54.957   103   103 I aw9380x_cap 8-0012: [aw9380x_para_loaded:823] reg_addr = 0x10d0, reg_data = 0x00000000
03-23 02:02:54.958   103   103 I aw9380x_cap 8-0012: [aw9380x_para_loaded:823] reg_addr = 0x10d4, reg_data = 0x00000000
03-23 02:02:54.958   103   103 I aw9380x_cap 8-0012: [aw9380x_para_loaded:823] reg_addr = 0x10d8, reg_data = 0x00000000
03-23 02:02:54.958   103   103 I aw9380x_cap 8-0012: [aw9380x_para_loaded:823] reg_addr = 0x10dc, reg_data = 0x00000000
03-23 02:02:54.958   103   103 I aw9380x_cap 8-0012: [aw9380x_para_loaded:823] reg_addr = 0x10ec, reg_data = 0x00000000
03-23 02:02:54.958   103   103 I aw9380x_cap 8-0012: [aw9380x_para_loaded:823] reg_addr = 0x10f0, reg_data = 0x00000000
03-23 02:02:54.959   103   103 I aw9380x_cap 8-0012: [aw9380x_para_loaded:823] reg_addr = 0x10f4, reg_data = 0x00000000
03-23 02:02:54.959   103   103 I aw9380x_cap 8-0012: [aw9380x_para_loaded:823] reg_addr = 0x10fc, reg_data = 0x00000000
03-23 02:02:54.959   103   103 I aw9380x_cap 8-0012: [aw9380x_para_loaded:823] reg_addr = 0x126c, reg_data = 0x00000000
03-23 02:02:54.959   103   103 I aw9380x_cap 8-0012: [aw9380x_para_loaded:823] reg_addr = 0x1270, reg_data = 0x00000000
03-23 02:02:54.959   103   103 I aw9380x_cap 8-0012: [aw9380x_para_loaded:823] reg_addr = 0x1278, reg_data = 0x00000000
03-23 02:02:54.960   103   103 I aw9380x_cap 8-0012: [aw9380x_para_loaded:823] reg_addr = 0x127c, reg_data = 0x000008d0
03-23 02:02:54.960   103   103 I aw9380x_cap 8-0012: [aw9380x_para_loaded:823] reg_addr = 0x1280, reg_data = 0x00000000
03-23 02:02:54.960   103   103 I aw9380x_cap 8-0012: [aw9380x_para_loaded:823] reg_addr = 0x1284, reg_data = 0x00000000
03-23 02:02:54.960   103   103 I aw9380x_cap 8-0012: [aw9380x_para_loaded:823] reg_addr = 0x1288, reg_data = 0x00000000
03-23 02:02:54.960   103   103 I aw9380x_cap 8-0012: [aw9380x_para_loaded:823] reg_addr = 0x128c, reg_data = 0x00000000
03-23 02:02:54.961   103   103 I aw9380x_cap 8-0012: [aw9380x_para_loaded:823] reg_addr = 0x129c, reg_data = 0x00000000
03-23 02:02:54.961   103   103 I aw9380x_cap 8-0012: [aw9380x_para_loaded:823] reg_addr = 0x12a0, reg_data = 0x00000000
03-23 02:02:54.961   103   103 I aw9380x_cap 8-0012: [aw9380x_para_loaded:823] reg_addr = 0x12a4, reg_data = 0x00000000
03-23 02:02:54.961   103   103 I aw9380x_cap 8-0012: [aw9380x_para_loaded:823] reg_addr = 0x12ac, reg_data = 0x00000000
03-23 02:02:54.961   103   103 I aw9380x_cap 8-0012: [aw9380x_para_loaded:823] reg_addr = 0x141c, reg_data = 0x00000000
03-23 02:02:54.962   103   103 I aw9380x_cap 8-0012: [aw9380x_para_loaded:823] reg_addr = 0x1420, reg_data = 0x00000000
03-23 02:02:54.962   103   103 I aw9380x_cap 8-0012: [aw9380x_para_loaded:823] reg_addr = 0x1428, reg_data = 0x00000000
03-23 02:02:54.962   103   103 I aw9380x_cap 8-0012: [aw9380x_para_loaded:823] reg_addr = 0x142c, reg_data = 0x000008d0
03-23 02:02:54.962   103   103 I aw9380x_cap 8-0012: [aw9380x_para_loaded:823] reg_addr = 0x1430, reg_data = 0x00000000
03-23 02:02:54.962   103   103 I aw9380x_cap 8-0012: [aw9380x_para_loaded:823] reg_addr = 0x1434, reg_data = 0x00000000
03-23 02:02:54.963   103   103 I aw9380x_cap 8-0012: [aw9380x_para_loaded:823] reg_addr = 0x1438, reg_data = 0x00000000
03-23 02:02:54.963   103   103 I aw9380x_cap 8-0012: [aw9380x_para_loaded:823] reg_addr = 0x143c, reg_data = 0x00000000
03-23 02:02:54.963   103   103 I aw9380x_cap 8-0012: [aw9380x_para_loaded:823] reg_addr = 0x144c, reg_data = 0x00000000
03-23 02:02:54.963   103   103 I aw9380x_cap 8-0012: [aw9380x_para_loaded:823] reg_addr = 0x1450, reg_data = 0x00000000
03-23 02:02:54.963   103   103 I aw9380x_cap 8-0012: [aw9380x_para_loaded:823] reg_addr = 0x1454, reg_data = 0x00000000
03-23 02:02:54.963   103   103 I aw9380x_cap 8-0012: [aw9380x_para_loaded:823] reg_addr = 0x145c, reg_data = 0x00000000
03-23 02:02:54.964   103   103 I aw9380x_cap 8-0012: [aw9380x_para_loaded:823] reg_addr = 0x01d0, reg_data = 0x00000000
03-23 02:02:54.964   103   103 I aw9380x_cap 8-0012: [aw9380x_para_loaded:823] reg_addr = 0x01d4, reg_data = 0x00000000
03-23 02:02:54.964   103   103 I aw9380x_cap 8-0012: [aw9380x_para_loaded:823] reg_addr = 0x01d8, reg_data = 0x00000000
03-23 02:02:54.964   103   103 I aw9380x_cap 8-0012: [aw9380x_para_loaded:823] reg_addr = 0x01e0, reg_data = 0x00000000
03-23 02:02:54.964   103   103 I aw9380x_cap 8-0012: [aw9380x_para_loaded:823] reg_addr = 0x01e4, reg_data = 0xffffffff
03-23 02:02:54.965   103   103 I aw9380x_cap 8-0012: [aw9380x_para_loaded:823] reg_addr = 0x01f8, reg_data = 0x070004b0
03-23 02:02:54.965   103   103 I aw9380x_cap 8-0012: [aw9380x_para_loaded:823] reg_addr = 0x01fc, reg_data = 0x0e000000
03-23 02:02:54.965   103   103 I aw9380x_cap 8-0012: [aw9380x_para_loaded:823] reg_addr = 0x0200, reg_data = 0xf2000000
03-23 02:02:54.965   103   103 I aw9380x_cap 8-0012: [aw9380x_para_loaded:823] reg_addr = 0x0204, reg_data = 0x02000000
03-23 02:02:54.965   103   103 I aw9380x_cap 8-0012: [aw9380x_para_loaded:823] reg_addr = 0x0208, reg_data = 0x02000000
03-23 02:02:54.966   103   103 I aw9380x_cap 8-0012: [aw9380x_para_loaded:823] reg_addr = 0x020c, reg_data = 0x00002000
03-23 02:02:54.966   103   103 I aw9380x_cap 8-0012: [aw9380x_para_loaded:823] reg_addr = 0x0210, reg_data = 0x00010000
03-23 02:02:54.966   103   103 I aw9380x_cap 8-0012: [aw9380x_para_loaded:823] reg_addr = 0x0214, reg_data = 0x80007530
03-23 02:02:54.966   103   103 I aw9380x_cap 8-0012: [aw9380x_para_loaded:823] reg_addr = 0x0380, reg_data = 0x00000000
03-23 02:02:54.966   103   103 I aw9380x_cap 8-0012: [aw9380x_para_loaded:823] reg_addr = 0x0384, reg_data = 0x00000000
03-23 02:02:54.967   103   103 I aw9380x_cap 8-0012: [aw9380x_para_loaded:823] reg_addr = 0x0388, reg_data = 0x00000000
03-23 02:02:54.967   103   103 I aw9380x_cap 8-0012: [aw9380x_para_loaded:823] reg_addr = 0x0390, reg_data = 0x00000000
03-23 02:02:54.967   103   103 I aw9380x_cap 8-0012: [aw9380x_para_loaded:823] reg_addr = 0x0394, reg_data = 0xffffffff
03-23 02:02:54.967   103   103 I aw9380x_cap 8-0012: [aw9380x_para_loaded:823] reg_addr = 0x03a8, reg_data = 0x070004b0
03-23 02:02:54.967   103   103 I aw9380x_cap 8-0012: [aw9380x_para_loaded:823] reg_addr = 0x03ac, reg_data = 0x0e000000
03-23 02:02:54.968   103   103 I aw9380x_cap 8-0012: [aw9380x_para_loaded:823] reg_addr = 0x03b0, reg_data = 0xf2000000
03-23 02:02:54.968   103   103 I aw9380x_cap 8-0012: [aw9380x_para_loaded:823] reg_addr = 0x03b4, reg_data = 0x02000000
03-23 02:02:54.968   103   103 I aw9380x_cap 8-0012: [aw9380x_para_loaded:823] reg_addr = 0x03b8, reg_data = 0x02000000
03-23 02:02:54.968   103   103 I aw9380x_cap 8-0012: [aw9380x_para_loaded:823] reg_addr = 0x03bc, reg_data = 0x00002000
03-23 02:02:54.968   103   103 I aw9380x_cap 8-0012: [aw9380x_para_loaded:823] reg_addr = 0x03c0, reg_data = 0x00010000
03-23 02:02:54.969   103   103 I aw9380x_cap 8-0012: [aw9380x_para_loaded:823] reg_addr = 0x03c4, reg_data = 0x80007530
03-23 02:02:54.969   103   103 I aw9380x_cap 8-0012: [aw9380x_para_loaded:823] reg_addr = 0x0530, reg_data = 0x00000000
03-23 02:02:54.969   103   103 I aw9380x_cap 8-0012: [aw9380x_para_loaded:823] reg_addr = 0x0534, reg_data = 0x00000000
03-23 02:02:54.969   103   103 I aw9380x_cap 8-0012: [aw9380x_para_loaded:823] reg_addr = 0x0538, reg_data = 0x00000000
03-23 02:02:54.969   103   103 I aw9380x_cap 8-0012: [aw9380x_para_loaded:823] reg_addr = 0x0540, reg_data = 0x00000000
03-23 02:02:54.970   103   103 I aw9380x_cap 8-0012: [aw9380x_para_loaded:823] reg_addr = 0x0544, reg_data = 0xffffffff
03-23 02:02:54.970   103   103 I aw9380x_cap 8-0012: [aw9380x_para_loaded:823] reg_addr = 0x0558, reg_data = 0x070004b0
03-23 02:02:54.970   103   103 I aw9380x_cap 8-0012: [aw9380x_para_loaded:823] reg_addr = 0x055c, reg_data = 0x0e000000
03-23 02:02:54.970   103   103 I aw9380x_cap 8-0012: [aw9380x_para_loaded:823] reg_addr = 0x0560, reg_data = 0xf2000000
03-23 02:02:54.970   103   103 I aw9380x_cap 8-0012: [aw9380x_para_loaded:823] reg_addr = 0x0564, reg_data = 0x02000000
03-23 02:02:54.971   103   103 I aw9380x_cap 8-0012: [aw9380x_para_loaded:823] reg_addr = 0x0568, reg_data = 0x02000000
03-23 02:02:54.971   103   103 I aw9380x_cap 8-0012: [aw9380x_para_loaded:823] reg_addr = 0x056c, reg_data = 0x00002000
03-23 02:02:54.971   103   103 I aw9380x_cap 8-0012: [aw9380x_para_loaded:823] reg_addr = 0x0570, reg_data = 0x00010000
03-23 02:02:54.971   103   103 I aw9380x_cap 8-0012: [aw9380x_para_loaded:823] reg_addr = 0x0574, reg_data = 0x80007530
03-23 02:02:54.971   103   103 I aw9380x_cap 8-0012: [aw9380x_para_loaded:823] reg_addr = 0x06e0, reg_data = 0x00000000
03-23 02:02:54.972   103   103 I aw9380x_cap 8-0012: [aw9380x_para_loaded:823] reg_addr = 0x06e4, reg_data = 0x00000000
03-23 02:02:54.972   103   103 I aw9380x_cap 8-0012: [aw9380x_para_loaded:823] reg_addr = 0x06e8, reg_data = 0x00000000
03-23 02:02:54.972   103   103 I aw9380x_cap 8-0012: [aw9380x_para_loaded:823] reg_addr = 0x06f0, reg_data = 0x00000000
03-23 02:02:54.972   103   103 I aw9380x_cap 8-0012: [aw9380x_para_loaded:823] reg_addr = 0x06f4, reg_data = 0xffffffff
03-23 02:02:54.972   103   103 I aw9380x_cap 8-0012: [aw9380x_para_loaded:823] reg_addr = 0x0708, reg_data = 0x070004b0
03-23 02:02:54.973   103   103 I aw9380x_cap 8-0012: [aw9380x_para_loaded:823] reg_addr = 0x070c, reg_data = 0x0e000000
03-23 02:02:54.973   103   103 I aw9380x_cap 8-0012: [aw9380x_para_loaded:823] reg_addr = 0x0710, reg_data = 0xf2000000
03-23 02:02:54.973   103   103 I aw9380x_cap 8-0012: [aw9380x_para_loaded:823] reg_addr = 0x0714, reg_data = 0x02000000
03-23 02:02:54.973   103   103 I aw9380x_cap 8-0012: [aw9380x_para_loaded:823] reg_addr = 0x0718, reg_data = 0x02000000
03-23 02:02:54.973   103   103 I aw9380x_cap 8-0012: [aw9380x_para_loaded:823] reg_addr = 0x071c, reg_data = 0x00002000
03-23 02:02:54.973   103   103 I aw9380x_cap 8-0012: [aw9380x_para_loaded:823] reg_addr = 0x0720, reg_data = 0x00010000
03-23 02:02:54.974   103   103 I aw9380x_cap 8-0012: [aw9380x_para_loaded:823] reg_addr = 0x0724, reg_data = 0x80007530
03-23 02:02:54.974   103   103 I aw9380x_cap 8-0012: [aw9380x_para_loaded:823] reg_addr = 0x0890, reg_data = 0x00000000
03-23 02:02:54.974   103   103 I aw9380x_cap 8-0012: [aw9380x_para_loaded:823] reg_addr = 0x0894, reg_data = 0x00000000
03-23 02:02:54.974   103   103 I aw9380x_cap 8-0012: [aw9380x_para_loaded:823] reg_addr = 0x0898, reg_data = 0x00000000
03-23 02:02:54.974   103   103 I aw9380x_cap 8-0012: [aw9380x_para_loaded:823] reg_addr = 0x08a0, reg_data = 0x00000000
03-23 02:02:54.975   103   103 I aw9380x_cap 8-0012: [aw9380x_para_loaded:823] reg_addr = 0x08a4, reg_data = 0xffffffff
03-23 02:02:54.975   103   103 I aw9380x_cap 8-0012: [aw9380x_para_loaded:823] reg_addr = 0x08b8, reg_data = 0x070004b0
03-23 02:02:54.975   103   103 I aw9380x_cap 8-0012: [aw9380x_para_loaded:823] reg_addr = 0x08bc, reg_data = 0x0e000000
03-23 02:02:54.975   103   103 I aw9380x_cap 8-0012: [aw9380x_para_loaded:823] reg_addr = 0x08c0, reg_data = 0xf2000000
03-23 02:02:54.975   103   103 I aw9380x_cap 8-0012: [aw9380x_para_loaded:823] reg_addr = 0x08c4, reg_data = 0x02000000
03-23 02:02:54.976   103   103 I aw9380x_cap 8-0012: [aw9380x_para_loaded:823] reg_addr = 0x08c8, reg_data = 0x02000000
03-23 02:02:54.976   103   103 I aw9380x_cap 8-0012: [aw9380x_para_loaded:823] reg_addr = 0x08cc, reg_data = 0x00002000
03-23 02:02:54.976   103   103 I aw9380x_cap 8-0012: [aw9380x_para_loaded:823] reg_addr = 0x08d0, reg_data = 0x00010000
03-23 02:02:54.976   103   103 I aw9380x_cap 8-0012: [aw9380x_para_loaded:823] reg_addr = 0x08d4, reg_data = 0x80007530
03-23 02:02:54.976   103   103 I aw9380x_cap 8-0012: [aw9380x_para_loaded:823] reg_addr = 0x0a40, reg_data = 0x00000000
03-23 02:02:54.977   103   103 I aw9380x_cap 8-0012: [aw9380x_para_loaded:823] reg_addr = 0x0a44, reg_data = 0x00000000
03-23 02:02:54.977   103   103 I aw9380x_cap 8-0012: [aw9380x_para_loaded:823] reg_addr = 0x0a48, reg_data = 0x00000000
03-23 02:02:54.977   103   103 I aw9380x_cap 8-0012: [aw9380x_para_loaded:823] reg_addr = 0x0a50, reg_data = 0x00000000
03-23 02:02:54.977   103   103 I aw9380x_cap 8-0012: [aw9380x_para_loaded:823] reg_addr = 0x0a54, reg_data = 0xffffffff
03-23 02:02:54.977   103   103 I aw9380x_cap 8-0012: [aw9380x_para_loaded:823] reg_addr = 0x0a68, reg_data = 0x070004b0
03-23 02:02:54.978   103   103 I aw9380x_cap 8-0012: [aw9380x_para_loaded:823] reg_addr = 0x0a6c, reg_data = 0x0e000000
03-23 02:02:54.978   103   103 I aw9380x_cap 8-0012: [aw9380x_para_loaded:823] reg_addr = 0x0a70, reg_data = 0xf2000000
03-23 02:02:54.978   103   103 I aw9380x_cap 8-0012: [aw9380x_para_loaded:823] reg_addr = 0x0a74, reg_data = 0x02000000
03-23 02:02:54.978   103   103 I aw9380x_cap 8-0012: [aw9380x_para_loaded:823] reg_addr = 0x0a78, reg_data = 0x02000000
03-23 02:02:54.978   103   103 I aw9380x_cap 8-0012: [aw9380x_para_loaded:823] reg_addr = 0x0a7c, reg_data = 0x00002000
03-23 02:02:54.979   103   103 I aw9380x_cap 8-0012: [aw9380x_para_loaded:823] reg_addr = 0x0a80, reg_data = 0x00010000
03-23 02:02:54.979   103   103 I aw9380x_cap 8-0012: [aw9380x_para_loaded:823] reg_addr = 0x0a84, reg_data = 0x80007530
03-23 02:02:54.979   103   103 I aw9380x_cap 8-0012: [aw9380x_para_loaded:823] reg_addr = 0x0bf0, reg_data = 0x00000000
03-23 02:02:54.979   103   103 I aw9380x_cap 8-0012: [aw9380x_para_loaded:823] reg_addr = 0x0bf4, reg_data = 0x00000000
03-23 02:02:54.979   103   103 I aw9380x_cap 8-0012: [aw9380x_para_loaded:823] reg_addr = 0x0bf8, reg_data = 0x00000000
03-23 02:02:54.980   103   103 I aw9380x_cap 8-0012: [aw9380x_para_loaded:823] reg_addr = 0x0c00, reg_data = 0x00000000
03-23 02:02:54.980   103   103 I aw9380x_cap 8-0012: [aw9380x_para_loaded:823] reg_addr = 0x0c04, reg_data = 0xffffffff
03-23 02:02:54.980   103   103 I aw9380x_cap 8-0012: [aw9380x_para_loaded:823] reg_addr = 0x0c18, reg_data = 0x070004b0
03-23 02:02:54.980   103   103 I aw9380x_cap 8-0012: [aw9380x_para_loaded:823] reg_addr = 0x0c1c, reg_data = 0x0e000000
03-23 02:02:54.980   103   103 I aw9380x_cap 8-0012: [aw9380x_para_loaded:823] reg_addr = 0x0c20, reg_data = 0xf2000000
03-23 02:02:54.981   103   103 I aw9380x_cap 8-0012: [aw9380x_para_loaded:823] reg_addr = 0x0c24, reg_data = 0x02000000
03-23 02:02:54.981   103   103 I aw9380x_cap 8-0012: [aw9380x_para_loaded:823] reg_addr = 0x0c28, reg_data = 0x02000000
03-23 02:02:54.981   103   103 I aw9380x_cap 8-0012: [aw9380x_para_loaded:823] reg_addr = 0x0c2c, reg_data = 0x00002000
03-23 02:02:54.981   103   103 I aw9380x_cap 8-0012: [aw9380x_para_loaded:823] reg_addr = 0x0c30, reg_data = 0x00010000
03-23 02:02:54.981   103   103 I aw9380x_cap 8-0012: [aw9380x_para_loaded:823] reg_addr = 0x0c34, reg_data = 0x80007530
03-23 02:02:54.981   103   103 I aw9380x_cap 8-0012: [aw9380x_para_loaded:823] reg_addr = 0x0da0, reg_data = 0x00000000
03-23 02:02:54.982   103   103 I aw9380x_cap 8-0012: [aw9380x_para_loaded:823] reg_addr = 0x0da4, reg_data = 0x00000000
03-23 02:02:54.982   103   103 I aw9380x_cap 8-0012: [aw9380x_para_loaded:823] reg_addr = 0x0da8, reg_data = 0x00000000
03-23 02:02:54.982   103   103 I aw9380x_cap 8-0012: [aw9380x_para_loaded:823] reg_addr = 0x0db0, reg_data = 0x00000000
03-23 02:02:54.982   103   103 I aw9380x_cap 8-0012: [aw9380x_para_loaded:823] reg_addr = 0x0db4, reg_data = 0xffffffff
03-23 02:02:54.982   103   103 I aw9380x_cap 8-0012: [aw9380x_para_loaded:823] reg_addr = 0x0dc8, reg_data = 0x070004b0
03-23 02:02:54.983   103   103 I aw9380x_cap 8-0012: [aw9380x_para_loaded:823] reg_addr = 0x0dcc, reg_data = 0x0e000000
03-23 02:02:54.983   103   103 I aw9380x_cap 8-0012: [aw9380x_para_loaded:823] reg_addr = 0x0dd0, reg_data = 0xf2000000
03-23 02:02:54.983   103   103 I aw9380x_cap 8-0012: [aw9380x_para_loaded:823] reg_addr = 0x0dd4, reg_data = 0x02000000
03-23 02:02:54.983   103   103 I aw9380x_cap 8-0012: [aw9380x_para_loaded:823] reg_addr = 0x0dd8, reg_data = 0x02000000
03-23 02:02:54.983   103   103 I aw9380x_cap 8-0012: [aw9380x_para_loaded:823] reg_addr = 0x0ddc, reg_data = 0x00002000
03-23 02:02:54.984   103   103 I aw9380x_cap 8-0012: [aw9380x_para_loaded:823] reg_addr = 0x0de0, reg_data = 0x00010000
03-23 02:02:54.984   103   103 I aw9380x_cap 8-0012: [aw9380x_para_loaded:823] reg_addr = 0x0de4, reg_data = 0x80007530
03-23 02:02:54.984   103   103 I aw9380x_cap 8-0012: [aw9380x_para_loaded:823] reg_addr = 0x0f50, reg_data = 0x00000000
03-23 02:02:54.984   103   103 I aw9380x_cap 8-0012: [aw9380x_para_loaded:823] reg_addr = 0x0f54, reg_data = 0x00000000
03-23 02:02:54.984   103   103 I aw9380x_cap 8-0012: [aw9380x_para_loaded:823] reg_addr = 0x0f58, reg_data = 0x00000000
03-23 02:02:54.985   103   103 I aw9380x_cap 8-0012: [aw9380x_para_loaded:823] reg_addr = 0x0f60, reg_data = 0x00000000
03-23 02:02:54.985   103   103 I aw9380x_cap 8-0012: [aw9380x_para_loaded:823] reg_addr = 0x0f64, reg_data = 0xffffffff
03-23 02:02:54.985   103   103 I aw9380x_cap 8-0012: [aw9380x_para_loaded:823] reg_addr = 0x0f78, reg_data = 0x070004b0
03-23 02:02:54.985   103   103 I aw9380x_cap 8-0012: [aw9380x_para_loaded:823] reg_addr = 0x0f7c, reg_data = 0x0e000000
03-23 02:02:54.985   103   103 I aw9380x_cap 8-0012: [aw9380x_para_loaded:823] reg_addr = 0x0f80, reg_data = 0xf2000000
03-23 02:02:54.986   103   103 I aw9380x_cap 8-0012: [aw9380x_para_loaded:823] reg_addr = 0x0f84, reg_data = 0x02000000
03-23 02:02:54.986   103   103 I aw9380x_cap 8-0012: [aw9380x_para_loaded:823] reg_addr = 0x0f88, reg_data = 0x02000000
03-23 02:02:54.986   103   103 I aw9380x_cap 8-0012: [aw9380x_para_loaded:823] reg_addr = 0x0f8c, reg_data = 0x00002000
03-23 02:02:54.986   103   103 I aw9380x_cap 8-0012: [aw9380x_para_loaded:823] reg_addr = 0x0f90, reg_data = 0x00010000
03-23 02:02:54.986   103   103 I aw9380x_cap 8-0012: [aw9380x_para_loaded:823] reg_addr = 0x0f94, reg_data = 0x80007530
03-23 02:02:54.986   103   103 I aw9380x_cap 8-0012: [aw9380x_para_loaded:823] reg_addr = 0x1100, reg_data = 0x00000000
03-23 02:02:54.987   103   103 I aw9380x_cap 8-0012: [aw9380x_para_loaded:823] reg_addr = 0x1104, reg_data = 0x00000000
03-23 02:02:54.987   103   103 I aw9380x_cap 8-0012: [aw9380x_para_loaded:823] reg_addr = 0x1108, reg_data = 0x00000000
03-23 02:02:54.987   103   103 I aw9380x_cap 8-0012: [aw9380x_para_loaded:823] reg_addr = 0x1110, reg_data = 0x00000000
03-23 02:02:54.987   103   103 I aw9380x_cap 8-0012: [aw9380x_para_loaded:823] reg_addr = 0x1114, reg_data = 0xffffffff
03-23 02:02:54.988   103   103 I aw9380x_cap 8-0012: [aw9380x_para_loaded:823] reg_addr = 0x1128, reg_data = 0x070004b0
03-23 02:02:54.988   103   103 I aw9380x_cap 8-0012: [aw9380x_para_loaded:823] reg_addr = 0x112c, reg_data = 0x0e000000
03-23 02:02:54.988   103   103 I aw9380x_cap 8-0012: [aw9380x_para_loaded:823] reg_addr = 0x1130, reg_data = 0xf2000000
03-23 02:02:54.988   103   103 I aw9380x_cap 8-0012: [aw9380x_para_loaded:823] reg_addr = 0x1134, reg_data = 0x02000000
03-23 02:02:54.988   103   103 I aw9380x_cap 8-0012: [aw9380x_para_loaded:823] reg_addr = 0x1138, reg_data = 0x02000000
03-23 02:02:54.989   103   103 I aw9380x_cap 8-0012: [aw9380x_para_loaded:823] reg_addr = 0x113c, reg_data = 0x00002000
03-23 02:02:54.989   103   103 I aw9380x_cap 8-0012: [aw9380x_para_loaded:823] reg_addr = 0x1140, reg_data = 0x00010000
03-23 02:02:54.989   103   103 I aw9380x_cap 8-0012: [aw9380x_para_loaded:823] reg_addr = 0x1144, reg_data = 0x80007530
03-23 02:02:54.989   103   103 I aw9380x_cap 8-0012: [aw9380x_para_loaded:823] reg_addr = 0x12b0, reg_data = 0x00000000
03-23 02:02:54.989   103   103 I aw9380x_cap 8-0012: [aw9380x_para_loaded:823] reg_addr = 0x12b4, reg_data = 0x00000000
03-23 02:02:54.989   103   103 I aw9380x_cap 8-0012: [aw9380x_para_loaded:823] reg_addr = 0x12b8, reg_data = 0x00000000
03-23 02:02:54.990   103   103 I aw9380x_cap 8-0012: [aw9380x_para_loaded:823] reg_addr = 0x12c0, reg_data = 0x00000000
03-23 02:02:54.990   103   103 I aw9380x_cap 8-0012: [aw9380x_para_loaded:823] reg_addr = 0x12c4, reg_data = 0xffffffff
03-23 02:02:54.990   103   103 I aw9380x_cap 8-0012: [aw9380x_para_loaded:823] reg_addr = 0x12d8, reg_data = 0x070004b0
03-23 02:02:54.990   103   103 I aw9380x_cap 8-0012: [aw9380x_para_loaded:823] reg_addr = 0x12dc, reg_data = 0x0e000000
03-23 02:02:54.990   103   103 I aw9380x_cap 8-0012: [aw9380x_para_loaded:823] reg_addr = 0x12e0, reg_data = 0xf2000000
03-23 02:02:54.991   103   103 I aw9380x_cap 8-0012: [aw9380x_para_loaded:823] reg_addr = 0x12e4, reg_data = 0x02000000
03-23 02:02:54.991   103   103 I aw9380x_cap 8-0012: [aw9380x_para_loaded:823] reg_addr = 0x12e8, reg_data = 0x02000000
03-23 02:02:54.991   103   103 I aw9380x_cap 8-0012: [aw9380x_para_loaded:823] reg_addr = 0x12ec, reg_data = 0x00002000
03-23 02:02:54.991   103   103 I aw9380x_cap 8-0012: [aw9380x_para_loaded:823] reg_addr = 0x12f0, reg_data = 0x00010000
03-23 02:02:54.991   103   103 I aw9380x_cap 8-0012: [aw9380x_para_loaded:823] reg_addr = 0x12f4, reg_data = 0x80007530
03-23 02:02:54.992   103   103 I aw9380x_cap 8-0012: [aw9380x_para_loaded:823] reg_addr = 0x1460, reg_data = 0x00000000
03-23 02:02:54.992   103   103 I aw9380x_cap 8-0012: [aw9380x_para_loaded:823] reg_addr = 0x1464, reg_data = 0x00000000
03-23 02:02:54.992   103   103 I aw9380x_cap 8-0012: [aw9380x_para_loaded:823] reg_addr = 0x1468, reg_data = 0x00000000
03-23 02:02:54.992   103   103 I aw9380x_cap 8-0012: [aw9380x_para_loaded:823] reg_addr = 0x1470, reg_data = 0x00000000
03-23 02:02:54.992   103   103 I aw9380x_cap 8-0012: [aw9380x_para_loaded:823] reg_addr = 0x1474, reg_data = 0xffffffff
03-23 02:02:54.993   103   103 I aw9380x_cap 8-0012: [aw9380x_para_loaded:823] reg_addr = 0x1488, reg_data = 0x070004b0
03-23 02:02:54.993   103   103 I aw9380x_cap 8-0012: [aw9380x_para_loaded:823] reg_addr = 0x148c, reg_data = 0x0e000000
03-23 02:02:54.993   103   103 I aw9380x_cap 8-0012: [aw9380x_para_loaded:823] reg_addr = 0x1490, reg_data = 0xf2000000
03-23 02:02:54.993   103   103 I aw9380x_cap 8-0012: [aw9380x_para_loaded:823] reg_addr = 0x1494, reg_data = 0x02000000
03-23 02:02:54.993   103   103 I aw9380x_cap 8-0012: [aw9380x_para_loaded:823] reg_addr = 0x1498, reg_data = 0x02000000
03-23 02:02:54.994   103   103 I aw9380x_cap 8-0012: [aw9380x_para_loaded:823] reg_addr = 0x149c, reg_data = 0x00002000
03-23 02:02:54.994   103   103 I aw9380x_cap 8-0012: [aw9380x_para_loaded:823] reg_addr = 0x14a0, reg_data = 0x00010000
03-23 02:02:54.994   103   103 I aw9380x_cap 8-0012: [aw9380x_para_loaded:823] reg_addr = 0x14a4, reg_data = 0x80007530
03-23 02:02:54.994   103   103 I aw9380x_cap 8-0012: [aw9380x_para_loaded:823] reg_addr = 0xf084, reg_data = 0x000f0fff
03-23 02:02:54.994   103   103 I aw9380x_cap 8-0012: [aw9380x_para_loaded:823] reg_addr = 0x004c, reg_data = 0xffffffff
03-23 02:02:54.995   103   103 I aw9380x_cap 8-0012: [aw9380x_para_loaded:823] reg_addr = 0x0050, reg_data = 0xffffffff
03-23 02:02:54.995   103   103 I aw9380x_cap 8-0012: [aw9380x_para_loaded:826] para writen completely
03-23 02:02:54.995   103   103 I aw9380x_cap 8-0012: [aw9380x_update_ch_en:325] ch_en_val old:0x000000FF
03-23 02:02:54.998   103   103 I aw9380x_cap 8-0012: [aw9380x_update_ch_en:336] ch_en_val new:0x0000007F
03-23 02:02:54.999   103   103 I aw9380x_cap 8-0012: [aw9380x_fct_cali_coef_def_read:2521] ch=0, diff=0, weight=0, cali_coef_def=0
03-23 02:02:54.999   388   388 I aw9380x_cap 8-0012: [aw9380x_rc_irqscr:3728] i2c read reg: 0xf080, val= 0
03-23 02:02:54.999   388   388 I aw9380x_cap 8-0012: [aw9380x_cap_default_irq_handle:4109] gpio_low_count 0
03-23 02:02:54.999   103   103 I aw9380x_cap 8-0012: [aw9380x_fct_cali_coef_def_read:2521] ch=1, diff=0, weight=0, cali_coef_def=0
03-23 02:02:54.999   388   388 I aw9380x_cap 8-0012: [aw9380x_irq_handle_func:4065] IRQSEN = 0x000F0FFF
03-23 02:02:54.999   388   388 I aw9380x_cap 8-0012: [aw9380x_irq_handle_func:4067] IRQSRC = 0x00000000
03-23 02:02:54.999   388   388 I aw9380x_cap 8-0012: [aw9380x_noth_button_key_report:3855] touch0_state Cap 0 Force 0 currentBtn 2
03-23 02:02:54.999   388   388 I aw9380x_cap 8-0012: [aw9380x_noth_button_key_report:3875] KeyCode 251 newBtn(0/UP) 0 2025-12-19 16:41:46.775167425 UTC
03-23 02:02:55.000   103   103 I aw9380x_cap 8-0012: [aw9380x_fct_cali_coef_def_read:2521] ch=2, diff=0, weight=0, cali_coef_def=0
03-23 02:02:55.000   103   103 I aw9380x_cap 8-0012: [aw9380x_fct_cali_coef_def_read:2521] ch=3, diff=0, weight=0, cali_coef_def=0
03-23 02:02:55.000   103   103 I aw9380x_cap 8-0012: [aw9380x_fct_cali_coef_def_read:2521] ch=4, diff=0, weight=0, cali_coef_def=0
03-23 02:02:55.001   103   103 I aw9380x_cap 8-0012: [aw9380x_fct_cali_coef_def_read:2521] ch=5, diff=0, weight=0, cali_coef_def=0
03-23 02:02:55.001    11    11 I         : [matrix-leds] write bytes len 4106, ret 0
03-23 02:02:55.001   103   103 I aw9380x_cap 8-0012: [aw9380x_fct_cali_coef_def_read:2521] ch=6, diff=0, weight=0, cali_coef_def=0
03-23 02:02:55.001   103   103 I aw9380x_cap 8-0012: [aw9380x_fct_cali_coef_def_read:2521] ch=7, diff=0, weight=0, cali_coef_def=0
03-23 02:02:55.001   103   103 I aw9380x_cap 8-0012: [aw9380x_fct_cali_coef_def_read:2521] ch=8, diff=0, weight=0, cali_coef_def=0
03-23 02:02:55.002   103   103 I aw9380x_cap 8-0012: [aw9380x_fct_cali_coef_def_read:2521] ch=9, diff=0, weight=0, cali_coef_def=0
03-23 02:02:55.002   103   103 I aw9380x_cap 8-0012: [aw9380x_fct_cali_coef_def_read:2521] ch=10, diff=0, weight=0, cali_coef_def=0
03-23 02:02:55.002   103   103 I aw9380x_cap 8-0012: [aw9380x_fct_cali_coef_def_read:2521] ch=11, diff=0, weight=0, cali_coef_def=0
03-23 02:02:55.002   103   103 I aw9380x_cap 8-0012: [aw9380x_fct_data_write_back_to_fw:2802] Enter
03-23 02:02:55.002   103   103 I aw9380x_cap 8-0012: [aw9380x_fct_data_read_from_flash:2787] Enter
03-23 02:02:55.137    11    11 I         : [matrix-leds] write bytes len 4106, ret 0
03-23 02:02:55.273    11    11 I         : [matrix-leds] write bytes len 4106, ret 0
03-23 02:02:55.353   388   388 I aw9380x_cap 8-0012: [aw9380x_rc_irqscr:3728] i2c read reg: 0xf080, val= 24
03-23 02:02:55.353   388   388 I aw9380x_cap 8-0012: [aw9380x_cap_default_irq_handle:4109] gpio_low_count 0
03-23 02:02:55.353   388   388 I aw9380x_cap 8-0012: [aw9380x_irq_handle_func:4065] IRQSEN = 0x000F0FFF
03-23 02:02:55.353   388   388 I aw9380x_cap 8-0012: [aw9380x_irq_handle_func:4067] IRQSRC = 0x00000018
03-23 02:02:55.353   388   388 I aw9380x_cap 8-0012: [aw9380x_noth_button_key_report:3855] touch0_state Cap 0 Force 0 currentBtn 0
03-23 02:02:55.395   388   388 I aw9380x_cap 8-0012: [aw9380x_rc_irqscr:3728] i2c read reg: 0xf080, val= 16
03-23 02:02:55.395   388   388 I aw9380x_cap 8-0012: [aw9380x_cap_default_irq_handle:4109] gpio_low_count 0
03-23 02:02:55.395   388   388 I aw9380x_cap 8-0012: [aw9380x_irq_handle_func:4065] IRQSEN = 0x000F0FFF
03-23 02:02:55.395   388   388 I aw9380x_cap 8-0012: [aw9380x_irq_handle_func:4067] IRQSRC = 0x00000010
12-19 16:41:47.172   458   458 W ServiceManager: Waited one second for android.system.keystore2.IKeystoreService/default (is service started? are binder threads started and available?)
12-19 16:41:47.172   452   452 I servicemanager: Since 'android.system.keystore2.IKeystoreService/default' could not be found, trying to start it as a lazy AIDL service
03-23 02:02:55.396   388   388 I aw9380x_cap 8-0012: [aw9380x_noth_button_key_report:3855] touch0_state Cap 0 Force 0 currentBtn 0
03-23 02:02:55.409    11    11 I         : [matrix-leds] write bytes len 4106, ret 0
03-23 02:02:55.417   388   388 I aw9380x_cap 8-0012: [aw9380x_rc_irqscr:3728] i2c read reg: 0xf080, val= 16
03-23 02:02:55.417   388   388 I aw9380x_cap 8-0012: [aw9380x_cap_default_irq_handle:4109] gpio_low_count 0
03-23 02:02:55.417   388   388 I aw9380x_cap 8-0012: [aw9380x_irq_handle_func:4065] IRQSEN = 0x000F0FFF
03-23 02:02:55.417   388   388 I aw9380x_cap 8-0012: [aw9380x_irq_handle_func:4067] IRQSRC = 0x00000010
03-23 02:02:55.417   388   388 I aw9380x_cap 8-0012: [aw9380x_noth_button_key_report:3855] touch0_state Cap 0 Force 0 currentBtn 0
03-23 02:02:55.459   388   388 I aw9380x_cap 8-0012: [aw9380x_rc_irqscr:3728] i2c read reg: 0xf080, val= 2097168
03-23 02:02:55.459   388   388 I aw9380x_cap 8-0012: [aw9380x_cap_default_irq_handle:4109] gpio_low_count 0
03-23 02:02:55.459   388   388 I aw9380x_cap 8-0012: [aw9380x_irq_handle_func:4065] IRQSEN = 0x000F0FFF
03-23 02:02:55.459   388   388 I aw9380x_cap 8-0012: [aw9380x_irq_handle_func:4067] IRQSRC = 0x00200010
03-23 02:02:55.460   388   388 I aw9380x_cap 8-0012: [aw9380x_noth_button_key_report:3855] touch0_state Cap 0 Force 0 currentBtn 0
03-23 02:02:55.481   388   388 I aw9380x_cap 8-0012: [aw9380x_rc_irqscr:3728] i2c read reg: 0xf080, val= 16
03-23 02:02:55.481   388   388 I aw9380x_cap 8-0012: [aw9380x_cap_default_irq_handle:4109] gpio_low_count 0
03-23 02:02:55.481   388   388 I aw9380x_cap 8-0012: [aw9380x_irq_handle_func:4065] IRQSEN = 0x000F0FFF
03-23 02:02:55.481   388   388 I aw9380x_cap 8-0012: [aw9380x_irq_handle_func:4067] IRQSRC = 0x00000010
03-23 02:02:55.482   388   388 I aw9380x_cap 8-0012: [aw9380x_noth_button_key_report:3855] touch0_state Cap 0 Force 0 currentBtn 0
03-23 02:02:55.524   388   388 I aw9380x_cap 8-0012: [aw9380x_rc_irqscr:3728] i2c read reg: 0xf080, val= 2097168
03-23 02:02:55.524   388   388 I aw9380x_cap 8-0012: [aw9380x_cap_default_irq_handle:4109] gpio_low_count 0
03-23 02:02:55.524   388   388 I aw9380x_cap 8-0012: [aw9380x_irq_handle_func:4065] IRQSEN = 0x000F0FFF
03-23 02:02:55.524   388   388 I aw9380x_cap 8-0012: [aw9380x_irq_handle_func:4067] IRQSRC = 0x00200010
03-23 02:02:55.524   388   388 I aw9380x_cap 8-0012: [aw9380x_noth_button_key_report:3855] touch0_state Cap 0 Force 0 currentBtn 0
03-23 02:02:55.545    11    11 I         : [matrix-leds] write bytes len 4106, ret 0
03-23 02:02:55.545   388   388 I aw9380x_cap 8-0012: [aw9380x_rc_irqscr:3728] i2c read reg: 0xf080, val= 16
03-23 02:02:55.545   388   388 I aw9380x_cap 8-0012: [aw9380x_cap_default_irq_handle:4109] gpio_low_count 0
03-23 02:02:55.546   388   388 I aw9380x_cap 8-0012: [aw9380x_irq_handle_func:4065] IRQSEN = 0x000F0FFF
03-23 02:02:55.546   388   388 I aw9380x_cap 8-0012: [aw9380x_irq_handle_func:4067] IRQSRC = 0x00000010
03-23 02:02:55.546   388   388 I aw9380x_cap 8-0012: [aw9380x_noth_button_key_report:3855] touch0_state Cap 0 Force 0 currentBtn 0
03-23 02:02:55.588   388   388 I aw9380x_cap 8-0012: [aw9380x_rc_irqscr:3728] i2c read reg: 0xf080, val= 16
03-23 02:02:55.588   388   388 I aw9380x_cap 8-0012: [aw9380x_cap_default_irq_handle:4109] gpio_low_count 0
03-23 02:02:55.588   388   388 I aw9380x_cap 8-0012: [aw9380x_irq_handle_func:4065] IRQSEN = 0x000F0FFF
03-23 02:02:55.588   388   388 I aw9380x_cap 8-0012: [aw9380x_irq_handle_func:4067] IRQSRC = 0x00000010
03-23 02:02:55.589   388   388 I aw9380x_cap 8-0012: [aw9380x_noth_button_key_report:3855] touch0_state Cap 0 Force 0 currentBtn 0
03-23 02:02:55.610   388   388 I aw9380x_cap 8-0012: [aw9380x_rc_irqscr:3728] i2c read reg: 0xf080, val= 16
03-23 02:02:55.610   388   388 I aw9380x_cap 8-0012: [aw9380x_cap_default_irq_handle:4109] gpio_low_count 0
03-23 02:02:55.610   388   388 I aw9380x_cap 8-0012: [aw9380x_irq_handle_func:4065] IRQSEN = 0x000F0FFF
03-23 02:02:55.610   388   388 I aw9380x_cap 8-0012: [aw9380x_irq_handle_func:4067] IRQSRC = 0x00000010
03-23 02:02:55.611   388   388 I aw9380x_cap 8-0012: [aw9380x_noth_button_key_report:3855] touch0_state Cap 0 Force 0 currentBtn 0
03-23 02:02:55.652   388   388 I aw9380x_cap 8-0012: [aw9380x_rc_irqscr:3728] i2c read reg: 0xf080, val= 2097168
03-23 02:02:55.652   388   388 I aw9380x_cap 8-0012: [aw9380x_cap_default_irq_handle:4109] gpio_low_count 0
03-23 02:02:55.653   388   388 I aw9380x_cap 8-0012: [aw9380x_irq_handle_func:4065] IRQSEN = 0x000F0FFF
03-23 02:02:55.653   388   388 I aw9380x_cap 8-0012: [aw9380x_irq_handle_func:4067] IRQSRC = 0x00200010
03-23 02:02:55.653   388   388 I aw9380x_cap 8-0012: [aw9380x_noth_button_key_report:3855] touch0_state Cap 0 Force 0 currentBtn 0
03-23 02:02:55.674   388   388 I aw9380x_cap 8-0012: [aw9380x_rc_irqscr:3728] i2c read reg: 0xf080, val= 16
03-23 02:02:55.674   388   388 I aw9380x_cap 8-0012: [aw9380x_cap_default_irq_handle:4109] gpio_low_count 0
03-23 02:02:55.675   388   388 I aw9380x_cap 8-0012: [aw9380x_irq_handle_func:4065] IRQSEN = 0x000F0FFF
03-23 02:02:55.675   388   388 I aw9380x_cap 8-0012: [aw9380x_irq_handle_func:4067] IRQSRC = 0x00000010
03-23 02:02:55.675   388   388 I aw9380x_cap 8-0012: [aw9380x_noth_button_key_report:3855] touch0_state Cap 0 Force 0 currentBtn 0
03-23 02:02:55.681    11    11 I         : [matrix-leds] write bytes len 4106, ret 0
03-23 02:02:55.717   388   388 I aw9380x_cap 8-0012: [aw9380x_rc_irqscr:3728] i2c read reg: 0xf080, val= 2097168
03-23 02:02:55.717   388   388 I aw9380x_cap 8-0012: [aw9380x_cap_default_irq_handle:4109] gpio_low_count 0
03-23 02:02:55.717   388   388 I aw9380x_cap 8-0012: [aw9380x_irq_handle_func:4065] IRQSEN = 0x000F0FFF
03-23 02:02:55.717   388   388 I aw9380x_cap 8-0012: [aw9380x_irq_handle_func:4067] IRQSRC = 0x00200010
03-23 02:02:55.718   388   388 I aw9380x_cap 8-0012: [aw9380x_noth_button_key_report:3855] touch0_state Cap 0 Force 0 currentBtn 0
03-23 02:02:55.739   388   388 I aw9380x_cap 8-0012: [aw9380x_rc_irqscr:3728] i2c read reg: 0xf080, val= 16
03-23 02:02:55.739   388   388 I aw9380x_cap 8-0012: [aw9380x_cap_default_irq_handle:4109] gpio_low_count 0
03-23 02:02:55.739   388   388 I aw9380x_cap 8-0012: [aw9380x_irq_handle_func:4065] IRQSEN = 0x000F0FFF
03-23 02:02:55.739   388   388 I aw9380x_cap 8-0012: [aw9380x_irq_handle_func:4067] IRQSRC = 0x00000010
03-23 02:02:55.740   388   388 I aw9380x_cap 8-0012: [aw9380x_noth_button_key_report:3855] touch0_state Cap 0 Force 0 currentBtn 0
03-23 02:02:55.781   388   388 I aw9380x_cap 8-0012: [aw9380x_rc_irqscr:3728] i2c read reg: 0xf080, val= 16
03-23 02:02:55.781   388   388 I aw9380x_cap 8-0012: [aw9380x_cap_default_irq_handle:4109] gpio_low_count 0
03-23 02:02:55.782   388   388 I aw9380x_cap 8-0012: [aw9380x_irq_handle_func:4065] IRQSEN = 0x000F0FFF
03-23 02:02:55.782   388   388 I aw9380x_cap 8-0012: [aw9380x_irq_handle_func:4067] IRQSRC = 0x00000010
03-23 02:02:55.782   388   388 I aw9380x_cap 8-0012: [aw9380x_noth_button_key_report:3855] touch0_state Cap 0 Force 0 currentBtn 0
03-23 02:02:55.803   388   388 I aw9380x_cap 8-0012: [aw9380x_rc_irqscr:3728] i2c read reg: 0xf080, val= 16
03-23 02:02:55.803   388   388 I aw9380x_cap 8-0012: [aw9380x_cap_default_irq_handle:4109] gpio_low_count 0
03-23 02:02:55.804   388   388 I aw9380x_cap 8-0012: [aw9380x_irq_handle_func:4065] IRQSEN = 0x000F0FFF
03-23 02:02:55.804   388   388 I aw9380x_cap 8-0012: [aw9380x_irq_handle_func:4067] IRQSRC = 0x00000010
03-23 02:02:55.804   388   388 I aw9380x_cap 8-0012: [aw9380x_noth_button_key_report:3855] touch0_state Cap 0 Force 0 currentBtn 0
03-23 02:02:55.817    11    11 I         : [matrix-leds] write bytes len 4106, ret 0
03-23 02:02:55.846   388   388 I aw9380x_cap 8-0012: [aw9380x_rc_irqscr:3728] i2c read reg: 0xf080, val= 16
03-23 02:02:55.846   388   388 I aw9380x_cap 8-0012: [aw9380x_cap_default_irq_handle:4109] gpio_low_count 0
03-23 02:02:55.846   388   388 I aw9380x_cap 8-0012: [aw9380x_irq_handle_func:4065] IRQSEN = 0x000F0FFF
03-23 02:02:55.846   388   388 I aw9380x_cap 8-0012: [aw9380x_irq_handle_func:4067] IRQSRC = 0x00000010
03-23 02:02:55.847   388   388 I aw9380x_cap 8-0012: [aw9380x_noth_button_key_report:3855] touch0_state Cap 0 Force 0 currentBtn 0
03-23 02:02:55.868   388   388 I aw9380x_cap 8-0012: [aw9380x_rc_irqscr:3728] i2c read reg: 0xf080, val= 16
03-23 02:02:55.868   388   388 I aw9380x_cap 8-0012: [aw9380x_cap_default_irq_handle:4109] gpio_low_count 0
03-23 02:02:55.868   388   388 I aw9380x_cap 8-0012: [aw9380x_irq_handle_func:4065] IRQSEN = 0x000F0FFF
03-23 02:02:55.868   388   388 I aw9380x_cap 8-0012: [aw9380x_irq_handle_func:4067] IRQSRC = 0x00000010
03-23 02:02:55.869   388   388 I aw9380x_cap 8-0012: [aw9380x_noth_button_key_report:3855] touch0_state Cap 0 Force 0 currentBtn 0
03-23 02:02:55.910   388   388 I aw9380x_cap 8-0012: [aw9380x_rc_irqscr:3728] i2c read reg: 0xf080, val= 16
03-23 02:02:55.910   388   388 I aw9380x_cap 8-0012: [aw9380x_cap_default_irq_handle:4109] gpio_low_count 0
03-23 02:02:55.911   388   388 I aw9380x_cap 8-0012: [aw9380x_irq_handle_func:4065] IRQSEN = 0x000F0FFF
03-23 02:02:55.911   388   388 I aw9380x_cap 8-0012: [aw9380x_irq_handle_func:4067] IRQSRC = 0x00000010
03-23 02:02:55.911   388   388 I aw9380x_cap 8-0012: [aw9380x_noth_button_key_report:3855] touch0_state Cap 0 Force 0 currentBtn 0
03-23 02:02:55.932   388   388 I aw9380x_cap 8-0012: [aw9380x_rc_irqscr:3728] i2c read reg: 0xf080, val= 16
03-23 02:02:55.932   388   388 I aw9380x_cap 8-0012: [aw9380x_cap_default_irq_handle:4109] gpio_low_count 0
03-23 02:02:55.933   388   388 I aw9380x_cap 8-0012: [aw9380x_irq_handle_func:4065] IRQSEN = 0x000F0FFF
03-23 02:02:55.933   388   388 I aw9380x_cap 8-0012: [aw9380x_irq_handle_func:4067] IRQSRC = 0x00000010
03-23 02:02:55.933   388   388 I aw9380x_cap 8-0012: [aw9380x_noth_button_key_report:3855] touch0_state Cap 0 Force 0 currentBtn 0
03-23 02:02:55.953    11    11 I         : [matrix-leds] write bytes len 4106, ret 0
03-23 02:02:55.975   388   388 I aw9380x_cap 8-0012: [aw9380x_rc_irqscr:3728] i2c read reg: 0xf080, val= 16
03-23 02:02:55.975   388   388 I aw9380x_cap 8-0012: [aw9380x_cap_default_irq_handle:4109] gpio_low_count 0
03-23 02:02:55.975   388   388 I aw9380x_cap 8-0012: [aw9380x_irq_handle_func:4065] IRQSEN = 0x000F0FFF
03-23 02:02:55.975   388   388 I aw9380x_cap 8-0012: [aw9380x_irq_handle_func:4067] IRQSRC = 0x00000010
03-23 02:02:55.976   388   388 I aw9380x_cap 8-0012: [aw9380x_noth_button_key_report:3855] touch0_state Cap 0 Force 0 currentBtn 0
03-23 02:02:55.997   388   388 I aw9380x_cap 8-0012: [aw9380x_rc_irqscr:3728] i2c read reg: 0xf080, val= 16
03-23 02:02:55.997   388   388 I aw9380x_cap 8-0012: [aw9380x_cap_default_irq_handle:4109] gpio_low_count 0
03-23 02:02:55.997   388   388 I aw9380x_cap 8-0012: [aw9380x_irq_handle_func:4065] IRQSEN = 0x000F0FFF
03-23 02:02:55.997   388   388 I aw9380x_cap 8-0012: [aw9380x_irq_handle_func:4067] IRQSRC = 0x00000010
03-23 02:02:55.998   388   388 I aw9380x_cap 8-0012: [aw9380x_noth_button_key_report:3855] touch0_state Cap 0 Force 0 currentBtn 0
03-23 02:02:56.039   388   388 I aw9380x_cap 8-0012: [aw9380x_rc_irqscr:3728] i2c read reg: 0xf080, val= 2097168
03-23 02:02:56.039   388   388 I aw9380x_cap 8-0012: [aw9380x_cap_default_irq_handle:4109] gpio_low_count 0
03-23 02:02:56.040   388   388 I aw9380x_cap 8-0012: [aw9380x_irq_handle_func:4065] IRQSEN = 0x000F0FFF
03-23 02:02:56.040   388   388 I aw9380x_cap 8-0012: [aw9380x_irq_handle_func:4067] IRQSRC = 0x00200010
03-23 02:02:56.040   388   388 I aw9380x_cap 8-0012: [aw9380x_noth_button_key_report:3855] touch0_state Cap 0 Force 0 currentBtn 0
03-23 02:02:56.061   388   388 I aw9380x_cap 8-0012: [aw9380x_rc_irqscr:3728] i2c read reg: 0xf080, val= 16
03-23 02:02:56.061   388   388 I aw9380x_cap 8-0012: [aw9380x_cap_default_irq_handle:4109] gpio_low_count 0
03-23 02:02:56.061   388   388 I aw9380x_cap 8-0012: [aw9380x_irq_handle_func:4065] IRQSEN = 0x000F0FFF
03-23 02:02:56.061   388   388 I aw9380x_cap 8-0012: [aw9380x_irq_handle_func:4067] IRQSRC = 0x00000010
03-23 02:02:56.062   388   388 I aw9380x_cap 8-0012: [aw9380x_noth_button_key_report:3855] touch0_state Cap 0 Force 0 currentBtn 0
03-23 02:02:56.088    11    11 I         : [matrix-leds] write bytes len 4018, ret 0
03-23 02:02:56.104   388   388 I aw9380x_cap 8-0012: [aw9380x_rc_irqscr:3728] i2c read reg: 0xf080, val= 16
03-23 02:02:56.104   388   388 I aw9380x_cap 8-0012: [aw9380x_cap_default_irq_handle:4109] gpio_low_count 0
03-23 02:02:56.104   388   388 I aw9380x_cap 8-0012: [aw9380x_irq_handle_func:4065] IRQSEN = 0x000F0FFF
03-23 02:02:56.104   388   388 I aw9380x_cap 8-0012: [aw9380x_irq_handle_func:4067] IRQSRC = 0x00000010
03-23 02:02:56.105   388   388 I aw9380x_cap 8-0012: [aw9380x_noth_button_key_report:3855] touch0_state Cap 0 Force 0 currentBtn 0
03-23 02:02:56.126   388   388 I aw9380x_cap 8-0012: [aw9380x_rc_irqscr:3728] i2c read reg: 0xf080, val= 16
03-23 02:02:56.126   388   388 I aw9380x_cap 8-0012: [aw9380x_cap_default_irq_handle:4109] gpio_low_count 0
03-23 02:02:56.126   388   388 I aw9380x_cap 8-0012: [aw9380x_irq_handle_func:4065] IRQSEN = 0x000F0FFF
03-23 02:02:56.126   388   388 I aw9380x_cap 8-0012: [aw9380x_irq_handle_func:4067] IRQSRC = 0x00000010
03-23 02:02:56.126   388   388 I aw9380x_cap 8-0012: [aw9380x_noth_button_key_report:3855] touch0_state Cap 0 Force 0 currentBtn 0
03-23 02:02:56.168   388   388 I aw9380x_cap 8-0012: [aw9380x_rc_irqscr:3728] i2c read reg: 0xf080, val= 16
03-23 02:02:56.168   388   388 I aw9380x_cap 8-0012: [aw9380x_cap_default_irq_handle:4109] gpio_low_count 0
03-23 02:02:56.169   388   388 I aw9380x_cap 8-0012: [aw9380x_irq_handle_func:4065] IRQSEN = 0x000F0FFF
03-23 02:02:56.169   388   388 I aw9380x_cap 8-0012: [aw9380x_irq_handle_func:4067] IRQSRC = 0x00000010
03-23 02:02:56.169   388   388 I aw9380x_cap 8-0012: [aw9380x_noth_button_key_report:3855] touch0_state Cap 0 Force 0 currentBtn 0
03-23 02:02:56.190   388   388 I aw9380x_cap 8-0012: [aw9380x_rc_irqscr:3728] i2c read reg: 0xf080, val= 16
03-23 02:02:56.190   388   388 I aw9380x_cap 8-0012: [aw9380x_cap_default_irq_handle:4109] gpio_low_count 0
03-23 02:02:56.190   388   388 I aw9380x_cap 8-0012: [aw9380x_irq_handle_func:4065] IRQSEN = 0x000F0FFF
03-23 02:02:56.190   388   388 I aw9380x_cap 8-0012: [aw9380x_irq_handle_func:4067] IRQSRC = 0x00000010
03-23 02:02:56.191   388   388 I aw9380x_cap 8-0012: [aw9380x_noth_button_key_report:3855] touch0_state Cap 0 Force 0 currentBtn 0
03-23 02:02:56.191    11    11 I         : [matrix-leds] Video data successfully loaded.
03-23 02:02:56.191    11    11 I [matrix-leds] power_ctrl: power_on 0
03-23 02:02:56.192    11    11 I         : [matrix-leds] write bytes len 14, ret 0
03-23 02:02:56.233   388   388 I aw9380x_cap 8-0012: [aw9380x_rc_irqscr:3728] i2c read reg: 0xf080, val= 16
03-23 02:02:56.233   388   388 I aw9380x_cap 8-0012: [aw9380x_cap_default_irq_handle:4109] gpio_low_count 0
03-23 02:02:56.233   388   388 I aw9380x_cap 8-0012: [aw9380x_irq_handle_func:4065] IRQSEN = 0x000F0FFF
03-23 02:02:56.233   388   388 I aw9380x_cap 8-0012: [aw9380x_irq_handle_func:4067] IRQSRC = 0x00000010
03-23 02:02:56.233   388   388 I aw9380x_cap 8-0012: [aw9380x_noth_button_key_report:3855] touch0_state Cap 0 Force 0 currentBtn 0
03-23 02:02:56.255   388   388 I aw9380x_cap 8-0012: [aw9380x_rc_irqscr:3728] i2c read reg: 0xf080, val= 16
03-23 02:02:56.255   388   388 I aw9380x_cap 8-0012: [aw9380x_cap_default_irq_handle:4109] gpio_low_count 0
03-23 02:02:56.255   388   388 I aw9380x_cap 8-0012: [aw9380x_irq_handle_func:4065] IRQSEN = 0x000F0FFF
03-23 02:02:56.255   388   388 I aw9380x_cap 8-0012: [aw9380x_irq_handle_func:4067] IRQSRC = 0x00000010
03-23 02:02:56.255   388   388 I aw9380x_cap 8-0012: [aw9380x_noth_button_key_report:3855] touch0_state Cap 0 Force 0 currentBtn 0
03-23 02:02:56.297   388   388 I aw9380x_cap 8-0012: [aw9380x_rc_irqscr:3728] i2c read reg: 0xf080, val= 16
03-23 02:02:56.297   388   388 I aw9380x_cap 8-0012: [aw9380x_cap_default_irq_handle:4109] gpio_low_count 0
03-23 02:02:56.297   388   388 I aw9380x_cap 8-0012: [aw9380x_irq_handle_func:4065] IRQSEN = 0x000F0FFF
03-23 02:02:56.297   388   388 I aw9380x_cap 8-0012: [aw9380x_irq_handle_func:4067] IRQSRC = 0x00000010
03-23 02:02:56.298   388   388 I aw9380x_cap 8-0012: [aw9380x_noth_button_key_report:3855] touch0_state Cap 0 Force 0 currentBtn 0
03-23 02:02:56.319   388   388 I aw9380x_cap 8-0012: [aw9380x_rc_irqscr:3728] i2c read reg: 0xf080, val= 16
03-23 02:02:56.319   388   388 I aw9380x_cap 8-0012: [aw9380x_cap_default_irq_handle:4109] gpio_low_count 0
03-23 02:02:56.319   388   388 I aw9380x_cap 8-0012: [aw9380x_irq_handle_func:4065] IRQSEN = 0x000F0FFF
03-23 02:02:56.319   388   388 I aw9380x_cap 8-0012: [aw9380x_irq_handle_func:4067] IRQSRC = 0x00000010
03-23 02:02:56.320   388   388 I aw9380x_cap 8-0012: [aw9380x_noth_button_key_report:3855] touch0_state Cap 0 Force 0 currentBtn 0
03-23 02:02:56.362   388   388 I aw9380x_cap 8-0012: [aw9380x_rc_irqscr:3728] i2c read reg: 0xf080, val= 2097168
03-23 02:02:56.362   388   388 I aw9380x_cap 8-0012: [aw9380x_cap_default_irq_handle:4109] gpio_low_count 0
03-23 02:02:56.362   388   388 I aw9380x_cap 8-0012: [aw9380x_irq_handle_func:4065] IRQSEN = 0x000F0FFF
03-23 02:02:56.362   388   388 I aw9380x_cap 8-0012: [aw9380x_irq_handle_func:4067] IRQSRC = 0x00200010
03-23 02:02:56.362   388   388 I aw9380x_cap 8-0012: [aw9380x_noth_button_key_report:3855] touch0_state Cap 0 Force 0 currentBtn 0
03-23 02:02:56.384   388   388 I aw9380x_cap 8-0012: [aw9380x_rc_irqscr:3728] i2c read reg: 0xf080, val= 16
03-23 02:02:56.384   388   388 I aw9380x_cap 8-0012: [aw9380x_cap_default_irq_handle:4109] gpio_low_count 0
03-23 02:02:56.384   388   388 I aw9380x_cap 8-0012: [aw9380x_irq_handle_func:4065] IRQSEN = 0x000F0FFF
03-23 02:02:56.384   388   388 I aw9380x_cap 8-0012: [aw9380x_irq_handle_func:4067] IRQSRC = 0x00000010
03-23 02:02:56.385   388   388 I aw9380x_cap 8-0012: [aw9380x_noth_button_key_report:3855] touch0_state Cap 0 Force 0 currentBtn 0
12-19 16:41:48.172   458   458 W ServiceManager: Waited one second for android.system.keystore2.IKeystoreService/default (is service started? are binder threads started and available?)
12-19 16:41:48.172   452   452 I servicemanager: Since 'android.system.keystore2.IKeystoreService/default' could not be found, trying to start it as a lazy AIDL service
03-23 02:02:56.427   388   388 I aw9380x_cap 8-0012: [aw9380x_rc_irqscr:3728] i2c read reg: 0xf080, val= 2097168
03-23 02:02:56.427   388   388 I aw9380x_cap 8-0012: [aw9380x_cap_default_irq_handle:4109] gpio_low_count 0
03-23 02:02:56.427   388   388 I aw9380x_cap 8-0012: [aw9380x_irq_handle_func:4065] IRQSEN = 0x000F0FFF
03-23 02:02:56.427   388   388 I aw9380x_cap 8-0012: [aw9380x_irq_handle_func:4067] IRQSRC = 0x00200010
03-23 02:02:56.427   388   388 I aw9380x_cap 8-0012: [aw9380x_noth_button_key_report:3855] touch0_state Cap 0 Force 0 currentBtn 0
03-23 02:02:56.449   388   388 I aw9380x_cap 8-0012: [aw9380x_rc_irqscr:3728] i2c read reg: 0xf080, val= 16
03-23 02:02:56.449   388   388 I aw9380x_cap 8-0012: [aw9380x_cap_default_irq_handle:4109] gpio_low_count 0
03-23 02:02:56.449   388   388 I aw9380x_cap 8-0012: [aw9380x_irq_handle_func:4065] IRQSEN = 0x000F0FFF
03-23 02:02:56.449   388   388 I aw9380x_cap 8-0012: [aw9380x_irq_handle_func:4067] IRQSRC = 0x00000010
03-23 02:02:56.449   388   388 I aw9380x_cap 8-0012: [aw9380x_noth_button_key_report:3855] touch0_state Cap 0 Force 0 currentBtn 0
03-23 02:02:56.491   388   388 I aw9380x_cap 8-0012: [aw9380x_rc_irqscr:3728] i2c read reg: 0xf080, val= 16
03-23 02:02:56.491   388   388 I aw9380x_cap 8-0012: [aw9380x_cap_default_irq_handle:4109] gpio_low_count 0
03-23 02:02:56.491   388   388 I aw9380x_cap 8-0012: [aw9380x_irq_handle_func:4065] IRQSEN = 0x000F0FFF
03-23 02:02:56.491   388   388 I aw9380x_cap 8-0012: [aw9380x_irq_handle_func:4067] IRQSRC = 0x00000010
03-23 02:02:56.492   388   388 I aw9380x_cap 8-0012: [aw9380x_noth_button_key_report:3855] touch0_state Cap 0 Force 0 currentBtn 0
03-23 02:02:56.513   388   388 I aw9380x_cap 8-0012: [aw9380x_rc_irqscr:3728] i2c read reg: 0xf080, val= 16
03-23 02:02:56.513   388   388 I aw9380x_cap 8-0012: [aw9380x_cap_default_irq_handle:4109] gpio_low_count 0
03-23 02:02:56.513   388   388 I aw9380x_cap 8-0012: [aw9380x_irq_handle_func:4065] IRQSEN = 0x000F0FFF
03-23 02:02:56.513   388   388 I aw9380x_cap 8-0012: [aw9380x_irq_handle_func:4067] IRQSRC = 0x00000010
