03-23 01:34:04.164     1     1 I /soc/tpdm@109a6000: Fixed dependency cycle(s) with /soc/tn@109a0000
03-23 01:34:04.164     1     1 I /soc/tpdm@109a5000: Fixed dependency cycle(s) with /soc/tn@109a0000
03-23 01:34:04.164     1     1 I /soc/tpdm@109ab000: Fixed dependency cycle(s) with /soc/tn@109a0000
03-23 01:34:04.164     1     1 I /soc/tpdm@109aa000: Fixed dependency cycle(s) with /soc/tn@109a0000
03-23 01:34:04.164     1     1 I /soc/tn@109a0000: Fixed dependency cycle(s) with /soc/funnel@10041000
03-23 01:34:04.164     1     1 I /soc/tn@109a0000: Fixed dependency cycle(s) with /soc/traceNoc@10ba0000
03-23 01:34:04.164     1     1 I /soc/tn@109a0000: Fixed dependency cycle(s) with /soc/TN@10b80000
03-23 01:34:04.164     1     1 I /soc/tn@109a0000: Fixed dependency cycle(s) with /soc/TN@10d00000
03-23 01:34:04.164     1     1 I /soc/tn@109a0000: Fixed dependency cycle(s) with /soc/funnel@10c15000
03-23 01:34:04.164     1     1 I /soc/tn@109a0000: Fixed dependency cycle(s) with /soc/funnel@10c2d000
03-23 01:34:04.164     1     1 I /soc/tn@109a0000: Fixed dependency cycle(s) with /soc/funnel@10c35000
03-23 01:34:04.164     1     1 I /soc/tn@109a0000: Fixed dependency cycle(s) with /soc/funnel@10c09000
03-23 01:34:04.164     1     1 I /soc/tn@109a0000: Fixed dependency cycle(s) with /soc/funnel@13810000
03-23 01:34:04.164     1     1 I /soc/tn@109a0000: Fixed dependency cycle(s) with /soc/tpdm@109aa000
03-23 01:34:04.164     1     1 I /soc/tn@109a0000: Fixed dependency cycle(s) with /soc/tpdm@109ab000
03-23 01:34:04.164     1     1 I /soc/tn@109a0000: Fixed dependency cycle(s) with /soc/tpdm@109a5000
03-23 01:34:04.164     1     1 I /soc/tn@109a0000: Fixed dependency cycle(s) with /soc/tpdm@109a6000
03-23 01:34:04.164     1     1 I /soc/tn@109a0000: Fixed dependency cycle(s) with /soc/tpdm@109a4000
03-23 01:34:04.164     1     1 I /soc/tn@109a0000: Fixed dependency cycle(s) with /soc/tpdm@10841000
03-23 01:34:04.164     1     1 I /soc/tn@109a0000: Fixed dependency cycle(s) with /soc/tpdm@1082c000
03-23 01:34:04.164     1     1 I /soc/tn@109a0000: Fixed dependency cycle(s) with /soc/funnel@10804000
03-23 01:34:04.164     1     1 I /soc/tn@109a0000: Fixed dependency cycle(s) with /soc/funnel@10cc5000
03-23 01:34:04.164     1     1 I /soc/tn@109a0000: Fixed dependency cycle(s) with /soc/tpda@10c71000
03-23 01:34:04.164     1     1 I /soc/tpdm@1000f000: Fixed dependency cycle(s) with /soc/tpda@10004000
03-23 01:34:04.164     1     1 I /soc/tpda@10004000: Fixed dependency cycle(s) with /soc/funnel@10041000
03-23 01:34:04.164     1     1 I /soc/tpda@10004000: Fixed dependency cycle(s) with /soc/tpdm@1000f000
03-23 01:34:04.164     1     1 I /soc/tpda@10004000: Fixed dependency cycle(s) with /soc/tpdm@10003000
03-23 01:34:04.164     1     1 I /soc/funnel@10041000: Fixed dependency cycle(s) with /soc/funnel@10b04000
03-23 01:34:04.164     1     1 I /soc/funnel@10041000: Fixed dependency cycle(s) with /soc/stm@10002000
03-23 01:34:04.164     1     1 I /soc/funnel@10041000: Fixed dependency cycle(s) with /soc/tpda@10004000
03-23 01:34:04.164     1     1 I /soc/funnel@10041000: Fixed dependency cycle(s) with /soc/tn@109a0000
03-23 01:34:04.164     1     1 I /soc/tpdm@10b09000: Fixed dependency cycle(s) with /soc/tpda@10b08000
03-23 01:34:04.165     1     1 I /soc/tpdm@10b0a000: Fixed dependency cycle(s) with /soc/tpda@10b08000
03-23 01:34:04.165     1     1 I /soc/tpdm@10b0b000: Fixed dependency cycle(s) with /soc/tpda@10b08000
03-23 01:34:04.165     1     1 I /soc/tpdm@10b0c000: Fixed dependency cycle(s) with /soc/tpda@10b08000
03-23 01:34:04.165     1     1 I /soc/tpdm@10b0d000: Fixed dependency cycle(s) with /soc/tpda@10b08000
03-23 01:34:04.165     1     1 I /soc/tpda@10b08000: Fixed dependency cycle(s) with /soc/funnel@10b04000
03-23 01:34:04.165     1     1 I /soc/tpda@10b08000: Fixed dependency cycle(s) with /soc/tpdm@10b0d000
03-23 01:34:04.165     1     1 I /soc/tpda@10b08000: Fixed dependency cycle(s) with /soc/tpdm@10b0c000
03-23 01:34:04.165     1     1 I /soc/tpda@10b08000: Fixed dependency cycle(s) with /soc/tpdm@10b0b000
03-23 01:34:04.165     1     1 I /soc/tpda@10b08000: Fixed dependency cycle(s) with /soc/tpdm@10b0a000
03-23 01:34:04.165     1     1 I /soc/tpda@10b08000: Fixed dependency cycle(s) with /soc/tpdm@10b09000
03-23 01:34:04.165     1     1 I /soc/funnel@10b04000: Fixed dependency cycle(s) with /soc/tmc@10b05000
03-23 01:34:04.165     1     1 I /soc/funnel@10b04000: Fixed dependency cycle(s) with /soc/funnel@10041000
03-23 01:34:04.165     1     1 I /soc/funnel@10b04000: Fixed dependency cycle(s) with /soc/tpda@10b08000
03-23 01:34:04.165     1     1 I /soc/funnel@10b04000: Fixed dependency cycle(s) with /soc/funnel@10b44000
03-23 01:34:04.165     1     1 I /soc/funnel@10b04000: Fixed dependency cycle(s) with /soc/tpdm@10b34000
03-23 01:34:04.165     1     1 I /soc/tmc@10b05000: Fixed dependency cycle(s) with /soc/replicator@10b06000
03-23 01:34:04.165     1     1 I /soc/tmc@10b05000: Fixed dependency cycle(s) with /soc/funnel@10b04000
03-23 01:34:04.165     1     1 I /soc/replicator@10b06000: Fixed dependency cycle(s) with /soc/dummy-eud
03-23 01:34:04.165     1     1 I /soc/replicator@10b06000: Fixed dependency cycle(s) with /soc/replicator@10046000
03-23 01:34:04.165     1     1 I /soc/replicator@10b06000: Fixed dependency cycle(s) with /soc/tmc@10b05000
03-23 01:34:04.165     1     1 I /soc/dummy-eud: Fixed dependency cycle(s) with /soc/replicator@10b06000
03-23 01:34:04.165     1     1 I /soc/replicator@10046000: Fixed dependency cycle(s) with /soc/replicator@1004e000
03-23 01:34:04.165     1     1 I /soc/replicator@10046000: Fixed dependency cycle(s) with /soc/replicator@10b06000
03-23 01:34:04.165     1     1 I /soc/replicator@1004e000: Fixed dependency cycle(s) with /soc/etr1-replicator
03-23 01:34:04.165     1     1 I /soc/replicator@1004e000: Fixed dependency cycle(s) with /soc/tmc@10048000
03-23 01:34:04.165     1     1 I /soc/replicator@1004e000: Fixed dependency cycle(s) with /soc/replicator@10046000
03-23 01:34:04.165     1     1 I /soc/etr1-replicator: Fixed dependency cycle(s) with /soc/tmc@1004f000
03-23 01:34:04.165     1     1 I /soc/etr1-replicator: Fixed dependency cycle(s) with /soc/tmc-modem
03-23 01:34:04.165     1     1 I /soc/etr1-replicator: Fixed dependency cycle(s) with /soc/replicator@1004e000
03-23 01:34:04.165     1     1 I /soc/tmc-modem: Fixed dependency cycle(s) with /soc/modem0-qmi
03-23 01:34:04.165     1     1 I /soc/tmc-modem: Fixed dependency cycle(s) with /soc/etr1-replicator
03-23 01:34:04.165     1     1 I /soc/tmc@10048000: Fixed dependency cycle(s) with /soc/replicator@1004e000
03-23 01:34:04.166     1     1 I /soc/tmc@1004f000: Fixed dependency cycle(s) with /soc/etr1-replicator
03-23 01:34:04.166     1     1 I /soc/tpdm@10880000: Fixed dependency cycle(s) with /soc/funnel@10883000
03-23 01:34:04.166     1     1 I /soc/tpdm@10881000: Fixed dependency cycle(s) with /soc/funnel@10883000
03-23 01:34:04.166     1     1 I /soc/funnel@10883000: Fixed dependency cycle(s) with /soc/funnel@10c35000
03-23 01:34:04.166     1     1 I /soc/funnel@10883000: Fixed dependency cycle(s) with /soc/tpda@10c34000
03-23 01:34:04.166     1     1 I /soc/funnel@10883000: Fixed dependency cycle(s) with /soc/wpss_etm0
03-23 01:34:04.166     1     1 I /soc/funnel@10883000: Fixed dependency cycle(s) with /soc/tpdm@10881000
03-23 01:34:04.166     1     1 I /soc/funnel@10883000: Fixed dependency cycle(s) with /soc/tpdm@10880000
03-23 01:34:04.166     1     1 I /soc/tpda@10c34000: Fixed dependency cycle(s) with /soc/funnel@10c35000
03-23 01:34:04.166     1     1 I /soc/tpda@10c34000: Fixed dependency cycle(s) with /soc/funnel@10883000
03-23 01:34:04.166     1     1 I /soc/funnel@10c35000: Fixed dependency cycle(s) with /soc/tn@109a0000
03-23 01:34:04.166     1     1 I /soc/funnel@10c35000: Fixed dependency cycle(s) with /soc/funnel@10883000
03-23 01:34:04.166     1     1 I /soc/funnel@10c35000: Fixed dependency cycle(s) with /soc/tpda@10c34000
03-23 01:34:04.166     1     1 I /soc/audio-qmi: Fixed dependency cycle(s) with /soc/tpdm@10b34000
03-23 01:34:04.166     1     1 I /soc/audio-qmi: Fixed dependency cycle(s) with /soc/tpdm@10b52000
03-23 01:34:04.166     1     1 I /soc/audio-qmi: Fixed dependency cycle(s) with /soc/tpdm@10b46000
03-23 01:34:04.166     1     1 I /soc/audio-qmi: Fixed dependency cycle(s) with /soc/lpass-stm
03-23 01:34:04.166     1     1 I /soc/audio-qmi: Fixed dependency cycle(s) with /soc/audio_etm0
03-23 01:34:04.166     1     1 I /soc/modem0-qmi: Fixed dependency cycle(s) with /soc/tmc-modem
03-23 01:34:04.166     1     1 I /soc/modem0-qmi: Fixed dependency cycle(s) with /soc/modem-etm0
03-23 01:34:04.166     1     1 I /soc/modem2-qmi: Fixed dependency cycle(s) with /soc/modem2-etm0
03-23 01:34:04.166     1     1 I /soc/ssusb@a600000: Fixed dependency cycle(s) with /soc/qcom,pmic_glink/qcom,ucsi/connector
03-23 01:34:04.169     1     1 I /soc/ufsphy_mem@1d80000: Fixed dependency cycle(s) with /soc/ufshc@1d84000
03-23 01:34:04.169     1     1 I /soc/ufsphy_mem@1d80000: Fixed dependency cycle(s) with /soc/ufshc@1d84000
03-23 01:34:04.169     1     1 I /soc/ufshc@1d84000: Fixed dependency cycle(s) with /soc/ufsphy_mem@1d80000
03-23 01:34:04.169     1     1 I /soc/qcom,pmic_glink/qcom,ucsi/connector: Fixed dependency cycle(s) with /soc/ssusb@a600000
03-23 01:34:04.169     1     1 E sram 0.mmio-sram: can't request region for resource [mem 0x00000000-0x17d093ff]
03-23 01:34:04.169     1     1 E sram 0.mmio-sram: could not map SRAM registers
03-23 01:34:04.169     1     1 W sram    : probe of 0.mmio-sram failed with error -16
03-23 01:34:04.169     1     1 I /soc/qcom,gdsc@19e000: Fixed dependency cycle(s) with /soc/qcom,gdsc@19e000
03-23 01:34:04.170     1     1 I /soc/qcom,gdsc@177004: Fixed dependency cycle(s) with /soc/qcom,gdsc@177004
03-23 01:34:04.170     1     1 I /soc/qcom,gdsc@139004: Fixed dependency cycle(s) with /soc/qcom,gdsc@139004
03-23 01:34:04.170     1     1 I /soc/qcom,gdsc@150018: Fixed dependency cycle(s) with /soc/qcom,gdsc@150018
03-23 01:34:04.170     1     1 I /soc/tpdm@10900000: Fixed dependency cycle(s) with /soc/funnel@10902000
03-23 01:34:04.170     1     1 I /soc/tpdm@10900000: Fixed dependency cycle(s) with /soc/funnel@10902000
03-23 01:34:04.170     1     1 I /soc/funnel@10902000: Fixed dependency cycle(s) with /soc/funnel@10c2d000
03-23 01:34:04.170     1     1 I /soc/funnel@10902000: Fixed dependency cycle(s) with /soc/tpda@10c2c000
03-23 01:34:04.170     1     1 I /soc/funnel@10902000: Fixed dependency cycle(s) with /soc/tpdm@10900000
03-23 01:34:04.171     1     1 I /soc/funnel@10902000: Fixed dependency cycle(s) with /soc/tpda@10c2c000
03-23 01:34:04.171     1     1 I /soc/tpda@10c2c000: Fixed dependency cycle(s) with /soc/funnel@10c2d000
03-23 01:34:04.171     1     1 I /soc/tpda@10c2c000: Fixed dependency cycle(s) with /soc/funnel@10902000
03-23 01:34:04.171     1     1 I /soc/tpda@10c2c000: Fixed dependency cycle(s) with /soc/funnel@109c2000
03-23 01:34:04.171     1     1 I /soc/tpda@10c2c000: Fixed dependency cycle(s) with /soc/funnel@10832000
03-23 01:34:04.171     1     1 I /soc/tpda@10c2c000: Fixed dependency cycle(s) with /soc/funnel@10c2d000
03-23 01:34:04.171     1     1 I /soc/funnel@10902000: Fixed dependency cycle(s) with /soc/funnel@10c2d000
03-23 01:34:04.171     1     1 I /soc/funnel@10c2d000: Fixed dependency cycle(s) with /soc/tn@109a0000
03-23 01:34:04.171     1     1 I /soc/funnel@10c2d000: Fixed dependency cycle(s) with /soc/funnel@10902000
03-23 01:34:04.171     1     1 I /soc/funnel@10c2d000: Fixed dependency cycle(s) with /soc/funnel@109c2000
03-23 01:34:04.171     1     1 I /soc/funnel@10c2d000: Fixed dependency cycle(s) with /soc/funnel@10832000
03-23 01:34:04.171     1     1 I /soc/funnel@10c2d000: Fixed dependency cycle(s) with /soc/tpda@10c2c000
03-23 01:34:04.171     1     1 I /soc/tpdm@10830000: Fixed dependency cycle(s) with /soc/funnel@10832000
03-23 01:34:04.171     1     1 I /soc/tpdm@10830000: Fixed dependency cycle(s) with /soc/funnel@10832000
03-23 01:34:04.171     1     1 I /soc/funnel@10c2d000: Fixed dependency cycle(s) with /soc/funnel@10832000
03-23 01:34:04.172     1     1 I /soc/tpda@10c2c000: Fixed dependency cycle(s) with /soc/funnel@10832000
03-23 01:34:04.172     1     1 I /soc/funnel@10832000: Fixed dependency cycle(s) with /soc/funnel@10c2d000
03-23 01:34:04.172     1     1 I /soc/funnel@10832000: Fixed dependency cycle(s) with /soc/tpda@10c2c000
03-23 01:34:04.172     1     1 I /soc/funnel@10832000: Fixed dependency cycle(s) with /soc/tpdm@10830000
03-23 01:34:04.172     1     1 I /soc/tpdm@109c0000: Fixed dependency cycle(s) with /soc/funnel@109c2000
03-23 01:34:04.172     1     1 I /soc/tpdm@109c0000: Fixed dependency cycle(s) with /soc/funnel@109c2000
03-23 01:34:04.172     1     1 I /soc/funnel@10c2d000: Fixed dependency cycle(s) with /soc/funnel@109c2000
03-23 01:34:04.172     1     1 I /soc/tpda@10c2c000: Fixed dependency cycle(s) with /soc/funnel@109c2000
03-23 01:34:04.172     1     1 I /soc/funnel@109c2000: Fixed dependency cycle(s) with /soc/funnel@10c2d000
03-23 01:34:04.172     1     1 I /soc/funnel@109c2000: Fixed dependency cycle(s) with /soc/tpda@10c2c000
03-23 01:34:04.172     1     1 I /soc/funnel@109c2000: Fixed dependency cycle(s) with /soc/tpdm@109c0000
03-23 01:34:04.172     1     1 I /soc/funnel@10c63000: Fixed dependency cycle(s) with /soc/tpda@10c08000
03-23 01:34:04.173     1     1 I /soc/funnel@10c63000: Fixed dependency cycle(s) with /soc/tpda@10c08000
03-23 01:34:04.173     1     1 I /soc/tpda@10c08000: Fixed dependency cycle(s) with /soc/funnel@10c09000
03-23 01:34:04.173     1     1 I /soc/tpda@10c08000: Fixed dependency cycle(s) with /soc/funnel@10c63000
03-23 01:34:04.173     1     1 I /soc/tpda@10c08000: Fixed dependency cycle(s) with /soc/funnel@10c09000
03-23 01:34:04.173     1     1 I /soc/funnel@10c09000: Fixed dependency cycle(s) with /soc/tn@109a0000
03-23 01:34:04.173     1     1 I /soc/funnel@10c09000: Fixed dependency cycle(s) with /soc/tpda@10c08000
03-23 01:34:04.173     1     1 I /soc/tpdm@10ba4000: Fixed dependency cycle(s) with /soc/traceNoc@10ba0000
03-23 01:34:04.173     1     1 I /soc/tpdm@10ba4000: Fixed dependency cycle(s) with /soc/traceNoc@10ba0000
03-23 01:34:04.173     1     1 I /soc/traceNoc@10ba0000: Fixed dependency cycle(s) with /soc/tn@109a0000
03-23 01:34:04.173     1     1 I /soc/traceNoc@10ba0000: Fixed dependency cycle(s) with /soc/tpdm@10ba4000
03-23 01:34:04.173     1     1 I /soc/tpdm@10980000: Fixed dependency cycle(s) with /soc/funnel@10983000
03-23 01:34:04.173     1     1 I /soc/tpdm@10981000: Fixed dependency cycle(s) with /soc/funnel@10983000
03-23 01:34:04.173     1     1 I /soc/tpdm@10981000: Fixed dependency cycle(s) with /soc/funnel@10983000
03-23 01:34:04.173     1     1 I /soc/tpdm@10980000: Fixed dependency cycle(s) with /soc/funnel@10983000
03-23 01:34:04.173     1     1 I /soc/funnel@10983000: Fixed dependency cycle(s) with /soc/funnel@10c15000
03-23 01:34:04.173     1     1 I /soc/funnel@10983000: Fixed dependency cycle(s) with /soc/tpda@10c14000
03-23 01:34:04.173     1     1 I /soc/funnel@10983000: Fixed dependency cycle(s) with /soc/funnel@10940000
03-23 01:34:04.173     1     1 I /soc/funnel@10983000: Fixed dependency cycle(s) with /soc/tpdm@10981000
03-23 01:34:04.174     1     1 I /soc/funnel@10983000: Fixed dependency cycle(s) with /soc/tpdm@10980000
03-23 01:34:04.174     1     1 I /soc/funnel@10983000: Fixed dependency cycle(s) with /soc/tpda@10c14000
03-23 01:34:04.174     1     1 I /soc/tpda@10c14000: Fixed dependency cycle(s) with /soc/funnel@10c15000
03-23 01:34:04.174     1     1 I /soc/tpda@10c14000: Fixed dependency cycle(s) with /soc/funnel@10983000
03-23 01:34:04.174     1     1 I /soc/tpda@10c14000: Fixed dependency cycle(s) with /soc/funnel@10c15000
03-23 01:34:04.174     1     1 I /soc/funnel@10983000: Fixed dependency cycle(s) with /soc/funnel@10c15000
03-23 01:34:04.174     1     1 I /soc/funnel@10c15000: Fixed dependency cycle(s) with /soc/tn@109a0000
03-23 01:34:04.174     1     1 I /soc/funnel@10c15000: Fixed dependency cycle(s) with /soc/funnel@10983000
03-23 01:34:04.174     1     1 I /soc/funnel@10c15000: Fixed dependency cycle(s) with /soc/tpda@10c14000
03-23 01:34:04.174     1     1 I /soc/tpdm@10800000: Fixed dependency cycle(s) with /soc/tpda@10803000
03-23 01:34:04.174     1     1 I /soc/tpdm@10801000: Fixed dependency cycle(s) with /soc/tpda@10803000
03-23 01:34:04.174     1     1 I /soc/tpdm@1080d000: Fixed dependency cycle(s) with /soc/funnel@1080c000
03-23 01:34:04.174     1     1 I /soc/turing-qmi: Fixed dependency cycle(s) with /soc/turing-etm0
03-23 01:34:04.174     1     1 I /soc/turing-qmi: Fixed dependency cycle(s) with /soc/turing-etm0
03-23 01:34:04.174     1     1 I /soc/turing-etm0: Fixed dependency cycle(s) with /soc/turing-qmi
03-23 01:34:04.174     1     1 I /soc/turing-etm0: Fixed dependency cycle(s) with /soc/funnel@10940000
03-23 01:34:04.175     1     1 I /soc/wpss_etm0: Fixed dependency cycle(s) with /soc/wpss-qmi
03-23 01:34:04.175     1     1 I /soc/wpss_etm0: Fixed dependency cycle(s) with /soc/funnel@10883000
03-23 01:34:04.175     1     1 I /soc/wpss_etm0: Fixed dependency cycle(s) with /soc/wpss-qmi
03-23 01:34:04.175     1     1 I /soc/wpss-qmi: Fixed dependency cycle(s) with /soc/wpss_etm0
03-23 01:34:04.175     1     1 I /soc/turing-etm0: Fixed dependency cycle(s) with /soc/funnel@10940000
03-23 01:34:04.175     1     1 I /soc/funnel@10983000: Fixed dependency cycle(s) with /soc/funnel@10940000
03-23 01:34:04.175     1     1 I /soc/funnel@10940000: Fixed dependency cycle(s) with /soc/funnel@10983000
03-23 01:34:04.175     1     1 I /soc/funnel@10940000: Fixed dependency cycle(s) with /soc/turing-etm0
03-23 01:34:04.175     1     1 I /soc/modem-etm0: Fixed dependency cycle(s) with /soc/modem0-qmi
03-23 01:34:04.175     1     1 I /soc/modem-etm0: Fixed dependency cycle(s) with /soc/funnel@1080d000
03-23 01:34:04.175     1     1 I /soc/modem2-etm0: Fixed dependency cycle(s) with /soc/modem2-qmi
03-23 01:34:04.175     1     1 I /soc/modem2-etm0: Fixed dependency cycle(s) with /soc/funnel@10804000
03-23 01:34:04.175     1     1 I /soc/modem_diag: Fixed dependency cycle(s) with /soc/funnel@1080c000
03-23 01:34:04.175     1     1 I /soc/tpdm@10801000: Fixed dependency cycle(s) with /soc/tpda@10803000
03-23 01:34:04.175     1     1 I /soc/tpdm@10800000: Fixed dependency cycle(s) with /soc/tpda@10803000
03-23 01:34:04.176     1     1 I /soc/tpda@10803000: Fixed dependency cycle(s) with /soc/funnel@10804000
03-23 01:34:04.176     1     1 I /soc/tpda@10803000: Fixed dependency cycle(s) with /soc/tpdm@10801000
03-23 01:34:04.176     1     1 I /soc/tpda@10803000: Fixed dependency cycle(s) with /soc/tpdm@10800000
03-23 01:34:04.176     1     1 I /soc/modem-etm0: Fixed dependency cycle(s) with /soc/funnel@1080d000
03-23 01:34:04.176     1     1 I /soc/funnel@1080d000: Fixed dependency cycle(s) with /soc/funnel@1080c000
03-23 01:34:04.176     1     1 I /soc/funnel@1080d000: Fixed dependency cycle(s) with /soc/modem-etm0
03-23 01:34:04.176     1     1 I /soc/funnel@1080d000: Fixed dependency cycle(s) with /soc/funnel@1080c000
03-23 01:34:04.176     1     1 I /soc/modem_diag: Fixed dependency cycle(s) with /soc/funnel@1080c000
03-23 01:34:04.176     1     1 I /soc/tpdm@1080d000: Fixed dependency cycle(s) with /soc/funnel@1080c000
03-23 01:34:04.176     1     1 I /soc/funnel@1080c000: Fixed dependency cycle(s) with /soc/funnel@10804000
03-23 01:34:04.176     1     1 I /soc/funnel@1080c000: Fixed dependency cycle(s) with /soc/tpdm@1080d000
03-23 01:34:04.176     1     1 I /soc/funnel@1080c000: Fixed dependency cycle(s) with /soc/modem_diag
03-23 01:34:04.176     1     1 I /soc/funnel@1080c000: Fixed dependency cycle(s) with /soc/funnel@1080d000
03-23 01:34:04.176     1     1 I /soc/funnel@1080c000: Fixed dependency cycle(s) with /soc/funnel@10804000
03-23 01:34:04.176     1     1 I /soc/tpda@10803000: Fixed dependency cycle(s) with /soc/funnel@10804000
03-23 01:34:04.176     1     1 I /soc/modem2-etm0: Fixed dependency cycle(s) with /soc/funnel@10804000
03-23 01:34:04.176     1     1 I /soc/funnel@10804000: Fixed dependency cycle(s) with /soc/tn@109a0000
03-23 01:34:04.978   429   429 E hwservicemanager: getDeviceHalManifest: status from fetching VINTF information: -2147483648
03-23 01:34:04.176     1     1 I /soc/funnel@10804000: Fixed dependency cycle(s) with /soc/funnel@1080c000
03-23 01:34:04.978   429   429 E hwservicemanager: getDeviceHalManifest: -2147483648 VINTF parse error: Cannot add manifest fragment /vendor/etc/vintf/manifest/android.hardware.security.keymint-service-qti.xml: HAL "android.hardware.health" has a conflict: Conflicting major version: 2.1 (from /vendor/etc/vintf/manifest/vendor.qti.hardware.vibrator.service.xml) vs. 2.1 (from /vendor/etc/vintf/manifest/android.hardware.security.keymint-service-qti.xml). Check whether or not multiple modules providing the same HAL are installed.
03-23 01:34:04.176     1     1 I /soc/funnel@10804000: Fixed dependency cycle(s) with /soc/modem2-etm0
03-23 01:34:04.978   429   429 W hwservicemanager: Cannot fetch device manifest to determine target FCM version to filter framework manifest HALs.
03-23 01:34:04.176     1     1 I /soc/funnel@10804000: Fixed dependency cycle(s) with /soc/tpda@10803000
03-23 01:34:04.978   429   429 I hwservicemanager: getFrameworkHalManifest: Successfully processed VINTF information
03-23 01:34:04.978   429   429 E SELinux : avc:  denied  { add } for interface=android.hidl.token::ITokenManager sid=u:r:recovery:s0 pid=429 scontext=u:r:recovery:s0 tcontext=u:object_r:hidl_token_hwservice:s0 tclass=hwservice_manager permissive=1
03-23 01:34:04.176     1     1 I /soc/tpdm@10cc1000: Fixed dependency cycle(s) with /soc/tpda@10cc4000
03-23 01:34:04.176     1     1 I /soc/tpdm@10cc1000: Fixed dependency cycle(s) with /soc/tpda@10cc4000
03-23 01:34:04.177     1     1 I /soc/tpda@10cc4000: Fixed dependency cycle(s) with /soc/funnel@10cc5000
03-23 01:34:04.177     1     1 I /soc/tpda@10cc4000: Fixed dependency cycle(s) with /soc/tpdm@10cc1000
03-23 01:34:04.177     1     1 I /soc/tpda@10cc4000: Fixed dependency cycle(s) with /soc/funnel@10cc5000
03-23 01:34:04.177     1     1 I /soc/funnel@10cc5000: Fixed dependency cycle(s) with /soc/tn@109a0000
03-23 01:34:04.177     1     1 I /soc/funnel@10cc5000: Fixed dependency cycle(s) with /soc/tpda@10cc4000
03-23 01:34:04.177     1     1 I /soc/tpda@10c71000: Fixed dependency cycle(s) with /soc/tn@109a0000
03-23 01:34:04.177     1     1 I /soc/tpdm@138a0000: Fixed dependency cycle(s) with /soc/tpda@13864000
03-23 01:34:04.177     1     1 I /soc/tpdm@138b0000: Fixed dependency cycle(s) with /soc/tpda@13864000
03-23 01:34:04.177     1     1 I /soc/tpdm@138c0000: Fixed dependency cycle(s) with /soc/tpda@13864000
03-23 01:34:04.177     1     1 I /soc/tpdm@13880000: Fixed dependency cycle(s) with /soc/tpda@13864000
03-23 01:34:04.177     1     1 I /soc/tpdm@13890000: Fixed dependency cycle(s) with /soc/tpda@13864000
03-23 01:34:04.177     1     1 I /soc/tpdm@13860000: Fixed dependency cycle(s) with /soc/tpda@13864000
03-23 01:34:04.177     1     1 I /soc/tpdm@13861000: Fixed dependency cycle(s) with /soc/tpda@13864000
03-23 01:34:04.177     1     1 I /soc/tpdm@13862000: Fixed dependency cycle(s) with /soc/tpda@13864000
03-23 01:34:04.177     1     1 I /soc/ete0: Fixed dependency cycle(s) with /soc/funnel_ete
03-23 01:34:04.177     1     1 I /soc/ete1: Fixed dependency cycle(s) with /soc/funnel_ete
03-23 01:34:04.178     1     1 I /soc/ete2: Fixed dependency cycle(s) with /soc/funnel_ete
03-23 01:34:04.178     1     1 I /soc/ete3: Fixed dependency cycle(s) with /soc/funnel_ete
03-23 01:34:04.178     1     1 I /soc/ete4: Fixed dependency cycle(s) with /soc/funnel_ete
03-23 01:34:04.178     1     1 I /soc/ete5: Fixed dependency cycle(s) with /soc/funnel_ete
03-23 01:34:04.178     1     1 I /soc/ete6: Fixed dependency cycle(s) with /soc/funnel_ete
03-23 01:34:04.178     1     1 I /soc/ete7: Fixed dependency cycle(s) with /soc/funnel_ete
03-23 01:34:04.178     1     1 I /soc/ete7: Fixed dependency cycle(s) with /soc/funnel_ete
03-23 01:34:04.178     1     1 I /soc/ete6: Fixed dependency cycle(s) with /soc/funnel_ete
03-23 01:34:04.178     1     1 I /soc/ete5: Fixed dependency cycle(s) with /soc/funnel_ete
03-23 01:34:04.178     1     1 I /soc/ete4: Fixed dependency cycle(s) with /soc/funnel_ete
03-23 01:34:04.178     1     1 I /soc/ete3: Fixed dependency cycle(s) with /soc/funnel_ete
03-23 01:34:04.178     1     1 I /soc/ete2: Fixed dependency cycle(s) with /soc/funnel_ete
03-23 01:34:04.178     1     1 I /soc/ete1: Fixed dependency cycle(s) with /soc/funnel_ete
03-23 01:34:04.178     1     1 I /soc/ete0: Fixed dependency cycle(s) with /soc/funnel_ete
03-23 01:34:04.178     1     1 I /soc/funnel_ete: Fixed dependency cycle(s) with /soc/funnel@13810000
03-23 01:34:04.178     1     1 I /soc/funnel_ete: Fixed dependency cycle(s) with /soc/ete7
03-23 01:34:04.178     1     1 I /soc/funnel_ete: Fixed dependency cycle(s) with /soc/ete6
03-23 01:34:04.178     1     1 I /soc/funnel_ete: Fixed dependency cycle(s) with /soc/ete5
03-23 01:34:04.178     1     1 I /soc/funnel_ete: Fixed dependency cycle(s) with /soc/ete4
03-23 01:34:04.178     1     1 I /soc/funnel_ete: Fixed dependency cycle(s) with /soc/ete3
03-23 01:34:04.178     1     1 I /soc/funnel_ete: Fixed dependency cycle(s) with /soc/ete2
03-23 01:34:04.178     1     1 I /soc/funnel_ete: Fixed dependency cycle(s) with /soc/ete1
03-23 01:34:04.178     1     1 I /soc/funnel_ete: Fixed dependency cycle(s) with /soc/ete0
03-23 01:34:04.178     1     1 I /soc/tpdm@13862000: Fixed dependency cycle(s) with /soc/tpda@13864000
03-23 01:34:04.179     1     1 I /soc/tpdm@13861000: Fixed dependency cycle(s) with /soc/tpda@13864000
03-23 01:34:04.179     1     1 I /soc/tpdm@13860000: Fixed dependency cycle(s) with /soc/tpda@13864000
03-23 01:34:04.179     1     1 I /soc/tpdm@13890000: Fixed dependency cycle(s) with /soc/tpda@13864000
03-23 01:34:04.179     1     1 I /soc/tpdm@13880000: Fixed dependency cycle(s) with /soc/tpda@13864000
03-23 01:34:04.179     1     1 I /soc/tpdm@138c0000: Fixed dependency cycle(s) with /soc/tpda@13864000
03-23 01:34:04.179     1     1 I /soc/tpdm@138b0000: Fixed dependency cycle(s) with /soc/tpda@13864000
03-23 01:34:04.179     1     1 I /soc/tpdm@138a0000: Fixed dependency cycle(s) with /soc/tpda@13864000
03-23 01:34:04.179     1     1 I /soc/tpda@13864000: Fixed dependency cycle(s) with /soc/funnel@13810000
03-23 01:34:04.179     1     1 I /soc/tpda@13864000: Fixed dependency cycle(s) with /soc/tpdm@13862000
03-23 01:34:04.179     1     1 I /soc/tpda@13864000: Fixed dependency cycle(s) with /soc/tpdm@13861000
03-23 01:34:04.179     1     1 I /soc/tpda@13864000: Fixed dependency cycle(s) with /soc/tpdm@13860000
03-23 01:34:04.179     1     1 I /soc/tpda@13864000: Fixed dependency cycle(s) with /soc/tpdm@13890000
03-23 01:34:04.179     1     1 I /soc/tpda@13864000: Fixed dependency cycle(s) with /soc/tpdm@13880000
03-23 01:34:04.179     1     1 I /soc/tpda@13864000: Fixed dependency cycle(s) with /soc/tpdm@138c0000
03-23 01:34:04.179     1     1 I /soc/tpda@13864000: Fixed dependency cycle(s) with /soc/tpdm@138b0000
03-23 01:34:04.179     1     1 I /soc/tpda@13864000: Fixed dependency cycle(s) with /soc/tpdm@138a0000
03-23 01:34:04.179     1     1 I /soc/tpda@13864000: Fixed dependency cycle(s) with /soc/funnel@13810000
03-23 01:34:04.179     1     1 I /soc/funnel_ete: Fixed dependency cycle(s) with /soc/funnel@13810000
03-23 01:34:04.179     1     1 I /soc/funnel@13810000: Fixed dependency cycle(s) with /soc/tn@109a0000
03-23 01:34:04.179     1     1 I /soc/funnel@13810000: Fixed dependency cycle(s) with /soc/tpda@13864000
03-23 01:34:04.179     1     1 I /soc/funnel@13810000: Fixed dependency cycle(s) with /soc/funnel_ete
03-23 01:34:04.180     1     1 I /soc/tpdm@10b34000: Fixed dependency cycle(s) with /soc/audio-qmi
03-23 01:34:04.180     1     1 I /soc/tpdm@10b34000: Fixed dependency cycle(s) with /soc/funnel@10b04000
03-23 01:34:04.180     1     1 I /soc/tpdm@10f82000: Fixed dependency cycle(s) with /soc/TN@10d00000
03-23 01:34:04.180     1     1 I /soc/tpdm@10f84000: Fixed dependency cycle(s) with /soc/TN@10d00000
03-23 01:34:04.180     1     1 I /soc/tpdm@10f83000: Fixed dependency cycle(s) with /soc/TN@10d00000
03-23 01:34:04.180     1     1 I /soc/tpdm@10f85000: Fixed dependency cycle(s) with /soc/TN@10d00000
03-23 01:34:04.180     1     1 I /soc/tpdm@10d06000: Fixed dependency cycle(s) with /soc/TN@10d00000
03-23 01:34:04.180     1     1 I /soc/tpdm@10d08000: Fixed dependency cycle(s) with /soc/TN@10d00000
03-23 01:34:04.180     1     1 I /soc/gladiator: Fixed dependency cycle(s) with /soc/TN@10d00000
03-23 01:34:04.180     1     1 I /soc/gladiator: Fixed dependency cycle(s) with /soc/TN@10d00000
03-23 01:34:04.180     1     1 I /soc/tpdm@10d08000: Fixed dependency cycle(s) with /soc/TN@10d00000
03-23 01:34:04.180     1     1 I /soc/tpdm@10d06000: Fixed dependency cycle(s) with /soc/TN@10d00000
03-23 01:34:04.180     1     1 I /soc/tpdm@10f85000: Fixed dependency cycle(s) with /soc/TN@10d00000
03-23 01:34:04.180     1     1 I /soc/tpdm@10f83000: Fixed dependency cycle(s) with /soc/TN@10d00000
03-23 01:34:04.180     1     1 I /soc/tpdm@10f84000: Fixed dependency cycle(s) with /soc/TN@10d00000
03-23 01:34:04.180     1     1 I /soc/tpdm@10f82000: Fixed dependency cycle(s) with /soc/TN@10d00000
03-23 01:34:04.181     1     1 I /soc/TN@10d00000: Fixed dependency cycle(s) with /soc/tn@109a0000
03-23 01:34:04.181     1     1 I /soc/TN@10d00000: Fixed dependency cycle(s) with /soc/tpdm@10d08000
03-23 01:34:04.181     1     1 I /soc/TN@10d00000: Fixed dependency cycle(s) with /soc/tpdm@10d06000
03-23 01:34:04.181     1     1 I /soc/TN@10d00000: Fixed dependency cycle(s) with /soc/tpdm@10f85000
03-23 01:34:04.181     1     1 I /soc/TN@10d00000: Fixed dependency cycle(s) with /soc/tpdm@10f83000
03-23 01:34:04.181     1     1 I /soc/TN@10d00000: Fixed dependency cycle(s) with /soc/tpdm@10f84000
03-23 01:34:04.181     1     1 I /soc/TN@10d00000: Fixed dependency cycle(s) with /soc/tpdm@10f82000
03-23 01:34:04.181     1     1 I /soc/TN@10d00000: Fixed dependency cycle(s) with /soc/gladiator
03-23 01:34:04.181     1     1 I /soc/audio_etm0: Fixed dependency cycle(s) with /soc/audio-qmi
03-23 01:34:04.181     1     1 I /soc/audio_etm0: Fixed dependency cycle(s) with /soc/funnel@10b44000
03-23 01:34:04.181     1     1 I /soc/tpdm@10b46000: Fixed dependency cycle(s) with /soc/audio-qmi
03-23 01:34:04.182     1     1 I /soc/tpdm@10b46000: Fixed dependency cycle(s) with /soc/funnel@10b50000
03-23 01:34:04.182     1     1 I /soc/tpdm@10b52000: Fixed dependency cycle(s) with /soc/audio-qmi
03-23 01:34:04.182     1     1 I /soc/tpdm@10b52000: Fixed dependency cycle(s) with /soc/funnel@10b50000
03-23 01:34:04.182     1     1 I /soc/TN@10b80000: Fixed dependency cycle(s) with /soc/tn@109a0000
03-23 01:34:04.183     1     1 I /soc/lpass-stm: Fixed dependency cycle(s) with /soc/audio-qmi
03-23 01:34:04.183     1     1 I /soc/lpass-stm: Fixed dependency cycle(s) with /soc/funnel@10b50000
03-23 01:34:04.184     1     1 I /soc/lpass-stm: Fixed dependency cycle(s) with /soc/funnel@10b50000
03-23 01:34:04.184     1     1 I /soc/tpdm@10b52000: Fixed dependency cycle(s) with /soc/funnel@10b50000
03-23 01:34:04.184     1     1 I /soc/tpdm@10b46000: Fixed dependency cycle(s) with /soc/funnel@10b50000
03-23 01:34:04.184     1     1 I /soc/funnel@10b50000: Fixed dependency cycle(s) with /soc/funnel@10b44000
03-23 01:34:04.185     1     1 I /soc/funnel@10b50000: Fixed dependency cycle(s) with /soc/tpdm@10b52000
03-23 01:34:04.185     1     1 I /soc/funnel@10b50000: Fixed dependency cycle(s) with /soc/tpdm@10b46000
03-23 01:34:04.185     1     1 I /soc/funnel@10b50000: Fixed dependency cycle(s) with /soc/lpass-stm
03-23 01:34:04.185     1     1 I /soc/funnel@10b50000: Fixed dependency cycle(s) with /soc/funnel@10b44000
03-23 01:34:04.185     1     1 I /soc/audio_etm0: Fixed dependency cycle(s) with /soc/funnel@10b44000
03-23 01:34:04.185     1     1 I /soc/funnel@10b44000: Fixed dependency cycle(s) with /soc/funnel@10b04000
03-23 01:34:04.186     1     1 I /soc/funnel@10b44000: Fixed dependency cycle(s) with /soc/funnel@10b50000
03-23 01:34:04.186     1     1 I /soc/funnel@10b44000: Fixed dependency cycle(s) with /soc/audio_etm0
03-23 01:34:04.186     1     1 I /soc/stm@10002000: Fixed dependency cycle(s) with /soc/funnel@10041000
03-23 01:34:04.186     1     1 I /soc/tpdm@10003000: Fixed dependency cycle(s) with /soc/tpda@10004000
03-23 01:34:04.186     1     1 I /soc/tpdm@10841000: Fixed dependency cycle(s) with /soc/tn@109a0000
03-23 01:34:04.186     1     1 I /soc/tpdm@1082c000: Fixed dependency cycle(s) with /soc/tn@109a0000
03-23 01:34:04.186     1     1 I /soc/tpdm@109a4000: Fixed dependency cycle(s) with /soc/tn@109a0000
03-23 01:34:04.186     1     1 I /soc/tpdm@109a6000: Fixed dependency cycle(s) with /soc/tn@109a0000
03-23 01:34:04.186     1     1 I /soc/tpdm@109a5000: Fixed dependency cycle(s) with /soc/tn@109a0000
03-23 01:34:04.186     1     1 I /soc/tpdm@109ab000: Fixed dependency cycle(s) with /soc/tn@109a0000
03-23 01:34:04.186     1     1 I /soc/tpdm@109aa000: Fixed dependency cycle(s) with /soc/tn@109a0000
03-23 01:34:04.186     1     1 I /soc/tpdm@109aa000: Fixed dependency cycle(s) with /soc/tn@109a0000
03-23 01:34:04.187     1     1 I /soc/tpdm@109ab000: Fixed dependency cycle(s) with /soc/tn@109a0000
03-23 01:34:04.979   429   429 I hwservicemanager: hwservicemanager is ready now.
03-23 01:34:04.187     1     1 I /soc/tpdm@109a5000: Fixed dependency cycle(s) with /soc/tn@109a0000
03-23 01:34:04.187     1     1 I /soc/tpdm@109a6000: Fixed dependency cycle(s) with /soc/tn@109a0000
03-23 01:34:04.187     1     1 I /soc/tpdm@109a4000: Fixed dependency cycle(s) with /soc/tn@109a0000
03-23 01:34:04.187     1     1 I /soc/tpdm@1082c000: Fixed dependency cycle(s) with /soc/tn@109a0000
03-23 01:34:04.187     1     1 I /soc/tpdm@10841000: Fixed dependency cycle(s) with /soc/tn@109a0000
03-23 01:34:04.187     1     1 I /soc/TN@10b80000: Fixed dependency cycle(s) with /soc/tn@109a0000
03-23 01:34:04.187     1     1 I /soc/TN@10d00000: Fixed dependency cycle(s) with /soc/tn@109a0000
03-23 01:34:04.187     1     1 I /soc/funnel@13810000: Fixed dependency cycle(s) with /soc/tn@109a0000
03-23 01:34:04.187     1     1 I /soc/tpda@10c71000: Fixed dependency cycle(s) with /soc/tn@109a0000
03-23 01:34:04.187     1     1 I /soc/funnel@10cc5000: Fixed dependency cycle(s) with /soc/tn@109a0000
03-23 01:34:04.187     1     1 I /soc/funnel@10804000: Fixed dependency cycle(s) with /soc/tn@109a0000
03-23 01:34:04.188     1     1 I /soc/funnel@10c15000: Fixed dependency cycle(s) with /soc/tn@109a0000
03-23 01:34:04.188     1     1 I /soc/traceNoc@10ba0000: Fixed dependency cycle(s) with /soc/tn@109a0000
03-23 01:34:04.979   428   428 E cutils-trace: Error opening trace file: No such file or directory (2)
03-23 01:34:04.188     1     1 I /soc/funnel@10c09000: Fixed dependency cycle(s) with /soc/tn@109a0000
03-23 01:34:04.188     1     1 I /soc/funnel@10c2d000: Fixed dependency cycle(s) with /soc/tn@109a0000
03-23 01:34:04.188     1     1 I /soc/tn@109a0000: Fixed dependency cycle(s) with /soc/funnel@10041000
03-23 01:34:04.188     1     1 I /soc/tn@109a0000: Fixed dependency cycle(s) with /soc/traceNoc@10ba0000
03-23 01:34:04.188     1     1 I /soc/tn@109a0000: Fixed dependency cycle(s) with /soc/TN@10b80000
03-23 01:34:04.188     1     1 I /soc/tn@109a0000: Fixed dependency cycle(s) with /soc/TN@10d00000
03-23 01:34:04.188     1     1 I /soc/tn@109a0000: Fixed dependency cycle(s) with /soc/funnel@10c15000
03-23 01:34:04.188     1     1 I /soc/tn@109a0000: Fixed dependency cycle(s) with /soc/funnel@10c2d000
03-23 01:34:04.188     1     1 I /soc/tn@109a0000: Fixed dependency cycle(s) with /soc/funnel@10c35000
03-23 01:34:04.188     1     1 I /soc/tn@109a0000: Fixed dependency cycle(s) with /soc/funnel@10c09000
03-23 01:34:04.188     1     1 I /soc/tn@109a0000: Fixed dependency cycle(s) with /soc/funnel@13810000
03-23 01:34:04.188     1     1 I /soc/tn@109a0000: Fixed dependency cycle(s) with /soc/tpdm@109aa000
03-23 01:34:04.188     1     1 I /soc/tn@109a0000: Fixed dependency cycle(s) with /soc/tpdm@109ab000
03-23 01:34:04.188     1     1 I /soc/tn@109a0000: Fixed dependency cycle(s) with /soc/tpdm@109a5000
03-23 01:34:04.188     1     1 I /soc/tn@109a0000: Fixed dependency cycle(s) with /soc/tpdm@109a6000
03-23 01:34:04.188     1     1 I /soc/tn@109a0000: Fixed dependency cycle(s) with /soc/tpdm@109a4000
03-23 01:34:04.188     1     1 I /soc/tn@109a0000: Fixed dependency cycle(s) with /soc/tpdm@10841000
03-23 01:34:04.188     1     1 I /soc/tn@109a0000: Fixed dependency cycle(s) with /soc/tpdm@1082c000
03-23 01:34:04.188     1     1 I /soc/tn@109a0000: Fixed dependency cycle(s) with /soc/funnel@10804000
03-23 01:34:04.188     1     1 I /soc/tn@109a0000: Fixed dependency cycle(s) with /soc/funnel@10cc5000
03-23 01:34:04.188     1     1 I /soc/tn@109a0000: Fixed dependency cycle(s) with /soc/tpda@10c71000
03-23 01:34:04.188     1     1 I /soc/tpdm@1000f000: Fixed dependency cycle(s) with /soc/tpda@10004000
03-23 01:34:04.188     1     1 I /soc/tpdm@1000f000: Fixed dependency cycle(s) with /soc/tpda@10004000
03-23 01:34:04.188     1     1 I /soc/tpdm@10003000: Fixed dependency cycle(s) with /soc/tpda@10004000
03-23 01:34:04.188     1     1 I /soc/tpda@10004000: Fixed dependency cycle(s) with /soc/funnel@10041000
03-23 01:34:04.188     1     1 I /soc/tpda@10004000: Fixed dependency cycle(s) with /soc/tpdm@1000f000
03-23 01:34:04.188     1     1 I /soc/tpda@10004000: Fixed dependency cycle(s) with /soc/tpdm@10003000
03-23 01:34:04.188     1     1 I /soc/tpda@10004000: Fixed dependency cycle(s) with /soc/funnel@10041000
03-23 01:34:04.188     1     1 I /soc/tn@109a0000: Fixed dependency cycle(s) with /soc/funnel@10041000
03-23 01:34:04.188     1     1 I /soc/stm@10002000: Fixed dependency cycle(s) with /soc/funnel@10041000
03-23 01:34:04.188     1     1 I /soc/funnel@10041000: Fixed dependency cycle(s) with /soc/funnel@10b04000
03-23 01:34:04.188     1     1 I /soc/funnel@10041000: Fixed dependency cycle(s) with /soc/stm@10002000
03-23 01:34:04.188     1     1 I /soc/funnel@10041000: Fixed dependency cycle(s) with /soc/tpda@10004000
03-23 01:34:04.188     1     1 I /soc/funnel@10041000: Fixed dependency cycle(s) with /soc/tn@109a0000
03-23 01:34:04.189     1     1 I /soc/tpdm@10b09000: Fixed dependency cycle(s) with /soc/tpda@10b08000
03-23 01:34:04.189     1     1 I /soc/tpdm@10b0a000: Fixed dependency cycle(s) with /soc/tpda@10b08000
03-23 01:34:04.189     1     1 I /soc/tpdm@10b0b000: Fixed dependency cycle(s) with /soc/tpda@10b08000
03-23 01:34:04.189     1     1 I /soc/tpdm@10b0c000: Fixed dependency cycle(s) with /soc/tpda@10b08000
03-23 01:34:04.189     1     1 I /soc/tpdm@10b0d000: Fixed dependency cycle(s) with /soc/tpda@10b08000
03-23 01:34:04.189     1     1 I /soc/tpdm@10b0d000: Fixed dependency cycle(s) with /soc/tpda@10b08000
03-23 01:34:04.189     1     1 I /soc/tpdm@10b0c000: Fixed dependency cycle(s) with /soc/tpda@10b08000
03-23 01:34:04.189     1     1 I /soc/tpdm@10b0b000: Fixed dependency cycle(s) with /soc/tpda@10b08000
03-23 01:34:04.189     1     1 I /soc/tpdm@10b0a000: Fixed dependency cycle(s) with /soc/tpda@10b08000
03-23 01:34:04.189     1     1 I /soc/tpdm@10b09000: Fixed dependency cycle(s) with /soc/tpda@10b08000
03-23 01:34:04.189     1     1 I /soc/tpda@10b08000: Fixed dependency cycle(s) with /soc/funnel@10b04000
03-23 01:34:04.189     1     1 I /soc/tpda@10b08000: Fixed dependency cycle(s) with /soc/tpdm@10b0d000
03-23 01:34:04.189     1     1 I /soc/tpda@10b08000: Fixed dependency cycle(s) with /soc/tpdm@10b0c000
03-23 01:34:04.189     1     1 I /soc/tpda@10b08000: Fixed dependency cycle(s) with /soc/tpdm@10b0b000
03-23 01:34:04.189     1     1 I /soc/tpda@10b08000: Fixed dependency cycle(s) with /soc/tpdm@10b0a000
03-23 01:34:04.189     1     1 I /soc/tpda@10b08000: Fixed dependency cycle(s) with /soc/tpdm@10b09000
03-23 01:34:04.190     1     1 I /soc/tpda@10b08000: Fixed dependency cycle(s) with /soc/funnel@10b04000
03-23 01:34:04.190     1     1 I /soc/funnel@10041000: Fixed dependency cycle(s) with /soc/funnel@10b04000
03-23 01:34:04.190     1     1 I /soc/funnel@10b44000: Fixed dependency cycle(s) with /soc/funnel@10b04000
03-23 01:34:04.190     1     1 I /soc/tpdm@10b34000: Fixed dependency cycle(s) with /soc/funnel@10b04000
03-23 01:34:04.190     1     1 I /soc/funnel@10b04000: Fixed dependency cycle(s) with /soc/tmc@10b05000
03-23 01:34:04.190     1     1 I /soc/funnel@10b04000: Fixed dependency cycle(s) with /soc/funnel@10041000
03-23 01:34:04.979   429   429 E cutils-trace: Error opening trace file: No such file or directory (2)
03-23 01:34:04.190     1     1 I /soc/funnel@10b04000: Fixed dependency cycle(s) with /soc/tpda@10b08000
03-23 01:34:04.190     1     1 I /soc/funnel@10b04000: Fixed dependency cycle(s) with /soc/funnel@10b44000
03-23 01:34:04.190     1     1 I /soc/funnel@10b04000: Fixed dependency cycle(s) with /soc/tpdm@10b34000
03-23 01:34:04.190     1     1 I /soc/funnel@10b04000: Fixed dependency cycle(s) with /soc/tmc@10b05000
03-23 01:34:04.190     1     1 I /soc/tmc@10b05000: Fixed dependency cycle(s) with /soc/replicator@10b06000
03-23 01:34:04.190     1     1 I /soc/tmc@10b05000: Fixed dependency cycle(s) with /soc/funnel@10b04000
03-23 01:34:04.190     1     1 I /soc/tmc@10b05000: Fixed dependency cycle(s) with /soc/replicator@10b06000
03-23 01:34:04.190     1     1 I /soc/replicator@10b06000: Fixed dependency cycle(s) with /soc/dummy-eud
03-23 01:34:04.190     1     1 I /soc/replicator@10b06000: Fixed dependency cycle(s) with /soc/replicator@10046000
03-23 01:34:04.190     1     1 I /soc/replicator@10b06000: Fixed dependency cycle(s) with /soc/tmc@10b05000
03-23 01:34:04.190     1     1 I /soc/replicator@10b06000: Fixed dependency cycle(s) with /soc/dummy-eud
03-23 01:34:04.190     1     1 I /soc/dummy-eud: Fixed dependency cycle(s) with /soc/replicator@10b06000
03-23 01:34:04.190     1     1 I /soc/replicator@10b06000: Fixed dependency cycle(s) with /soc/replicator@10046000
03-23 01:34:04.190     1     1 I /soc/replicator@10046000: Fixed dependency cycle(s) with /soc/replicator@1004e000
03-23 01:34:04.190     1     1 I /soc/replicator@10046000: Fixed dependency cycle(s) with /soc/replicator@10b06000
03-23 01:34:04.190     1     1 I /soc/replicator@10046000: Fixed dependency cycle(s) with /soc/replicator@1004e000
03-23 01:34:04.190     1     1 I /soc/replicator@1004e000: Fixed dependency cycle(s) with /soc/etr1-replicator
03-23 01:34:04.190     1     1 I /soc/replicator@1004e000: Fixed dependency cycle(s) with /soc/tmc@10048000
03-23 01:34:04.190     1     1 I /soc/replicator@1004e000: Fixed dependency cycle(s) with /soc/replicator@10046000
03-23 01:34:04.191     1     1 I /soc/replicator@1004e000: Fixed dependency cycle(s) with /soc/etr1-replicator
03-23 01:34:04.191     1     1 I /soc/etr1-replicator: Fixed dependency cycle(s) with /soc/tmc@1004f000
03-23 01:34:04.980   429   429 I hwservicemanager: getDeviceHalManifest: Reading VINTF information.
03-23 01:34:04.191     1     1 I /soc/etr1-replicator: Fixed dependency cycle(s) with /soc/tmc-modem
03-23 01:34:04.191     1     1 I /soc/etr1-replicator: Fixed dependency cycle(s) with /soc/replicator@1004e000
03-23 01:34:04.191     1     1 I /soc/etr1-replicator: Fixed dependency cycle(s) with /soc/tmc-modem
03-23 01:34:04.191     1     1 I /soc/tmc-modem: Fixed dependency cycle(s) with /soc/modem0-qmi
03-23 01:34:04.191     1     1 I /soc/tmc-modem: Fixed dependency cycle(s) with /soc/etr1-replicator
03-23 01:34:04.191     1     1 I /soc/replicator@1004e000: Fixed dependency cycle(s) with /soc/tmc@10048000
03-23 01:34:04.191     1     1 I /soc/tmc@10048000: Fixed dependency cycle(s) with /soc/replicator@1004e000
03-23 01:34:04.191     1     1 I /soc/etr1-replicator: Fixed dependency cycle(s) with /soc/tmc@1004f000
03-23 01:34:04.191     1     1 I /soc/tmc@1004f000: Fixed dependency cycle(s) with /soc/etr1-replicator
03-23 01:34:04.191     1     1 I /soc/tpdm@10880000: Fixed dependency cycle(s) with /soc/funnel@10883000
03-23 01:34:04.191     1     1 I /soc/tpdm@10881000: Fixed dependency cycle(s) with /soc/funnel@10883000
03-23 01:34:04.191     1     1 I /soc/tpdm@10881000: Fixed dependency cycle(s) with /soc/funnel@10883000
03-23 01:34:04.191     1     1 I /soc/tpdm@10880000: Fixed dependency cycle(s) with /soc/funnel@10883000
03-23 01:34:04.192     1     1 I /soc/wpss_etm0: Fixed dependency cycle(s) with /soc/funnel@10883000
03-23 01:34:04.192     1     1 I /soc/funnel@10883000: Fixed dependency cycle(s) with /soc/funnel@10c35000
03-23 01:34:04.192     1     1 I /soc/funnel@10883000: Fixed dependency cycle(s) with /soc/tpda@10c34000
03-23 01:34:04.192     1     1 I /soc/funnel@10883000: Fixed dependency cycle(s) with /soc/wpss_etm0
03-23 01:34:04.192     1     1 I /soc/funnel@10883000: Fixed dependency cycle(s) with /soc/tpdm@10881000
03-23 01:34:04.192     1     1 I /soc/funnel@10883000: Fixed dependency cycle(s) with /soc/tpdm@10880000
03-23 01:34:04.192     1     1 I /soc/funnel@10883000: Fixed dependency cycle(s) with /soc/tpda@10c34000
03-23 01:34:04.192     1     1 I /soc/tpda@10c34000: Fixed dependency cycle(s) with /soc/funnel@10c35000
03-23 01:34:04.192     1     1 I /soc/tpda@10c34000: Fixed dependency cycle(s) with /soc/funnel@10883000
03-23 01:34:04.192     1     1 I /soc/tpda@10c34000: Fixed dependency cycle(s) with /soc/funnel@10c35000
03-23 01:34:04.192     1     1 I /soc/funnel@10883000: Fixed dependency cycle(s) with /soc/funnel@10c35000
03-23 01:34:04.192     1     1 I /soc/tn@109a0000: Fixed dependency cycle(s) with /soc/funnel@10c35000
03-23 01:34:04.192     1     1 I /soc/funnel@10c35000: Fixed dependency cycle(s) with /soc/tn@109a0000
03-23 01:34:04.192     1     1 I /soc/funnel@10c35000: Fixed dependency cycle(s) with /soc/funnel@10883000
03-23 01:34:04.192     1     1 I /soc/funnel@10c35000: Fixed dependency cycle(s) with /soc/tpda@10c34000
03-23 01:34:04.192     1     1 I /soc/lpass-stm: Fixed dependency cycle(s) with /soc/audio-qmi
03-23 01:34:04.193     1     1 I /soc/tpdm@10b52000: Fixed dependency cycle(s) with /soc/audio-qmi
03-23 01:34:04.193     1     1 I /soc/tpdm@10b46000: Fixed dependency cycle(s) with /soc/audio-qmi
03-23 01:34:04.193     1     1 I /soc/audio_etm0: Fixed dependency cycle(s) with /soc/audio-qmi
03-23 01:34:04.193     1     1 I /soc/tpdm@10b34000: Fixed dependency cycle(s) with /soc/audio-qmi
03-23 01:34:04.193     1     1 I /soc/audio-qmi: Fixed dependency cycle(s) with /soc/tpdm@10b34000
03-23 01:34:04.194     1     1 I /soc/audio-qmi: Fixed dependency cycle(s) with /soc/tpdm@10b52000
03-23 01:34:04.194     1     1 I /soc/audio-qmi: Fixed dependency cycle(s) with /soc/tpdm@10b46000
03-23 01:34:04.194     1     1 I /soc/audio-qmi: Fixed dependency cycle(s) with /soc/lpass-stm
03-23 01:34:04.194     1     1 I /soc/audio-qmi: Fixed dependency cycle(s) with /soc/audio_etm0
03-23 01:34:04.194     1     1 I /soc/tmc-modem: Fixed dependency cycle(s) with /soc/modem0-qmi
03-23 01:34:04.194     1     1 I /soc/modem-etm0: Fixed dependency cycle(s) with /soc/modem0-qmi
03-23 01:34:04.194     1     1 I /soc/modem0-qmi: Fixed dependency cycle(s) with /soc/tmc-modem
03-23 01:34:04.194     1     1 I /soc/modem0-qmi: Fixed dependency cycle(s) with /soc/modem-etm0
03-23 01:34:04.194     1     1 I /soc/modem2-etm0: Fixed dependency cycle(s) with /soc/modem2-qmi
03-23 01:34:04.194     1     1 I /soc/modem2-qmi: Fixed dependency cycle(s) with /soc/modem2-etm0
03-23 01:34:04.194     1     1 I /soc/qcom,pmic_glink/qcom,ucsi/connector: Fixed dependency cycle(s) with /soc/ssusb@a600000
03-23 01:34:04.194     1     1 I /soc/ssusb@a600000: Fixed dependency cycle(s) with /soc/qcom,pmic_glink/qcom,ucsi/connector
03-23 01:34:04.198     1     1 I Modules : 23712 pages in range for non-PLT usage
03-23 01:34:04.198     1     1 I Modules : 515232 pages in range for PLT usage
03-23 01:34:04.199     1     1 I iommu   : Default domain type: Translated
03-23 01:34:04.199     1     1 I iommu   : DMA domain TLB invalidation policy: strict mode
03-23 01:34:04.199     1     1 I         : SCSI subsystem initialized
03-23 01:34:04.199     1     1 I usbcore : registered new interface driver usbfs
03-23 01:34:04.199     1     1 I usbcore : registered new interface driver hub
03-23 01:34:04.199     1     1 I usbcore : registered new device driver usb
03-23 01:34:04.199     1     1 I mc      : Linux media interface: v0.10
03-23 01:34:04.199     1     1 I videodev: Linux video capture interface: v2.00
03-23 01:34:04.199     1     1 I EDAC MC : Ver: 3.0.0
03-23 01:34:04.199     1     1 I CPUidle PSCI: Initialized CPU PM domain topology using OSI mode
03-23 01:34:04.199     1     1 I scmi_core: SCMI protocol bus registered
03-23 01:34:04.199     1     1 I         : Advanced Linux Sound Architecture Driver Initialized.
03-23 01:34:04.200     1     1 I clocksource: Switched to clocksource arch_sys_counter
03-23 01:34:04.200     1     1 I VFS     : Disk quotas dquot_6.6.0
03-23 01:34:04.200     1     1 I VFS     : Dquot-cache hash table entries: 512 (order 0, 4096 bytes)
03-23 01:34:04.200     1     1 I NET     : Registered PF_INET protocol family
03-23 01:34:04.200     1     1 I         : IP idents hash table entries: 262144 (order: 9, 2097152 bytes, linear)
03-23 01:34:04.202     1     1 I         : tcp_listen_portaddr_hash hash table entries: 8192 (order: 5, 131072 bytes, linear)
03-23 01:34:04.202     1     1 I         : Table-perturb hash table entries: 65536 (order: 6, 262144 bytes, linear)
