03-23 01:43:44.318   145   145 I init    : Loading module /lib/modules/coresight-replicator.ko with args ''
03-23 01:43:44.318   143   143 I init    : Loading module /lib/modules/coresight-tgu.ko with args ''
03-23 01:43:44.318   146   146 I goodix_fp: status = 0x0
03-23 01:43:44.318   147   147 I init    : Loaded kernel module /lib/modules/qcom_smd.ko
03-23 01:43:44.318   146   146 I init    : Loaded kernel module /lib/modules/goodix_fp.ko
03-23 01:43:44.318   147   147 I init    : Loading module /lib/modules/coresight-csr.ko with args ''
03-23 01:43:44.318   144   144 I init    : Loaded kernel module /lib/modules/qti_qmi_sensor_v2.ko
03-23 01:43:44.318   146   146 I init    : Loading module /lib/modules/stm_console.ko with args ''
03-23 01:43:44.318   144   144 I init    : Loading module /lib/modules/gh_rm_drv.ko with args ''
03-23 01:43:44.318   148   148 I init    : Loaded kernel module /lib/modules/coresight-trace-noc.ko
03-23 01:43:44.319   142   142 I init    : Loaded kernel module /lib/modules/qti_amoled_ecm.ko
03-23 01:43:44.319   146   146 I init    : Loaded kernel module /lib/modules/stm_console.ko
03-23 01:43:44.319    10    10 E rdbg    : failed get smem state
03-23 01:43:44.319    10    10 E rdbg_probe: register_smp2p_out failed for rdbg_cdsp
03-23 01:43:44.319   143   143 I init    : Loaded kernel module /lib/modules/coresight-tgu.ko
03-23 01:43:44.320   145   145 I init    : Loaded kernel module /lib/modules/coresight-replicator.ko
03-23 01:43:44.320    10    10 E coresight-qmi soc: wpss-qmi: qmi client init failed ret:-517
03-23 01:43:44.320   141   141 I init    : Loaded kernel module /lib/modules/coresight-funnel.ko
03-23 01:43:44.320   144   144 W gunyah_rsc_mgr hypervisor: qcom,resource-manager-rpc@7f5fbbfd37a39788: RM rejected message 5600000a. Error: 3
03-23 01:43:44.320   144   144 E gh_rm_vm_auth_image: VM_AUTH_IMAGE failed with err: -1
03-23 01:43:44.320   144   144 E         : Ignore previous errors about failed auth call
03-23 01:43:44.320   147   147 I init    : Loaded kernel module /lib/modules/coresight-csr.ko
03-23 01:43:44.320    10    10 E coresight-qmi soc: audio-qmi: qmi client init failed ret:-517
03-23 01:43:44.320    10    10 E coresight-qmi soc: modem0-qmi: qmi client init failed ret:-517
03-23 01:43:44.320    10    10 E coresight-qmi soc: modem2-qmi: qmi client init failed ret:-517
03-23 01:43:44.321    10    10 E coresight-qmi soc: turing-qmi: qmi client init failed ret:-517
03-23 01:43:44.321    10    10 E rdbg    : failed get smem state
03-23 01:43:44.321    10    10 E rdbg_probe: register_smp2p_out failed for rdbg_adsp
03-23 01:43:44.321    10    10 E qmi-cooling-device soc: qmi-tmd-devices: QMI[0x43] handle init failed. err:-517
03-23 01:43:44.321    10    10 E qmi-therm-sensors-v2 soc: qmi-ts-sensors: QMI[0x0] handle init failed. err:-517
03-23 01:43:44.321   144   144 I gh_rm_setup_feature_scm_assign: gh_feature_use_scm_assign mem Disabled
03-23 01:43:44.321   144   144 I init    : Loaded kernel module /lib/modules/gh_rm_drv.ko
03-23 01:43:44.322    10    10 E rdbg    : failed get smem state
03-23 01:43:44.322    10    10 E rdbg_probe: register_smp2p_out failed for rdbg_cdsp
03-23 01:43:44.322    10    10 E coresight-qmi soc: wpss-qmi: qmi client init failed ret:-517
03-23 01:43:44.322    10    10 E coresight-qmi soc: audio-qmi: qmi client init failed ret:-517
03-23 01:43:44.322    10    10 E coresight-qmi soc: modem0-qmi: qmi client init failed ret:-517
03-23 01:43:44.322    10    10 E coresight-qmi soc: modem2-qmi: qmi client init failed ret:-517
03-23 01:43:44.322   158   158 I init    : Loading module /lib/modules/gh_rm_booster.ko with args ''
03-23 01:43:44.322   162   162 I init    : Loading module /lib/modules/coresight-stm.ko with args ''
03-23 01:43:44.322   163   163 I init    : Loading module /lib/modules/coresight-remote-etm.ko with args ''
03-23 01:43:44.322   159   159 I init    : Loading module /lib/modules/gh_mem_notifier.ko with args ''
03-23 01:43:44.322   161   161 I init    : Loading module /lib/modules/cpu_mpam.ko with args ''
03-23 01:43:44.322   160   160 I init    : Loading module /lib/modules/qcom-pmu-lib.ko with args ''
03-23 01:43:44.323    10    10 E coresight-qmi soc: turing-qmi: qmi client init failed ret:-517
03-23 01:43:44.323    10    10 E rdbg    : failed get smem state
03-23 01:43:44.323    10    10 E rdbg_probe: register_smp2p_out failed for rdbg_adsp
03-23 01:43:44.323    10    10 E qmi-cooling-device soc: qmi-tmd-devices: QMI[0x43] handle init failed. err:-517
03-23 01:43:44.323   159   159 I init    : Loaded kernel module /lib/modules/gh_mem_notifier.ko
03-23 01:43:44.323   162   162 I init    : Loaded kernel module /lib/modules/coresight-stm.ko
03-23 01:43:44.323    10    10 E qmi-therm-sensors-v2 soc: qmi-ts-sensors: QMI[0x0] handle init failed. err:-517
03-23 01:43:44.323   162   162 I init    : Loading module /lib/modules/sched-walt.ko with args ''
03-23 01:43:44.323   159   159 I init    : Loading module /lib/modules/platform_mpam.ko with args ''
03-23 01:43:44.323   163   163 I coresight-remote-etm soc: turing-etm0: Remote ETM initialized
03-23 01:43:44.323   164   164 I init    : Loading module /lib/modules/coresight-dummy.ko with args ''
03-23 01:43:44.323   163   163 I coresight-remote-etm soc: wpss_etm0: Remote ETM initialized
03-23 01:43:44.324   163   163 I coresight-remote-etm soc: modem-etm0: Remote ETM initialized
03-23 01:43:44.324   158   158 I init    : Loaded kernel module /lib/modules/gh_rm_booster.ko
03-23 01:43:44.324    10    10 E rdbg    : failed get smem state
03-23 01:43:44.324    10    10 E rdbg_probe: register_smp2p_out failed for rdbg_cdsp
03-23 01:43:44.324   158   158 I init    : Loading module /lib/modules/coresight-uetm.ko with args ''
03-23 01:43:44.324   163   163 I coresight-remote-etm soc: modem2-etm0: Remote ETM initialized
03-23 01:43:44.324   163   163 I coresight-remote-etm soc: audio_etm0: Remote ETM initialized
03-23 01:43:44.324    10    10 E coresight-qmi soc: wpss-qmi: qmi client init failed ret:-517
03-23 01:43:44.324   163   163 I init    : Loaded kernel module /lib/modules/coresight-remote-etm.ko
03-23 01:43:44.324    10    10 E coresight-qmi soc: audio-qmi: qmi client init failed ret:-517
03-23 01:43:44.324   163   163 I init    : Loading module /lib/modules/qcom-scm.ko with args ''
03-23 01:43:44.324   161   161 E cpu-mpam soc: qcom,cpu_mpam: cpu mpam does not have monitoring support
03-23 01:43:44.325    10    10 E coresight-qmi soc: modem0-qmi: qmi client init failed ret:-517
03-23 01:43:44.325   158   158 I init    : Loaded kernel module /lib/modules/coresight-uetm.ko
03-23 01:43:44.325   159   159 I init    : Loaded kernel module /lib/modules/platform_mpam.ko
03-23 01:43:44.325   160   160 I init    : Loaded kernel module /lib/modules/qcom-pmu-lib.ko
03-23 01:43:44.325    10    10 E coresight-qmi soc: modem2-qmi: qmi client init failed ret:-517
03-23 01:43:44.326   161   161 I init    : Loaded kernel module /lib/modules/cpu_mpam.ko
03-23 01:43:44.326   164   164 I init    : Loaded kernel module /lib/modules/coresight-dummy.ko
03-23 01:43:44.326   163   163 I qcom-scm: __get_convention: qcom_scm: convention: smc arm 64
03-23 01:43:44.326   163   163 I qcom-scm: qcom_scm_query_wq_queue_info: WQ Info, feature: 1 call_ctx_cnt: 2 irq: 962
03-23 01:43:44.326   163   163 E         : qtee shmbridge registered default bridge with size 4194304 bytes
03-23 01:43:44.326    10    10 E coresight-qmi soc: turing-qmi: qmi client init failed ret:-517
03-23 01:43:44.326    10    10 E rdbg    : failed get smem state
03-23 01:43:44.326    10    10 E rdbg_probe: register_smp2p_out failed for rdbg_adsp
03-23 01:43:44.326    10    10 E qmi-cooling-device soc: qmi-tmd-devices: QMI[0x43] handle init failed. err:-517
03-23 01:43:44.326    10    10 E qmi-therm-sensors-v2 soc: qmi-ts-sensors: QMI[0x0] handle init failed. err:-517
03-23 01:43:44.327    10    10 E rdbg    : failed get smem state
03-23 01:43:44.327    10    10 E rdbg_probe: register_smp2p_out failed for rdbg_cdsp
03-23 01:43:44.327   162   162 I init    : Loaded kernel module /lib/modules/sched-walt.ko
03-23 01:43:44.327    10    10 E coresight-qmi soc: wpss-qmi: qmi client init failed ret:-517
03-23 01:43:44.327   163   163 W         : shmbridge is enabled
03-23 01:43:44.327    10    10 E coresight-qmi soc: audio-qmi: qmi client init failed ret:-517
03-23 01:43:44.327    10    10 E coresight-qmi soc: modem0-qmi: qmi client init failed ret:-517
03-23 01:43:44.327    10    10 E coresight-qmi soc: modem2-qmi: qmi client init failed ret:-517
03-23 01:43:44.329   163   163 E qcom-scm: scm_mem_protection_init_do: SCM call failed 0, resp 7
03-23 01:43:44.329   163   163 E         : MEM protection Not enabled, 7
03-23 01:43:44.329   163   163 I init    : Loaded kernel module /lib/modules/qcom-scm.ko
03-23 01:43:44.330    10    10 E coresight-qmi soc: turing-qmi: qmi client init failed ret:-517
03-23 01:43:44.330    10    10 E rdbg    : failed get smem state
03-23 01:43:44.330    10    10 E rdbg_probe: register_smp2p_out failed for rdbg_adsp
03-23 01:43:44.330    10    10 E qmi-cooling-device soc: qmi-tmd-devices: QMI[0x43] handle init failed. err:-517
03-23 01:43:44.330    10    10 E qmi-therm-sensors-v2 soc: qmi-ts-sensors: QMI[0x0] handle init failed. err:-517
03-23 01:43:44.330   173   173 I init    : Loading module /lib/modules/thermal_pause.ko with args ''
03-23 01:43:44.330   174   174 I init    : Loading module /lib/modules/qcom_iommu_util.ko with args ''
03-23 01:43:44.330    10    10 E rdbg    : failed get smem state
03-23 01:43:44.330    10    10 E rdbg_probe: register_smp2p_out failed for rdbg_cdsp
03-23 01:43:44.330   175   175 I init    : Loading module /lib/modules/cpucp_fast.ko with args ''
03-23 01:43:44.330    10    10 E coresight-qmi soc: wpss-qmi: qmi client init failed ret:-517
03-23 01:43:44.330   172   172 I init    : Loading module /lib/modules/phy-msm-snps-eusb2.ko with args ''
03-23 01:43:44.330   178   178 I init    : Loading module /lib/modules/spmi-pmic-err-debug.ko with args ''
03-23 01:43:44.330   171   171 I init    : Loading module /lib/modules/qcom_cpuss_sleep_stats.ko with args ''
03-23 01:43:44.330    10    10 E coresight-qmi soc: audio-qmi: qmi client init failed ret:-517
03-23 01:43:44.330    10    10 E coresight-qmi soc: modem0-qmi: qmi client init failed ret:-517
03-23 01:43:44.330    10    10 E coresight-qmi soc: modem2-qmi: qmi client init failed ret:-517
03-23 01:43:44.331   175   175 I init    : Loaded kernel module /lib/modules/cpucp_fast.ko
03-23 01:43:44.331   175   175 I init    : Loading module /lib/modules/qcom_ice.ko with args ''
03-23 01:43:44.331   171   171 W qcom_cpuss_sleep_stats: probe of 17800054.cpuss-sleep-stats failed with error -22
03-23 01:43:44.331   177   177 I init    : Loading module /lib/modules/eud.ko with args ''
03-23 01:43:44.331   171   171 I init    : Loaded kernel module /lib/modules/qcom_cpuss_sleep_stats.ko
03-23 01:43:44.331   172   172 I init    : Loaded kernel module /lib/modules/phy-msm-snps-eusb2.ko
03-23 01:43:44.331   178   178 I init    : Loaded kernel module /lib/modules/spmi-pmic-err-debug.ko
03-23 01:43:44.332   171   171 I init    : Loading module /lib/modules/mdt_loader.ko with args ''
03-23 01:43:44.332   172   172 I init    : Loading module /lib/modules/slc_mpam.ko with args ''
03-23 01:43:44.332   178   178 I init    : Loading module /lib/modules/msm_performance.ko with args ''
03-23 01:43:44.332   174   174 I qcom_dma_iommu soc: dma_dev: assigned reserved memory node linux,cma
03-23 01:43:44.332   175   175 I init    : Loaded kernel module /lib/modules/qcom_ice.ko
03-23 01:43:44.332   175   175 I init    : Loading module /lib/modules/msm_sharedmem.ko with args ''
03-23 01:43:44.332   171   171 I init    : Loaded kernel module /lib/modules/mdt_loader.ko
03-23 01:43:44.332   171   171 I init    : Loading module /lib/modules/qcom_lpm.ko with args ''
03-23 01:43:44.332   139   139 E         : [NT_reserve_kernel_log] Get partition failed, retry count 199
03-23 01:43:44.332   176   176 I init    : Loading module /lib/modules/phy-msm-m31-eusb2.ko with args ''
03-23 01:43:44.332   172   172 I init    : Loaded kernel module /lib/modules/slc_mpam.ko
03-23 01:43:44.332   172   172 I init    : Loading module /lib/modules/si_core_module.ko with args ''
03-23 01:43:44.333    10    10 E coresight-qmi soc: turing-qmi: qmi client init failed ret:-517
03-23 01:43:44.333    10    10 E rdbg    : failed get smem state
03-23 01:43:44.333    10    10 E rdbg_probe: register_smp2p_out failed for rdbg_adsp
03-23 01:43:44.333    10    10 E qmi-cooling-device soc: qmi-tmd-devices: QMI[0x43] handle init failed. err:-517
03-23 01:43:44.333    10    10 E qmi-therm-sensors-v2 soc: qmi-ts-sensors: QMI[0x0] handle init failed. err:-517
03-23 01:43:44.333   177   177 I init    : Loaded kernel module /lib/modules/eud.ko
03-23 01:43:44.333    10    10 E rdbg    : failed get smem state
03-23 01:43:44.333    10    10 E rdbg_probe: register_smp2p_out failed for rdbg_cdsp
03-23 01:43:44.333   177   177 I init    : Loading module /lib/modules/governor_msm_adreno_tz.ko with args ''
03-23 01:43:44.333    10    10 E coresight-qmi soc: wpss-qmi: qmi client init failed ret:-517
03-23 01:43:44.333    10    10 E coresight-qmi soc: audio-qmi: qmi client init failed ret:-517
03-23 01:43:44.333    10    10 E coresight-qmi soc: modem0-qmi: qmi client init failed ret:-517
03-23 01:43:44.333    10    10 E coresight-qmi soc: modem2-qmi: qmi client init failed ret:-517
03-23 01:43:44.334   176   176 I init    : Loaded kernel module /lib/modules/phy-msm-m31-eusb2.ko
03-23 01:43:44.334   176   176 I init    : Loading module /lib/modules/coresight-tmc-sec.ko with args ''
03-23 01:43:44.334   172   172 I init    : Loaded kernel module /lib/modules/si_core_module.ko
03-23 01:43:44.334   172   172 I init    : Loading module /lib/modules/coresight-tpdm.ko with args ''
03-23 01:43:44.334    10    10 E coresight-qmi soc: turing-qmi: qmi client init failed ret:-517
03-23 01:43:44.334    10    10 E rdbg    : failed get smem state
03-23 01:43:44.334    10    10 E rdbg_probe: register_smp2p_out failed for rdbg_adsp
03-23 01:43:44.335   174   174 I         : DMA preallocated 2048 KiB GFP_KERNEL pool for atomic allocations
03-23 01:43:44.335   178   178 I init    : Loaded kernel module /lib/modules/msm_performance.ko
03-23 01:43:44.335   178   178 I init    : Loading module /lib/modules/secure_buffer.ko with args ''
03-23 01:43:44.335   173   173 I init    : Loaded kernel module /lib/modules/thermal_pause.ko
03-23 01:43:44.335   173   173 I init    : Loading module /lib/modules/secure_buffer.ko with args ''
03-23 01:43:44.335   177   177 I init    : Loaded kernel module /lib/modules/governor_msm_adreno_tz.ko
03-23 01:43:44.335    10    10 E qmi-cooling-device soc: qmi-tmd-devices: QMI[0x43] handle init failed. err:-517
03-23 01:43:44.335   172   172 I coresight-static-tpdm soc: tpdm@10981000: static tpdm initialized
03-23 01:43:44.335    10    10 E qmi-therm-sensors-v2 soc: qmi-ts-sensors: QMI[0x0] handle init failed. err:-517
03-23 01:43:44.335   172   172 I coresight-static-tpdm soc: tpdm@10801000: static tpdm initialized
03-23 01:43:44.336   172   172 I coresight-static-tpdm soc: tpdm@1080d000: static tpdm initialized
03-23 01:43:44.336    10    10 E rdbg    : failed get smem state
03-23 01:43:44.336    10    10 E rdbg_probe: register_smp2p_out failed for rdbg_cdsp
03-23 01:43:44.336   171   171 I cpuidle : using governor qcom-cpu-lpm
03-23 01:43:44.336   176   176 I init    : Loaded kernel module /lib/modules/coresight-tmc-sec.ko
03-23 01:43:44.336   175   175 I msm_sharedmem: msm_sharedmem_probe: Device created for client 'rmtfs'
03-23 01:43:44.336    10    10 E coresight-qmi soc: wpss-qmi: qmi client init failed ret:-517
03-23 01:43:44.336   178   178 I init    : Loaded kernel module /lib/modules/secure_buffer.ko
03-23 01:43:44.336   173   173 I init    : Loaded kernel module /lib/modules/secure_buffer.ko
03-23 01:43:44.336   174   174 I init    : Loaded kernel module /lib/modules/qcom_iommu_util.ko
03-23 01:43:44.336   178   178 I init    : Loading module /lib/modules/mem_buf_dev.ko with args ''
03-23 01:43:44.336    10    10 E coresight-qmi soc: audio-qmi: qmi client init failed ret:-517
03-23 01:43:44.336   172   172 I init    : Loaded kernel module /lib/modules/coresight-tpdm.ko
03-23 01:43:44.336   175   175 I init    : Loaded kernel module /lib/modules/msm_sharedmem.ko
03-23 01:43:44.336    10    10 E coresight-qmi soc: modem0-qmi: qmi client init failed ret:-517
03-23 01:43:44.336    10    10 E coresight-qmi soc: modem2-qmi: qmi client init failed ret:-517
03-23 01:43:44.337    10    10 E coresight-qmi soc: turing-qmi: qmi client init failed ret:-517
03-23 01:43:44.337    10    10 E rdbg    : failed get smem state
03-23 01:43:44.337    10    10 E rdbg_probe: register_smp2p_out failed for rdbg_adsp
03-23 01:43:44.338    10    10 E qmi-cooling-device soc: qmi-tmd-devices: QMI[0x43] handle init failed. err:-517
03-23 01:43:44.338   178   178 I init    : Loaded kernel module /lib/modules/mem_buf_dev.ko
03-23 01:43:44.338   171   171 I init    : Loaded kernel module /lib/modules/qcom_lpm.ko
03-23 01:43:44.338   178   178 I init    : Loading module /lib/modules/qcom_dma_heaps.ko with args ''
03-23 01:43:44.338    10    10 E qmi-therm-sensors-v2 soc: qmi-ts-sensors: QMI[0x0] handle init failed. err:-517
03-23 01:43:44.338    10    10 E rdbg    : failed get smem state
03-23 01:43:44.338    10    10 E rdbg_probe: register_smp2p_out failed for rdbg_cdsp
03-23 01:43:44.338    10    10 E coresight-qmi soc: wpss-qmi: qmi client init failed ret:-517
03-23 01:43:44.338    10    10 E coresight-qmi soc: audio-qmi: qmi client init failed ret:-517
03-23 01:43:44.338    10    10 E coresight-qmi soc: modem0-qmi: qmi client init failed ret:-517
03-23 01:43:44.339    10    10 E coresight-qmi soc: modem2-qmi: qmi client init failed ret:-517
03-23 01:43:44.339   178   178 E reserve_pool: dynamic_reserve_pool_create_start: start
03-23 01:43:44.339   178   178 E reserve_pool: Created proc entry inpool_pid_0
03-23 01:43:44.339   178   178 E reserve_pool: Created proc entry inpool_pid_1
03-23 01:43:44.339   178   178 E reserve_pool: Created proc entry inpool_pid_2
03-23 01:43:44.339   178   178 E reserve_pool: Created proc entry inpool_pid_3
03-23 01:43:44.339   178   178 I qcom_system_heap_create: DMA-BUF Heap: Created 'qcom,system'
03-23 01:43:44.339   178   178 I qcom_system_heap_create: DMA-BUF Heap: Created 'system'
03-23 01:43:44.339   178   178 I qcom_secure_system_heap_create: DMA-BUF Heap: Created 'qcom,secure-pixel'
03-23 01:43:44.339   178   178 I qcom_secure_system_heap_create: DMA-BUF Heap: Created 'qcom,secure-non-pixel'
03-23 01:43:44.339   178   178 I platform soc: qcom,dma-heaps:qcom,display: assigned reserved memory node non_secure_display_region
03-23 01:43:44.339   178   178 I platform soc: qcom,dma-heaps:qcom,secure_cdsp: assigned reserved memory node secure_cdsp_region
03-23 01:43:44.340   178   178 I platform soc: qcom,dma-heaps:qcom,qseecom: assigned reserved memory node qseecom_region
03-23 01:43:44.340   178   178 I platform soc: qcom,dma-heaps:qcom,qseecom_ta: assigned reserved memory node qseecom_ta_region
03-23 01:43:44.340   178   178 I qcom_dma_heap_probe: DMA-BUF Heap: Created qcom,display
03-23 01:43:44.340   178   178 I qcom_dma_heap_probe: DMA-BUF Heap: Created qcom,cma-secure-cdsp
03-23 01:43:44.340   178   178 I qcom_dma_heap_probe: DMA-BUF Heap: Created qcom,qseecom
03-23 01:43:44.340   178   178 I qcom_dma_heap_probe: DMA-BUF Heap: Created qcom,qseecom-ta
03-23 01:43:44.341   178   178 I init    : Loaded kernel module /lib/modules/qcom_dma_heaps.ko
03-23 01:43:44.342   178   178 I init    : Loading module /lib/modules/minidump.ko with args ''
03-23 01:43:44.342    10    10 E coresight-qmi soc: turing-qmi: qmi client init failed ret:-517
03-23 01:43:44.342    10    10 E rdbg    : failed get smem state
03-23 01:43:44.342    10    10 E rdbg_probe: register_smp2p_out failed for rdbg_adsp
03-23 01:43:44.342    10    10 E qmi-cooling-device soc: qmi-tmd-devices: QMI[0x43] handle init failed. err:-517
03-23 01:43:44.343    10    10 E qmi-therm-sensors-v2 soc: qmi-ts-sensors: QMI[0x0] handle init failed. err:-517
03-23 01:43:44.343    10    10 E rdbg    : failed get smem state
03-23 01:43:44.343    10    10 E rdbg_probe: register_smp2p_out failed for rdbg_cdsp
03-23 01:43:44.344    10    10 E coresight-qmi soc: wpss-qmi: qmi client init failed ret:-517
03-23 01:43:44.344    10    10 E coresight-qmi soc: audio-qmi: qmi client init failed ret:-517
03-23 01:43:44.345    10    10 E coresight-qmi soc: modem0-qmi: qmi client init failed ret:-517
03-23 01:43:44.345    10    10 E coresight-qmi soc: modem2-qmi: qmi client init failed ret:-517
03-23 01:43:44.368   139   139 E         : [NT_reserve_kernel_log] Get partition failed, retry count 198
03-23 01:43:44.374   178   178 I Minidump: Enabled with max number of regions 200
03-23 01:43:44.374   178   178 I init    : Loaded kernel module /lib/modules/minidump.ko
03-23 01:43:44.374   178   178 I init    : Loading module /lib/modules/qcom_ipc_logging.ko with args ''
03-23 01:43:44.374    10    10 E coresight-qmi soc: turing-qmi: qmi client init failed ret:-517
03-23 01:43:44.374    10    10 E rdbg    : failed get smem state
03-23 01:43:44.374    10    10 E rdbg_probe: register_smp2p_out failed for rdbg_adsp
03-23 01:43:44.374    10    10 E qmi-cooling-device soc: qmi-tmd-devices: QMI[0x43] handle init failed. err:-517
03-23 01:43:44.375    10    10 E qmi-therm-sensors-v2 soc: qmi-ts-sensors: QMI[0x0] handle init failed. err:-517
03-23 01:43:44.375   178   178 I init    : Loaded kernel module /lib/modules/qcom_ipc_logging.ko
03-23 01:43:44.375   178   178 I init    : Loading module /lib/modules/qcom-pdc.ko with args ''
03-23 01:43:44.375    10    10 E rdbg    : failed get smem state
03-23 01:43:44.375    10    10 E rdbg_probe: register_smp2p_out failed for rdbg_cdsp
03-23 01:43:44.375    10    10 E coresight-qmi soc: wpss-qmi: qmi client init failed ret:-517
03-23 01:43:44.375    10    10 E coresight-qmi soc: audio-qmi: qmi client init failed ret:-517
03-23 01:43:44.375    10    10 E coresight-qmi soc: modem0-qmi: qmi client init failed ret:-517
03-23 01:43:44.375    10    10 E coresight-qmi soc: modem2-qmi: qmi client init failed ret:-517
03-23 01:43:44.376   178   178 I init    : Loaded kernel module /lib/modules/qcom-pdc.ko
03-23 01:43:44.376   178   178 I init    : Loading module /lib/modules/pinctrl-msm.ko with args ''
03-23 01:43:44.376   178   178 I init    : Loaded kernel module /lib/modules/pinctrl-msm.ko
03-23 01:43:44.376    10    10 I 88e0000.qcom,msm-eud: ttyEUD0 at MMIO 0x0 (irq = 47, base_baud = 0) is a EUD UART
03-23 01:43:44.377    10    10 E coresight-qmi soc: turing-qmi: qmi client init failed ret:-517
03-23 01:43:44.377    11    11 I spmi-0  : PMIC arbiter version v7 (0x70020000)
03-23 01:43:44.377    10    10 E rdbg    : failed get smem state
03-23 01:43:44.377    10    10 E rdbg_probe: register_smp2p_out failed for rdbg_adsp
03-23 01:43:44.377    10    10 E qmi-cooling-device soc: qmi-tmd-devices: QMI[0x43] handle init failed. err:-517
03-23 01:43:44.377    10    10 E qmi-therm-sensors-v2 soc: qmi-ts-sensors: QMI[0x0] handle init failed. err:-517
03-23 01:43:44.377   194   194 I init    : Loading module /lib/modules/qcom_va_minidump.ko with args ''
03-23 01:43:44.377    10    10 E rdbg    : failed get smem state
03-23 01:43:44.377    10    10 E rdbg_probe: register_smp2p_out failed for rdbg_cdsp
03-23 01:43:44.377   195   195 I init    : Loading module /lib/modules/msm_geni_serial.ko with args ''
03-23 01:43:44.377   196   196 I init    : Loading module /lib/modules/pinctrl-sun.ko with args ''
03-23 01:43:44.377   197   197 I init    : Loading module /lib/modules/smp2p.ko with args ''
03-23 01:43:44.378   199   199 I init    : Loading module /lib/modules/arm_smmu.ko with args ''
03-23 01:43:44.378    10    10 E coresight-qmi soc: wpss-qmi: qmi client init failed ret:-517
03-23 01:43:44.378   198   198 I init    : Loading module /lib/modules/pinctrl-kera.ko with args ''
03-23 01:43:44.378    10    10 E coresight-qmi soc: audio-qmi: qmi client init failed ret:-517
03-23 01:43:44.378    10    10 E coresight-qmi soc: modem0-qmi: qmi client init failed ret:-517
03-23 01:43:44.378   194   194 I qcom-va-minidump soc: va_mini_dump: assigned reserved memory node va_md_mem_region
03-23 01:43:44.378    10    10 E coresight-qmi soc: modem2-qmi: qmi client init failed ret:-517
03-23 01:43:44.378   201   201 I init    : Loading module /lib/modules/bam_dma.ko with args ''
03-23 01:43:44.378   200   200 I init    : Loading module /lib/modules/spi-msm-geni.ko with args ''
03-23 01:43:44.379    86    86 E coresight-qmi soc: turing-qmi: qmi client init failed ret:-517
03-23 01:43:44.379    86    86 E qmi-cooling-device soc: qmi-tmd-devices: QMI[0x43] handle init failed. err:-517
03-23 01:43:44.380    86    86 E qmi-therm-sensors-v2 soc: qmi-ts-sensors: QMI[0x0] handle init failed. err:-517
03-23 01:43:44.380    86    86 E coresight-qmi soc: wpss-qmi: qmi client init failed ret:-517
03-23 01:43:44.380    86    86 E coresight-qmi soc: audio-qmi: qmi client init failed ret:-517
03-23 01:43:44.380    86    86 E coresight-qmi soc: modem0-qmi: qmi client init failed ret:-517
03-23 01:43:44.380    86    86 E coresight-qmi soc: modem2-qmi: qmi client init failed ret:-517
03-23 01:43:44.382    86    86 E coresight-qmi soc: turing-qmi: qmi client init failed ret:-517
03-23 01:43:44.383    86    86 E qmi-cooling-device soc: qmi-tmd-devices: QMI[0x43] handle init failed. err:-517
03-23 01:43:44.383    86    86 E qmi-therm-sensors-v2 soc: qmi-ts-sensors: QMI[0x0] handle init failed. err:-517
03-23 01:43:44.383   199   199 E platform 16f2000.anoc_1_qtb: TBU failed probe, QSMMUV500 cannot continue!
03-23 01:43:44.384    86    86 E coresight-qmi soc: wpss-qmi: qmi client init failed ret:-517
03-23 01:43:44.384    86    86 E coresight-qmi soc: audio-qmi: qmi client init failed ret:-517
03-23 01:43:44.384    86    86 E coresight-qmi soc: modem0-qmi: qmi client init failed ret:-517
03-23 01:43:44.384    86    86 E coresight-qmi soc: modem2-qmi: qmi client init failed ret:-517
03-23 01:43:44.385    11    11 I /soc/qcom,spmi@c42d000/qcom,pmk8550@0/pinctrl@b800: Fixed dependency cycle(s) with /soc/qcom,spmi@c42d000/qcom,pmk8550@0/pinctrl@b800/alt_sleep_clk/alt_sleep_clk_default
03-23 01:43:44.385    86    86 E coresight-qmi soc: turing-qmi: qmi client init failed ret:-517
03-23 01:43:44.385    86    86 E qmi-cooling-device soc: qmi-tmd-devices: QMI[0x43] handle init failed. err:-517
03-23 01:43:44.385    86    86 E qmi-therm-sensors-v2 soc: qmi-ts-sensors: QMI[0x0] handle init failed. err:-517
03-23 01:43:44.385    86    86 E platform 16f2000.anoc_1_qtb: TBU failed probe, QSMMUV500 cannot continue!
03-23 01:43:44.386    86    86 E coresight-qmi soc: wpss-qmi: qmi client init failed ret:-517
03-23 01:43:44.386    86    86 E coresight-qmi soc: audio-qmi: qmi client init failed ret:-517
03-23 01:43:44.386    86    86 E coresight-qmi soc: modem0-qmi: qmi client init failed ret:-517
03-23 01:43:44.386    86    86 E coresight-qmi soc: modem2-qmi: qmi client init failed ret:-517
03-23 01:43:44.387    11    11 I /soc/qcom,spmi@c42d000/qcom,pmxr2230@1/pinctrl@8800: Fixed dependency cycle(s) with /soc/qcom,spmi@c42d000/qcom,pmxr2230@1/pinctrl@8800/uim_level_shift_pin/uim1_level_shift_en_default
03-23 01:43:44.387    11    11 I /soc/qcom,spmi@c42d000/qcom,pmxr2230@1/pinctrl@8800: Fixed dependency cycle(s) with /soc/qcom,spmi@c42d000/qcom,pmxr2230@1/pinctrl@8800/uim_level_shift_pin/uim0_level_shift_en_default
03-23 01:43:44.387    86    86 E coresight-qmi soc: turing-qmi: qmi client init failed ret:-517
03-23 01:43:44.387    86    86 E qmi-cooling-device soc: qmi-tmd-devices: QMI[0x43] handle init failed. err:-517
03-23 01:43:44.387    86    86 E qmi-therm-sensors-v2 soc: qmi-ts-sensors: QMI[0x0] handle init failed. err:-517
03-23 01:43:44.387    86    86 E platform 16f2000.anoc_1_qtb: TBU failed probe, QSMMUV500 cannot continue!
03-23 01:43:44.387    86    86 E coresight-qmi soc: wpss-qmi: qmi client init failed ret:-517
03-23 01:43:44.387    86    86 E coresight-qmi soc: audio-qmi: qmi client init failed ret:-517
03-23 01:43:44.387    86    86 E coresight-qmi soc: modem0-qmi: qmi client init failed ret:-517
03-23 01:43:44.387    86    86 E coresight-qmi soc: modem2-qmi: qmi client init failed ret:-517
03-23 01:43:44.389    86    86 E coresight-qmi soc: turing-qmi: qmi client init failed ret:-517
03-23 01:43:44.389    86    86 E qmi-cooling-device soc: qmi-tmd-devices: QMI[0x43] handle init failed. err:-517
03-23 01:43:44.389    86    86 E qmi-therm-sensors-v2 soc: qmi-ts-sensors: QMI[0x0] handle init failed. err:-517
03-23 01:43:44.389    86    86 E platform 16f2000.anoc_1_qtb: TBU failed probe, QSMMUV500 cannot continue!
03-23 01:43:44.390    86    86 E coresight-qmi soc: wpss-qmi: qmi client init failed ret:-517
03-23 01:43:44.390    86    86 E coresight-qmi soc: audio-qmi: qmi client init failed ret:-517
03-23 01:43:44.390    86    86 E coresight-qmi soc: modem0-qmi: qmi client init failed ret:-517
03-23 01:43:44.390    86    86 E coresight-qmi soc: modem2-qmi: qmi client init failed ret:-517
03-23 01:43:44.390    86    86 E coresight-qmi soc: turing-qmi: qmi client init failed ret:-517
03-23 01:43:44.391    86    86 E qmi-cooling-device soc: qmi-tmd-devices: QMI[0x43] handle init failed. err:-517
03-23 01:43:44.391    86    86 E qmi-therm-sensors-v2 soc: qmi-ts-sensors: QMI[0x0] handle init failed. err:-517
03-23 01:43:44.391    86    86 E platform 16f2000.anoc_1_qtb: TBU failed probe, QSMMUV500 cannot continue!
03-23 01:43:44.391    86    86 E coresight-qmi soc: wpss-qmi: qmi client init failed ret:-517
03-23 01:43:44.391    86    86 E coresight-qmi soc: audio-qmi: qmi client init failed ret:-517
03-23 01:43:44.391    86    86 E coresight-qmi soc: modem0-qmi: qmi client init failed ret:-517
03-23 01:43:44.391    86    86 E coresight-qmi soc: modem2-qmi: qmi client init failed ret:-517
03-23 01:43:44.392    86    86 E coresight-qmi soc: turing-qmi: qmi client init failed ret:-517
03-23 01:43:44.392    86    86 E qmi-cooling-device soc: qmi-tmd-devices: QMI[0x43] handle init failed. err:-517
03-23 01:43:44.392    86    86 E qmi-therm-sensors-v2 soc: qmi-ts-sensors: QMI[0x0] handle init failed. err:-517
03-23 01:43:44.392    86    86 E platform 16f2000.anoc_1_qtb: TBU failed probe, QSMMUV500 cannot continue!
03-23 01:43:44.392    86    86 E coresight-qmi soc: wpss-qmi: qmi client init failed ret:-517
03-23 01:43:44.393    86    86 E coresight-qmi soc: audio-qmi: qmi client init failed ret:-517
03-23 01:43:44.393    86    86 E coresight-qmi soc: modem0-qmi: qmi client init failed ret:-517
03-23 01:43:44.393    86    86 E coresight-qmi soc: modem2-qmi: qmi client init failed ret:-517
03-23 01:43:44.394    86    86 E coresight-qmi soc: turing-qmi: qmi client init failed ret:-517
03-23 01:43:44.394    86    86 E qmi-cooling-device soc: qmi-tmd-devices: QMI[0x43] handle init failed. err:-517
03-23 01:43:44.394    86    86 E qmi-therm-sensors-v2 soc: qmi-ts-sensors: QMI[0x0] handle init failed. err:-517
03-23 01:43:44.394    86    86 E platform 16f2000.anoc_1_qtb: TBU failed probe, QSMMUV500 cannot continue!
03-23 01:43:44.394    86    86 E coresight-qmi soc: wpss-qmi: qmi client init failed ret:-517
03-23 01:43:44.394    86    86 E coresight-qmi soc: audio-qmi: qmi client init failed ret:-517
03-23 01:43:44.394    86    86 E coresight-qmi soc: modem0-qmi: qmi client init failed ret:-517
03-23 01:43:44.394    86    86 E coresight-qmi soc: modem2-qmi: qmi client init failed ret:-517
03-23 01:43:44.395    86    86 E coresight-qmi soc: turing-qmi: qmi client init failed ret:-517
03-23 01:43:44.395    86    86 E qmi-cooling-device soc: qmi-tmd-devices: QMI[0x43] handle init failed. err:-517
03-23 01:43:44.395    86    86 E qmi-therm-sensors-v2 soc: qmi-ts-sensors: QMI[0x0] handle init failed. err:-517
03-23 01:43:44.395    86    86 E platform 16f2000.anoc_1_qtb: TBU failed probe, QSMMUV500 cannot continue!
03-23 01:43:44.395    86    86 E coresight-qmi soc: wpss-qmi: qmi client init failed ret:-517
03-23 01:43:44.397    86    86 E coresight-qmi soc: audio-qmi: qmi client init failed ret:-517
03-23 01:43:44.397    86    86 E coresight-qmi soc: modem0-qmi: qmi client init failed ret:-517
03-23 01:43:44.397    86    86 E coresight-qmi soc: modem2-qmi: qmi client init failed ret:-517
03-23 01:43:44.399   201   201 I init    : Loaded kernel module /lib/modules/bam_dma.ko
03-23 01:43:44.399   195   195 I init    : Loaded kernel module /lib/modules/msm_geni_serial.ko
03-23 01:43:44.399   200   200 I init    : Loaded kernel module /lib/modules/spi-msm-geni.ko
03-23 01:43:44.399   196   196 I init    : Loaded kernel module /lib/modules/pinctrl-sun.ko
03-23 01:43:44.399   201   201 I init    : Loading module /lib/modules/pmic-pon-log.ko with args ''
03-23 01:43:44.399   195   195 I init    : Loading module /lib/modules/qcom_logbuf_vendor_hooks.ko with args ''
03-23 01:43:44.399   199   199 I init    : Loaded kernel module /lib/modules/arm_smmu.ko
03-23 01:43:44.399   194   194 I init    : Loaded kernel module /lib/modules/qcom_va_minidump.ko
03-23 01:43:44.399   196   196 I init    : Loading module /lib/modules/qcom_iommu_debug.ko with args ''
03-23 01:43:44.399   200   200 I init    : Loading module /lib/modules/qti-ocp-notifier.ko with args ''
03-23 01:43:44.399   194   194 I init    : Loading module /lib/modules/mem_buf_msgq.ko with args ''
03-23 01:43:44.399   199   199 I init    : Loading module /lib/modules/memory_dump_v2.ko with args ''
03-23 01:43:44.399    86    86 I input   : pmic_pwrkey as /devices/platform/soc/c42d000.qcom,spmi/spmi-0/0-00/c42d000.qcom,spmi:qcom,pmk8550@0:pon_hlos@1300/c42d000.qcom,spmi:qcom,pmk8550@0:pon_hlos@1300:pwrkey/input/input0
03-23 01:43:44.399   195   195 I init    : Loaded kernel module /lib/modules/qcom_logbuf_vendor_hooks.ko
03-23 01:43:44.399   195   195 I init    : Loading module /lib/modules/ufshcd-crypto-qti.ko with args ''
03-23 01:43:44.400   194   194 I init    : Loaded kernel module /lib/modules/mem_buf_msgq.ko
03-23 01:43:44.400   194   194 I init    : Loading module /lib/modules/qcom_logbuf_boot_log.ko with args ''
03-23 01:43:44.400   195   195 I init    : Loaded kernel module /lib/modules/ufshcd-crypto-qti.ko
03-23 01:43:44.400   195   195 I init    : Loading module /lib/modules/msm_sysstats.ko with args ''
03-23 01:43:44.400   197   197 I init    : Loaded kernel module /lib/modules/smp2p.ko
03-23 01:43:44.400   197   197 I init    : Loading module /lib/modules/bcl_pmic5.ko with args ''
03-23 01:43:44.400   201   201 I init    : Loaded kernel module /lib/modules/pmic-pon-log.ko
03-23 01:43:44.400   195   195 I         : registered sysstats version 2
03-23 01:43:44.400   201   201 I init    : Loading module /lib/modules/pinctrl-tuna.ko with args ''
03-23 01:43:44.400   195   195 I init    : Loaded kernel module /lib/modules/msm_sysstats.ko
03-23 01:43:44.400   195   195 I init    : Loading module /lib/modules/dcc_v2.ko with args ''
03-23 01:43:44.401   194   194 I init    : Loaded kernel module /lib/modules/qcom_logbuf_boot_log.ko
03-23 01:43:44.401   194   194 I init    : Loading module /lib/modules/qcom_wdt_core.ko with args ''
03-23 01:43:44.401   199   199 I         : MSM Memory Dump apps data table set up
03-23 01:43:44.401   194   194 I init    : Loaded kernel module /lib/modules/qcom_wdt_core.ko
03-23 01:43:44.401   194   194 I init    : Loading module /lib/modules/f_fs_ipc_log.ko with args ''
03-23 01:43:44.401   195   195 I msm-dcc 100ff000.dcc_v2: ll-reg-offsets property doesn't exist
03-23 01:43:44.402   198   198 I init    : Loaded kernel module /lib/modules/pinctrl-kera.ko
03-23 01:43:44.402   198   198 I init    : Loading module /lib/modules/qcom-dload-mode.ko with args ''
03-23 01:43:44.402   200   200 I init    : Loaded kernel module /lib/modules/qti-ocp-notifier.ko
03-23 01:43:44.402   199   199 I         : free unused reserved memory: 6772K
03-23 01:43:44.402   200   200 I init    : Loading module /lib/modules/sps_drv.ko with args ''
03-23 01:43:44.403   198   198 I qcom_dload_probe: Current dump mode: 0x0
03-23 01:43:44.403   198   198 I init    : Loaded kernel module /lib/modules/qcom-dload-mode.ko
03-23 01:43:44.403   198   198 I init    : Loading module /lib/modules/qcom_tsens.ko with args ''
03-23 01:43:44.403   196   196 I init    : Loaded kernel module /lib/modules/qcom_iommu_debug.ko
03-23 01:43:44.403   194   194 E         : register_kretprobe failed at functionfs_bind, returned -2
03-23 01:43:44.404   196   196 I init    : Loading module /lib/modules/qcom_aoss.ko with args ''
03-23 01:43:44.404   194   194 E         : register_kretprobe failed at ffs_closed, returned -2
03-23 01:43:44.404   194   194 I init    : Loaded kernel module /lib/modules/f_fs_ipc_log.ko
03-23 01:43:44.404   194   194 I init    : Loading module /lib/modules/gh_tlmm_vm_mem_access.ko with args ''
03-23 01:43:44.404   139   139 E         : [NT_reserve_kernel_log] Get partition failed, retry count 197
03-23 01:43:44.405    86    86 I input   : pmic_resin as /devices/platform/soc/c42d000.qcom,spmi/spmi-0/0-00/c42d000.qcom,spmi:qcom,pmk8550@0:pon_hlos@1300/c42d000.qcom,spmi:qcom,pmk8550@0:pon_hlos@1300:resin/input/input1
03-23 01:43:44.405   199   199 I init    : Loaded kernel module /lib/modules/memory_dump_v2.ko
03-23 01:43:44.405   201   201 I init    : Loaded kernel module /lib/modules/pinctrl-tuna.ko
03-23 01:43:44.405   199   199 I init    : Loading module /lib/modules/msm_gpi.ko with args ''
03-23 01:43:44.405   201   201 I init    : Loading module /lib/modules/gunyah_loader.ko with args ''
03-23 01:43:44.405   195   195 I init    : Loaded kernel module /lib/modules/dcc_v2.ko
03-23 01:43:44.405   195   195 I init    : Loading module /lib/modules/qcom-spmi-adc5-gen3.ko with args ''
03-23 01:43:44.406   200   200 I msm_sps_probe: sps:sps is ready
03-23 01:43:44.407   194   194 I init    : Loaded kernel module /lib/modules/gh_tlmm_vm_mem_access.ko
03-23 01:43:44.407   194   194 I init    : Loading module /lib/modules/qcom_glink.ko with args ''
03-23 01:43:44.407   200   200 I init    : Loaded kernel module /lib/modules/sps_drv.ko
03-23 01:43:44.407   201   201 I gh_secure_vm_loader soc: gh-secure-vm-loader@0: VM with keep running attribute added
03-23 01:43:44.407   194   194 I init    : Loaded kernel module /lib/modules/qcom_glink.ko
03-23 01:43:44.407   201   201 I gh_secure_vm_loader soc: gh-secure-vm-loader@0: assigned reserved memory node trust_ui_vm_region@f3800000
03-23 01:43:44.407   194   194 I init    : Loading module /lib/modules/qrtr.ko with args ''
03-23 01:43:44.407   200   200 I init    : Loading module /lib/modules/snd-usb-audio-qmi.ko with args ''
03-23 01:43:44.407   201   201 I soc     : gh-secure-vm-loader@0:com_mem: assigned reserved memory node vm_comm_mem_region
03-23 01:43:44.407   201   201 I gh_secure_vm_loader soc: gh-secure-vm-loader@0: gh_virtio_backend: Recognized VM 'trustedvm' shmem_size 414000
03-23 01:43:44.407   201   201 I gh_virtio_backend: trustedvm: Recognized virtio backend device with label 11
03-23 01:43:44.408   201   201 I gh_virtio_backend: trustedvm: Recognized virtio backend device with label 10
03-23 01:43:44.408   201   201 I gh_virtio_backend: trustedvm: Recognized virtio backend device with label 15
03-23 01:43:44.408   201   201 I gh_secure_vm_loader soc: gh-secure-vm-loader@1: VM with keep running attribute added
03-23 01:43:44.408   201   201 I gh_secure_vm_loader soc: gh-secure-vm-loader@1: assigned reserved memory node oem_vm_region@f7c00000
03-23 01:43:44.408   199   199 I init    : Loaded kernel module /lib/modules/msm_gpi.ko
03-23 01:43:44.408   199   199 I init    : Loading module /lib/modules/crm-v2.ko with args ''
03-23 01:43:44.408   194   194 I NET     : Registered PF_QIPCRTR protocol family
03-23 01:43:44.408   201   201 I soc     : gh-secure-vm-loader@1:com_mem: assigned reserved memory node vm_comm_mem_region
03-23 01:43:44.408   201   201 I gh_secure_vm_loader soc: gh-secure-vm-loader@1: gh_virtio_backend: Recognized VM 'oemvm' shmem_size 108000
03-23 01:43:44.408   201   201 I gh_virtio_backend: oemvm: Recognized virtio backend device with label 16
03-23 01:43:44.409   201   201 I gh_virtio_backend: oemvm: Recognized virtio backend device with label 13
03-23 01:43:44.409   195   195 E spmi-0  : disallowed SPMI write to sid=0, addr=0xB941
03-23 01:43:44.409   195   195 E qcom-spmi-gpio c42d000.qcom,spmi: qcom,pmk8550@0:pinctrl@b800: write 0x41 failed
03-23 01:43:44.409   195   195 E qcom-spmi-gpio c42d000.qcom,spmi: qcom,pmk8550@0:pinctrl@b800: pin_config_group_set op failed for group 1
03-23 01:43:44.409   196   196 I init    : Loaded kernel module /lib/modules/qcom_aoss.ko
03-23 01:43:44.409   196   196 I init    : Loading module /lib/modules/mem_object.ko with args ''
03-23 01:43:44.409   201   201 I init    : Loaded kernel module /lib/modules/gunyah_loader.ko
03-23 01:43:44.410   199   199 I init    : Loaded kernel module /lib/modules/crm-v2.ko
03-23 01:43:44.410   200   200 I init    : Loaded kernel module /lib/modules/snd-usb-audio-qmi.ko
03-23 01:43:44.410   194   194 I init    : Loaded kernel module /lib/modules/qrtr.ko
03-23 01:43:44.411   196   196 I init    : Loaded kernel module /lib/modules/mem_object.ko
03-23 01:43:44.414    86    86 I coresight-cti-qdss: CTI initialized
03-23 01:43:44.414    86    86 I coresight-cti-swao: CTI initialized
03-23 01:43:44.415    86    86 I coresight-cti-turing_qdsp: CTI initialized
03-23 01:43:44.415    86    86 I coresight-cti-turing: CTI initialized
03-23 01:43:44.416    86    86 I coresight-cti-dl2-cti0: CTI initialized
03-23 01:43:44.416    86    86 I coresight-cti-dl2-cti1: CTI initialized
03-23 01:43:44.417    86    86 I coresight-cti-ddr_center: CTI initialized
03-23 01:43:44.417    86    86 I coresight-cti-ddr_chhm02: CTI initialized
03-23 01:43:44.418    86    86 I coresight-cti-ddr_chhm13: CTI initialized
03-23 01:43:44.418    86    86 I coresight-cti-mdss: CTI initialized
03-23 01:43:44.419    86    86 I coresight-cti-lpass: CTI initialized
03-23 01:43:44.420    86    86 I coresight-cti-mss_qdsp6: CTI initialized
03-23 01:43:44.421    86    86 I coresight-cti-mss: CTI initialized
03-23 01:43:44.421    86    86 I coresight-cti-trace_noc_cti0: CTI initialized
03-23 01:43:44.422    86    86 I coresight-cti-trace_noc_cti1: CTI initialized
03-23 01:43:44.422    86    86 I coresight-cti-trace_noc_cti2: CTI initialized
03-23 01:43:44.423    86    86 I coresight-cti-eva: CTI initialized
03-23 01:43:44.424    86    86 I coresight-cti-soccp: CTI initialized
03-23 01:43:44.424    86    86 I coresight-cti-venus: CTI initialized
03-23 01:43:44.425    86    86 I coresight-cti-dl3: CTI initialized
03-23 01:43:44.426    86    86 I coresight-cti-dl3-1: CTI initialized
03-23 01:43:44.427    86    86 I coresight-cti-dl4: CTI initialized
03-23 01:43:44.427    86    86 I coresight-cti-dl4-1: CTI initialized
03-23 01:43:44.428    86    86 I coresight-cti-apss-dl: CTI initialized
03-23 01:43:44.429    86    86 I coresight-qmi soc: turing-qmi: qmi initialized
03-23 01:43:44.429    86    86 I coresight-stm: STM32 initialized
03-23 01:43:44.440    86    86 E coresight-secure-etr soc: tmc-modem: failed to get csr, defer probe
03-23 01:43:44.440   139   139 E         : [NT_reserve_kernel_log] Get partition failed, retry count 196
03-23 01:43:44.445   197   197 I init    : Loaded kernel module /lib/modules/bcl_pmic5.ko
03-23 01:43:44.466   195   195 I init    : Loaded kernel module /lib/modules/qcom-spmi-adc5-gen3.ko
03-23 01:43:44.476   139   139 E         : [NT_reserve_kernel_log] Get partition failed, retry count 195
03-23 01:43:44.490   198   198 I init    : Loaded kernel module /lib/modules/qcom_tsens.ko
03-23 01:43:44.492   229   229 I init    : Loading module /lib/modules/qrtr-smd.ko with args ''
03-23 01:43:44.492   230   230 I init    : Loading module /lib/modules/i2c-msm-geni.ko with args ''
03-23 01:43:44.492   231   231 I init    : Loading module /lib/modules/mem-offline.ko with args ''
03-23 01:43:44.492   232   232 I init    : Loading module /lib/modules/mem_buf.ko with args ''
03-23 01:43:44.492   233   233 I init    : Loading module /lib/modules/gh_virt_wdt.ko with args ''
03-23 01:43:44.492   234   234 I init    : Loading module /lib/modules/qrtr-gunyah.ko with args ''
03-23 01:43:44.492   235   235 I init    : Loading module /lib/modules/glink_pkt.ko with args ''
03-23 01:43:44.492   236   236 I init    : Loading module /lib/modules/msm_qmp.ko with args ''
03-23 01:43:44.493   229   229 I init    : Loaded kernel module /lib/modules/qrtr-smd.ko
03-23 01:43:44.493   229   229 I init    : Loading module /lib/modules/q2spi-geni.ko with args ''
03-23 01:43:44.493   231   231 I init    : Loaded kernel module /lib/modules/mem-offline.ko
03-23 01:43:44.493   231   231 I init    : Loading module /lib/modules/gh_irq_lend.ko with args ''
03-23 01:43:44.493   233   233 I gh-watchdog hypervisor: qcom,gh-watchdog: QCOM Apps Watchdog Initialized
03-23 01:43:44.493   230   230 I init    : Loaded kernel module /lib/modules/i2c-msm-geni.ko
03-23 01:43:44.493   233   233 I init    : Loaded kernel module /lib/modules/gh_virt_wdt.ko
03-23 01:43:44.493   230   230 I init    : Loading module /lib/modules/qcom_rpmh.ko with args ''
03-23 01:43:44.493   233   233 I init    : Loading module /lib/modules/qcom_stats.ko with args ''
03-23 01:43:44.494    86    86 I coresight-csr 10001000.csr: CSR initialized: coresight-csr
03-23 01:43:44.494    86    86 E platform 16f2000.anoc_1_qtb: TBU failed probe, QSMMUV500 cannot continue!
03-23 01:43:44.494    86    86 I coresight-csr 10b11000.csr: CSR initialized: coresight-swao-csr
03-23 01:43:44.494    86    86 I coresight-qmi soc: wpss-qmi: qmi initialized
03-23 01:43:44.494    86    86 I coresight-qmi soc: audio-qmi: qmi initialized
03-23 01:43:44.494    86    86 I coresight-qmi soc: modem0-qmi: qmi initialized
03-23 01:43:44.495    86    86 I coresight-qmi soc: modem2-qmi: qmi initialized
03-23 01:43:44.495   229   229 I         : q2spi_dev_init end ret:0
03-23 01:43:44.495   229   229 I init    : Loaded kernel module /lib/modules/q2spi-geni.ko
03-23 01:43:44.495   231   231 I init    : Loaded kernel module /lib/modules/gh_irq_lend.ko
03-23 01:43:44.495   229   229 I init    : Loading module /lib/modules/hvc_gunyah.ko with args ''
03-23 01:43:44.495   231   231 I init    : Loading module /lib/modules/i3c-master-msm-geni.ko with args ''
03-23 01:43:44.495   232   232 I gh_msgq : Registered client for label: 1
03-23 01:43:44.496   235   235 I init    : Loaded kernel module /lib/modules/glink_pkt.ko
03-23 01:43:44.496   235   235 I init    : Loading module /lib/modules/qcom_glink_spss.ko with args ''
03-23 01:43:44.497   235   235 I init    : Loaded kernel module /lib/modules/qcom_glink_spss.ko
03-23 01:43:44.497   235   235 I init    : Loading module /lib/modules/gh_panic_notifier.ko with args ''
03-23 01:43:44.497   232   232 I gh_msgq : Registered client for label: 12
03-23 01:43:44.498   229   229 I init    : Loaded kernel module /lib/modules/hvc_gunyah.ko
03-23 01:43:44.498   233   233 I init    : Loaded kernel module /lib/modules/qcom_stats.ko
03-23 01:43:44.498   229   229 I init    : Loading module /lib/modules/qcom_glink_smem.ko with args ''
03-23 01:43:44.498   231   231 I init    : Loaded kernel module /lib/modules/i3c-master-msm-geni.ko
03-23 01:43:44.498   233   233 I init    : Loading module /lib/modules/qrtr-tun.ko with args ''
03-23 01:43:44.498   231   231 I init    : Loading module /lib/modules/clk-qcom.ko with args ''
03-23 01:43:44.498   232   232 I init    : Loaded kernel module /lib/modules/mem_buf.ko
03-23 01:43:44.498   232   232 I init    : Loading module /lib/modules/smcinvoke_dlkm.ko with args ''
03-23 01:43:44.499   229   229 I init    : Loaded kernel module /lib/modules/qcom_glink_smem.ko
03-23 01:43:44.499   234   234 I init    : Loaded kernel module /lib/modules/qrtr-gunyah.ko
03-23 01:43:44.499   236   236 I init    : Loaded kernel module /lib/modules/msm_qmp.ko
03-23 01:43:44.499   233   233 I init    : Loaded kernel module /lib/modules/qrtr-tun.ko
03-23 01:43:44.499   230   230 I /soc/rsc@17a00000/drv@2/rpmh-regulator-ldob2: Fixed dependency cycle(s) with /soc/rsc@17a00000/drv@2/rpmh-regulator-ldob2/vreg-pmxr2230-l2
03-23 01:43:44.499   230   230 I /soc/rsc@17a00000/drv@2/rpmh-regulator-ldob4: Fixed dependency cycle(s) with /soc/rsc@17a00000/drv@2/rpmh-regulator-ldob4/vreg-pmxr2230-l4
03-23 01:43:44.499   235   235 I gh_panic_notifier soc: qcom,gunyah-panic-notifier: assigned reserved memory node vm_comm_mem_region
03-23 01:43:44.500   230   230 I /soc/rsc@17a00000/drv@2/rpmh-regulator-ldob8: Fixed dependency cycle(s) with /soc/rsc@17a00000/drv@2/rpmh-regulator-ldob8/vreg-pmxr2230-l8
03-23 01:43:44.500   235   235 I init    : Loaded kernel module /lib/modules/gh_panic_notifier.ko
03-23 01:43:44.500   232   232 I init    : Loaded kernel module /lib/modules/smcinvoke_dlkm.ko
03-23 01:43:44.500   230   230 I /soc/rsc@17a00000/drv@2/rpmh-regulator-ldob19: Fixed dependency cycle(s) with /soc/rsc@17a00000/drv@2/rpmh-regulator-ldob19/vreg-pmxr2230-l19
03-23 01:43:44.501   230   230 I /soc/rsc@17a00000/drv@2/rpmh-regulator-mmcxlvl: Fixed dependency cycle(s) with /soc/rsc@17a00000/drv@2/rpmh-regulator-mmcxlvl/vreg-pm-v8f-s2-level
03-23 01:43:44.501   230   230 I /soc/rsc@17a00000/drv@2/rpmh-regulator-mxclvl: Fixed dependency cycle(s) with /soc/rsc@17a00000/drv@2/rpmh-regulator-mxclvl/vreg-pm_v6d-s2-level
03-23 01:43:44.501    86    86 I noth-hwid soc: hardware_id: hwid_read_id(): id_0 adv val 1467mv
