03-23 02:02:50.619   453   453 I vndservicemanag: type=1400 audit(0.0:25): avc: denied { read } for name="perms" dev="selinuxfs" ino=67112490 scontext=u:r:recovery:s0 tcontext=u:object_r:selinuxfs:s0 tclass=dir permissive=1
03-23 02:02:50.619   453   453 I vndservicemanag: type=1400 audit(0.0:26): avc: denied { open } for path="/sys/fs/selinux/class/service_manager/perms" dev="selinuxfs" ino=67112490 scontext=u:r:recovery:s0 tcontext=u:object_r:selinuxfs:s0 tclass=dir permissive=1
03-23 02:02:50.619   453   453 I vndservicemanag: type=1400 audit(0.0:27): avc: denied { write } for name="access" dev="selinuxfs" ino=6 scontext=u:r:recovery:s0 tcontext=u:object_r:selinuxfs:s0 tclass=file permissive=1
03-23 02:02:50.619   453   453 I vndservicemanag: type=1400 audit(0.0:28): avc: denied { compute_av } for scontext=u:r:recovery:s0 tcontext=u:object_r:kernel:s0 tclass=security permissive=1
03-23 02:02:50.619   453   453 I vndservicemanag: type=1400 audit(0.0:29): avc: denied { set_context_mgr } for scontext=u:r:recovery:s0 tcontext=u:r:recovery:s0 tclass=binder permissive=1
03-23 02:02:50.623     1     1 I init    : type=1400 audit(0.0:30): avc: denied { setattr } for name="f0" dev="proc" ino=4026533488 scontext=u:r:init:s0 tcontext=u:object_r:proc:s0 tclass=file permissive=1
03-23 02:02:50.623     1     1 I init    : type=1400 audit(0.0:31): avc: denied { setattr } for name="chip_id" dev="sysfs" ino=113686 scontext=u:r:init:s0 tcontext=u:object_r:sysfs:s0 tclass=file permissive=1
03-23 02:02:50.627     1     1 I unknown : type=1107 audit(0.0:32): uid=0 auid=4294967295 ses=4294967295 subj=u:r:init:s0 msg='avc: denied { set } for property=hwservicemanager.ready pid=451 uid=0 gid=0 scontext=u:r:recovery:s0 tcontext=u:object_r:hwservicemanager_prop:s0 tclass=property_service permissive=1'
03-23 02:02:50.627   450   450 I android.hardwar: type=1400 audit(0.0:33): avc: denied { call } for scontext=u:r:recovery:s0 tcontext=u:r:recovery:s0 tclass=binder permissive=1
03-23 02:02:50.627     1     1 I init    : type=1400 audit(0.0:34): avc: denied { write } for name="mode" dev="sysfs" ino=115079 scontext=u:r:init:s0 tcontext=u:object_r:sysfs:s0 tclass=file permissive=1
03-23 02:02:50.627     1     1 I init    : type=1400 audit(0.0:35): avc: denied { open } for path="/sys/devices/platform/soc/a600000.ssusb/mode" dev="sysfs" ino=115079 scontext=u:r:init:s0 tcontext=u:object_r:sysfs:s0 tclass=file permissive=1
03-23 02:02:50.642   459   459 I adbd    : persist.adb.watchdog set to ''
03-23 02:02:50.643   459   459 I adbd    : persist.sys.test_harness set to ''
03-23 02:02:50.643   459   459 I adbd    : adb watchdog timeout set to 600 seconds
03-23 02:02:50.643   459   464 I adbd    : Waiting for persist.adb.tls_server.enable=1
03-23 02:02:50.643   459   459 I adbd    : adbd started
03-23 02:02:50.643   459   466 I adbd    : opening control endpoint /dev/usb-ffs/adb/ep0
03-23 02:02:50.643   459   466 I adbd    : UsbFfsConnection constructed
03-23 02:02:50.644   459   467 I adbd    : UsbFfs-monitor thread spawned
03-23 02:02:50.630     1     1 I libprocessgroup: Successfully killed process cgroup uid 0 pid 454 in 6ms
03-23 02:02:50.630     1     1 I init    : Service 'keystore2' (pid 454) received signal 9
03-23 02:02:50.630     1     1 I init    : processing action (post-fs-data) from (/system/etc/init/hw/init.rc:94)
03-23 02:02:50.630     1     1 I init    : processing action (post-fs-data) from (/system/etc/init/vendor.qti.hardware.vibrator.service.rc:31)
03-23 02:02:50.631     1     1 I init    : processing action (firmware_mounts_complete) from (/system/etc/init/hw/init.rc:78)
03-23 02:02:50.631     1     1 I init    : processing action (boot) from (/system/etc/init/hw/init.rc:71)
03-23 02:02:50.631     1     1 I init    : starting service 'recovery'...
03-23 02:02:50.631     1     1 I init    : Created socket '/dev/socket/recovery', mode 422, user 1000, group 1000
03-23 02:02:50.632   458   458 I KernelSU: hook_manager: unmark 458 exec /system/bin/recovery
03-23 02:02:50.632     1     1 I init    : processing action (boot) from (/init.recovery.qcom.rc:46)
03-23 02:02:50.632     1     1 I init    : processing action (enable_property_trigger) from (<Builtin Action>:0)
03-23 02:02:50.632     1     1 I init    : processing action (ro.debuggable=1) from (/system/etc/init/hw/init.rc:109)
03-23 02:02:50.632     1     1 I init    : processing action (sys.usb.config=adb) from (/system/etc/init/hw/init.rc:155)
03-23 02:02:50.632     1     1 I init    : starting service 'adbd'...
03-23 02:02:50.633     1     1 I init    : Created socket '/dev/socket/adbd', mode 660, user 1000, group 1000
03-23 02:02:50.633     1     1 I init    : Service 'boot-hal-1-2' (pid 450) exited with status 1
03-23 02:02:50.633     1     1 I init    : Sending signal 9 to service 'boot-hal-1-2' (pid 450) process group...
03-23 02:02:50.633     1     1 I libprocessgroup: Successfully killed process cgroup uid 0 pid 450 in 0ms
03-23 02:02:50.633     1     1 I init    : processing action (ro.boot.usbcontroller=*) from (/init.recovery.usb.rc:66)
03-23 02:02:50.633     1     1 I init    : wait for '/sys/bus/platform/devices/a600000.ssusb/mode' took 0ms
03-23 02:02:50.633     1     1 W init    : wait for '/sys/class/udc/a600000.dwc3' timed out and took 0ms
03-23 02:02:50.633     1     1 I init    : Command 'wait /sys/class/udc/${ro.boot.usbcontroller} 0' action=ro.boot.usbcontroller=* (/init.recovery.usb.rc:70) took 0ms and failed: wait_for_file() failed
03-23 02:02:50.635    10    10 I msm-dwc3 a600000.ssusb: DWC3 exited from low power mode
03-23 02:02:50.636    10    10 I eusb2-repeater c42d000.qcom,spmi: qcom,pmih010x@7:eusb2-repeater@fd00: eUSB2 repeater status:OK
03-23 02:02:50.636    10    10 E msm-usb-ssphy-qmp 88e8000.ssphy: USB DP QMP PHY: Update TYPEC CTRL(2)
03-23 02:02:50.639    10    10 I dwc3 a600000.dwc3: Adding to iommu group 10
03-23 02:02:50.640    10    10 I eusb2-repeater c42d000.qcom,spmi: qcom,pmih010x@7:eusb2-repeater@fd00: eUSB2 repeater status:OK
03-23 02:02:50.640    10    10 E msm-usb-ssphy-qmp 88e8000.ssphy: USB DP QMP PHY: Update TYPEC CTRL(2)
03-23 02:02:50.646   466   466 I         : read descriptors
03-23 02:02:50.646   466   466 W         : bcdVersion must be 0x0100, stored in Little Endian order. Userspace driver should be fixed, accepting 0x0001 for compatibility.
03-23 02:02:50.646   466   466 W         : bcdVersion must be 0x0100, stored in Little Endian order. Userspace driver should be fixed, accepting 0x0001 for compatibility.
03-23 02:02:50.646   466   466 I         : read strings
03-23 02:02:50.649    11    11 I         : [matrix-leds] write bytes len 4106, ret 0
03-23 02:02:50.647   458   458 I recovery: type=1400 audit(0.0:36): avc: denied { getattr } for path="/sys/devices/virtual/thermal/thermal_zone34/temp" dev="sysfs" ino=87038 scontext=u:r:recovery:s0 tcontext=u:object_r:sysfs:s0 tclass=file permissive=1
03-23 02:02:50.651     1     1 I unknown : type=1107 audit(0.0:37): uid=0 auid=4294967295 ses=4294967295 subj=u:r:init:s0 msg='avc: denied { set } for property=ro.fastbootd.available pid=458 uid=0 gid=0 scontext=u:r:recovery:s0 tcontext=u:object_r:default_prop:s0 tclass=property_service permissive=1'
03-23 02:02:50.655   458   458 I recovery: type=1400 audit(0.0:38): avc: denied { write } for name="brightness" dev="sysfs" ino=114438 scontext=u:r:recovery:s0 tcontext=u:object_r:sysfs:s0 tclass=file permissive=1
03-23 02:02:50.655   458   458 I recovery: type=1400 audit(0.0:39): avc: denied { open } for path="/sys/devices/platform/soc/ae00000.qcom,mdss_mdp/backlight/panel0-backlight/brightness" dev="sysfs" ino=114438 scontext=u:r:recovery:s0 tcontext=u:object_r:sysfs:s0 tclass=file permissive=1
03-23 02:02:50.667   469   469 I chmod   : type=1400 audit(0.0:40): avc: denied { setattr } for name="aapt" dev="rootfs" ino=502 scontext=u:r:recovery:s0 tcontext=u:object_r:rootfs:s0 tclass=file permissive=1
03-23 02:02:50.684   458   458 W libc    : Unable to set property "ro.product.device" to "Metroid": error code: 0xb
03-23 02:02:50.679     1     1 I unknown : type=1107 audit(0.0:41): uid=0 auid=4294967295 ses=4294967295 subj=u:r:init:s0 msg='avc: denied { set } for property=ro.product.device pid=458 uid=0 gid=0 scontext=u:r:recovery:s0 tcontext=u:object_r:build_prop:s0 tclass=property_service permissive=1'
03-23 02:02:50.687   436   436 E init    : Unable to set property 'ro.product.device' from uid:0 gid:0 pid:458: Read-only property was already set
03-23 02:02:50.688   458   458 W libc    : Unable to set property "ro.fastbootd.available" to "1": error code: 0xb
03-23 02:02:50.691   436   436 E init    : Unable to set property 'ro.fastbootd.available' from uid:0 gid:0 pid:458: Read-only property was already set
03-23 02:02:50.695   458   458 W recovery: [libfs_mgr]Warning: unknown flag: sync
03-23 02:02:50.698     1     1 I init    : wait for '/sys/class/udc/a600000.dwc3' took 30ms
03-23 02:02:50.698     1     1 I init    : processing action (sys.usb.config=adb && sys.usb.configfs=1) from (/init.recovery.usb.rc:90)
03-23 02:02:50.698     1     1 I init    : processing action (service.adb.root=1) from (/system/etc/init/hw/init.rc:124)
03-23 02:02:50.698     1     1 I init    : Sending signal 9 to service 'adbd' (pid 459) process group...
03-23 02:02:50.697   458   458 I recovery: Boot command: boot-recovery
03-23 02:02:50.697   458   458 I recovery: Got 1 arguments from boot message
03-23 02:02:50.697   458   458 W recovery: [libfs_mgr]Warning: unknown flag: sync
03-23 02:02:50.697   458   458 W recovery: [libfs_mgr]Warning: unknown flag: sync
03-23 02:02:50.695   458   458 I recovery: type=1400 audit(0.0:42): avc: denied { write } for name="etc" dev="rootfs" ino=786 scontext=u:r:recovery:s0 tcontext=u:object_r:rootfs:s0 tclass=dir permissive=1
03-23 02:02:50.695   458   458 I recovery: type=1400 audit(0.0:43): avc: denied { add_name } for name="mtab" scontext=u:r:recovery:s0 tcontext=u:object_r:rootfs:s0 tclass=dir permissive=1
03-23 02:02:50.695   458   458 I recovery: type=1400 audit(0.0:44): avc: denied { create } for name="mtab" scontext=u:r:recovery:s0 tcontext=u:object_r:rootfs:s0 tclass=lnk_file permissive=1
03-23 02:02:50.698   458   458 I recovery: [libfs_mgr]Created logical partition odm_a on device /dev/block/dm-0
03-23 02:02:50.699   458   458 I recovery: [libfs_mgr]Created logical partition odm_b on device /dev/block/dm-1
03-23 02:02:50.700   458   458 I recovery: [libfs_mgr]Created logical partition product_a on device /dev/block/dm-2
03-23 02:02:50.701   458   458 I recovery: [libfs_mgr]Created logical partition product_b on device /dev/block/dm-3
03-23 02:02:50.701   458   458 I recovery: [libfs_mgr]Created logical partition system_a on device /dev/block/dm-4
03-23 02:02:50.701   458   458 I recovery: [libfs_mgr]Created logical partition system_b on device /dev/block/dm-5
03-23 02:02:50.701   458   458 I recovery: [libfs_mgr]Created logical partition system_dlkm_a on device /dev/block/dm-6
03-23 02:02:50.702   458   458 I recovery: [libfs_mgr]Created logical partition system_dlkm_b on device /dev/block/dm-7
03-23 02:02:50.702   458   458 I recovery: [libfs_mgr]Created logical partition system_ext_a on device /dev/block/dm-8
03-23 02:02:50.705     1     1 I libprocessgroup: Successfully killed process cgroup uid 0 pid 459 in 6ms
03-23 02:02:50.702   458   458 I recovery: [libfs_mgr]Created logical partition system_ext_b on device /dev/block/dm-9
03-23 02:02:50.702   458   458 I recovery: [libfs_mgr]Created logical partition vendor_a on device /dev/block/dm-10
03-23 02:02:50.702   458   458 I recovery: [libfs_mgr]Created logical partition vendor_b on device /dev/block/dm-11
03-23 02:02:50.703   458   458 I recovery: [libfs_mgr]Created logical partition vendor_dlkm_a on device /dev/block/dm-12
03-23 02:02:50.699   458   458 I recovery: type=1400 audit(0.0:45): avc: denied { create } for name="system_root" scontext=u:r:recovery:s0 tcontext=u:object_r:rootfs:s0 tclass=dir permissive=1
03-23 02:02:50.703   458   458 I recovery: [libfs_mgr]Created logical partition vendor_dlkm_b on device /dev/block/dm-13
03-23 02:02:50.699   458   458 I recovery: type=1400 audit(0.0:46): avc: denied { ioctl } for path="/dev/block/dm-4" dev="tmpfs" ino=1035 ioctlcmd=0x5331 scontext=u:r:recovery:s0 tcontext=u:object_r:dm_device:s0 tclass=blk_file permissive=1
03-23 02:02:50.703   458   458 I recovery: type=1400 audit(0.0:47): avc: denied { write } for name="by-name" dev="tmpfs" ino=16 scontext=u:r:recovery:s0 tcontext=u:object_r:block_device:s0 tclass=dir permissive=1
03-23 02:02:50.703   458   458 I recovery: type=1400 audit(0.0:48): avc: denied { add_name } for name="system" scontext=u:r:recovery:s0 tcontext=u:object_r:block_device:s0 tclass=dir permissive=1
03-23 02:02:50.703   458   458 I recovery: type=1400 audit(0.0:49): avc: denied { create } for name="system" scontext=u:r:recovery:s0 tcontext=u:object_r:block_device:s0 tclass=lnk_file permissive=1
03-23 02:02:50.703   458   458 I recovery: type=1400 audit(0.0:50): avc: denied { remove_name } for name="system_ext" dev="rootfs" ino=3837 scontext=u:r:recovery:s0 tcontext=u:object_r:rootfs:s0 tclass=dir permissive=1
03-23 02:02:50.703   458   458 I recovery: type=1400 audit(0.0:51): avc: denied { unlink } for name="system_ext" dev="rootfs" ino=3837 scontext=u:r:recovery:s0 tcontext=u:object_r:rootfs:s0 tclass=lnk_file permissive=1
03-23 02:02:50.703   458   458 I recovery: type=1400 audit(0.0:52): avc: denied { ioctl } for path="/dev/block/dm-8" dev="tmpfs" ino=1047 ioctlcmd=0x5331 scontext=u:r:recovery:s0 tcontext=u:object_r:dm_device:s0 tclass=blk_file permissive=1
03-23 02:02:50.709   458   458 I erofs   : (device dm-4): mounted with root inode @ nid 56.
03-23 02:02:50.707   458   458 I recovery: type=1400 audit(0.0:53): avc: denied { ioctl } for path="/dev/block/dm-2" dev="tmpfs" ino=1029 ioctlcmd=0x5331 scontext=u:r:recovery:s0 tcontext=u:object_r:dm_device:s0 tclass=blk_file permissive=1
03-23 02:02:50.707   458   458 I recovery: type=1400 audit(0.0:54): avc: denied { ioctl } for path="/dev/block/dm-10" dev="tmpfs" ino=1055 ioctlcmd=0x5331 scontext=u:r:recovery:s0 tcontext=u:object_r:dm_device:s0 tclass=blk_file permissive=1
03-23 02:02:50.712   458   458 I erofs   : (device dm-8): mounted with root inode @ nid 43.
03-23 02:02:50.715   458   458 I erofs   : (device dm-2): mounted with root inode @ nid 40.
03-23 02:02:50.711   458   458 I recovery: type=1400 audit(0.0:55): avc: denied { ioctl } for path="/dev/block/dm-12" dev="tmpfs" ino=1061 ioctlcmd=0x5331 scontext=u:r:recovery:s0 tcontext=u:object_r:dm_device:s0 tclass=blk_file permissive=1
03-23 02:02:50.717   458   458 I erofs   : (device dm-10): mounted with root inode @ nid 53.
03-23 02:02:50.715   458   458 I recovery: type=1400 audit(0.0:56): avc: denied { ioctl } for path="/dev/block/dm-6" dev="tmpfs" ino=1041 ioctlcmd=0x5331 scontext=u:r:recovery:s0 tcontext=u:object_r:dm_device:s0 tclass=blk_file permissive=1
03-23 02:02:50.715   458   458 I recovery: type=1400 audit(0.0:57): avc: denied { ioctl } for path="/dev/block/dm-0" dev="tmpfs" ino=1021 ioctlcmd=0x5331 scontext=u:r:recovery:s0 tcontext=u:object_r:dm_device:s0 tclass=blk_file permissive=1
03-23 02:02:50.720   458   458 I erofs   : (device dm-12): mounted with root inode @ nid 39.
03-23 02:02:50.721   458   458 I erofs   : (device dm-6): mounted with root inode @ nid 38.
03-23 02:02:50.721   458   458 I SELinux : Context u:object_r:system_dlkm_file:s0 is not valid (left unmapped).
03-23 02:02:50.719   458   458 I recovery: type=1400 audit(0.0:58): avc: denied { read } for name="dev" dev="sysfs" ino=116577 scontext=u:r:recovery:s0 tcontext=u:object_r:sysfs:s0 tclass=file permissive=1
03-23 02:02:50.724   458   458 I erofs   : (device dm-0): mounted with root inode @ nid 39.
03-23 02:02:50.719   458   458 I recovery: type=1400 audit(0.0:59): avc: denied { search } for name="/" dev="sda2" ino=2 scontext=u:r:recovery:s0 tcontext=u:object_r:mnt_vendor_file:s0 tclass=dir permissive=1
03-23 02:02:50.719   458   458 I recovery: type=1400 audit(0.0:60): avc: denied { search } for name="rtc" dev="sysfs" ino=50972 scontext=u:r:recovery:s0 tcontext=u:object_r:sysfs_rtc:s0 tclass=dir permissive=1
03-23 02:02:50.719   458   458 I recovery: type=1400 audit(0.0:61): avc: denied { sys_time } for capability=25 scontext=u:r:recovery:s0 tcontext=u:r:recovery:s0 tclass=capability permissive=1
12-19 16:41:42.502   458   458 I recovery: type=1400 audit(0.0:62): avc: denied { getattr } for path="/persist" dev="sda2" ino=2 scontext=u:r:recovery:s0 tcontext=u:object_r:mnt_vendor_file:s0 tclass=dir permissive=1
03-23 02:02:50.726   458   458 I EXT4-fs (sda2): mounted filesystem ff66aedc-5453-43c7-bc86-73f499edface ro with ordered data mode. Quota mode: none.
03-23 02:02:50.726   458   458 I SELinux : Context u:object_r:vendor_persist_time_file:s0 is not valid (left unmapped).
03-23 02:02:50.727   458   458 I EXT4-fs (sda2): unmounting filesystem ff66aedc-5453-43c7-bc86-73f499edface.
12-19 16:41:42.502   458   458 I recovery: type=1400 audit(0.0:63): avc: denied { ioctl } for path="/dev/block/dm-10" dev="tmpfs" ino=1055 ioctlcmd=0x5331 scontext=u:r:recovery:s0 tcontext=u:object_r:dm_device:s0 tclass=blk_file permissive=1
12-19 16:41:42.502   458   458 I recovery: type=1400 audit(0.0:64): avc: denied { ioctl } for path="/dev/block/dm-12" dev="tmpfs" ino=1061 ioctlcmd=0x5331 scontext=u:r:recovery:s0 tcontext=u:object_r:dm_device:s0 tclass=blk_file permissive=1
03-23 02:02:50.729   458   458 I erofs   : (device dm-10): mounted with root inode @ nid 53.
03-23 02:02:50.731   458   458 I erofs   : (device dm-12): mounted with root inode @ nid 39.
03-23 02:02:50.741     1     1 I init    : Service 'adbd' (pid 459) received signal 9
03-23 02:02:50.741     1     1 I init    : processing action (sys.usb.config=adb && sys.usb.configfs=1 && sys.usb.ffs.ready=1) from (/system/etc/init/hw/init.rc:201)
03-23 02:02:50.743     1     1 I eusb2-repeater c42d000.qcom,spmi: qcom,pmih010x@7:eusb2-repeater@fd00: eUSB2 repeater status:OK
03-23 02:02:50.743     1     1 E msm-usb-ssphy-qmp 88e8000.ssphy: USB DP QMP PHY: Update TYPEC CTRL(2)
03-23 02:02:50.767     1     1 E udc a600000.dwc3: failed to start g1: -77
03-23 02:02:50.767     1     1 W configfs-gadget.g1: probe of gadget.0 failed with error -77
03-23 02:02:50.767     1     1 W UDC core: g1: couldn't find an available UDC or it's busy
03-23 02:02:50.768     1     1 I init    : Command 'write /config/usb_gadget/g1/UDC ${sys.usb.controller}' action=sys.usb.config=adb && sys.usb.configfs=1 && sys.usb.ffs.ready=1 (/system/etc/init/hw/init.rc:205) took 25ms and failed: Unable to write to file '/config/usb_gadget/g1/UDC': Unable to write file contents: Device or resource busy
03-23 02:02:50.768     1     1 I init    : processing action (sys.usb.config=adb && sys.usb.configfs=1 && sys.usb.ffs.ready=1) from (/init.recovery.usb.rc:96)
03-23 02:02:50.768     1     1 I init    : Command 'symlink /config/usb_gadget/g1/functions/ffs.adb /config/usb_gadget/g1/configs/b.1/f1' action=sys.usb.config=adb && sys.usb.configfs=1 && sys.usb.ffs.ready=1 (/init.recovery.usb.rc:100) took 0ms and failed: symlink() failed: File exists
03-23 02:02:50.769     1     1 I eusb2-repeater c42d000.qcom,spmi: qcom,pmih010x@7:eusb2-repeater@fd00: eUSB2 repeater status:OK
03-23 02:02:50.769     1     1 E msm-usb-ssphy-qmp 88e8000.ssphy: USB DP QMP PHY: Update TYPEC CTRL(2)
03-23 02:02:50.785    11    11 I         : [matrix-leds] write bytes len 4106, ret 0
03-23 02:02:50.791     1     1 E udc a600000.dwc3: failed to start g1: -77
03-23 02:02:50.791     1     1 W configfs-gadget.g1: probe of gadget.0 failed with error -77
03-23 02:02:50.791     1     1 W UDC core: g1: couldn't find an available UDC or it's busy
03-23 02:02:50.792     1     1 I init    : Command 'write /config/usb_gadget/g1/UDC ${sys.usb.controller}' action=sys.usb.config=adb && sys.usb.configfs=1 && sys.usb.ffs.ready=1 (/init.recovery.usb.rc:101) took 23ms and failed: Unable to write to file '/config/usb_gadget/g1/UDC': Unable to write file contents: Device or resource busy
03-23 02:02:50.921    11    11 I         : [matrix-leds] write bytes len 4106, ret 0
03-23 02:02:51.057    11    11 I         : [matrix-leds] write bytes len 4106, ret 0
03-23 02:02:51.193    11    11 I         : [matrix-leds] write bytes len 4106, ret 0
03-23 02:02:51.329    11    11 I         : [matrix-leds] write bytes len 4106, ret 0
12-19 16:41:43.166   458   458 I recovery: type=1400 audit(0.0:65): avc: denied { read } for name="modules" dev="proc" ino=4026532049 scontext=u:r:recovery:s0 tcontext=u:object_r:proc_modules:s0 tclass=file permissive=1
12-19 16:41:43.166   458   458 I recovery: type=1400 audit(0.0:66): avc: denied { open } for path="/proc/modules" dev="proc" ino=4026532049 scontext=u:r:recovery:s0 tcontext=u:object_r:proc_modules:s0 tclass=file permissive=1
12-19 16:41:43.166   458   458 I recovery: type=1400 audit(0.0:67): avc: denied { getattr } for path="/proc/modules" dev="proc" ino=4026532049 scontext=u:r:recovery:s0 tcontext=u:object_r:proc_modules:s0 tclass=file permissive=1
12-19 16:41:43.166   458   458 I recovery: type=1400 audit(0.0:68): avc: denied { mounton } for path="/vendor_dlkm/lib/modules" dev="dm-12" ino=81 scontext=u:r:recovery:s0 tcontext=u:object_r:vendor_file:s0 tclass=dir permissive=1
12-19 16:41:43.166   458   458 I recovery: type=1400 audit(0.0:69): avc: denied { sys_module } for capability=16 scontext=u:r:recovery:s0 tcontext=u:r:recovery:s0 tclass=capability permissive=1
12-19 16:41:43.166   458   458 I recovery: type=1400 audit(0.0:70): avc: denied { module_load } for path="/vendor_dlkm/lib/modules/qcom_glink.ko" dev="tmpfs" ino=206 scontext=u:r:recovery:s0 tcontext=u:object_r:tmpfs:s0 tclass=system permissive=1
12-19 16:41:43.170   458   458 I recovery: Loading module /vendor/lib/modules/qcom_glink.ko with args ''
12-19 16:41:43.170   458   458 I recovery: Loading module /vendor/lib/modules/qcom_glink_smem.ko with args ''
12-19 16:41:43.170   458   458 I recovery: Loading module /vendor/lib/modules/qcom_smd.ko with args ''
12-19 16:41:43.170   458   458 I recovery: Loading module /vendor/lib/modules/rproc_qcom_common.ko with args ''
12-19 16:41:43.170   458   458 I recovery: Loading module /vendor/lib/modules/panel_event_notifier.ko with args ''
12-19 16:41:43.170   458   458 I recovery: Loading module /vendor/lib/modules/qmi_helpers.ko with args ''
12-19 16:41:43.170   458   458 I recovery: Loading module /vendor/lib/modules/pdr_interface.ko with args ''
12-19 16:41:43.171   458   458 I recovery: Loading module /vendor/lib/modules/qti_pmic_glink.ko with args ''
12-19 16:41:43.171   458   458 I recovery: Loading module /vendor/lib/modules/qti_battery_charger.ko with args ''
12-19 16:41:43.171   458   458 I recovery: Loading module /vendor/lib/modules/qcom_sysmon.ko with args ''
12-19 16:41:43.171   458   458 I recovery: Loading module /vendor/lib/modules/qcom_ramdump.ko with args ''
12-19 16:41:43.171   458   458 I recovery: Loading module /vendor/lib/modules/qcom_q6v5.ko with args ''
12-19 16:41:43.171   458   458 I recovery: Loading module /vendor/lib/modules/qcom_pil_info.ko with args ''
12-19 16:41:43.171   458   458 I recovery: Loading module /vendor/lib/modules/qcom_q6v5_pas.ko with args ''
12-19 16:41:43.171   458   458 I recovery: Loading module /vendor/lib/modules/q6_dlkm.ko with args ''
12-19 16:41:43.171   458   458 I recovery: Loaded kernel module /vendor/lib/modules/q6_dlkm.ko
12-19 16:41:43.171   458   458 I recovery: Loading module /vendor/lib/modules/leds-qpnp-vibrator-ldo.ko with args ''
12-19 16:41:43.172   458   458 I recovery: Loading module /vendor/lib/modules/hwmon.ko with args ''
12-19 16:41:43.172   458   458 I recovery: Loading module /vendor/lib/modules/haptic.ko with args 'uefi_f0_calidata=123 uefi_f0=1678'
12-19 16:41:43.172   458   458 I recovery: Loading module /vendor/lib/modules/gh_mem_notifier.ko with args ''
12-19 16:41:43.172   458   458 I recovery: Loading module /vendor/lib/modules/gh_irq_lend.ko with args ''
12-19 16:41:43.172   458   458 I recovery: Loading module /vendor/lib/modules/qts.ko with args ''
03-23 02:02:51.398   458   458 I         : [GTP-INF][goodix_ts_core_init:2686] Core layer init:v1.2.4
03-23 02:02:51.398   458   458 I         : [GTP-INF][goodix_spi_bus_init:309] Goodix spi driver init
03-23 02:02:51.398   458   458 W         : SPI driver gtx8_spi has no spi_device_id for goodix,gt9897S
03-23 02:02:51.398   458   458 W         : SPI driver gtx8_spi has no spi_device_id for goodix,gt9897T
12-19 16:41:43.173   458   458 I recovery: Loaded kernel module /vendor/lib/modules/qts.ko
12-19 16:41:43.173   458   458 I recovery: Loading module /vendor/lib/modules/goodix_ts.ko with args ''
03-23 02:02:51.398   458   458 W         : SPI driver gtx8_spi has no spi_device_id for goodix,gt9966S
12-19 16:41:43.173   458   458 I recovery: Loaded kernel module /vendor/lib/modules/goodix_ts.ko
12-19 16:41:43.174   458   458 I recovery: Loading module /vendor/lib/modules/touchpanel_event_notify.ko with args ''
12-19 16:41:43.174   458   458 I recovery: Loading module /vendor/lib/modules/nt_display_notifier.ko with args ''
12-19 16:41:43.174   458   458 I recovery: Loading module /vendor/lib/modules/goodix_fp.ko with args ''
12-19 16:41:43.174   458   458 I recovery: Loading module /vendor/lib/modules/focaltech_tp.ko with args ''
03-23 02:02:51.398   458   458 W         : SPI driver gtx8_spi has no spi_device_id for goodix,gt9916S
03-23 02:02:51.398   458   458 W         : SPI driver gtx8_spi has no spi_device_id for goodix,gt9916S2
03-23 02:02:51.398   458   458 I         : [GTP-INF][goodix_i2c_bus_init:263] Goodix i2c driver init
03-23 02:02:51.399   458   458 D [FTS_TS]fts_ts_spi_init: Enter
03-23 02:02:51.399   458   458 I [FTS_TS/I]fts_ts_probe: Touch Screen(SPI-2 BUS) driver probe...
03-23 02:02:51.399   458   458 D [FTS_TS]fts_ts_probe_entry: Enter
03-23 02:02:51.399   458   458 I [FTS_TS/I]fts_ts_probe_entry: version:FocalTech V4.2 20240407
03-23 02:02:51.399   458   458 D [FTS_TS]fts_parse_dt: Enter
03-23 02:02:51.399   458   458 I [FTS_TS/I]fts_get_dt_coords: display x(0 1260) y(0 2800)
03-23 02:02:51.400   458   458 I [FTS_TS/I]fts_parse_dt: max touch number:10, irq gpio:746, reset gpio:759
03-23 02:02:51.400   458   458 D [FTS_TS]fts_parse_dt: Exit(1968)
03-23 02:02:51.400   458   458 D [FTS_TS]fts_bus_init: Enter
03-23 02:02:51.400   458   458 D [FTS_TS]fts_bus_init: Exit(1847)
03-23 02:02:51.400   458   458 D [FTS_TS]fts_gpio_configure: Enter
03-23 02:02:51.400   458   458 D [FTS_TS]fts_gpio_configure: Exit(1821)
03-23 02:02:51.400   458   458 D [FTS_TS]fts_power_source_init: Enter
03-23 02:02:51.400   458   458 D [FTS_TS]fts_power_source_ctrl: Enter
03-23 02:02:51.400   458   458 I [FTS_TS/I]fts_set_reset: set reset to 0
03-23 02:02:51.403   458   458 I [FTS_TS/I]fts_power_source_ctrl: set power to on
03-23 02:02:51.407   458   458 I [FTS_TS/I]fts_set_reset: set reset to 1
03-23 02:02:51.407   458   458 D [FTS_TS]fts_power_source_ctrl: Exit(1614)
03-23 02:02:51.407   458   458 D [FTS_TS]fts_power_source_init: Exit(1668)
03-23 02:02:51.465    11    11 I         : [matrix-leds] write bytes len 4106, ret 0
03-23 02:02:51.601    11    11 I         : [matrix-leds] write bytes len 4106, ret 0
03-23 02:02:51.612   458   458 I spi_geni a90000.spi: tx_fifo 0 rx_fifo 0 tx_width 0
03-23 02:02:51.612   458   458 I [FTS_TS/I]fts_get_chip_types: verify id:0x5672
03-23 02:02:51.612   458   458 I [FTS_TS/I]fts_get_ic_information: get ic information, chip id = 0x5672(cid type=0x0)
03-23 02:02:51.612   458   458 D [FTS_TS]fts_input_init: Enter
03-23 02:02:51.612   458   458 I input   : fts_ts as /devices/platform/soc/ac0000.qcom,qupv3_1_geni_se/a90000.spi/spi_master/spi4/spi4.0/input/input18
03-23 02:02:51.612   458   458 D [FTS_TS]fts_input_init: Exit(1488)
03-23 02:02:51.612   458   458 I [FTS_TS/I]fts_create_apk_debug_channel: Create proc entry success!
03-23 02:02:51.612   458   458 I [FTS_TS/I]fts_create_sysfs: [EX]: sysfs_create_group() succeeded!!
03-23 02:02:51.612   458   458 D [FTS_TS]fts_point_report_check_init: Enter
03-23 02:02:51.612   458   458 D [FTS_TS]fts_point_report_check_init: Exit(167)
03-23 02:02:51.612   458   458 I [FTS_TS/I]fts_ex_mode_init: Succeed to create TP_charger_flags under /proc/touchpanel
03-23 02:02:51.612   458   458 I [FTS_TS/I]fts_ex_mode_init: Succeed to create game_mode under /proc/touchpanel
03-23 02:02:51.612   458   458 I [FTS_TS/I]fts_ex_mode_init: Succeed to create gesture_mode under /proc/touchpanel
03-23 02:02:51.612   458   458 I [FTS_TS/I]fts_ex_mode_init: Succeed to create gesture_code under /proc/touchpanel
03-23 02:02:51.612   458   458 I [FTS_TS/I]fts_ex_mode_init: Succeed to create edge_mode under /proc/touchpanel
03-23 02:02:51.612   458   458 I [FTS_TS/I]fts_ex_mode_init: Succeed to create pocket_mode under /proc/touchpanel
03-23 02:02:51.612   458   458 I [FTS_TS/I]fts_ex_mode_init: Succeed to create earphone_mode under /proc/touchpanel
03-23 02:02:51.612   458   458 I [FTS_TS/I]fts_ex_mode_init: Succeed to create diff_mode under /proc/touchpanel
03-23 02:02:51.612   458   458 I [FTS_TS/I]fts_ex_mode_init: Succeed to create fod_mode under /proc/touchpanel
03-23 02:02:51.612   458   458 I [FTS_TS/I]fts_ex_mode_init: Succeed to create palm_to_sleep_support under /proc/touchpanel
03-23 02:02:51.612   458   458 D [FTS_TS]fts_fwdbg_init: Enter
03-23 02:02:51.612   458   458 D [FTS_TS]fts_fwdbg_init: Exit(1110)
03-23 02:02:51.612   458   458 D [FTS_TS]fts_gesture_init: Enter
03-23 02:02:51.612   458   458 D [FTS_TS]fts_gesture_init: Exit(542)
03-23 02:02:51.612   458   458 W [FTS_TS][TEST]fts_test_init: Enter
03-23 02:02:51.612   458   458 E [FTS_TS/I][TEST]fts_test_func_init: init test function
03-23 02:02:51.612   458   458 E [FTS_TS/I][TEST]fts_test_func_init: match test function,type:90
03-23 02:02:51.612   458   458 W [FTS_TS][TEST]fts_test_init: sysfs(test) create successfully
03-23 02:02:51.612   458   458 W [FTS_TS][TEST]fts_test_init: Exit(2570)
03-23 02:02:51.612   458   458 D [FTS_TS]fts_esdcheck_init: Enter
03-23 02:02:51.612   458   458 D [FTS_TS]fts_esdcheck_init: Exit(431)
03-23 02:02:51.612   458   458 I [FTS_TS/I]fts_irq_registration: irq:292, flag:2002
03-23 02:02:51.613   458   458 I [FTS_TS/I]fts_fwupg_init: fw upgrade init function
03-23 02:02:51.613   458   458 D [FTS_TS]fts_notifier_callback_init: Enter
03-23 02:02:51.613    89    89 I [FTS_TS/I]fts_fwupg_work: fw upgrade work function
03-23 02:02:51.613    89    89 D [FTS_TS]fts_irq_disable: Enter
03-23 02:02:51.613    89    89 D [FTS_TS]fts_irq_disable: Exit(223)
03-23 02:02:51.613    89    89 D [FTS_TS]fts_fwupg_get_fw_file: get upgrade fw file
03-23 02:02:51.613    89    89 W fts_ts spi4.0: Direct firmware load for focaltech_ts_fw_boe.bin failed with error -2
03-23 02:02:51.613    89    89 W fts_ts spi4.0: Falling back to sysfs fallback for: focaltech_ts_fw_boe.bin
03-23 02:02:51.613   458   458 I [FTS_TS/I]drm_check_dt: find drm_panel successfully
03-23 02:02:51.613   458   458 I [FTS_TS/I]fts_notifier_callback_init: init notifier with drm_panel_notifier_register
03-23 02:02:51.613   458   458 D [FTS_TS]fts_notifier_callback_init: Exit(2225)
03-23 02:02:51.613   458   458 D [FTS_TS]fts_ts_probe_entry: Exit(2400)
03-23 02:02:51.613   458   458 I [FTS_TS/I]fts_ts_probe: Touch Screen(SPI BUS) driver probe successfully
03-23 02:02:51.613   458   458 D [FTS_TS]fts_ts_spi_init: Exit(612)
12-19 16:41:43.388   458   458 I recovery: Loaded kernel module /vendor/lib/modules/focaltech_tp.ko
12-19 16:41:43.388   458   458 I recovery: Loading module /vendor/lib/modules/atmel_mxt_ts.ko with args ''
12-19 16:41:43.389   458   458 I recovery: Loaded kernel module /vendor/lib/modules/atmel_mxt_ts.ko
12-19 16:41:43.389   458   458 I recovery: Loading module /vendor/lib/modules/q6_pdr_dlkm.ko with args ''
03-23 02:02:51.614   490   490 I ueventd : firmware: loading 'focaltech_ts_fw_boe.bin' for '/devices/platform/soc/ac0000.qcom,qupv3_1_geni_se/a90000.spi/spi_master/spi4/spi4.0/firmware/focaltech_ts_fw_boe.bin'
12-19 16:41:43.386   490   490 I ueventd : type=1400 audit(0.0:71): avc: denied { search } for name="firmware" dev="dm-10" ino=124845378 scontext=u:r:ueventd:s0 tcontext=u:object_r:unlabeled:s0 tclass=dir permissive=1 trawcon="u:object_r:vendor_firmware_file:s0"
12-19 16:41:43.389   458   458 I recovery: Loaded kernel module /vendor/lib/modules/q6_pdr_dlkm.ko
03-23 02:02:51.614   490   490 I SELinux : Context u:object_r:vendor_firmware_file:s0 is not valid (left unmapped).
12-19 16:41:43.389   458   458 I recovery: Loading module /vendor/lib/modules/q6_notifier_dlkm.ko with args ''
12-19 16:41:43.390   458   458 I recovery: Loaded kernel module /vendor/lib/modules/q6_notifier_dlkm.ko
12-19 16:41:43.390   458   458 I recovery: Loading module /vendor/lib/modules/snd_event_dlkm.ko with args ''
12-19 16:41:43.390   458   458 I recovery: Loaded kernel module /vendor/lib/modules/snd_event_dlkm.ko
12-19 16:41:43.390   458   458 I recovery: Loading module /vendor/lib/modules/gpr_dlkm.ko with args ''
12-19 16:41:43.390   490   490 I ueventd : type=1400 audit(0.0:72): avc: denied { read } for name="focaltech_ts_fw_boe.bin" dev="dm-10" ino=124852857 scontext=u:r:ueventd:s0 tcontext=u:object_r:unlabeled:s0 tclass=file permissive=1 trawcon="u:object_r:vendor_firmware_file:s0"
12-19 16:41:43.390   490   490 I ueventd : type=1400 audit(0.0:73): avc: denied { open } for path="/vendor/firmware/focaltech_ts_fw_boe.bin" dev="dm-10" ino=124852857 scontext=u:r:ueventd:s0 tcontext=u:object_r:unlabeled:s0 tclass=file permissive=1 trawcon="u:object_r:vendor_firmware_file:s0"
12-19 16:41:43.390   490   490 I ueventd : type=1400 audit(0.0:74): avc: denied { getattr } for path="/vendor/firmware/focaltech_ts_fw_boe.bin" dev="dm-10" ino=124852857 scontext=u:r:ueventd:s0 tcontext=u:object_r:unlabeled:s0 tclass=file permissive=1 trawcon="u:object_r:vendor_firmware_file:s0"
12-19 16:41:43.391   458   458 I recovery: Loaded kernel module /vendor/lib/modules/gpr_dlkm.ko
12-19 16:41:43.391   458   458 I recovery: Loading module /vendor/lib/modules/spf_core_dlkm.ko with args ''
03-23 02:02:51.616   490   490 I ueventd : loading /devices/platform/soc/ac0000.qcom,qupv3_1_geni_se/a90000.spi/spi_master/spi4/spi4.0/firmware/focaltech_ts_fw_boe.bin took 2ms
03-23 02:02:51.616    89    89 I [FTS_TS/I]fts_get_fw_file_via_request_firmware: firmware(focaltech_ts_fw_boe.bin) request successfully
03-23 02:02:51.616    89    89 I [FTS_TS/I]fts_fwupg_get_fw_file: upgrade fw file len:147456
03-23 02:02:51.616    89    89 I [FTS_TS/I]fts_fwupg_auto_upgrade: ********************FTS enter upgrade********************
03-23 02:02:51.616    89    89 I [FTS_TS/I]fts_fwupg_upgrade: fw auto upgrade function
03-23 02:02:51.616    89    89 I [FTS_TS/I]fts_wait_tp_to_valid: TP Ready,Device ID:0x56
03-23 02:02:51.616    89    89 I [FTS_TS/I]fts_fwupg_check_fw_valid: tp fw vaild
03-23 02:02:51.617    89    89 I [FTS_TS/I]fts_fwupg_get_ver_in_host: fw version offset:0x10e
12-19 16:41:43.393   458   458 I recovery: Loaded kernel module /vendor/lib/modules/spf_core_dlkm.ko
12-19 16:41:43.393   458   458 I recovery: Loading module /vendor/lib/modules/adsp_loader_dlkm.ko with args ''
12-19 16:41:43.393   458   458 I recovery: Loaded kernel module /vendor/lib/modules/adsp_loader_dlkm.ko
03-23 02:02:51.617   458   458 E         : spf_core_platform_driver_probe
03-23 02:02:51.617    89    89 I [FTS_TS/I]fts_fwupg_need_upgrade: fw version in tp:38, host:38
03-23 02:02:51.617    89    89 I [FTS_TS/I]fts_fwupg_upgrade: fw upgrade flag:0
03-23 02:02:51.617    89    89 I [FTS_TS/I]fts_fwupg_auto_upgrade: **********tp fw(app/param) no upgrade/upgrade success**********
03-23 02:02:51.617    89    89 I [FTS_TS/I]fts_fwupg_auto_upgrade: ********************FTS exit upgrade********************
03-23 02:02:51.617    89    89 D [FTS_TS]fts_irq_enable: Enter
03-23 02:02:51.617    89    89 D [FTS_TS]fts_irq_enable: Exit(239)
03-23 02:02:51.737    11    11 I         : [matrix-leds] write bytes len 4106, ret 0
03-23 02:02:51.873    11    11 I         : [matrix-leds] write bytes len 4106, ret 0
03-23 02:02:51.891   103   103 I msm-dwc3 a600000.ssusb: DWC3 in low power mode
03-23 02:02:51.893    89    89 I msm-dwc3 a600000.ssusb: DWC3 exited from low power mode
03-23 02:02:51.893    89    89 I wcd_usbss_switch_update: ctype = 0, connect_status = 1
03-23 02:02:51.894    89    89 I eusb2-repeater c42d000.qcom,spmi: qcom,pmih010x@7:eusb2-repeater@fd00: eUSB2 repeater status:OK
03-23 02:02:51.894    89    89 E msm-usb-ssphy-qmp 88e8000.ssphy: USB DP QMP PHY: Update TYPEC CTRL(2)
03-23 02:02:51.920    89    89 E ssusb-redriver 5-001c: writing reg 0x00 failure
03-23 02:02:51.920    89    89 E ssusb-redriver 5-001c: writing reg 0x01 failure
03-23 02:02:51.920    89    89 E ssusb-redriver 5-001c: channel parameters update failure(-107).
03-23 02:02:52.009    11    11 I         : [matrix-leds] write bytes len 4106, ret 0
03-23 02:02:52.145    11    11 I         : [matrix-leds] write bytes len 4106, ret 0
12-19 16:41:43.949   458   458 I recovery: module qcom_glink does not exist
12-19 16:41:43.949   458   458 E recovery: LoadWithAliases was unable to load /vendor/lib/modules/qcom_glink.ko
12-19 16:41:43.949   458   458 E recovery: LoadWithAliases was unable to load rproc_qcom_common
12-19 16:41:43.949   458   458 I recovery: module panel_event_notifier does not exist
12-19 16:41:43.949   458   458 E recovery: LoadWithAliases was unable to load /vendor/lib/modules/panel_event_notifier.ko
12-19 16:41:43.949   458   458 E recovery: LoadWithAliases was unable to load qti_battery_charger
12-19 16:41:43.949   458   458 I recovery: module qcom_glink does not exist
12-19 16:41:43.949   458   458 E recovery: LoadWithAliases was unable to load /vendor/lib/modules/qcom_glink.ko
12-19 16:41:43.949   458   458 E recovery: LoadWithAliases was unable to load qcom_sysmon
12-19 16:41:43.949   458   458 I recovery: module qcom_glink does not exist
12-19 16:41:43.949   458   458 E recovery: LoadWithAliases was unable to load /vendor/lib/modules/qcom_glink.ko
12-19 16:41:43.949   458   458 E recovery: LoadWithAliases was unable to load qcom_q6v5_pas
12-19 16:41:43.949   458   458 I recovery: module qcom_glink does not exist
12-19 16:41:43.949   458   458 E recovery: LoadWithAliases was unable to load /vendor/lib/modules/qcom_glink.ko
12-19 16:41:43.949   458   458 E recovery: LoadWithAliases was unable to load qcom_q6v5
12-19 16:41:43.949   458   458 I recovery: Loading module /vendor/lib/modules/q6_dlkm.ko with args ''
12-19 16:41:43.950   458   458 I recovery: Loading module /vendor/lib/modules/leds-qpnp-vibrator-ldo.ko with args ''
12-19 16:41:43.946   458   458 I recovery: type=1400 audit(0.0:75): avc: denied { module_load } for path="/vendor/lib/modules/q6_dlkm.ko" dev="rootfs" ino=5686 scontext=u:r:recovery:s0 tcontext=u:object_r:rootfs:s0 tclass=system permissive=1
12-19 16:41:43.950   458   458 I recovery: Loading module /vendor/lib/modules/haptic.ko with args 'uefi_f0_calidata=123 uefi_f0=1678'
12-19 16:41:43.950   458   458 I recovery: module panel_event_notifier does not exist
12-19 16:41:43.950   458   458 E recovery: LoadWithAliases was unable to load /vendor/lib/modules/panel_event_notifier.ko
12-19 16:41:43.950   458   458 E recovery: LoadWithAliases was unable to load goodix_ts
12-19 16:41:43.950   458   458 I recovery: module panel_event_notifier does not exist
12-19 16:41:43.950   458   458 E recovery: LoadWithAliases was unable to load /vendor/lib/modules/panel_event_notifier.ko
12-19 16:41:43.950   458   458 E recovery: LoadWithAliases was unable to load goodix_fp
12-19 16:41:43.950   458   458 I recovery: module panel_event_notifier does not exist
12-19 16:41:43.950   458   458 E recovery: LoadWithAliases was unable to load /vendor/lib/modules/panel_event_notifier.ko
12-19 16:41:43.950   458   458 E recovery: LoadWithAliases was unable to load focaltech_tp
12-19 16:41:43.950   458   458 I recovery: module panel_event_notifier does not exist
12-19 16:41:43.950   458   458 E recovery: LoadWithAliases was unable to load /vendor/lib/modules/panel_event_notifier.ko
12-19 16:41:43.950   458   458 E recovery: LoadWithAliases was unable to load atmel_mxt_ts
12-19 16:41:43.951   458   458 I recovery: module qcom_glink does not exist
12-19 16:41:43.951   458   458 I recovery: module qcom_glink does not exist
12-19 16:41:43.951   458   458 E recovery: LoadWithAliases was unable to load /vendor/lib/modules/qcom_glink.ko
12-19 16:41:43.951   458   458 E recovery: LoadWithAliases was unable to load qcom_sysmon
12-19 16:41:43.951   458   458 I recovery: module panel_event_notifier does not exist
12-19 16:41:43.951   458   458 E recovery: LoadWithAliases was unable to load /vendor/lib/modules/panel_event_notifier.ko
12-19 16:41:43.951   458   458 E recovery: LoadWithAliases was unable to load qti_battery_charger
12-19 16:41:43.951   458   458 I recovery: module qcom_glink does not exist
12-19 16:41:43.951   458   458 E recovery: LoadWithAliases was unable to load /vendor/lib/modules/qcom_glink.ko
12-19 16:41:43.951   458   458 E recovery: LoadWithAliases was unable to load rproc_qcom_common
12-19 16:41:43.958   458   458 I recovery: type=1400 audit(0.0:76): avc: denied { ioctl } for path="/dev/block/dm-10" dev="tmpfs" ino=1055 ioctlcmd=0x5331 scontext=u:r:recovery:s0 tcontext=u:object_r:dm_device:s0 tclass=blk_file permissive=1
03-23 02:02:52.184     1     1 I init    : processing action (twrp.modules.loaded=true) from (/init.recovery.qcom.rc:49)
03-23 02:02:52.186     1     1 I init    : wait for '/sys/kernel/boot_adsp/boot' took 0ms
03-23 02:02:52.186   103   103 E adsp-loader soc: qcom,msm-adsp-loader: adsp_load_fw: ADSP state = 0
03-23 02:02:52.186   103   103 E adsp-loader soc: qcom,msm-adsp-loader: adsp_load_fw: failed to read adsp state
03-23 02:02:52.186   103   103 E adsp-loader soc: qcom,msm-adsp-loader: adsp_load_fw: Q6 image loading failed
12-19 16:41:43.962   458   458 I recovery: type=1400 audit(0.0:77): avc: denied { ioctl } for path="/dev/block/dm-0" dev="tmpfs" ino=1021 ioctlcmd=0x5331 scontext=u:r:recovery:s0 tcontext=u:object_r:dm_device:s0 tclass=blk_file permissive=1
12-19 16:41:43.962   458   458 I recovery: type=1400 audit(0.0:78): avc: denied { write } for name="properties_serial" dev="tmpfs" ino=305 scontext=u:r:recovery:s0 tcontext=u:object_r:properties_serial:s0 tclass=file permissive=1
12-19 16:41:43.962   458   458 I recovery: type=1400 audit(0.0:79): avc: denied { write } for name="u:object_r:vold_config_prop:s0" dev="tmpfs" ino=291 scontext=u:r:recovery:s0 tcontext=u:object_r:vold_config_prop:s0 tclass=file permissive=1
03-23 02:02:52.187   458   458 I erofs   : (device dm-10): mounted with root inode @ nid 53.
03-23 02:02:52.190   458   458 I erofs   : (device dm-0): mounted with root inode @ nid 39.
12-19 16:41:43.966   458   458 I recovery: type=1400 audit(0.0:80): avc: denied { write } for name="u:object_r:storage_config_prop:s0" dev="tmpfs" ino=253 scontext=u:r:recovery:s0 tcontext=u:object_r:storage_config_prop:s0 tclass=file permissive=1
12-19 16:41:43.966   458   458 I recovery: type=1400 audit(0.0:81): avc: denied { create } for name="additional.fstab" scontext=u:r:recovery:s0 tcontext=u:object_r:rootfs:s0 tclass=file permissive=1
12-19 16:41:43.966   458   458 I recovery: type=1400 audit(0.0:82): avc: denied { write } for path="/system/etc/additional.fstab" dev="rootfs" ino=5768 scontext=u:r:recovery:s0 tcontext=u:object_r:rootfs:s0 tclass=file permissive=1
12-19 16:41:44.030   458   458 I recovery: type=1400 audit(0.0:83): avc: denied { read write } for name="card0" dev="tmpfs" ino=819 scontext=u:r:recovery:s0 tcontext=u:object_r:device:s0 tclass=chr_file permissive=1
12-19 16:41:44.030   458   458 I recovery: type=1400 audit(0.0:84): avc: denied { open } for path="/dev/dri/card0" dev="tmpfs" ino=819 scontext=u:r:recovery:s0 tcontext=u:object_r:device:s0 tclass=chr_file permissive=1
12-19 16:41:44.030   458   458 I recovery: type=1400 audit(0.0:85): avc: denied { ioctl } for path="/dev/dri/card0" dev="tmpfs" ino=819 ioctlcmd=0x640c scontext=u:r:recovery:s0 tcontext=u:object_r:device:s0 tclass=chr_file permissive=1
12-19 16:41:44.034   458   458 I recovery: type=1400 audit(0.0:86): avc: denied { map } for path="/dev/dri/card0" dev="tmpfs" ino=819 scontext=u:r:recovery:s0 tcontext=u:object_r:device:s0 tclass=chr_file permissive=1
03-23 02:02:52.262   404   404 E         : tag mismatch entry->tag:1 tag:2
03-23 02:02:52.263   404   404 I [drm:dsi_display_set_mode [msm_drm]] [msm-dsi-info]: mdp_transfer_time=6485, hactive=1260, vactive=2800, fps=120, clk_rate=1100000000
03-23 02:02:52.271   404   404 D [FTS_TS]fts_panel_notifier_callback: Notification type:2, early_trigger:0
03-23 02:02:52.271    89    89 D [FTS_TS]fts_ts_resume: Enter
03-23 02:02:52.271    89    89 D [FTS_TS]fts_ts_resume: Already in awake state
03-23 02:02:52.281    11    11 I         : [matrix-leds] write bytes len 4106, ret 0
12-19 16:41:44.064   458   458 I ArmToArm64Assembler: generated scanline__00000077:03010101_00008001_00000000 [195 ipp] (241 ins) at [0x709972d3c0:0x709972d784] in 18750ns
12-19 16:41:44.062   458   458 I recovery: type=1400 audit(0.0:87): avc: denied { execmem } for scontext=u:r:recovery:s0 tcontext=u:r:recovery:s0 tclass=process permissive=1
12-19 16:41:44.062   458   458 I recovery: type=1400 audit(0.0:88): avc: denied { execute } for path="/dev/ashmem06e1d452-1ab3-4d44-83a7-dc8c0c5fac36" dev="tmpfs" ino=850 scontext=u:r:recovery:s0 tcontext=u:object_r:ashmem_libcutils_device:s0 tclass=chr_file permissive=1
12-19 16:41:44.116   458   458 I ArmToArm64Assembler: generated scanline__00000077:03545401_00000A01_00000000 [ 69 ipp] (113 ins) at [0x709972d790:0x709972d954] in 17292ns
12-19 16:41:44.128   458   458 I ArmToArm64Assembler: generated scanline__00000077:03545401_00000A08_00000000 [ 69 ipp] (116 ins) at [0x709972d960:0x709972db30] in 14271ns
12-19 16:41:44.142   458   458 I recovery: type=1400 audit(0.0:89): avc: denied { ioctl } for path="/dev/block/dm-4" dev="tmpfs" ino=1035 ioctlcmd=0x5331 scontext=u:r:recovery:s0 tcontext=u:object_r:dm_device:s0 tclass=blk_file permissive=1
12-19 16:41:44.142   458   458 I recovery: type=1400 audit(0.0:90): avc: denied { ioctl } for path="/dev/block/dm-10" dev="tmpfs" ino=1055 ioctlcmd=0x5331 scontext=u:r:recovery:s0 tcontext=u:object_r:dm_device:s0 tclass=blk_file permissive=1
03-23 02:02:52.368   458   458 I F2FS-fs (sda14): Magic Mismatch, valid(0xf2f52010) - read(0x7cbe7bff)
03-23 02:02:52.368   458   458 E F2FS-fs (sda14): Can't find valid F2FS filesystem in 1th superblock
03-23 02:02:52.368   458   458 I F2FS-fs (sda14): Magic Mismatch, valid(0xf2f52010) - read(0x3836ca56)
03-23 02:02:52.368   458   458 E F2FS-fs (sda14): Can't find valid F2FS filesystem in 2th superblock
03-23 02:02:52.368   458   458 I F2FS-fs (sda14): Magic Mismatch, valid(0xf2f52010) - read(0x7cbe7bff)
03-23 02:02:52.368   458   458 E F2FS-fs (sda14): Can't find valid F2FS filesystem in 1th superblock
03-23 02:02:52.368   458   458 I F2FS-fs (sda14): Magic Mismatch, valid(0xf2f52010) - read(0x3836ca56)
03-23 02:02:52.368   458   458 E F2FS-fs (sda14): Can't find valid F2FS filesystem in 2th superblock
03-23 02:02:52.371   458   458 I erofs   : (device dm-4): mounted with root inode @ nid 56.
03-23 02:02:52.374   458   458 I erofs   : (device dm-10): mounted with root inode @ nid 53.
12-19 16:41:44.150     1     1 I unknown : type=1107 audit(0.0:91): uid=0 auid=4294967295 ses=4294967295 subj=u:r:init:s0 msg='avc: denied { set } for property=ro.crypto.state pid=458 uid=0 gid=0 scontext=u:r:recovery:s0 tcontext=u:object_r:vold_status_prop:s0 tclass=property_service permissive=1'
03-23 02:02:52.377   458   458 I F2FS-fs (sda14): Magic Mismatch, valid(0xf2f52010) - read(0x7cbe7bff)
03-23 02:02:52.377   458   458 E F2FS-fs (sda14): Can't find valid F2FS filesystem in 1th superblock
03-23 02:02:52.377   458   458 I F2FS-fs (sda14): Magic Mismatch, valid(0xf2f52010) - read(0x3836ca56)
03-23 02:02:52.377   458   458 E F2FS-fs (sda14): Can't find valid F2FS filesystem in 2th superblock
03-23 02:02:52.377   458   458 I F2FS-fs (sda14): Magic Mismatch, valid(0xf2f52010) - read(0x7cbe7bff)
03-23 02:02:52.377   458   458 E F2FS-fs (sda14): Can't find valid F2FS filesystem in 1th superblock
03-23 02:02:52.378   458   458 I F2FS-fs (sda14): Magic Mismatch, valid(0xf2f52010) - read(0x3836ca56)
03-23 02:02:52.378   458   458 E F2FS-fs (sda14): Can't find valid F2FS filesystem in 2th superblock
03-23 02:02:52.393   458   458 I F2FS-fs (sda12): Mounted with checkpoint version = 1dbf9f00
03-23 02:02:52.417    11    11 I         : [matrix-leds] write bytes len 4106, ret 0
03-23 02:02:52.553    11    11 I         : [matrix-leds] write bytes len 4106, ret 0
03-23 02:02:52.689    11    11 I         : [matrix-leds] write bytes len 4106, ret 0
03-23 02:02:52.825    11    11 I         : [matrix-leds] write bytes len 4106, ret 0
03-23 02:02:52.961    11    11 I         : [matrix-leds] write bytes len 4106, ret 0
03-23 02:02:53.097    11    11 I         : [matrix-leds] write bytes len 4106, ret 0
03-23 02:02:53.233    11    11 I         : [matrix-leds] write bytes len 4106, ret 0
03-23 02:02:53.369    11    11 I         : [matrix-leds] write bytes len 4106, ret 0
12-19 16:41:45.168   458   458 I recovery: fscrypt_mount_metadata_encrypted: /data encrypt: 0 format: 0 with f2fs
12-19 16:41:45.169   458   458 W recovery: [libfs_mgr]Warning: unknown flag: sync
12-19 16:41:45.170   458   458 I recovery: metadata_key_dir/key: /metadata/vold/metadata_encryption/key
