12-19 15:53:30.028   428   635 I servicemanager: Tried to start aidl service android.system.keystore2.IKeystoreService/default as a lazy service, but was unable to. Usually this happens when a service is not installed, but if the service is intended to be used as a lazy service, then it may be configured incorrectly.
12-19 15:53:31.028   431   431 W ServiceManager: Waited one second for android.system.keystore2.IKeystoreService/default (is service started? are binder threads started and available?)
12-19 15:53:31.028   428   428 I servicemanager: Since 'android.system.keystore2.IKeystoreService/default' could not be found, trying to start it as a lazy AIDL service
12-19 15:53:31.028   428   636 W libc    : Unable to set property "ctl.interface_start" to "aidl/android.system.keystore2.IKeystoreService/default": error code: 0x20
12-19 15:53:31.028   428   636 I servicemanager: Tried to start aidl service android.system.keystore2.IKeystoreService/default as a lazy service, but was unable to. Usually this happens when a service is not installed, but if the service is intended to be used as a lazy service, then it may be configured incorrectly.
12-19 15:53:32.028   431   431 W ServiceManager: Waited one second for android.system.keystore2.IKeystoreService/default (is service started? are binder threads started and available?)
12-19 15:53:32.028   428   428 I servicemanager: Since 'android.system.keystore2.IKeystoreService/default' could not be found, trying to start it as a lazy AIDL service
12-19 15:53:32.029   428   637 W libc    : Unable to set property "ctl.interface_start" to "aidl/android.system.keystore2.IKeystoreService/default": error code: 0x20
12-19 15:53:32.029   428   637 I servicemanager: Tried to start aidl service android.system.keystore2.IKeystoreService/default as a lazy service, but was unable to. Usually this happens when a service is not installed, but if the service is intended to be used as a lazy service, then it may be configured incorrectly.
--------- beginning of kernel
03-23 01:14:39.719   413   413 I aw9380x_cap 8-0012: [aw9380x_rc_irqscr:3728] i2c read reg: 0xf080, val= 16
03-23 01:14:39.719   413   413 I aw9380x_cap 8-0012: [aw9380x_cap_default_irq_handle:4109] gpio_low_count 1
03-23 01:14:39.719   413   413 I aw9380x_cap 8-0012: [aw9380x_irq_handle_func:4065] IRQSEN = 0x000F0FFF
03-23 01:14:39.719   413   413 I aw9380x_cap 8-0012: [aw9380x_irq_handle_func:4067] IRQSRC = 0x00000010
03-23 01:14:39.720   413   413 I aw9380x_cap 8-0012: [aw9380x_noth_button_key_report:3855] touch0_state Cap 0 Force 0 currentBtn 0
03-23 01:14:39.740    50    50 I aw9380x_cap 8-0012: [aw9380x_data_update_work_func:1899] force: rawdata = 0 diff = 853796 baseline = 1856, cap: rawdata = 0 diff = 0 baseline = 0
03-23 01:14:39.761   413   413 I aw9380x_cap 8-0012: [aw9380x_rc_irqscr:3728] i2c read reg: 0xf080, val= 16
03-23 01:14:39.761   413   413 I aw9380x_cap 8-0012: [aw9380x_cap_default_irq_handle:4109] gpio_low_count 1
03-23 01:14:39.762   413   413 I aw9380x_cap 8-0012: [aw9380x_irq_handle_func:4065] IRQSEN = 0x000F0FFF
03-23 01:14:39.762   413   413 I aw9380x_cap 8-0012: [aw9380x_irq_handle_func:4067] IRQSRC = 0x00000010
03-23 01:14:39.762   413   413 I aw9380x_cap 8-0012: [aw9380x_noth_button_key_report:3855] touch0_state Cap 0 Force 0 currentBtn 0
03-23 01:14:39.768    50    50 I aw9380x_cap 8-0012: [aw9380x_data_update_work_func:1899] force: rawdata = 0 diff = 853796 baseline = 1856, cap: rawdata = 0 diff = 0 baseline = 0
03-23 01:14:39.783   413   413 I aw9380x_cap 8-0012: [aw9380x_rc_irqscr:3728] i2c read reg: 0xf080, val= 16
03-23 01:14:39.783   413   413 I aw9380x_cap 8-0012: [aw9380x_cap_default_irq_handle:4109] gpio_low_count 1
03-23 01:14:39.784   413   413 I aw9380x_cap 8-0012: [aw9380x_irq_handle_func:4065] IRQSEN = 0x000F0FFF
03-23 01:14:39.784   413   413 I aw9380x_cap 8-0012: [aw9380x_irq_handle_func:4067] IRQSRC = 0x00000010
03-23 01:14:39.784   413   413 I aw9380x_cap 8-0012: [aw9380x_noth_button_key_report:3855] touch0_state Cap 0 Force 0 currentBtn 0
03-23 01:14:39.796    50    50 I aw9380x_cap 8-0012: [aw9380x_data_update_work_func:1899] force: rawdata = 0 diff = 853796 baseline = 1856, cap: rawdata = 0 diff = 0 baseline = 0
03-23 01:14:39.824    50    50 I aw9380x_cap 8-0012: [aw9380x_data_update_work_func:1899] force: rawdata = 0 diff = 853796 baseline = 1856, cap: rawdata = 0 diff = 0 baseline = 0
03-23 01:14:39.826   413   413 I aw9380x_cap 8-0012: [aw9380x_rc_irqscr:3728] i2c read reg: 0xf080, val= 16
03-23 01:14:39.826   413   413 I aw9380x_cap 8-0012: [aw9380x_cap_default_irq_handle:4109] gpio_low_count 1
03-23 01:14:39.826   413   413 I aw9380x_cap 8-0012: [aw9380x_irq_handle_func:4065] IRQSEN = 0x000F0FFF
03-23 01:14:39.826   413   413 I aw9380x_cap 8-0012: [aw9380x_irq_handle_func:4067] IRQSRC = 0x00000010
03-23 01:14:39.827   413   413 I aw9380x_cap 8-0012: [aw9380x_noth_button_key_report:3855] touch0_state Cap 0 Force 0 currentBtn 0
03-23 01:14:39.848   413   413 I aw9380x_cap 8-0012: [aw9380x_rc_irqscr:3728] i2c read reg: 0xf080, val= 16
03-23 01:14:39.848   413   413 I aw9380x_cap 8-0012: [aw9380x_cap_default_irq_handle:4109] gpio_low_count 1
03-23 01:14:39.848   413   413 I aw9380x_cap 8-0012: [aw9380x_irq_handle_func:4065] IRQSEN = 0x000F0FFF
03-23 01:14:39.848   413   413 I aw9380x_cap 8-0012: [aw9380x_irq_handle_func:4067] IRQSRC = 0x00000010
03-23 01:14:39.849   413   413 I aw9380x_cap 8-0012: [aw9380x_noth_button_key_report:3855] touch0_state Cap 0 Force 0 currentBtn 0
03-23 01:14:39.852    50    50 I aw9380x_cap 8-0012: [aw9380x_data_update_work_func:1899] force: rawdata = 0 diff = 853796 baseline = 1856, cap: rawdata = 0 diff = 0 baseline = 0
03-23 01:14:39.880    50    50 I aw9380x_cap 8-0012: [aw9380x_data_update_work_func:1899] force: rawdata = 0 diff = 853796 baseline = 1856, cap: rawdata = 0 diff = 0 baseline = 0
03-23 01:14:39.890   413   413 I aw9380x_cap 8-0012: [aw9380x_rc_irqscr:3728] i2c read reg: 0xf080, val= 16
03-23 01:14:39.890   413   413 I aw9380x_cap 8-0012: [aw9380x_cap_default_irq_handle:4109] gpio_low_count 1
03-23 01:14:39.891   413   413 I aw9380x_cap 8-0012: [aw9380x_irq_handle_func:4065] IRQSEN = 0x000F0FFF
03-23 01:14:39.891   413   413 I aw9380x_cap 8-0012: [aw9380x_irq_handle_func:4067] IRQSRC = 0x00000010
03-23 01:14:39.891   413   413 I aw9380x_cap 8-0012: [aw9380x_noth_button_key_report:3855] touch0_state Cap 0 Force 0 currentBtn 0
03-23 01:14:39.908    50    50 I aw9380x_cap 8-0012: [aw9380x_data_update_work_func:1899] force: rawdata = 0 diff = 853796 baseline = 1856, cap: rawdata = 0 diff = 0 baseline = 0
03-23 01:14:39.912   413   413 I aw9380x_cap 8-0012: [aw9380x_rc_irqscr:3728] i2c read reg: 0xf080, val= 16
03-23 01:14:39.912   413   413 I aw9380x_cap 8-0012: [aw9380x_cap_default_irq_handle:4109] gpio_low_count 1
03-23 01:14:39.913   413   413 I aw9380x_cap 8-0012: [aw9380x_irq_handle_func:4065] IRQSEN = 0x000F0FFF
03-23 01:14:39.913   413   413 I aw9380x_cap 8-0012: [aw9380x_irq_handle_func:4067] IRQSRC = 0x00000010
03-23 01:14:39.913   413   413 I aw9380x_cap 8-0012: [aw9380x_noth_button_key_report:3855] touch0_state Cap 0 Force 0 currentBtn 0
03-23 01:14:39.936    50    50 I aw9380x_cap 8-0012: [aw9380x_data_update_work_func:1899] force: rawdata = 0 diff = 853796 baseline = 1856, cap: rawdata = 0 diff = 0 baseline = 0
03-23 01:14:39.955   413   413 I aw9380x_cap 8-0012: [aw9380x_rc_irqscr:3728] i2c read reg: 0xf080, val= 16
03-23 01:14:39.955   413   413 I aw9380x_cap 8-0012: [aw9380x_cap_default_irq_handle:4109] gpio_low_count 1
03-23 01:14:39.955   413   413 I aw9380x_cap 8-0012: [aw9380x_irq_handle_func:4065] IRQSEN = 0x000F0FFF
03-23 01:14:39.955   413   413 I aw9380x_cap 8-0012: [aw9380x_irq_handle_func:4067] IRQSRC = 0x00000010
03-23 01:14:39.956   413   413 I aw9380x_cap 8-0012: [aw9380x_noth_button_key_report:3855] touch0_state Cap 0 Force 0 currentBtn 0
03-23 01:14:39.964    50    50 I aw9380x_cap 8-0012: [aw9380x_data_update_work_func:1899] force: rawdata = 0 diff = 853796 baseline = 1856, cap: rawdata = 0 diff = 0 baseline = 0
03-23 01:14:39.977   413   413 I aw9380x_cap 8-0012: [aw9380x_rc_irqscr:3728] i2c read reg: 0xf080, val= 16
03-23 01:14:39.977   413   413 I aw9380x_cap 8-0012: [aw9380x_cap_default_irq_handle:4109] gpio_low_count 1
03-23 01:14:39.977   413   413 I aw9380x_cap 8-0012: [aw9380x_irq_handle_func:4065] IRQSEN = 0x000F0FFF
03-23 01:14:39.977   413   413 I aw9380x_cap 8-0012: [aw9380x_irq_handle_func:4067] IRQSRC = 0x00000010
03-23 01:14:39.978   413   413 I aw9380x_cap 8-0012: [aw9380x_noth_button_key_report:3855] touch0_state Cap 0 Force 0 currentBtn 0
03-23 01:14:39.992    50    50 I aw9380x_cap 8-0012: [aw9380x_data_update_work_func:1899] force: rawdata = 0 diff = 853796 baseline = 1856, cap: rawdata = 0 diff = 0 baseline = 0
03-23 01:14:40.019   413   413 I aw9380x_cap 8-0012: [aw9380x_rc_irqscr:3728] i2c read reg: 0xf080, val= 16
03-23 01:14:40.019   413   413 I aw9380x_cap 8-0012: [aw9380x_cap_default_irq_handle:4109] gpio_low_count 1
03-23 01:14:40.020   413   413 I aw9380x_cap 8-0012: [aw9380x_irq_handle_func:4065] IRQSEN = 0x000F0FFF
03-23 01:14:40.020   413   413 I aw9380x_cap 8-0012: [aw9380x_irq_handle_func:4067] IRQSRC = 0x00000010
03-23 01:14:40.021   413   413 I aw9380x_cap 8-0012: [aw9380x_noth_button_key_report:3855] touch0_state Cap 0 Force 0 currentBtn 0
03-23 01:14:40.022    50    50 I aw9380x_cap 8-0012: [aw9380x_data_update_work_func:1899] force: rawdata = 0 diff = 853796 baseline = 1856, cap: rawdata = 0 diff = 0 baseline = 0
03-23 01:14:40.041   413   413 I aw9380x_cap 8-0012: [aw9380x_rc_irqscr:3728] i2c read reg: 0xf080, val= 16
03-23 01:14:40.041   413   413 I aw9380x_cap 8-0012: [aw9380x_cap_default_irq_handle:4109] gpio_low_count 1
03-23 01:14:40.042   413   413 I aw9380x_cap 8-0012: [aw9380x_irq_handle_func:4065] IRQSEN = 0x000F0FFF
03-23 01:14:40.042   413   413 I aw9380x_cap 8-0012: [aw9380x_irq_handle_func:4067] IRQSRC = 0x00000010
03-23 01:14:40.042   413   413 I aw9380x_cap 8-0012: [aw9380x_noth_button_key_report:3855] touch0_state Cap 0 Force 0 currentBtn 0
03-23 01:14:40.048    50    50 I aw9380x_cap 8-0012: [aw9380x_data_update_work_func:1899] force: rawdata = 0 diff = 853796 baseline = 1856, cap: rawdata = 0 diff = 0 baseline = 0
03-23 01:14:40.076    50    50 I aw9380x_cap 8-0012: [aw9380x_data_update_work_func:1899] force: rawdata = 0 diff = 853796 baseline = 1856, cap: rawdata = 0 diff = 0 baseline = 0
03-23 01:14:40.084   413   413 I aw9380x_cap 8-0012: [aw9380x_rc_irqscr:3728] i2c read reg: 0xf080, val= 16
03-23 01:14:40.084   413   413 I aw9380x_cap 8-0012: [aw9380x_cap_default_irq_handle:4109] gpio_low_count 1
03-23 01:14:40.084   413   413 I aw9380x_cap 8-0012: [aw9380x_irq_handle_func:4065] IRQSEN = 0x000F0FFF
03-23 01:14:40.084   413   413 I aw9380x_cap 8-0012: [aw9380x_irq_handle_func:4067] IRQSRC = 0x00000010
03-23 01:14:40.085   413   413 I aw9380x_cap 8-0012: [aw9380x_noth_button_key_report:3855] touch0_state Cap 0 Force 0 currentBtn 0
03-23 01:14:40.104    50    50 I aw9380x_cap 8-0012: [aw9380x_data_update_work_func:1899] force: rawdata = 0 diff = 853796 baseline = 1856, cap: rawdata = 0 diff = 0 baseline = 0
03-23 01:14:40.106   413   413 I aw9380x_cap 8-0012: [aw9380x_rc_irqscr:3728] i2c read reg: 0xf080, val= 16
03-23 01:14:40.106   413   413 I aw9380x_cap 8-0012: [aw9380x_cap_default_irq_handle:4109] gpio_low_count 1
03-23 01:14:40.106   413   413 I aw9380x_cap 8-0012: [aw9380x_irq_handle_func:4065] IRQSEN = 0x000F0FFF
03-23 01:14:40.106   413   413 I aw9380x_cap 8-0012: [aw9380x_irq_handle_func:4067] IRQSRC = 0x00000010
03-23 01:14:40.107   413   413 I aw9380x_cap 8-0012: [aw9380x_noth_button_key_report:3855] touch0_state Cap 0 Force 0 currentBtn 0
03-23 01:14:40.132    50    50 I aw9380x_cap 8-0012: [aw9380x_data_update_work_func:1899] force: rawdata = 0 diff = 853796 baseline = 1856, cap: rawdata = 0 diff = 0 baseline = 0
03-23 01:14:40.148   413   413 I aw9380x_cap 8-0012: [aw9380x_rc_irqscr:3728] i2c read reg: 0xf080, val= 16
03-23 01:14:40.148   413   413 I aw9380x_cap 8-0012: [aw9380x_cap_default_irq_handle:4109] gpio_low_count 1
03-23 01:14:40.149   413   413 I aw9380x_cap 8-0012: [aw9380x_irq_handle_func:4065] IRQSEN = 0x000F0FFF
03-23 01:14:40.149   413   413 I aw9380x_cap 8-0012: [aw9380x_irq_handle_func:4067] IRQSRC = 0x00000010
03-23 01:14:40.149   413   413 I aw9380x_cap 8-0012: [aw9380x_noth_button_key_report:3855] touch0_state Cap 0 Force 0 currentBtn 0
03-23 01:14:40.160    50    50 I aw9380x_cap 8-0012: [aw9380x_data_update_work_func:1899] force: rawdata = 0 diff = 853796 baseline = 1856, cap: rawdata = 0 diff = 0 baseline = 0
03-23 01:14:40.170   413   413 I aw9380x_cap 8-0012: [aw9380x_rc_irqscr:3728] i2c read reg: 0xf080, val= 16
03-23 01:14:40.170   413   413 I aw9380x_cap 8-0012: [aw9380x_cap_default_irq_handle:4109] gpio_low_count 1
03-23 01:14:40.171   413   413 I aw9380x_cap 8-0012: [aw9380x_irq_handle_func:4065] IRQSEN = 0x000F0FFF
03-23 01:14:40.171   413   413 I aw9380x_cap 8-0012: [aw9380x_irq_handle_func:4067] IRQSRC = 0x00000010
03-23 01:14:40.171   413   413 I aw9380x_cap 8-0012: [aw9380x_noth_button_key_report:3855] touch0_state Cap 0 Force 0 currentBtn 0
03-23 01:14:40.188    50    50 I aw9380x_cap 8-0012: [aw9380x_data_update_work_func:1899] force: rawdata = 0 diff = 853796 baseline = 1856, cap: rawdata = 0 diff = 0 baseline = 0
03-23 01:14:40.213   413   413 I aw9380x_cap 8-0012: [aw9380x_rc_irqscr:3728] i2c read reg: 0xf080, val= 16
03-23 01:14:40.213   413   413 I aw9380x_cap 8-0012: [aw9380x_cap_default_irq_handle:4109] gpio_low_count 1
03-23 01:14:40.213   413   413 I aw9380x_cap 8-0012: [aw9380x_irq_handle_func:4065] IRQSEN = 0x000F0FFF
03-23 01:14:40.213   413   413 I aw9380x_cap 8-0012: [aw9380x_irq_handle_func:4067] IRQSRC = 0x00000010
03-23 01:14:40.214   413   413 I aw9380x_cap 8-0012: [aw9380x_noth_button_key_report:3855] touch0_state Cap 0 Force 0 currentBtn 0
03-23 01:14:40.216    50    50 I aw9380x_cap 8-0012: [aw9380x_data_update_work_func:1899] force: rawdata = 0 diff = 853796 baseline = 1856, cap: rawdata = 0 diff = 0 baseline = 0
03-23 01:14:40.235   413   413 I aw9380x_cap 8-0012: [aw9380x_rc_irqscr:3728] i2c read reg: 0xf080, val= 16
03-23 01:14:40.235   413   413 I aw9380x_cap 8-0012: [aw9380x_cap_default_irq_handle:4109] gpio_low_count 1
03-23 01:14:40.235   413   413 I aw9380x_cap 8-0012: [aw9380x_irq_handle_func:4065] IRQSEN = 0x000F0FFF
03-23 01:14:40.235   413   413 I aw9380x_cap 8-0012: [aw9380x_irq_handle_func:4067] IRQSRC = 0x00000010
03-23 01:14:40.236   413   413 I aw9380x_cap 8-0012: [aw9380x_noth_button_key_report:3855] touch0_state Cap 0 Force 0 currentBtn 0
03-23 01:14:40.244    50    50 I aw9380x_cap 8-0012: [aw9380x_data_update_work_func:1899] force: rawdata = 0 diff = 853796 baseline = 1856, cap: rawdata = 0 diff = 0 baseline = 0
03-23 01:14:40.272    50    50 I aw9380x_cap 8-0012: [aw9380x_data_update_work_func:1899] force: rawdata = 0 diff = 853796 baseline = 1856, cap: rawdata = 0 diff = 0 baseline = 0
03-23 01:14:40.278   413   413 I aw9380x_cap 8-0012: [aw9380x_rc_irqscr:3728] i2c read reg: 0xf080, val= 16
03-23 01:14:40.278   413   413 I aw9380x_cap 8-0012: [aw9380x_cap_default_irq_handle:4109] gpio_low_count 1
03-23 01:14:40.278   413   413 I aw9380x_cap 8-0012: [aw9380x_irq_handle_func:4065] IRQSEN = 0x000F0FFF
03-23 01:14:40.278   413   413 I aw9380x_cap 8-0012: [aw9380x_irq_handle_func:4067] IRQSRC = 0x00000010
03-23 01:14:40.279   413   413 I aw9380x_cap 8-0012: [aw9380x_noth_button_key_report:3855] touch0_state Cap 0 Force 0 currentBtn 0
03-23 01:14:40.300   413   413 I aw9380x_cap 8-0012: [aw9380x_rc_irqscr:3728] i2c read reg: 0xf080, val= 16
03-23 01:14:40.300   413   413 I aw9380x_cap 8-0012: [aw9380x_cap_default_irq_handle:4109] gpio_low_count 1
03-23 01:14:40.300   413   413 I aw9380x_cap 8-0012: [aw9380x_irq_handle_func:4065] IRQSEN = 0x000F0FFF
03-23 01:14:40.300   413   413 I aw9380x_cap 8-0012: [aw9380x_irq_handle_func:4067] IRQSRC = 0x00000010
03-23 01:14:40.301   413   413 I aw9380x_cap 8-0012: [aw9380x_noth_button_key_report:3855] touch0_state Cap 0 Force 0 currentBtn 0
03-23 01:14:40.302    50    50 I aw9380x_cap 8-0012: [aw9380x_data_update_work_func:1899] force: rawdata = 0 diff = 853796 baseline = 1856, cap: rawdata = 0 diff = 0 baseline = 0
03-23 01:14:40.328    50    50 I aw9380x_cap 8-0012: [aw9380x_data_update_work_func:1899] force: rawdata = 0 diff = 853796 baseline = 1856, cap: rawdata = 0 diff = 0 baseline = 0
03-23 01:14:40.342   413   413 I aw9380x_cap 8-0012: [aw9380x_rc_irqscr:3728] i2c read reg: 0xf080, val= 16
03-23 01:14:40.342   413   413 I aw9380x_cap 8-0012: [aw9380x_cap_default_irq_handle:4109] gpio_low_count 1
03-23 01:14:40.342   413   413 I aw9380x_cap 8-0012: [aw9380x_irq_handle_func:4065] IRQSEN = 0x000F0FFF
03-23 01:14:40.342   413   413 I aw9380x_cap 8-0012: [aw9380x_irq_handle_func:4067] IRQSRC = 0x00000010
03-23 01:14:40.343   413   413 I aw9380x_cap 8-0012: [aw9380x_noth_button_key_report:3855] touch0_state Cap 0 Force 0 currentBtn 0
03-23 01:14:40.356    50    50 I aw9380x_cap 8-0012: [aw9380x_data_update_work_func:1899] force: rawdata = 0 diff = 853796 baseline = 1856, cap: rawdata = 0 diff = 0 baseline = 0
03-23 01:14:40.364   413   413 I aw9380x_cap 8-0012: [aw9380x_rc_irqscr:3728] i2c read reg: 0xf080, val= 16
03-23 01:14:40.364   413   413 I aw9380x_cap 8-0012: [aw9380x_cap_default_irq_handle:4109] gpio_low_count 1
03-23 01:14:40.364   413   413 I aw9380x_cap 8-0012: [aw9380x_irq_handle_func:4065] IRQSEN = 0x000F0FFF
03-23 01:14:40.364   413   413 I aw9380x_cap 8-0012: [aw9380x_irq_handle_func:4067] IRQSRC = 0x00000010
03-23 01:14:40.365   413   413 I aw9380x_cap 8-0012: [aw9380x_noth_button_key_report:3855] touch0_state Cap 0 Force 0 currentBtn 0
03-23 01:14:40.384    50    50 I aw9380x_cap 8-0012: [aw9380x_data_update_work_func:1899] force: rawdata = 0 diff = 853796 baseline = 1856, cap: rawdata = 0 diff = 0 baseline = 0
03-23 01:14:40.407   413   413 I aw9380x_cap 8-0012: [aw9380x_rc_irqscr:3728] i2c read reg: 0xf080, val= 16
03-23 01:14:40.407   413   413 I aw9380x_cap 8-0012: [aw9380x_cap_default_irq_handle:4109] gpio_low_count 1
03-23 01:14:40.407   413   413 I aw9380x_cap 8-0012: [aw9380x_irq_handle_func:4065] IRQSEN = 0x000F0FFF
03-23 01:14:40.407   413   413 I aw9380x_cap 8-0012: [aw9380x_irq_handle_func:4067] IRQSRC = 0x00000010
03-23 01:14:40.408   413   413 I aw9380x_cap 8-0012: [aw9380x_noth_button_key_report:3855] touch0_state Cap 0 Force 0 currentBtn 0
03-23 01:14:40.412    50    50 I aw9380x_cap 8-0012: [aw9380x_data_update_work_func:1899] force: rawdata = 0 diff = 853796 baseline = 1856, cap: rawdata = 0 diff = 0 baseline = 0
03-23 01:14:40.429   413   413 I aw9380x_cap 8-0012: [aw9380x_rc_irqscr:3728] i2c read reg: 0xf080, val= 16
03-23 01:14:40.429   413   413 I aw9380x_cap 8-0012: [aw9380x_cap_default_irq_handle:4109] gpio_low_count 1
03-23 01:14:40.429   413   413 I aw9380x_cap 8-0012: [aw9380x_irq_handle_func:4065] IRQSEN = 0x000F0FFF
03-23 01:14:40.429   413   413 I aw9380x_cap 8-0012: [aw9380x_irq_handle_func:4067] IRQSRC = 0x00000010
03-23 01:14:40.430   413   413 I aw9380x_cap 8-0012: [aw9380x_noth_button_key_report:3855] touch0_state Cap 0 Force 0 currentBtn 0
03-23 01:14:40.440    50    50 I aw9380x_cap 8-0012: [aw9380x_data_update_work_func:1899] force: rawdata = 0 diff = 853796 baseline = 1856, cap: rawdata = 0 diff = 0 baseline = 0
03-23 01:14:40.468    50    50 I aw9380x_cap 8-0012: [aw9380x_data_update_work_func:1899] force: rawdata = 0 diff = 853796 baseline = 1856, cap: rawdata = 0 diff = 0 baseline = 0
03-23 01:14:40.471   413   413 I aw9380x_cap 8-0012: [aw9380x_rc_irqscr:3728] i2c read reg: 0xf080, val= 16
03-23 01:14:40.471   413   413 I aw9380x_cap 8-0012: [aw9380x_cap_default_irq_handle:4109] gpio_low_count 1
03-23 01:14:40.471   413   413 I aw9380x_cap 8-0012: [aw9380x_irq_handle_func:4065] IRQSEN = 0x000F0FFF
03-23 01:14:40.471   413   413 I aw9380x_cap 8-0012: [aw9380x_irq_handle_func:4067] IRQSRC = 0x00000010
03-23 01:14:40.472   413   413 I aw9380x_cap 8-0012: [aw9380x_noth_button_key_report:3855] touch0_state Cap 0 Force 0 currentBtn 0
03-23 01:14:40.493   413   413 I aw9380x_cap 8-0012: [aw9380x_rc_irqscr:3728] i2c read reg: 0xf080, val= 16
03-23 01:14:40.493   413   413 I aw9380x_cap 8-0012: [aw9380x_cap_default_irq_handle:4109] gpio_low_count 1
03-23 01:14:40.493   413   413 I aw9380x_cap 8-0012: [aw9380x_irq_handle_func:4065] IRQSEN = 0x000F0FFF
03-23 01:14:40.493   413   413 I aw9380x_cap 8-0012: [aw9380x_irq_handle_func:4067] IRQSRC = 0x00000010
03-23 01:14:40.494   413   413 I aw9380x_cap 8-0012: [aw9380x_noth_button_key_report:3855] touch0_state Cap 0 Force 0 currentBtn 0
03-23 01:14:40.496    50    50 I aw9380x_cap 8-0012: [aw9380x_data_update_work_func:1899] force: rawdata = 0 diff = 853796 baseline = 1856, cap: rawdata = 0 diff = 0 baseline = 0
03-23 01:14:40.524    50    50 I aw9380x_cap 8-0012: [aw9380x_data_update_work_func:1899] force: rawdata = 0 diff = 853796 baseline = 1856, cap: rawdata = 0 diff = 0 baseline = 0
03-23 01:14:40.536   413   413 I aw9380x_cap 8-0012: [aw9380x_rc_irqscr:3728] i2c read reg: 0xf080, val= 16
03-23 01:14:40.536   413   413 I aw9380x_cap 8-0012: [aw9380x_cap_default_irq_handle:4109] gpio_low_count 1
03-23 01:14:40.536   413   413 I aw9380x_cap 8-0012: [aw9380x_irq_handle_func:4065] IRQSEN = 0x000F0FFF
03-23 01:14:40.536   413   413 I aw9380x_cap 8-0012: [aw9380x_irq_handle_func:4067] IRQSRC = 0x00000010
03-23 01:14:40.537   413   413 I aw9380x_cap 8-0012: [aw9380x_noth_button_key_report:3855] touch0_state Cap 0 Force 0 currentBtn 0
03-23 01:14:40.552    50    50 I aw9380x_cap 8-0012: [aw9380x_data_update_work_func:1899] force: rawdata = 0 diff = 853796 baseline = 1856, cap: rawdata = 0 diff = 0 baseline = 0
03-23 01:14:40.558   413   413 I aw9380x_cap 8-0012: [aw9380x_rc_irqscr:3728] i2c read reg: 0xf080, val= 16
03-23 01:14:40.558   413   413 I aw9380x_cap 8-0012: [aw9380x_cap_default_irq_handle:4109] gpio_low_count 1
03-23 01:14:40.558   413   413 I aw9380x_cap 8-0012: [aw9380x_irq_handle_func:4065] IRQSEN = 0x000F0FFF
03-23 01:14:40.558   413   413 I aw9380x_cap 8-0012: [aw9380x_irq_handle_func:4067] IRQSRC = 0x00000010
03-23 01:14:40.559   413   413 I aw9380x_cap 8-0012: [aw9380x_noth_button_key_report:3855] touch0_state Cap 0 Force 0 currentBtn 0
03-23 01:14:40.580    50    50 I aw9380x_cap 8-0012: [aw9380x_data_update_work_func:1899] force: rawdata = 0 diff = 853796 baseline = 1856, cap: rawdata = 0 diff = 0 baseline = 0
12-19 15:53:33.029   431   431 W ServiceManager: Waited one second for android.system.keystore2.IKeystoreService/default (is service started? are binder threads started and available?)
12-19 15:53:33.029   428   428 I servicemanager: Since 'android.system.keystore2.IKeystoreService/default' could not be found, trying to start it as a lazy AIDL service
12-19 15:53:33.029   428   638 W libc    : Unable to set property "ctl.interface_start" to "aidl/android.system.keystore2.IKeystoreService/default": error code: 0x20
12-19 15:53:33.029   428   638 I servicemanager: Tried to start aidl service android.system.keystore2.IKeystoreService/default as a lazy service, but was unable to. Usually this happens when a service is not installed, but if the service is intended to be used as a lazy service, then it may be configured incorrectly.
03-23 01:14:40.595     1     1 E init    : Control message: Could not find 'aidl/android.system.keystore2.IKeystoreService/default' for ctl.interface_start from pid: 428 (/system/bin/servicemanager)
03-23 01:14:40.601   413   413 I aw9380x_cap 8-0012: [aw9380x_rc_irqscr:3728] i2c read reg: 0xf080, val= 16
03-23 01:14:40.601   413   413 I aw9380x_cap 8-0012: [aw9380x_cap_default_irq_handle:4109] gpio_low_count 1
03-23 01:14:40.601   413   413 I aw9380x_cap 8-0012: [aw9380x_irq_handle_func:4065] IRQSEN = 0x000F0FFF
03-23 01:14:40.601   413   413 I aw9380x_cap 8-0012: [aw9380x_irq_handle_func:4067] IRQSRC = 0x00000010
03-23 01:14:40.602   413   413 I aw9380x_cap 8-0012: [aw9380x_noth_button_key_report:3855] touch0_state Cap 0 Force 0 currentBtn 0
03-23 01:14:40.608    50    50 I aw9380x_cap 8-0012: [aw9380x_data_update_work_func:1899] force: rawdata = 0 diff = 853796 baseline = 1856, cap: rawdata = 0 diff = 0 baseline = 0
03-23 01:14:40.623   413   413 I aw9380x_cap 8-0012: [aw9380x_rc_irqscr:3728] i2c read reg: 0xf080, val= 16
03-23 01:14:40.623   413   413 I aw9380x_cap 8-0012: [aw9380x_cap_default_irq_handle:4109] gpio_low_count 1
03-23 01:14:40.623   413   413 I aw9380x_cap 8-0012: [aw9380x_irq_handle_func:4065] IRQSEN = 0x000F0FFF
03-23 01:14:40.623   413   413 I aw9380x_cap 8-0012: [aw9380x_irq_handle_func:4067] IRQSRC = 0x00000010
03-23 01:14:40.624   413   413 I aw9380x_cap 8-0012: [aw9380x_noth_button_key_report:3855] touch0_state Cap 0 Force 0 currentBtn 0
03-23 01:14:40.636    50    50 I aw9380x_cap 8-0012: [aw9380x_data_update_work_func:1899] force: rawdata = 0 diff = 853796 baseline = 1856, cap: rawdata = 0 diff = 0 baseline = 0
03-23 01:14:40.664    50    50 I aw9380x_cap 8-0012: [aw9380x_data_update_work_func:1899] force: rawdata = 0 diff = 853796 baseline = 1856, cap: rawdata = 0 diff = 0 baseline = 0
03-23 01:14:40.665   413   413 I aw9380x_cap 8-0012: [aw9380x_rc_irqscr:3728] i2c read reg: 0xf080, val= 16
03-23 01:14:40.665   413   413 I aw9380x_cap 8-0012: [aw9380x_cap_default_irq_handle:4109] gpio_low_count 1
03-23 01:14:40.665   413   413 I aw9380x_cap 8-0012: [aw9380x_irq_handle_func:4065] IRQSEN = 0x000F0FFF
03-23 01:14:40.665   413   413 I aw9380x_cap 8-0012: [aw9380x_irq_handle_func:4067] IRQSRC = 0x00000010
03-23 01:14:40.666   413   413 I aw9380x_cap 8-0012: [aw9380x_noth_button_key_report:3855] touch0_state Cap 0 Force 0 currentBtn 0
03-23 01:14:40.687   413   413 I aw9380x_cap 8-0012: [aw9380x_rc_irqscr:3728] i2c read reg: 0xf080, val= 16
03-23 01:14:40.687   413   413 I aw9380x_cap 8-0012: [aw9380x_cap_default_irq_handle:4109] gpio_low_count 1
03-23 01:14:40.687   413   413 I aw9380x_cap 8-0012: [aw9380x_irq_handle_func:4065] IRQSEN = 0x000F0FFF
03-23 01:14:40.687   413   413 I aw9380x_cap 8-0012: [aw9380x_irq_handle_func:4067] IRQSRC = 0x00000010
03-23 01:14:40.688   413   413 I aw9380x_cap 8-0012: [aw9380x_noth_button_key_report:3855] touch0_state Cap 0 Force 0 currentBtn 0
03-23 01:14:40.692    50    50 I aw9380x_cap 8-0012: [aw9380x_data_update_work_func:1899] force: rawdata = 0 diff = 853796 baseline = 1856, cap: rawdata = 0 diff = 0 baseline = 0
03-23 01:14:40.720    50    50 I aw9380x_cap 8-0012: [aw9380x_data_update_work_func:1899] force: rawdata = 0 diff = 853796 baseline = 1856, cap: rawdata = 0 diff = 0 baseline = 0
03-23 01:14:40.730   413   413 I aw9380x_cap 8-0012: [aw9380x_rc_irqscr:3728] i2c read reg: 0xf080, val= 16
03-23 01:14:40.730   413   413 I aw9380x_cap 8-0012: [aw9380x_cap_default_irq_handle:4109] gpio_low_count 1
03-23 01:14:40.730   413   413 I aw9380x_cap 8-0012: [aw9380x_irq_handle_func:4065] IRQSEN = 0x000F0FFF
03-23 01:14:40.730   413   413 I aw9380x_cap 8-0012: [aw9380x_irq_handle_func:4067] IRQSRC = 0x00000010
03-23 01:14:40.731   413   413 I aw9380x_cap 8-0012: [aw9380x_noth_button_key_report:3855] touch0_state Cap 0 Force 0 currentBtn 0
03-23 01:14:40.748    50    50 I aw9380x_cap 8-0012: [aw9380x_data_update_work_func:1899] force: rawdata = 0 diff = 853796 baseline = 1856, cap: rawdata = 0 diff = 0 baseline = 0
03-23 01:14:40.752   413   413 I aw9380x_cap 8-0012: [aw9380x_rc_irqscr:3728] i2c read reg: 0xf080, val= 16
03-23 01:14:40.752   413   413 I aw9380x_cap 8-0012: [aw9380x_cap_default_irq_handle:4109] gpio_low_count 1
03-23 01:14:40.752   413   413 I aw9380x_cap 8-0012: [aw9380x_irq_handle_func:4065] IRQSEN = 0x000F0FFF
03-23 01:14:40.752   413   413 I aw9380x_cap 8-0012: [aw9380x_irq_handle_func:4067] IRQSRC = 0x00000010
03-23 01:14:40.753   413   413 I aw9380x_cap 8-0012: [aw9380x_noth_button_key_report:3855] touch0_state Cap 0 Force 0 currentBtn 0
03-23 01:14:40.776    50    50 I aw9380x_cap 8-0012: [aw9380x_data_update_work_func:1899] force: rawdata = 0 diff = 853796 baseline = 1856, cap: rawdata = 0 diff = 0 baseline = 0
03-23 01:14:40.794   413   413 I aw9380x_cap 8-0012: [aw9380x_rc_irqscr:3728] i2c read reg: 0xf080, val= 16
03-23 01:14:40.794   413   413 I aw9380x_cap 8-0012: [aw9380x_cap_default_irq_handle:4109] gpio_low_count 1
03-23 01:14:40.794   413   413 I aw9380x_cap 8-0012: [aw9380x_irq_handle_func:4065] IRQSEN = 0x000F0FFF
03-23 01:14:40.794   413   413 I aw9380x_cap 8-0012: [aw9380x_irq_handle_func:4067] IRQSRC = 0x00000010
03-23 01:14:40.795   413   413 I aw9380x_cap 8-0012: [aw9380x_noth_button_key_report:3855] touch0_state Cap 0 Force 0 currentBtn 0
03-23 01:14:40.804    50    50 I aw9380x_cap 8-0012: [aw9380x_data_update_work_func:1899] force: rawdata = 0 diff = 853796 baseline = 1856, cap: rawdata = 0 diff = 0 baseline = 0
03-23 01:14:40.816   413   413 I aw9380x_cap 8-0012: [aw9380x_rc_irqscr:3728] i2c read reg: 0xf080, val= 16
03-23 01:14:40.816   413   413 I aw9380x_cap 8-0012: [aw9380x_cap_default_irq_handle:4109] gpio_low_count 1
03-23 01:14:40.816   413   413 I aw9380x_cap 8-0012: [aw9380x_irq_handle_func:4065] IRQSEN = 0x000F0FFF
03-23 01:14:40.816   413   413 I aw9380x_cap 8-0012: [aw9380x_irq_handle_func:4067] IRQSRC = 0x00000010
03-23 01:14:40.817   413   413 I aw9380x_cap 8-0012: [aw9380x_noth_button_key_report:3855] touch0_state Cap 0 Force 0 currentBtn 0
03-23 01:14:40.832    50    50 I aw9380x_cap 8-0012: [aw9380x_data_update_work_func:1899] force: rawdata = 0 diff = 853796 baseline = 1856, cap: rawdata = 0 diff = 0 baseline = 0
03-23 01:14:40.859   413   413 I aw9380x_cap 8-0012: [aw9380x_rc_irqscr:3728] i2c read reg: 0xf080, val= 16
03-23 01:14:40.859   413   413 I aw9380x_cap 8-0012: [aw9380x_cap_default_irq_handle:4109] gpio_low_count 1
03-23 01:14:40.859   413   413 I aw9380x_cap 8-0012: [aw9380x_irq_handle_func:4065] IRQSEN = 0x000F0FFF
03-23 01:14:40.859   413   413 I aw9380x_cap 8-0012: [aw9380x_irq_handle_func:4067] IRQSRC = 0x00000010
03-23 01:14:40.860   413   413 I aw9380x_cap 8-0012: [aw9380x_noth_button_key_report:3855] touch0_state Cap 0 Force 0 currentBtn 0
03-23 01:14:40.862    50    50 I aw9380x_cap 8-0012: [aw9380x_data_update_work_func:1899] force: rawdata = 0 diff = 853796 baseline = 1856, cap: rawdata = 0 diff = 0 baseline = 0
03-23 01:14:40.881   413   413 I aw9380x_cap 8-0012: [aw9380x_rc_irqscr:3728] i2c read reg: 0xf080, val= 16
03-23 01:14:40.881   413   413 I aw9380x_cap 8-0012: [aw9380x_cap_default_irq_handle:4109] gpio_low_count 1
03-23 01:14:40.881   413   413 I aw9380x_cap 8-0012: [aw9380x_irq_handle_func:4065] IRQSEN = 0x000F0FFF
03-23 01:14:40.881   413   413 I aw9380x_cap 8-0012: [aw9380x_irq_handle_func:4067] IRQSRC = 0x00000010
03-23 01:14:40.882   413   413 I aw9380x_cap 8-0012: [aw9380x_noth_button_key_report:3855] touch0_state Cap 0 Force 0 currentBtn 0
03-23 01:14:40.888    50    50 I aw9380x_cap 8-0012: [aw9380x_data_update_work_func:1899] force: rawdata = 0 diff = 853796 baseline = 1856, cap: rawdata = 0 diff = 0 baseline = 0
03-23 01:14:40.916    50    50 I aw9380x_cap 8-0012: [aw9380x_data_update_work_func:1899] force: rawdata = 0 diff = 853796 baseline = 1856, cap: rawdata = 0 diff = 0 baseline = 0
03-23 01:14:40.923   413   413 I aw9380x_cap 8-0012: [aw9380x_rc_irqscr:3728] i2c read reg: 0xf080, val= 16
03-23 01:14:40.923   413   413 I aw9380x_cap 8-0012: [aw9380x_cap_default_irq_handle:4109] gpio_low_count 1
03-23 01:14:40.923   413   413 I aw9380x_cap 8-0012: [aw9380x_irq_handle_func:4065] IRQSEN = 0x000F0FFF
03-23 01:14:40.923   413   413 I aw9380x_cap 8-0012: [aw9380x_irq_handle_func:4067] IRQSRC = 0x00000010
03-23 01:14:40.924   413   413 I aw9380x_cap 8-0012: [aw9380x_noth_button_key_report:3855] touch0_state Cap 0 Force 0 currentBtn 0
03-23 01:14:40.944    50    50 I aw9380x_cap 8-0012: [aw9380x_data_update_work_func:1899] force: rawdata = 0 diff = 853796 baseline = 1856, cap: rawdata = 0 diff = 0 baseline = 0
03-23 01:14:40.945   413   413 I aw9380x_cap 8-0012: [aw9380x_rc_irqscr:3728] i2c read reg: 0xf080, val= 16
03-23 01:14:40.945   413   413 I aw9380x_cap 8-0012: [aw9380x_cap_default_irq_handle:4109] gpio_low_count 1
03-23 01:14:40.945   413   413 I aw9380x_cap 8-0012: [aw9380x_irq_handle_func:4065] IRQSEN = 0x000F0FFF
03-23 01:14:40.945   413   413 I aw9380x_cap 8-0012: [aw9380x_irq_handle_func:4067] IRQSRC = 0x00000010
03-23 01:14:40.946   413   413 I aw9380x_cap 8-0012: [aw9380x_noth_button_key_report:3855] touch0_state Cap 0 Force 0 currentBtn 0
03-23 01:14:40.972    50    50 I aw9380x_cap 8-0012: [aw9380x_data_update_work_func:1899] force: rawdata = 0 diff = 853796 baseline = 1856, cap: rawdata = 0 diff = 0 baseline = 0
03-23 01:14:40.988   413   413 I aw9380x_cap 8-0012: [aw9380x_rc_irqscr:3728] i2c read reg: 0xf080, val= 16
03-23 01:14:40.988   413   413 I aw9380x_cap 8-0012: [aw9380x_cap_default_irq_handle:4109] gpio_low_count 1
03-23 01:14:40.988   413   413 I aw9380x_cap 8-0012: [aw9380x_irq_handle_func:4065] IRQSEN = 0x000F0FFF
03-23 01:14:40.988   413   413 I aw9380x_cap 8-0012: [aw9380x_irq_handle_func:4067] IRQSRC = 0x00000010
03-23 01:14:40.989   413   413 I aw9380x_cap 8-0012: [aw9380x_noth_button_key_report:3855] touch0_state Cap 0 Force 0 currentBtn 0
03-23 01:14:41.000    50    50 I aw9380x_cap 8-0012: [aw9380x_data_update_work_func:1899] force: rawdata = 0 diff = 853796 baseline = 1856, cap: rawdata = 0 diff = 0 baseline = 0
03-23 01:14:41.010   413   413 I aw9380x_cap 8-0012: [aw9380x_rc_irqscr:3728] i2c read reg: 0xf080, val= 16
03-23 01:14:41.010   413   413 I aw9380x_cap 8-0012: [aw9380x_cap_default_irq_handle:4109] gpio_low_count 1
03-23 01:14:41.010   413   413 I aw9380x_cap 8-0012: [aw9380x_irq_handle_func:4065] IRQSEN = 0x000F0FFF
03-23 01:14:41.010   413   413 I aw9380x_cap 8-0012: [aw9380x_irq_handle_func:4067] IRQSRC = 0x00000010
03-23 01:14:41.011   413   413 I aw9380x_cap 8-0012: [aw9380x_noth_button_key_report:3855] touch0_state Cap 0 Force 0 currentBtn 0
03-23 01:14:41.028    50    50 I aw9380x_cap 8-0012: [aw9380x_data_update_work_func:1899] force: rawdata = 0 diff = 853796 baseline = 1856, cap: rawdata = 0 diff = 0 baseline = 0
03-23 01:14:41.052   413   413 I aw9380x_cap 8-0012: [aw9380x_rc_irqscr:3728] i2c read reg: 0xf080, val= 16
03-23 01:14:41.052   413   413 I aw9380x_cap 8-0012: [aw9380x_cap_default_irq_handle:4109] gpio_low_count 1
03-23 01:14:41.053   413   413 I aw9380x_cap 8-0012: [aw9380x_irq_handle_func:4065] IRQSEN = 0x000F0FFF
03-23 01:14:41.053   413   413 I aw9380x_cap 8-0012: [aw9380x_irq_handle_func:4067] IRQSRC = 0x00000010
03-23 01:14:41.053   413   413 I aw9380x_cap 8-0012: [aw9380x_noth_button_key_report:3855] touch0_state Cap 0 Force 0 currentBtn 0
03-23 01:14:41.056    50    50 I aw9380x_cap 8-0012: [aw9380x_data_update_work_func:1899] force: rawdata = 0 diff = 853796 baseline = 1856, cap: rawdata = 0 diff = 0 baseline = 0
03-23 01:14:41.074   413   413 I aw9380x_cap 8-0012: [aw9380x_rc_irqscr:3728] i2c read reg: 0xf080, val= 16
03-23 01:14:41.074   413   413 I aw9380x_cap 8-0012: [aw9380x_cap_default_irq_handle:4109] gpio_low_count 1
03-23 01:14:41.075   413   413 I aw9380x_cap 8-0012: [aw9380x_irq_handle_func:4065] IRQSEN = 0x000F0FFF
03-23 01:14:41.075   413   413 I aw9380x_cap 8-0012: [aw9380x_irq_handle_func:4067] IRQSRC = 0x00000010
03-23 01:14:41.075   413   413 I aw9380x_cap 8-0012: [aw9380x_noth_button_key_report:3855] touch0_state Cap 0 Force 0 currentBtn 0
03-23 01:14:41.084    50    50 I aw9380x_cap 8-0012: [aw9380x_data_update_work_func:1899] force: rawdata = 0 diff = 853796 baseline = 1856, cap: rawdata = 0 diff = 0 baseline = 0
03-23 01:14:41.112    50    50 I aw9380x_cap 8-0012: [aw9380x_data_update_work_func:1899] force: rawdata = 0 diff = 853796 baseline = 1856, cap: rawdata = 0 diff = 0 baseline = 0
03-23 01:14:41.117   413   413 I aw9380x_cap 8-0012: [aw9380x_rc_irqscr:3728] i2c read reg: 0xf080, val= 16
03-23 01:14:41.117   413   413 I aw9380x_cap 8-0012: [aw9380x_cap_default_irq_handle:4109] gpio_low_count 1
03-23 01:14:41.117   413   413 I aw9380x_cap 8-0012: [aw9380x_irq_handle_func:4065] IRQSEN = 0x000F0FFF
03-23 01:14:41.117   413   413 I aw9380x_cap 8-0012: [aw9380x_irq_handle_func:4067] IRQSRC = 0x00000010
03-23 01:14:41.118   413   413 I aw9380x_cap 8-0012: [aw9380x_noth_button_key_report:3855] touch0_state Cap 0 Force 0 currentBtn 0
03-23 01:14:41.139   413   413 I aw9380x_cap 8-0012: [aw9380x_rc_irqscr:3728] i2c read reg: 0xf080, val= 16
03-23 01:14:41.139   413   413 I aw9380x_cap 8-0012: [aw9380x_cap_default_irq_handle:4109] gpio_low_count 1
03-23 01:14:41.140   413   413 I aw9380x_cap 8-0012: [aw9380x_irq_handle_func:4065] IRQSEN = 0x000F0FFF
03-23 01:14:41.140   413   413 I aw9380x_cap 8-0012: [aw9380x_irq_handle_func:4067] IRQSRC = 0x00000010
03-23 01:14:41.141   413   413 I aw9380x_cap 8-0012: [aw9380x_noth_button_key_report:3855] touch0_state Cap 0 Force 0 currentBtn 0
03-23 01:14:41.142    50    50 I aw9380x_cap 8-0012: [aw9380x_data_update_work_func:1899] force: rawdata = 0 diff = 853796 baseline = 1856, cap: rawdata = 0 diff = 0 baseline = 0
03-23 01:14:41.168    50    50 I aw9380x_cap 8-0012: [aw9380x_data_update_work_func:1899] force: rawdata = 0 diff = 853796 baseline = 1856, cap: rawdata = 0 diff = 0 baseline = 0
03-23 01:14:41.181   413   413 I aw9380x_cap 8-0012: [aw9380x_rc_irqscr:3728] i2c read reg: 0xf080, val= 16
03-23 01:14:41.181   413   413 I aw9380x_cap 8-0012: [aw9380x_cap_default_irq_handle:4109] gpio_low_count 1
03-23 01:14:41.182   413   413 I aw9380x_cap 8-0012: [aw9380x_irq_handle_func:4065] IRQSEN = 0x000F0FFF
03-23 01:14:41.182   413   413 I aw9380x_cap 8-0012: [aw9380x_irq_handle_func:4067] IRQSRC = 0x00000010
03-23 01:14:41.182   413   413 I aw9380x_cap 8-0012: [aw9380x_noth_button_key_report:3855] touch0_state Cap 0 Force 0 currentBtn 0
03-23 01:14:41.196    50    50 I aw9380x_cap 8-0012: [aw9380x_data_update_work_func:1899] force: rawdata = 0 diff = 853796 baseline = 1856, cap: rawdata = 0 diff = 0 baseline = 0
03-23 01:14:41.203   413   413 I aw9380x_cap 8-0012: [aw9380x_rc_irqscr:3728] i2c read reg: 0xf080, val= 16
03-23 01:14:41.203   413   413 I aw9380x_cap 8-0012: [aw9380x_cap_default_irq_handle:4109] gpio_low_count 1
03-23 01:14:41.204   413   413 I aw9380x_cap 8-0012: [aw9380x_irq_handle_func:4065] IRQSEN = 0x000F0FFF
03-23 01:14:41.204   413   413 I aw9380x_cap 8-0012: [aw9380x_irq_handle_func:4067] IRQSRC = 0x00000010
03-23 01:14:41.204   413   413 I aw9380x_cap 8-0012: [aw9380x_noth_button_key_report:3855] touch0_state Cap 0 Force 0 currentBtn 0
03-23 01:14:41.224    50    50 I aw9380x_cap 8-0012: [aw9380x_data_update_work_func:1899] force: rawdata = 0 diff = 853796 baseline = 1856, cap: rawdata = 0 diff = 0 baseline = 0
03-23 01:14:41.246   413   413 I aw9380x_cap 8-0012: [aw9380x_rc_irqscr:3728] i2c read reg: 0xf080, val= 16
03-23 01:14:41.246   413   413 I aw9380x_cap 8-0012: [aw9380x_cap_default_irq_handle:4109] gpio_low_count 1
03-23 01:14:41.246   413   413 I aw9380x_cap 8-0012: [aw9380x_irq_handle_func:4065] IRQSEN = 0x000F0FFF
03-23 01:14:41.246   413   413 I aw9380x_cap 8-0012: [aw9380x_irq_handle_func:4067] IRQSRC = 0x00000010
03-23 01:14:41.247   413   413 I aw9380x_cap 8-0012: [aw9380x_noth_button_key_report:3855] touch0_state Cap 0 Force 0 currentBtn 0
03-23 01:14:41.252    50    50 I aw9380x_cap 8-0012: [aw9380x_data_update_work_func:1899] force: rawdata = 0 diff = 853796 baseline = 1856, cap: rawdata = 0 diff = 0 baseline = 0
03-23 01:14:41.268   413   413 I aw9380x_cap 8-0012: [aw9380x_rc_irqscr:3728] i2c read reg: 0xf080, val= 16
03-23 01:14:41.268   413   413 I aw9380x_cap 8-0012: [aw9380x_cap_default_irq_handle:4109] gpio_low_count 1
03-23 01:14:41.268   413   413 I aw9380x_cap 8-0012: [aw9380x_irq_handle_func:4065] IRQSEN = 0x000F0FFF
03-23 01:14:41.268   413   413 I aw9380x_cap 8-0012: [aw9380x_irq_handle_func:4067] IRQSRC = 0x00000010
03-23 01:14:41.269   413   413 I aw9380x_cap 8-0012: [aw9380x_noth_button_key_report:3855] touch0_state Cap 0 Force 0 currentBtn 0
03-23 01:14:41.280    50    50 I aw9380x_cap 8-0012: [aw9380x_data_update_work_func:1899] force: rawdata = 0 diff = 853796 baseline = 1856, cap: rawdata = 0 diff = 0 baseline = 0
03-23 01:14:41.308    50    50 I aw9380x_cap 8-0012: [aw9380x_data_update_work_func:1899] force: rawdata = 0 diff = 853796 baseline = 1856, cap: rawdata = 0 diff = 0 baseline = 0
03-23 01:14:41.310   413   413 I aw9380x_cap 8-0012: [aw9380x_rc_irqscr:3728] i2c read reg: 0xf080, val= 16
03-23 01:14:41.310   413   413 I aw9380x_cap 8-0012: [aw9380x_cap_default_irq_handle:4109] gpio_low_count 1
03-23 01:14:41.311   413   413 I aw9380x_cap 8-0012: [aw9380x_irq_handle_func:4065] IRQSEN = 0x000F0FFF
03-23 01:14:41.311   413   413 I aw9380x_cap 8-0012: [aw9380x_irq_handle_func:4067] IRQSRC = 0x00000010
03-23 01:14:41.311   413   413 I aw9380x_cap 8-0012: [aw9380x_noth_button_key_report:3855] touch0_state Cap 0 Force 0 currentBtn 0
03-23 01:14:41.332   413   413 I aw9380x_cap 8-0012: [aw9380x_rc_irqscr:3728] i2c read reg: 0xf080, val= 16
03-23 01:14:41.332   413   413 I aw9380x_cap 8-0012: [aw9380x_cap_default_irq_handle:4109] gpio_low_count 1
03-23 01:14:41.333   413   413 I aw9380x_cap 8-0012: [aw9380x_irq_handle_func:4065] IRQSEN = 0x000F0FFF
03-23 01:14:41.333   413   413 I aw9380x_cap 8-0012: [aw9380x_irq_handle_func:4067] IRQSRC = 0x00000010
03-23 01:14:41.333   413   413 I aw9380x_cap 8-0012: [aw9380x_noth_button_key_report:3855] touch0_state Cap 0 Force 0 currentBtn 0
03-23 01:14:41.336    50    50 I aw9380x_cap 8-0012: [aw9380x_data_update_work_func:1899] force: rawdata = 0 diff = 853796 baseline = 1856, cap: rawdata = 0 diff = 0 baseline = 0
03-23 01:14:41.364    50    50 I aw9380x_cap 8-0012: [aw9380x_data_update_work_func:1899] force: rawdata = 0 diff = 853796 baseline = 1856, cap: rawdata = 0 diff = 0 baseline = 0
03-23 01:14:41.375   413   413 I aw9380x_cap 8-0012: [aw9380x_rc_irqscr:3728] i2c read reg: 0xf080, val= 16
03-23 01:14:41.375   413   413 I aw9380x_cap 8-0012: [aw9380x_cap_default_irq_handle:4109] gpio_low_count 1
03-23 01:14:41.375   413   413 I aw9380x_cap 8-0012: [aw9380x_irq_handle_func:4065] IRQSEN = 0x000F0FFF
03-23 01:14:41.375   413   413 I aw9380x_cap 8-0012: [aw9380x_irq_handle_func:4067] IRQSRC = 0x00000010
03-23 01:14:41.376   413   413 I aw9380x_cap 8-0012: [aw9380x_noth_button_key_report:3855] touch0_state Cap 0 Force 0 currentBtn 0
03-23 01:14:41.392    50    50 I aw9380x_cap 8-0012: [aw9380x_data_update_work_func:1899] force: rawdata = 0 diff = 853796 baseline = 1856, cap: rawdata = 0 diff = 0 baseline = 0
03-23 01:14:41.396     1     1 I init    : starting service 'boot-hal-1-2'...
03-23 01:14:41.397   413   413 I aw9380x_cap 8-0012: [aw9380x_rc_irqscr:3728] i2c read reg: 0xf080, val= 16
03-23 01:14:41.397   413   413 I aw9380x_cap 8-0012: [aw9380x_cap_default_irq_handle:4109] gpio_low_count 1
03-23 01:14:41.397   413   413 I aw9380x_cap 8-0012: [aw9380x_irq_handle_func:4065] IRQSEN = 0x000F0FFF
03-23 01:14:41.397   413   413 I aw9380x_cap 8-0012: [aw9380x_irq_handle_func:4067] IRQSRC = 0x00000010
03-23 01:14:41.397   639   639 I KernelSU: hook_manager: unmark 639 exec /system/bin/android.hardware.boot@1.2-service
03-23 01:14:41.397   413   413 I aw9380x_cap 8-0012: [aw9380x_noth_button_key_report:3855] touch0_state Cap 0 Force 0 currentBtn 0
03-23 01:14:41.398     1     1 I init    : starting service 'health-hal-2-1'...
03-23 01:14:41.399     1     1 I init    : Opened file '/dev/kmsg', flags 1
03-23 01:14:41.399   640   640 I KernelSU: hook_manager: unmark 640 exec /system/bin/android.hardware.health@2.1-service
03-23 01:14:41.399     1     1 I init    : starting service 'keystore2'...
03-23 01:14:41.399   641   641 E init    : failed to write pid to files: couldn't write 641 to /dev/cpuset/foreground/tasks: No such file or directory
12-19 15:53:33.834   639   639 E cutils-trace: Error opening trace file: No such file or directory (2)
12-19 15:53:33.834   427   427 I hwservicemanager: getDeviceHalManifest: Reading VINTF information.
12-19 15:53:33.835   427   427 E hwservicemanager: getDeviceHalManifest: status from fetching VINTF information: -22
12-19 15:53:33.835   427   427 E hwservicemanager: getDeviceHalManifest: -22 VINTF parse error: Illformed file: /vendor/etc/vintf/manifest/android.hardware.security.keymint-service-qti.xml: Unrecognized manifest.version 8.0 (libvintf@4.0)
12-19 15:53:33.835   427   427 I hwservicemanager: getTransport: Cannot find entry android.hardware.boot@1.0::IBootControl/default in either framework or device VINTF manifest.
12-19 15:53:33.835   639   639 E LegacySupport: Could not get passthrough implementation for android.hardware.boot@1.0::IBootControl/default.
12-19 15:53:33.836   640   640 E cutils-trace: Error opening trace file: No such file or directory (2)
03-23 01:14:41.399   641   641 I KernelSU: hook_manager: unmark 641 exec /system/bin/keystore2
03-23 01:14:41.402     1     1 I init    : Service 'boot-hal-1-2' (pid 639) exited with status 1
03-23 01:14:41.402     1     1 I init    : Sending signal 9 to service 'boot-hal-1-2' (pid 639) process group...
03-23 01:14:41.402     1     1 I libprocessgroup: Successfully killed process cgroup uid 0 pid 639 in 0ms
12-19 15:53:33.836   427   427 I hwservicemanager: getDeviceHalManifest: Reading VINTF information.
12-19 15:53:33.837   427   427 E hwservicemanager: getDeviceHalManifest: status from fetching VINTF information: -22
12-19 15:53:33.837   427   427 E hwservicemanager: getDeviceHalManifest: -22 VINTF parse error: Illformed file: /vendor/etc/vintf/manifest/android.hardware.security.keymint-service-qti.xml: Unrecognized manifest.version 8.0 (libvintf@4.0)
12-19 15:53:33.837   427   427 I hwservicemanager: getTransport: Cannot find entry android.hardware.health@2.0::IHealth/default in either framework or device VINTF manifest.
12-19 15:53:33.837   640   640 E HidlServiceManagement: Could not find instance 'default' in library android.hardware.health@2.0-impl-default.so. Keeping library open.
12-19 15:53:33.837   640   640 I android.hardware.health@2.1-service: default instance initializing with healthd_config...
12-19 15:53:33.837   427   427 I hwservicemanager: getDeviceHalManifest: Reading VINTF information.
12-19 15:53:33.838   427   427 E hwservicemanager: getDeviceHalManifest: status from fetching VINTF information: -22
12-19 15:53:33.838   427   427 E hwservicemanager: getDeviceHalManifest: -22 VINTF parse error: Illformed file: /vendor/etc/vintf/manifest/android.hardware.security.keymint-service-qti.xml: Unrecognized manifest.version 8.0 (libvintf@4.0)
12-19 15:53:33.838   427   427 I hwservicemanager: getTransport: Cannot find entry android.hardware.health@2.1::IHealth/default in either framework or device VINTF manifest.
12-19 15:53:33.838   640   640 E HidlServiceManagement: Service android.hardware.health@2.1::IHealth/default must be in VINTF manifest in order to register/get.
12-19 15:53:33.838   640   640 F android.hardware.health@2.1-service: Check failed: registerAsService(instance_name()) == android::OK (registerAsService(instance_name())=-2147483648, android::OK=0) default: Failed to register HAL
12-19 15:53:33.838   640   640 F libc    : Fatal signal 6 (SIGABRT), code -1 (SI_QUEUE) in tid 640 (android.hardwar), pid 640 (android.hardwar)
12-19 15:53:33.839   643   643 F libc    : failed to exec crash_dump helper: No such file or directory
12-19 15:53:33.839   640   640 F libc    : crash_dump helper failed to exec, or was killed
12-19 15:53:33.839   640   640 F libc    : failed to wait for crash_dump helper: No child processes
03-23 01:14:41.404   640   640 W healthd : No battery devices found
03-23 01:14:41.406     1     1 I init    : Service 'health-hal-2-1' (pid 640) received signal 6
03-23 01:14:41.406     1     1 I init    : Sending signal 9 to service 'health-hal-2-1' (pid 640) process group...
03-23 01:14:41.406     1     1 I libprocessgroup: Successfully killed process cgroup uid 0 pid 640 in 0ms
03-23 01:14:41.406     1     1 I init    : Untracked pid 643 exited with status 1
12-19 15:53:33.848   641   641 I keystore2: keystore2_main: Keystore2 is starting.
12-19 15:53:33.848   641   641 I keystore2: keystore2_main: Starting thread pool now.
12-19 15:53:33.848   641   644 I keystore2: getDeviceHalManifest: Reading VINTF information.
12-19 15:53:33.850   641   644 E keystore2: getDeviceHalManifest: status from fetching VINTF information: -22
12-19 15:53:33.850   641   644 E keystore2: getDeviceHalManifest: -22 VINTF parse error: Illformed file: /vendor/etc/vintf/manifest/android.hardware.security.keymint-service-qti.xml: Unrecognized manifest.version 8.0 (libvintf@4.0)
12-19 15:53:33.850   641   644 F libc    : Fatal signal 11 (SIGSEGV), code 1 (SEGV_MAPERR), fault addr 0x0 in tid 644 (keystore2), pid 641 (keystore2)
12-19 15:53:33.850   641   641 I keystore2: getDeviceHalManifest: Reading VINTF information.
12-19 15:53:33.851   641   641 E keystore2: getDeviceHalManifest: status from fetching VINTF information: -22
12-19 15:53:33.851   648   648 F libc    : failed to exec crash_dump helper: No such file or directory
12-19 15:53:33.851   641   644 F libc    : crash_dump helper failed to exec, or was killed
12-19 15:53:33.851   641   641 E keystore2: getDeviceHalManifest: -22 VINTF parse error: Illformed file: /vendor/etc/vintf/manifest/android.hardware.security.keymint-service-qti.xml: Unrecognized manifest.version 8.0 (libvintf@4.0)
12-19 15:53:33.851   641   644 F libc    : failed to wait for crash_dump helper: No child processes
03-23 01:14:41.419     1     1 I init    : Service 'keystore2' (pid 641) received signal 11
03-23 01:14:41.419     1     1 I init    : Sending signal 9 to service 'keystore2' (pid 641) process group...
03-23 01:14:41.419     1     1 I libprocessgroup: Successfully killed process cgroup uid 0 pid 641 in 0ms
