03-23 03:26:49.866     1     1 I init    : Parsing file /system/etc/init/hw/init.rc...
03-23 03:26:49.866     1     1 I init    : Added '/init.recovery.logd.rc' to import list
03-23 03:26:49.866     1     1 I init    : Added '/init.recovery.ldconfig.rc' to import list
03-23 03:26:49.866     1     1 I init    : Added '/init.recovery.mksh.rc' to import list
03-23 03:26:49.866     1     1 I init    : Added '/init.recovery.usb.rc' to import list
03-23 03:26:49.866     1     1 I init    : Added '/init.recovery.service.rc' to import list
03-23 03:26:49.866     1     1 I init    : Added '/init.recovery.qcom.rc' to import list
03-23 03:26:49.866   424   424 I KernelSU: hook_manager: unmark 424 exec /system/bin/init
03-23 03:26:49.866   424   424 I KernelSU: /system/bin/init argc: 4
03-23 03:26:49.866     1     1 I init    : Parsing file /init.recovery.logd.rc...
03-23 03:26:49.866     1     1 I init    : Parsing file /init.recovery.ldconfig.rc...
03-23 03:26:49.866     1     1 I init    : Parsing file /init.recovery.mksh.rc...
03-23 03:26:49.866     1     1 I init    : Unable to read config file '/init.recovery.mksh.rc': open() failed: No such file or directory
03-23 03:26:49.866     1     1 I init    : Parsing file /init.recovery.usb.rc...
03-23 03:26:49.866     1     1 I init    : Parsing file /init.recovery.service.rc...
03-23 03:26:49.866     1     1 I init    : Parsing file /init.recovery.qcom.rc...
03-23 03:26:49.866     1     1 I init    : Added '/init.recovery.qcom_decrypt.rc' to import list
03-23 03:26:49.866     1     1 I init    : Parsing file /init.recovery.qcom_decrypt.rc...
03-23 03:26:49.866     1     1 I init    : Unable to read config file '/init.recovery.qcom_decrypt.rc': open() failed: No such file or directory
03-23 03:26:49.866     1     1 I init    : Parsing directory /system/etc/init...
03-23 03:26:49.866     1     1 I init    : Parsing file /system/etc/init/android.hardware.boot@1.0-service.rc...
03-23 03:26:49.866     1     1 I init    : Parsing file /system/etc/init/android.hardware.boot@1.1-service.rc...
03-23 03:26:49.866     1     1 I init    : Parsing file /system/etc/init/android.hardware.boot@1.2-service.rc...
03-23 03:26:49.866     1     1 I init    : Parsing file /system/etc/init/android.hardware.health@2.0-service.rc...
03-23 03:26:49.866     1     1 I init    : Parsing file /system/etc/init/android.hardware.health@2.1-service.rc...
03-23 03:26:49.866     1     1 I init    : Parsing file /system/etc/init/hwservicemanager.rc...
03-23 03:26:49.866     1     1 I init    : Parsing file /system/etc/init/lpdumpd.rc...
03-23 03:26:49.866     1     1 I init    : Parsing file /system/etc/init/snapuserd.rc...
03-23 03:26:49.866     1     1 I init    : Parsing file /system/etc/init/vendor.qti.hardware.vibrator.service.rc...
03-23 03:26:49.866     1     1 I init    : Parsing file /system/etc/init/vndservicemanager.rc...
03-23 03:26:49.866     1     1 I init    : Parsing file /system_ext/etc/init...
03-23 03:26:49.866     1     1 I init    : Unable to read config file '/system_ext/etc/init': open() failed: No such file or directory
03-23 03:26:49.866     1     1 I init    : Parsing directory /vendor/etc/init...
03-23 03:26:49.866     1     1 I init    : Parsing file /vendor/etc/init/android.hardware.security.keymint-service-qti.rc...
03-23 03:26:49.866     1     1 I init    : Parsing file /odm/etc/init...
03-23 03:26:49.866     1     1 I init    : Unable to read config file '/odm/etc/init': open() failed: No such file or directory
03-23 03:26:49.866     1     1 I init    : Parsing file /product/etc/init...
03-23 03:26:49.866     1     1 I init    : Unable to read config file '/product/etc/init': open() failed: No such file or directory
03-23 03:26:49.867     1     1 I init    : processing action (SetupCgroups) from (<Builtin Action>:0)
03-23 03:26:49.867     1     1 E cgroup  : Unknown subsys name 'schedtune'
03-23 03:26:49.867     1     1 E libprocessgroup: Failed to mount schedtune cgroup: Invalid argument
03-23 03:26:49.867     1     1 W libprocessgroup: Failed to setup schedtune cgroup
03-23 03:26:49.867     1     1 I init    : processing action (SetKptrRestrict) from (<Builtin Action>:0)
03-23 03:26:49.867     1     1 I init    : processing action (TestPerfEventSelinux) from (<Builtin Action>:0)
03-23 03:26:49.867     1     1 I init    : processing action (early-init) from (/system/etc/init/hw/init.rc:8)
03-23 03:26:49.867     1     1 I init    : Command 'mount cgroup none /acct cpuacct' action=early-init (/system/etc/init/hw/init.rc:13) took 0ms and failed: mount() failed: Device or resource busy
03-23 03:26:49.868     1     1 I init    : starting service 'ueventd'...
03-23 03:26:49.868   425   425 I KernelSU: hook_manager: unmark 425 exec /system/bin/ueventd
03-23 03:26:49.868     1     1 I init    : processing action (wait_for_coldboot_done) from (<Builtin Action>:0)
03-23 03:26:49.867   425   425 I ueventd : type=1400 audit(0.0:4): avc: denied { sys_nice } for capability=23 scontext=u:r:ueventd:s0 tcontext=u:r:ueventd:s0 tclass=capability permissive=1
03-23 03:26:49.878   425   425 I ueventd : ueventd started!
03-23 03:26:49.879   425   425 I selinux : SELinux: Loaded file_contexts
03-23 03:26:49.879   425   425 I selinux :  
03-23 03:26:49.879   425   425 I ueventd : Parsing file /system/etc/ueventd.rc...
03-23 03:26:49.879   425   425 I ueventd : Added '/vendor/etc/ueventd.rc' to import list
03-23 03:26:49.879   425   425 I ueventd : Added '/odm/etc/ueventd.rc' to import list
03-23 03:26:49.879   425   425 I ueventd : Parsing file /vendor/etc/ueventd.rc...
03-23 03:26:49.879   425   425 I ueventd : Added '/vendor/etc/ueventd.qcom.userdebug.rc' to import list
03-23 03:26:49.879   425   425 E ueventd : /vendor/etc/ueventd.rc: 71: ignoring duplicate subsystem entry
03-23 03:26:49.879   425   425 E ueventd : /vendor/etc/ueventd.rc: 245: /sys/ lines must have 5 or 6 entries
03-23 03:26:49.879   425   425 E ueventd : /vendor/etc/ueventd.rc: 432: /sys/ lines must have 5 or 6 entries
03-23 03:26:49.879   425   425 E ueventd : /vendor/etc/ueventd.rc: 433: /sys/ lines must have 5 or 6 entries
03-23 03:26:49.879   425   425 E ueventd : /vendor/etc/ueventd.rc: 548: Invalid section keyword found
03-23 03:26:49.879   425   425 I ueventd : Parsing file /vendor/etc/ueventd.qcom.userdebug.rc...
03-23 03:26:49.879   425   425 I ueventd : Unable to read config file '/vendor/etc/ueventd.qcom.userdebug.rc': open() failed: No such file or directory
03-23 03:26:49.879   425   425 I ueventd : Parsing file /odm/etc/ueventd.rc...
03-23 03:26:49.879   425   425 I ueventd : Unable to read config file '/odm/etc/ueventd.rc': open() failed: No such file or directory
03-23 03:26:49.879   425   425 I ueventd : Parsing file /vendor/ueventd.rc...
03-23 03:26:49.879   425   425 I ueventd : Unable to read config file '/vendor/ueventd.rc': open() failed: No such file or directory
03-23 03:26:49.879   425   425 I ueventd : Parsing file /odm/ueventd.rc...
03-23 03:26:49.879   425   425 I ueventd : Unable to read config file '/odm/ueventd.rc': open() failed: No such file or directory
03-23 03:26:49.879   425   425 I ueventd : Parsing file /ueventd.qcom.rc...
03-23 03:26:49.879   425   425 I ueventd : Unable to read config file '/ueventd.qcom.rc': open() failed: No such file or directory
03-23 03:26:49.887    10    10 I aw9380x_cap 8-0012: [aw9380x_read_init_over_irq:542] read init irq success!
03-23 03:26:49.887    10    10 I aw9380x_cap 8-0012: [aw9380x_read_init_over_irq:544] firmware version = 0x02000007
03-23 03:26:49.887    10    10 I boot_kpi: M - DRIVER GENI_I2C_8 Ready
03-23 03:26:49.887    10    10 I i2c_geni 880000.i2c: I2C probed
03-23 03:26:49.888    10    10 I boot_kpi: M - DRIVER GENI_SPI Init
03-23 03:26:49.889    10    10 I         : [matrix-leds] matrix_leds_spi_probe
03-23 03:26:49.889    10    10 I [matrix-leds] power_ctrl: power_on 1
03-23 03:26:49.976   423   423 I init    : Wait for property 'ro.cold_boot_done=true' took 107ms
03-23 03:26:49.976   425   425 I ueventd : Coldboot took 0.096 seconds
03-23 03:26:49.976     1     1 I init    : processing action (SetMmapRndBits) from (<Builtin Action>:0)
03-23 03:26:49.976     1     1 I init    : processing action (KeychordInit) from (<Builtin Action>:0)
03-23 03:26:49.976     1     1 I init    : processing action (init) from (/system/etc/init/hw/init.rc:23)
03-23 03:26:49.977     1     1 I init    : Command 'symlink /system/bin /bin' action=init (/system/etc/init/hw/init.rc:35) took 0ms and failed: symlink() failed: File exists
03-23 03:26:49.977     1     1 I init    : Command 'symlink /system/etc /etc' action=init (/system/etc/init/hw/init.rc:36) took 0ms and failed: symlink() failed: File exists
03-23 03:26:49.977     1     1 I init    : Command 'mount cgroup none /acct cpuacct' action=init (/system/etc/init/hw/init.rc:38) took 0ms and failed: mount() failed: Device or resource busy
03-23 03:26:49.978     1     1 I init    : processing action (init) from (/init.recovery.logd.rc:1)
03-23 03:26:49.978     1     1 I init    : starting service 'logd'...
03-23 03:26:49.978     1     1 I init    : Created socket '/dev/socket/logdr', mode 666, user 0, group 0
03-23 03:26:49.978     1     1 I init    : Created socket '/dev/socket/logdw', mode 222, user 0, group 0
03-23 03:26:49.978     1     1 I init    : Opened file '/proc/kmsg', flags 0
03-23 03:26:49.978     1     1 I init    : Opened file '/dev/kmsg', flags 1
03-23 03:26:49.979   437   437 I KernelSU: hook_manager: unmark 437 exec /system/bin/logd
03-23 03:26:49.967   437   437 I init    : type=1400 audit(0.0:5): avc: denied { entrypoint } for path="/system/bin/logd" dev="rootfs" ino=631 scontext=u:r:logd:s0 tcontext=u:object_r:rootfs:s0 tclass=file permissive=1
03-23 03:26:49.979     1     1 I init    : processing action (init) from (/init.recovery.qcom.rc:30)
03-23 03:26:49.979     1     1 I init    : starting service 'boot-hal-1-2'...
03-23 03:26:49.971   437   437 I logd    : type=1400 audit(0.0:6): avc: denied { map } for path="/system/bin/logd" dev="rootfs" ino=631 scontext=u:r:logd:s0 tcontext=u:object_r:rootfs:s0 tclass=file permissive=1
03-23 03:26:49.971   437   437 I logd    : type=1400 audit(0.0:7): avc: denied { read } for path="/system/bin/logd" dev="rootfs" ino=631 scontext=u:r:logd:s0 tcontext=u:object_r:rootfs:s0 tclass=file permissive=1
03-23 03:26:49.971   437   437 I logd    : type=1400 audit(0.0:8): avc: denied { execute } for path="/system/bin/logd" dev="rootfs" ino=631 scontext=u:r:logd:s0 tcontext=u:object_r:rootfs:s0 tclass=file permissive=1
03-23 03:26:49.979   438   438 I KernelSU: hook_manager: unmark 438 exec /system/bin/android.hardware.boot@1.2-service
03-23 03:26:49.979     1     1 I init    : processing action (init) from (/system/etc/init/hwservicemanager.rc:1)
03-23 03:26:49.979     1     1 I init    : starting service 'hwservicemanager'...
03-23 03:26:49.971   437   437 I logd    : type=1400 audit(0.0:9): avc: denied { getattr } for path="/system/bin/logd" dev="rootfs" ino=631 scontext=u:r:logd:s0 tcontext=u:object_r:rootfs:s0 tclass=file permissive=1
03-23 03:26:49.980   439   439 I KernelSU: hook_manager: unmark 439 exec /system/bin/hwservicemanager
03-23 03:26:49.980     1     1 I init    : processing action (init) from (/system/etc/init/vndservicemanager.rc:1)
03-23 03:26:49.980     1     1 I init    : starting service 'vndservicemanager'...
03-23 03:26:49.971   437   437 I logd    : type=1400 audit(0.0:10): avc: denied { read } for name="bin" dev="rootfs" ino=525 scontext=u:r:logd:s0 tcontext=u:object_r:rootfs:s0 tclass=dir permissive=1
03-23 03:26:49.981   440   440 E init    : failed to write pid to files: couldn't write 440 to /dev/cpuset/system-background/tasks: No such file or directory
03-23 03:26:49.981     1     1 I init    : processing action (init) from (/vendor/etc/init/android.hardware.security.keymint-service-qti.rc:5)
03-23 03:26:49.981   440   440 I KernelSU: hook_manager: unmark 440 exec /system/bin/vndservicemanager
03-23 03:26:49.981     1     1 I init    : processing action (late-init) from (/system/etc/init/hw/init.rc:82)
03-23 03:26:49.981     1     1 I init    : processing action (queue_property_triggers) from (<Builtin Action>:0)
03-23 03:26:49.981     1     1 I init    : processing action (early-fs) from (/init.recovery.usb.rc:28)
03-23 03:26:49.981     1     1 I init    : processing action (ro.debuggable=1 && fs) from (/system/etc/init/hw/init.rc:115)
03-23 03:26:49.981     1     1 I init    : processing action (sys.usb.configfs=0 && fs) from (/system/etc/init/hw/init.rc:140)
03-23 03:26:49.981     1     1 I init    : processing action (fs) from (/system/etc/init/hw/init.rc:147)
03-23 03:26:49.982     1     1 W         : request_module fs-functionfs succeeded, but still no fs?
03-23 03:26:49.982     1     1 I init    : Command 'mount functionfs adb /dev/usb-ffs/adb uid=2000,gid=2000' action=fs (/system/etc/init/hw/init.rc:151) took 0ms and failed: mount() failed: No such device
03-23 03:26:49.982     1     1 I init    : Command 'mount functionfs fastboot /dev/usb-ffs/fastboot rmode=0770,fmode=0660,uid=1000,gid=1000' action=fs (/system/etc/init/hw/init.rc:153) took 0ms and failed: mount() failed: No such device
03-23 03:26:49.982     1     1 I init    : processing action (fs) from (/init.recovery.ldconfig.rc:1)
03-23 03:26:49.982     1     1 I init    : processing action (fs) from (/init.recovery.usb.rc:31)
03-23 03:26:49.982     1     1 I         : Mass Storage Function, version: 2009/09/11
03-23 03:26:49.982     1     1 I LUN     : removable file: (no medium)
03-23 03:26:49.982     1     1 I         : file system registered
03-23 03:26:49.983     1     1 I init    : processing action (fs) from (/init.recovery.qcom.rc:33)
03-23 03:26:49.983     1     1 I init    : wait for '/dev/block/platform/soc/1d84000.ufshc' took 0ms
03-23 03:26:49.984     1     1 I init    : processing action (fs) from (/system/etc/init/vendor.qti.hardware.vibrator.service.rc:4)
03-23 03:26:49.984     1     1 I init    : processing action (post-fs) from (/init.recovery.qcom.rc:38)
03-23 03:26:49.984     1     1 I init    : Command 'stop keystore2' action=post-fs (/init.recovery.qcom.rc:43) took 0ms and failed: service keystore2 not found
03-23 03:26:49.984     1     1 I init    : processing action (post-fs-data) from (/system/etc/init/hw/init.rc:94)
03-23 03:26:49.984     1     1 I init    : processing action (post-fs-data) from (/system/etc/init/vendor.qti.hardware.vibrator.service.rc:31)
03-23 03:26:49.984   437   437 W logd    : libprocessgroup: Controller freezer is not found
03-23 03:26:49.984   437   437 W logd    : libprocessgroup: SetAttribute: unknown attribute: FreezerState
03-23 03:26:49.984   437   437 W logd    : libprocessgroup: SetAttribute: unknown attribute: FreezerState
03-23 03:26:49.985     1     1 I init    : processing action (firmware_mounts_complete) from (/system/etc/init/hw/init.rc:78)
03-23 03:26:49.985     1     1 I init    : processing action (boot) from (/system/etc/init/hw/init.rc:71)
03-23 03:26:49.985   437   437 I logd.auditd: start
03-23 03:26:49.975   440   440 I vndservicemanag: type=1400 audit(0.0:18): avc: denied { read } for name="vndbinder" dev="binder" ino=6 scontext=u:r:recovery:s0 tcontext=u:object_r:vndbinder_device:s0 tclass=chr_file permissive=1
03-23 03:26:49.975   440   440 I vndservicemanag: type=1400 audit(0.0:19): avc: denied { write } for name="vndbinder" dev="binder" ino=6 scontext=u:r:recovery:s0 tcontext=u:object_r:vndbinder_device:s0 tclass=chr_file permissive=1
03-23 03:26:49.975   440   440 I vndservicemanag: type=1400 audit(0.0:20): avc: denied { open } for path="/dev/binderfs/vndbinder" dev="binder" ino=6 scontext=u:r:recovery:s0 tcontext=u:object_r:vndbinder_device:s0 tclass=chr_file permissive=1
03-23 03:26:49.975   440   440 I vndservicemanag: type=1400 audit(0.0:21): avc: denied { ioctl } for path="/dev/binderfs/vndbinder" dev="binder" ino=6 ioctlcmd=0x6209 scontext=u:r:recovery:s0 tcontext=u:object_r:vndbinder_device:s0 tclass=chr_file permissive=1
03-23 03:26:49.975   440   440 I vndservicemanag: type=1400 audit(0.0:22): avc: denied { map } for path="/dev/binderfs/vndbinder" dev="binder" ino=6 scontext=u:r:recovery:s0 tcontext=u:object_r:vndbinder_device:s0 tclass=chr_file permissive=1
03-23 03:26:49.975   440   440 I vndservicemanag: type=1400 audit(0.0:23): avc: denied { create } for scontext=u:r:recovery:s0 tcontext=u:r:recovery:s0 tclass=netlink_selinux_socket permissive=1
03-23 03:26:49.979   440   440 I vndservicemanag: type=1400 audit(0.0:24): avc: denied { bind } for scontext=u:r:recovery:s0 tcontext=u:r:recovery:s0 tclass=netlink_selinux_socket permissive=1
03-23 03:26:49.979   440   440 I vndservicemanag: type=1400 audit(0.0:25): avc: denied { read } for name="perms" dev="selinuxfs" ino=67112490 scontext=u:r:recovery:s0 tcontext=u:object_r:selinuxfs:s0 tclass=dir permissive=1
03-23 03:26:49.979   440   440 I vndservicemanag: type=1400 audit(0.0:26): avc: denied { open } for path="/sys/fs/selinux/class/service_manager/perms" dev="selinuxfs" ino=67112490 scontext=u:r:recovery:s0 tcontext=u:object_r:selinuxfs:s0 tclass=dir permissive=1
03-23 03:26:49.979   440   440 I vndservicemanag: type=1400 audit(0.0:27): avc: denied { write } for name="access" dev="selinuxfs" ino=6 scontext=u:r:recovery:s0 tcontext=u:object_r:selinuxfs:s0 tclass=file permissive=1
03-23 03:26:49.979   440   440 I vndservicemanag: type=1400 audit(0.0:28): avc: denied { compute_av } for scontext=u:r:recovery:s0 tcontext=u:object_r:kernel:s0 tclass=security permissive=1
03-23 03:26:49.979   440   440 I vndservicemanag: type=1400 audit(0.0:29): avc: denied { set_context_mgr } for scontext=u:r:recovery:s0 tcontext=u:r:recovery:s0 tclass=binder permissive=1
03-23 03:26:49.987     1     1 I unknown : type=1107 audit(0.0:30): uid=0 auid=4294967295 ses=4294967295 subj=u:r:init:s0 msg='avc: denied { set } for property=hwservicemanager.ready pid=439 uid=0 gid=0 scontext=u:r:recovery:s0 tcontext=u:object_r:hwservicemanager_prop:s0 tclass=property_service permissive=1'
03-23 03:26:49.991   438   438 I android.hardwar: type=1400 audit(0.0:31): avc: denied { call } for scontext=u:r:recovery:s0 tcontext=u:r:recovery:s0 tclass=binder permissive=1
03-23 03:26:50.005   445   445 I adbd    : persist.adb.watchdog set to ''
03-23 03:26:50.005   445   445 I adbd    : persist.sys.test_harness set to ''
03-23 03:26:50.005   445   445 I adbd    : adb watchdog timeout set to 600 seconds
03-23 03:26:50.005   445   449 I adbd    : Waiting for persist.adb.tls_server.enable=1
03-23 03:26:50.005   445   445 I adbd    : adbd started
03-23 03:26:50.005   445   451 I adbd    : opening control endpoint /dev/usb-ffs/adb/ep0
03-23 03:26:50.006   445   451 I adbd    : UsbFfsConnection constructed
03-23 03:26:49.999   444   444 I recovery: type=1400 audit(0.0:32): avc: denied { getattr } for path="/sys/devices/virtual/thermal/thermal_zone34/temp" dev="sysfs" ino=87409 scontext=u:r:recovery:s0 tcontext=u:object_r:sysfs:s0 tclass=file permissive=1
03-23 03:26:50.006   445   452 I adbd    : UsbFfs-monitor thread spawned
03-23 03:26:50.003     1     1 I unknown : type=1107 audit(0.0:33): uid=0 auid=4294967295 ses=4294967295 subj=u:r:init:s0 msg='avc: denied { set } for property=ro.fastbootd.available pid=444 uid=0 gid=0 scontext=u:r:recovery:s0 tcontext=u:object_r:default_prop:s0 tclass=property_service permissive=1'
03-23 03:26:49.986     1     1 I init    : starting service 'recovery'...
03-23 03:26:49.986     1     1 I init    : Created socket '/dev/socket/recovery', mode 422, user 1000, group 1000
03-23 03:26:49.987   444   444 I KernelSU: hook_manager: unmark 444 exec /system/bin/recovery
03-23 03:26:49.991     1     1 I init    : processing action (boot) from (/init.recovery.qcom.rc:46)
03-23 03:26:49.991     1     1 I init    : processing action (enable_property_trigger) from (<Builtin Action>:0)
03-23 03:26:49.991     1     1 I init    : processing action (ro.debuggable=1) from (/system/etc/init/hw/init.rc:109)
03-23 03:26:49.991     1     1 I init    : processing action (sys.usb.config=adb) from (/system/etc/init/hw/init.rc:155)
03-23 03:26:49.991     1     1 I init    : starting service 'adbd'...
03-23 03:26:49.991     1     1 I init    : Created socket '/dev/socket/adbd', mode 660, user 1000, group 1000
03-23 03:26:49.992     1     1 I init    : processing action (ro.boot.usbcontroller=*) from (/init.recovery.usb.rc:66)
03-23 03:26:50.009   451   451 I         : read descriptors
03-23 03:26:50.009   451   451 W         : bcdVersion must be 0x0100, stored in Little Endian order. Userspace driver should be fixed, accepting 0x0001 for compatibility.
03-23 03:26:50.009   451   451 W         : bcdVersion must be 0x0100, stored in Little Endian order. Userspace driver should be fixed, accepting 0x0001 for compatibility.
03-23 03:26:50.009   451   451 I         : read strings
03-23 03:26:50.011   444   444 I recovery: type=1400 audit(0.0:34): avc: denied { write } for name="brightness" dev="sysfs" ino=109751 scontext=u:r:recovery:s0 tcontext=u:object_r:sysfs:s0 tclass=file permissive=1
03-23 03:26:50.011   444   444 I recovery: type=1400 audit(0.0:35): avc: denied { open } for path="/sys/devices/platform/soc/ae00000.qcom,mdss_mdp/backlight/panel0-backlight/brightness" dev="sysfs" ino=109751 scontext=u:r:recovery:s0 tcontext=u:object_r:sysfs:s0 tclass=file permissive=1
03-23 03:26:50.023   454   454 I chmod   : type=1400 audit(0.0:36): avc: denied { setattr } for name="aapt" dev="rootfs" ino=500 scontext=u:r:recovery:s0 tcontext=u:object_r:rootfs:s0 tclass=file permissive=1
03-23 03:26:50.042   444   444 W libc    : Unable to set property "ro.product.device" to "Metroid": error code: 0xb
03-23 03:26:50.035     1     1 I unknown : type=1107 audit(0.0:37): uid=0 auid=4294967295 ses=4294967295 subj=u:r:init:s0 msg='avc: denied { set } for property=ro.product.device pid=444 uid=0 gid=0 scontext=u:r:recovery:s0 tcontext=u:object_r:build_prop:s0 tclass=property_service permissive=1'
03-23 03:26:50.046   423   423 E init    : Unable to set property 'ro.product.device' from uid:0 gid:0 pid:444: Read-only property was already set
03-23 03:26:50.046   444   444 W libc    : Unable to set property "ro.fastbootd.available" to "1": error code: 0xb
03-23 03:26:50.050   423   423 E init    : Unable to set property 'ro.fastbootd.available' from uid:0 gid:0 pid:444: Read-only property was already set
03-23 03:26:50.053   444   444 W recovery: [libfs_mgr]Warning: unknown flag: sync
03-23 03:26:50.055   444   444 I recovery: Boot command: boot-recovery
03-23 03:26:50.055   444   444 W recovery: [libfs_mgr]Warning: unknown flag: sync
03-23 03:26:50.055   444   444 W recovery: [libfs_mgr]Warning: unknown flag: sync
03-23 03:26:50.051   444   444 I recovery: type=1400 audit(0.0:38): avc: denied { write } for name="etc" dev="rootfs" ino=778 scontext=u:r:recovery:s0 tcontext=u:object_r:rootfs:s0 tclass=dir permissive=1
03-23 03:26:50.051   444   444 I recovery: type=1400 audit(0.0:39): avc: denied { add_name } for name="mtab" scontext=u:r:recovery:s0 tcontext=u:object_r:rootfs:s0 tclass=dir permissive=1
03-23 03:26:50.051   444   444 I recovery: type=1400 audit(0.0:40): avc: denied { create } for name="mtab" scontext=u:r:recovery:s0 tcontext=u:object_r:rootfs:s0 tclass=lnk_file permissive=1
03-23 03:26:50.056   444   444 I recovery: [libfs_mgr]Created logical partition odm_a on device /dev/block/dm-0
03-23 03:26:50.057   444   444 I recovery: [libfs_mgr]Created logical partition odm_b on device /dev/block/dm-1
03-23 03:26:50.058   444   444 I recovery: [libfs_mgr]Created logical partition product_a on device /dev/block/dm-2
03-23 03:26:50.058   444   444 I recovery: [libfs_mgr]Created logical partition product_b on device /dev/block/dm-3
03-23 03:26:50.060   444   444 I recovery: [libfs_mgr]Created logical partition system_a on device /dev/block/dm-4
03-23 03:26:50.060   444   444 I recovery: [libfs_mgr]Created logical partition system_b on device /dev/block/dm-5
03-23 03:26:50.060   444   444 I recovery: [libfs_mgr]Created logical partition system_dlkm_a on device /dev/block/dm-6
03-23 03:26:50.061   444   444 I recovery: [libfs_mgr]Created logical partition system_dlkm_b on device /dev/block/dm-7
03-23 03:26:50.061   444   444 I recovery: [libfs_mgr]Created logical partition system_ext_a on device /dev/block/dm-8
03-23 03:26:50.061   444   444 I recovery: [libfs_mgr]Created logical partition system_ext_b on device /dev/block/dm-9
03-23 03:26:50.061   444   444 I recovery: [libfs_mgr]Created logical partition vendor_a on device /dev/block/dm-10
03-23 03:26:50.062   444   444 I recovery: [libfs_mgr]Created logical partition vendor_b on device /dev/block/dm-11
03-23 03:26:50.062   444   444 I recovery: [libfs_mgr]Created logical partition vendor_dlkm_a on device /dev/block/dm-12
03-23 03:26:50.062   444   444 I recovery: [libfs_mgr]Created logical partition vendor_dlkm_b on device /dev/block/dm-13
03-23 03:26:50.055   444   444 I recovery: type=1400 audit(0.0:41): avc: denied { create } for name="system_root" scontext=u:r:recovery:s0 tcontext=u:object_r:rootfs:s0 tclass=dir permissive=1
03-23 03:26:50.055   444   444 I recovery: type=1400 audit(0.0:42): avc: denied { ioctl } for path="/dev/block/dm-4" dev="tmpfs" ino=1032 ioctlcmd=0x5331 scontext=u:r:recovery:s0 tcontext=u:object_r:dm_device:s0 tclass=blk_file permissive=1
03-23 03:26:50.059   444   444 I recovery: type=1400 audit(0.0:43): avc: denied { write } for name="by-name" dev="tmpfs" ino=16 scontext=u:r:recovery:s0 tcontext=u:object_r:block_device:s0 tclass=dir permissive=1
03-23 03:26:50.059   444   444 I recovery: type=1400 audit(0.0:44): avc: denied { add_name } for name="system" scontext=u:r:recovery:s0 tcontext=u:object_r:block_device:s0 tclass=dir permissive=1
03-23 03:26:50.059   444   444 I recovery: type=1400 audit(0.0:45): avc: denied { create } for name="system" scontext=u:r:recovery:s0 tcontext=u:object_r:block_device:s0 tclass=lnk_file permissive=1
03-23 03:26:50.059   444   444 I recovery: type=1400 audit(0.0:46): avc: denied { remove_name } for name="system_ext" dev="rootfs" ino=3763 scontext=u:r:recovery:s0 tcontext=u:object_r:rootfs:s0 tclass=dir permissive=1
03-23 03:26:50.059   444   444 I recovery: type=1400 audit(0.0:47): avc: denied { unlink } for name="system_ext" dev="rootfs" ino=3763 scontext=u:r:recovery:s0 tcontext=u:object_r:rootfs:s0 tclass=lnk_file permissive=1
03-23 03:26:50.059   444   444 I recovery: type=1400 audit(0.0:48): avc: denied { ioctl } for path="/dev/block/dm-8" dev="tmpfs" ino=1044 ioctlcmd=0x5331 scontext=u:r:recovery:s0 tcontext=u:object_r:dm_device:s0 tclass=blk_file permissive=1
03-23 03:26:50.070   444   444 I erofs   : (device dm-4): mounted with root inode @ nid 56.
03-23 03:26:50.063   444   444 I recovery: type=1400 audit(0.0:49): avc: denied { ioctl } for path="/dev/block/dm-2" dev="tmpfs" ino=1026 ioctlcmd=0x5331 scontext=u:r:recovery:s0 tcontext=u:object_r:dm_device:s0 tclass=blk_file permissive=1
03-23 03:26:50.073   444   444 I erofs   : (device dm-8): mounted with root inode @ nid 43.
03-23 03:26:50.067   444   444 I recovery: type=1400 audit(0.0:50): avc: denied { ioctl } for path="/dev/block/dm-10" dev="tmpfs" ino=1050 ioctlcmd=0x5331 scontext=u:r:recovery:s0 tcontext=u:object_r:dm_device:s0 tclass=blk_file permissive=1
03-23 03:26:50.067   444   444 I recovery: type=1400 audit(0.0:51): avc: denied { ioctl } for path="/dev/block/dm-12" dev="tmpfs" ino=1056 ioctlcmd=0x5331 scontext=u:r:recovery:s0 tcontext=u:object_r:dm_device:s0 tclass=blk_file permissive=1
03-23 03:26:50.076   444   444 I erofs   : (device dm-2): mounted with root inode @ nid 40.
03-23 03:26:50.078   444   444 I erofs   : (device dm-10): mounted with root inode @ nid 53.
03-23 03:26:50.071   444   444 I recovery: type=1400 audit(0.0:52): avc: denied { ioctl } for path="/dev/block/dm-6" dev="tmpfs" ino=1038 ioctlcmd=0x5331 scontext=u:r:recovery:s0 tcontext=u:object_r:dm_device:s0 tclass=blk_file permissive=1
03-23 03:26:50.081   444   444 I erofs   : (device dm-12): mounted with root inode @ nid 39.
03-23 03:26:50.083   444   444 I erofs   : (device dm-6): mounted with root inode @ nid 38.
03-23 03:26:50.083   444   444 I SELinux : Context u:object_r:system_dlkm_file:s0 is not valid (left unmapped).
03-23 03:26:50.075   444   444 I recovery: type=1400 audit(0.0:53): avc: denied { ioctl } for path="/dev/block/dm-0" dev="tmpfs" ino=1018 ioctlcmd=0x5331 scontext=u:r:recovery:s0 tcontext=u:object_r:dm_device:s0 tclass=blk_file permissive=1
03-23 03:26:50.075   444   444 I recovery: type=1400 audit(0.0:54): avc: denied { read } for name="dev" dev="sysfs" ino=114453 scontext=u:r:recovery:s0 tcontext=u:object_r:sysfs:s0 tclass=file permissive=1
03-23 03:26:50.086   444   444 I erofs   : (device dm-0): mounted with root inode @ nid 39.
03-23 03:26:50.079   444   444 I recovery: type=1400 audit(0.0:55): avc: denied { search } for name="/" dev="sda2" ino=2 scontext=u:r:recovery:s0 tcontext=u:object_r:mnt_vendor_file:s0 tclass=dir permissive=1
03-23 03:26:50.079   444   444 I recovery: type=1400 audit(0.0:56): avc: denied { search } for name="rtc" dev="sysfs" ino=50972 scontext=u:r:recovery:s0 tcontext=u:object_r:sysfs_rtc:s0 tclass=dir permissive=1
03-23 03:26:50.079   444   444 I recovery: type=1400 audit(0.0:57): avc: denied { sys_time } for capability=25 scontext=u:r:recovery:s0 tcontext=u:r:recovery:s0 tclass=capability permissive=1
12-19 17:05:41.502   444   444 I recovery: type=1400 audit(0.0:58): avc: denied { getattr } for path="/persist" dev="sda2" ino=2 scontext=u:r:recovery:s0 tcontext=u:object_r:mnt_vendor_file:s0 tclass=dir permissive=1
12-19 17:05:41.502   444   444 I recovery: type=1400 audit(0.0:59): avc: denied { ioctl } for path="/dev/block/dm-10" dev="tmpfs" ino=1050 ioctlcmd=0x5331 scontext=u:r:recovery:s0 tcontext=u:object_r:dm_device:s0 tclass=blk_file permissive=1
03-23 03:26:50.088   444   444 I EXT4-fs (sda2): mounted filesystem ff66aedc-5453-43c7-bc86-73f499edface ro with ordered data mode. Quota mode: none.
03-23 03:26:50.088   444   444 I SELinux : Context u:object_r:vendor_persist_time_file:s0 is not valid (left unmapped).
03-23 03:26:50.088   444   444 I EXT4-fs (sda2): unmounting filesystem ff66aedc-5453-43c7-bc86-73f499edface.
03-23 03:26:50.091   444   444 I erofs   : (device dm-10): mounted with root inode @ nid 53.
12-19 17:05:41.502   444   444 I recovery: type=1400 audit(0.0:60): avc: denied { ioctl } for path="/dev/block/dm-12" dev="tmpfs" ino=1056 ioctlcmd=0x5331 scontext=u:r:recovery:s0 tcontext=u:object_r:dm_device:s0 tclass=blk_file permissive=1
03-23 03:26:50.093   444   444 I erofs   : (device dm-12): mounted with root inode @ nid 39.
03-23 03:26:50.435    10    10 I spi_geni 888000.spi: tx_fifo 0 rx_fifo 0 tx_width 0
03-23 03:26:50.436    10    10 I         : [matrix-leds]  read bytes led 26 ret 0
03-23 03:26:50.436    10    10 I         : [matrix-leds] chip id : [00000000000000000000101010000000]
03-23 03:26:50.436    10    10 I         : [matrix-leds] Successfully obtained chip ID: 0x10.
03-23 03:26:50.436    10    10 I         : [matrix-leds] SPI Speed 1000000Hz Mode 0(8 Bits)
03-23 03:26:50.436    10    10 I         : [matrix-leds] start_buf 0x000000006ceffcc8 size 2048
03-23 03:26:50.436    10    10 I [matrix-leds] IdxBuf@0: 000000006ceffcc8 status 0xFF next@0:000000002c635f5d 0x0
03-23 03:26:50.436    10    10 I [matrix-leds] IdxBuf@1: 000000002c635f5d status 0xFF next@0:00000000c0e80a90 0x0
03-23 03:26:50.436    10    10 I [matrix-leds] IdxBuf@2: 00000000c0e80a90 status 0xFF next@0:000000008b142789 0x0
03-23 03:26:50.436    10    10 I [matrix-leds] IdxBuf@3: 000000008b142789 status 0xFF next@0:0000000065960c9b 0x0
03-23 03:26:50.436    10    10 I [matrix-leds] IdxBuf@4: 0000000065960c9b status 0xFF next@0:0000000082b5ba11 0x0
03-23 03:26:50.436    10    10 I [matrix-leds] IdxBuf@5: 0000000082b5ba11 status 0xFF next@0:0000000043074279 0x0
03-23 03:26:50.436    10    10 I [matrix-leds] IdxBuf@6: 0000000043074279 status 0xFF next@0:0000000029c9d91c 0x0
03-23 03:26:50.436    10    10 I [matrix-leds] IdxBuf@7: 0000000029c9d91c status 0xFF next@0:000000006ceffcc8 0xFF
03-23 03:26:50.436    10    10 I         : [matrix-leds] create work
03-23 03:26:50.436    10    10 I         : [matrix-leds] fw upgrade init function
03-23 03:26:50.436    10    10 I         : [matrix-leds] probe success
03-23 03:26:50.436    10    10 I spi_geni 888000.spi: spi_geni_probe: completed 0
03-23 03:26:50.437    10    10 I boot_kpi: M - DRIVER GENI_SPI_10 Ready
03-23 03:26:50.439    10    10 I boot_kpi: M - DRIVER GENI_HS_UART_0 Init
03-23 03:26:50.439    10    10 I msm_geni_serial 898000.qcom,qup_uart: Wakeup byte 0xfd
03-23 03:26:50.440    10    10 I msm_geni_serial 898000.qcom,qup_uart: Serial port: 0 added.FifoSize: 64 is_console: 0
03-23 03:26:50.441    10    10 I msm_geni_serial 898000.qcom,qup_uart: gsi_mode:0
03-23 03:26:50.441    10    10 I 898000.qcom,qup_uart: ttyHS0 at MMIO 0x898000 (irq = 284, base_baud = 0) is a MSM
03-23 03:26:50.442    10    10 I boot_kpi: M - DRIVER GENI_HS_UART_0 Ready
03-23 03:26:50.444    10    10 I boot_kpi: M - DRIVER GENI_I2C Init
03-23 03:26:50.444    10    10 I i2c_geni 89c000.i2c: Bus frequency is set to 1000000Hz.
03-23 03:26:50.445    10    10 I <haptic_hv>aw_i2c_probe: enter
03-23 03:26:50.445    10    10 I [haptic_hv][0156]parse_dt_gpio: reset gpio provide ok 698
03-23 03:26:50.445    10    10 I [haptic_hv][0161]parse_dt_gpio: irq gpio provide ok irq = 745.
03-23 03:26:50.445    10    10 I [haptic_hv][4824]aw_i2c_probe: aw_haptic->pinctrl state:0
03-23 03:26:50.445    10    10 I [haptic_hv][4833]aw_i2c_probe: irq_gpio state:1
03-23 03:26:50.445    10    10 I [haptic_hv][0260]ctrl_init: enter
03-23 03:26:50.445    10    10 I [haptic_hv][0187]hw_reset: enter
03-23 03:26:50.446   419   419 I         : [matrix-leds] write bytes len 988, ret 0
03-23 03:26:50.446   419   419 I         : [matrix-leds]  read bytes led 16 ret 0
03-23 03:26:50.446   419   419 I         : [matrix-leds] fw id [00000000000000001419070101170000]
03-23 03:26:50.446   419   419 I         : [matrix-leds] Firmware version is the same, no need to update.
03-23 03:26:50.446   419   419 I         : [matrix-leds] video_data_loaded is 0.
03-23 03:26:50.456    10    10 I [haptic_hv][0309]aw8693x_check_qualify: qualified chip
03-23 03:26:50.456    10    10 I [haptic_hv][0473]parse_chipid: detected aw86938.
03-23 03:26:50.456    10    10 I [haptic_hv][1748]aw8693x_parse_dt: track en = 1
03-23 03:26:50.456    10    10 I [haptic_hv][1752]aw8693x_parse_dt: auto bst = 0
03-23 03:26:50.456    10    10 I [haptic_hv][1756]aw8693x_parse_dt: onewire = 0
03-23 03:26:50.465    10    10 I [haptic_hv][1501]aw8693x_offset_cali: os_code = -1
03-23 03:26:50.465    10    10 I [haptic_hv][4527]vibrator_init: enter
03-23 03:26:50.465    10    10 I [haptic_hv][4555]vibrator_init: loaded in leds_cdev framework!
03-23 03:26:50.465    10    10 I [haptic_hv][4686]haptic_init: enter
03-23 03:26:50.465    10    10 I [haptic_hv][4615]haptic_get_cmd: haptic_get_cmd: bootargs: loglevel=6 cpufreq.default_governor=performance sysctl.kernel.sched_pelt_multiplier=4 no-steal-acc kpti=0 swiotlb=0 loop.max_part=7 pcie_ports=compat irqaffinity=0-1 printk.console_no_auto_verbose=1 kasan=off rcupdate.rcu_expedited=1 rcu_nocbs=0-7 kernel.panic_on_rcu_stall=1 disable_dma32=on cgroup_disable=pressure fw_devlink.strict=1 can.stats_timer=0 ftrace_dump_on_oops cpufreq.default_governor=performance page_poison=on cgroup.memory=nokmem,nosocket pci-msm-drv.pcie_sm_regs=0x1D07000,0x1040,0x1048,0x3000,0x1 restrict_cma_redirect=false video=vfb:640x400,bpp=32,memsize=3072000 qcom_geni_serial.con_enabled=0 nosoftlockup console=ttynull qcom_geni_serial.con_enabled=0 log_buf_len=1M ignore_loglevel printk.devkmsg=on bootconfig  secure_state.is_secure_fuse=1 rpmb_state.is_secure_rpmb=1 erofs.reserved_pages=128 msm_drm.dsi_display0=qcom,mdss_dsi_rm692j0_120hz_fhd_plus_dsc_cmd: haptic.uefi_f0_calidata=123 haptic.uefi_f0=1681 rootwait ro init=/init sil
03-23 03:26:50.465    10    10 I         : haptic_get_cmdline_f0_data ptr = haptic.uefi_f0=1681 rootwait ro init=/init silent_boot.mode=nonsilent
03-23 03:26:50.465    10    10 I         : haptic_get_cmdline_f0_data haptic.uefi_f0 = 1681
03-23 03:26:50.465    10    10 I         : haptic_get_cmdline_f0_data ptr = haptic.uefi_f0=1681 rootwait ro init=/init silent_boot.mode=nonsilent
03-23 03:26:50.465    10    10 I         : haptic_get_cmdline_f0_data haptic.uefi_f0 = 1681
03-23 03:26:50.465    10    10 I         : haptic_init uefi_f0_tmp = 1681
03-23 03:26:50.465    10    10 I         : haptic_get_cmdline_cali_data ptr = haptic.uefi_f0_calidata=123 haptic.uefi_f0=1681 rootwait ro init=/init silent_boot.mode=nonsilent
03-23 03:26:50.465    10    10 I         : haptic_get_cmdline_cali_data haptic.uefi_f0_calidata = 123
03-23 03:26:50.465    10    10 I         : haptic_get_cmdline_cali_data ptr = haptic.uefi_f0_calidata=123 haptic.uefi_f0=1681 rootwait ro init=/init silent_boot.mode=nonsilent
03-23 03:26:50.465    10    10 I         : haptic_get_cmdline_cali_data haptic.uefi_f0_calidata = 123
03-23 03:26:50.465    10    10 I         : haptic_init f0_calidata = 123
03-23 03:26:50.465    10    10 I [haptic_hv][0561]aw8693x_play_mode: enter standby mode
03-23 03:26:50.466    10    10 I [haptic_hv][1772]aw8693x_misc_para_init: LCC use dts cont_drv2_lvl:48
03-23 03:26:50.466    10    10 W aw8693x_misc_para_init aw_haptic->index: 1
03-23 03:26:50.467    10    10 I [haptic_hv][0710]aw8693x_protect_config: enable protection mode
03-23 03:26:50.467    10    10 I [haptic_hv][0522]aw8693x_vbat_ref_config: enter
03-23 03:26:50.467    10    10 I [haptic_hv][1819]aw8693x_misc_para_init: cont_drv_width=0x6A
03-23 03:26:50.468    10    10 I [haptic_hv][0360]aw8693x_set_bst_vol: set bst vol = 9000 mV, reg_val = 0x11
03-23 03:26:50.469    10    10 I [haptic_hv][0649]aw8693x_stop: enter
03-23 03:26:50.470    10    10 I [haptic_hv][0486]aw8693x_wait_enter_standby: entered standby!
03-23 03:26:50.475    10    10 I [haptic_hv][1415]aw8693x_get_lra_resistance: r0=8586
03-23 03:26:50.475    10    10 I [haptic_hv][1365]aw_get_uefi_params_data: haptic_lra_f0 = 1681
03-23 03:26:50.475    10    10 I [haptic_hv][1366]aw_get_uefi_params_data: haptic_cont_f0 = 1718
03-23 03:26:50.475    10    10 I [haptic_hv][1367]aw_get_uefi_params_data: haptic_fitting_f0 = 1699
03-23 03:26:50.475    10    10 I [haptic_hv][1368]aw_get_uefi_params_data: haptic_r0 = 8586
03-23 03:26:50.475    10    10 I [haptic_hv][1369]aw_get_uefi_params_data: f0_cali_data = 0x007b
03-23 03:26:50.475    10    10 I [haptic_hv][1371]aw_get_uefi_params_data: uefi_sample_param[0] = 0x016a
03-23 03:26:50.475    10    10 I [haptic_hv][1371]aw_get_uefi_params_data: uefi_sample_param[1] = 0x0127
03-23 03:26:50.475    10    10 I [haptic_hv][1371]aw_get_uefi_params_data: uefi_sample_param[2] = 0x00ef
03-23 03:26:50.475    10    10 I [haptic_hv][1371]aw_get_uefi_params_data: uefi_sample_param[3] = 0x0691
03-23 03:26:50.475    10    10 I [haptic_hv][1371]aw_get_uefi_params_data: uefi_sample_param[4] = 0x06b6
03-23 03:26:50.475    10    10 I [haptic_hv][1371]aw_get_uefi_params_data: uefi_sample_param[5] = 0x218a
03-23 03:26:50.475    10    10 I [haptic_hv][0674]aw8693x_upload_lra: write f0_cali_data to trim_lra = 0x7B
03-23 03:26:50.475    10    10 I         : haptic_init aw_get_sample_params
03-23 03:26:50.475    10    10 I         : haptic_init set default gain:128
03-23 03:26:50.475    10    10 I [haptic_hv][4894]aw_i2c_probe: probe completed successfully!
03-23 03:26:50.475    10    10 I [haptic_hv][4949]aw_i2c_probe: create proc file success!
03-23 03:26:50.475    10    10 I boot_kpi: M - DRIVER GENI_I2C_15 Ready
03-23 03:26:50.475    10    10 I i2c_geni 89c000.i2c: I2C probed
03-23 03:26:50.476    10    10 W         : [ois] 754 753
03-23 03:26:50.476    10    10 I         : [ois_parse_dts:145] main_vdd_max_uv=3300000, main_vdd_min_uv=3200000, sub_vdd_max_uv=2900000, sub_vdd_min_uv=2800000
03-23 03:26:50.478    10    10 W         : ois_parse_dts success
03-23 03:26:50.479    10    10 E debugfs : Directory 'a600000.ssusb' with parent '/' already present!
03-23 03:26:50.479    10    10 E msm-dwc3 a600000.ssusb: error -ENXIO: IRQ hs_phy_irq not found
03-23 03:26:50.480    10    10 E msm-dwc3 a600000.ssusb: error -EINVAL: error finding dst node
03-23 03:26:50.480   419   419 I         : [matrix-leds] write bytes len 4106, ret 0
03-23 03:26:50.480    10    10 E msm-dwc3 a600000.ssusb: Unable to get vbus regulator err: -19
03-23 03:26:50.480    10    10 E pmic_glink soc: qcom,pmic_glink: Failed to create device link (0x180) with a600000.ssusb
03-23 03:26:50.480     1     1 I init    : wait for '/sys/bus/platform/devices/a600000.ssusb/mode' took 488ms
03-23 03:26:50.480     1     1 I init    : Command 'wait /sys/bus/platform/devices/${ro.boot.usb.dwc3_msm:-a600000.ssusb}/mode' action=ro.boot.usbcontroller=* (/init.recovery.usb.rc:68) took 488ms and succeeded
03-23 03:26:50.480     1     1 I init    : Service 'boot-hal-1-2' (pid 438) exited with status 1
03-23 03:26:50.480     1     1 I init    : Sending signal 9 to service 'boot-hal-1-2' (pid 438) process group...
03-23 03:26:50.480     1     1 I libprocessgroup: Successfully killed process cgroup uid 0 pid 438 in 0ms
12-19 17:05:41.890     1     1 I init    : type=1400 audit(0.0:61): avc: denied { write } for name="mode" dev="sysfs" ino=122780 scontext=u:r:init:s0 tcontext=u:object_r:sysfs:s0 tclass=file permissive=1
12-19 17:05:41.890     1     1 I init    : type=1400 audit(0.0:62): avc: denied { open } for path="/sys/devices/platform/soc/a600000.ssusb/mode" dev="sysfs" ino=122780 scontext=u:r:init:s0 tcontext=u:object_r:sysfs:s0 tclass=file permissive=1
03-23 03:26:50.481     1     1 W init    : wait for '/sys/class/udc/a600000.dwc3' timed out and took 0ms
03-23 03:26:50.481     1     1 I init    : Command 'wait /sys/class/udc/${ro.boot.usbcontroller} 0' action=ro.boot.usbcontroller=* (/init.recovery.usb.rc:70) took 0ms and failed: wait_for_file() failed
03-23 03:26:50.483    10    10 I msm-dwc3 a600000.ssusb: DWC3 exited from low power mode
03-23 03:26:50.484    10    10 I eusb2-repeater c42d000.qcom,spmi: qcom,pmih010x@7:eusb2-repeater@fd00: eUSB2 repeater status:OK
03-23 03:26:50.484    10    10 E msm-usb-ssphy-qmp 88e8000.ssphy: USB DP QMP PHY: Update TYPEC CTRL(2)
03-23 03:26:50.486    10    10 I dwc3 a600000.dwc3: Adding to iommu group 10
03-23 03:26:50.487    10    10 I eusb2-repeater c42d000.qcom,spmi: qcom,pmih010x@7:eusb2-repeater@fd00: eUSB2 repeater status:OK
03-23 03:26:50.487    10    10 E msm-usb-ssphy-qmp 88e8000.ssphy: USB DP QMP PHY: Update TYPEC CTRL(2)
03-23 03:26:50.541     1     1 I init    : wait for '/sys/class/udc/a600000.dwc3' took 30ms
03-23 03:26:50.542     1     1 I init    : processing action (sys.usb.config=adb && sys.usb.configfs=1) from (/init.recovery.usb.rc:90)
03-23 03:26:50.542     1     1 I init    : processing action (service.adb.root=1) from (/system/etc/init/hw/init.rc:124)
03-23 03:26:50.542     1     1 I init    : Sending signal 9 to service 'adbd' (pid 445) process group...
03-23 03:26:50.547     1     1 I libprocessgroup: Successfully killed process cgroup uid 0 pid 445 in 5ms
03-23 03:26:50.578     1     1 I init    : Service 'adbd' (pid 445) received signal 9
03-23 03:26:50.578     1     1 I init    : processing action (sys.usb.config=adb && sys.usb.configfs=1 && sys.usb.ffs.ready=1) from (/system/etc/init/hw/init.rc:201)
03-23 03:26:50.579     1     1 I eusb2-repeater c42d000.qcom,spmi: qcom,pmih010x@7:eusb2-repeater@fd00: eUSB2 repeater status:OK
03-23 03:26:50.579     1     1 E msm-usb-ssphy-qmp 88e8000.ssphy: USB DP QMP PHY: Update TYPEC CTRL(2)
03-23 03:26:50.603     1     1 E udc a600000.dwc3: failed to start g1: -77
03-23 03:26:50.603     1     1 W configfs-gadget.g1: probe of gadget.0 failed with error -77
03-23 03:26:50.603     1     1 W UDC core: g1: couldn't find an available UDC or it's busy
03-23 03:26:50.603     1     1 I init    : Command 'write /config/usb_gadget/g1/UDC ${sys.usb.controller}' action=sys.usb.config=adb && sys.usb.configfs=1 && sys.usb.ffs.ready=1 (/system/etc/init/hw/init.rc:205) took 24ms and failed: Unable to write to file '/config/usb_gadget/g1/UDC': Unable to write file contents: Device or resource busy
03-23 03:26:50.603     1     1 I init    : processing action (sys.usb.config=adb && sys.usb.configfs=1 && sys.usb.ffs.ready=1) from (/init.recovery.usb.rc:96)
03-23 03:26:50.603     1     1 I init    : Command 'symlink /config/usb_gadget/g1/functions/ffs.adb /config/usb_gadget/g1/configs/b.1/f1' action=sys.usb.config=adb && sys.usb.configfs=1 && sys.usb.ffs.ready=1 (/init.recovery.usb.rc:100) took 0ms and failed: symlink() failed: File exists
03-23 03:26:50.605     1     1 I eusb2-repeater c42d000.qcom,spmi: qcom,pmih010x@7:eusb2-repeater@fd00: eUSB2 repeater status:OK
03-23 03:26:50.605     1     1 E msm-usb-ssphy-qmp 88e8000.ssphy: USB DP QMP PHY: Update TYPEC CTRL(2)
03-23 03:26:50.616   419   419 I         : [matrix-leds] write bytes len 4106, ret 0
03-23 03:26:50.627     1     1 E udc a600000.dwc3: failed to start g1: -77
03-23 03:26:50.627     1     1 W configfs-gadget.g1: probe of gadget.0 failed with error -77
03-23 03:26:50.627     1     1 W UDC core: g1: couldn't find an available UDC or it's busy
03-23 03:26:50.627     1     1 I init    : Command 'write /config/usb_gadget/g1/UDC ${sys.usb.controller}' action=sys.usb.config=adb && sys.usb.configfs=1 && sys.usb.ffs.ready=1 (/init.recovery.usb.rc:101) took 23ms and failed: Unable to write to file '/config/usb_gadget/g1/UDC': Unable to write file contents: Device or resource busy
03-23 03:26:50.752   419   419 I         : [matrix-leds] write bytes len 4106, ret 0
12-19 17:05:42.206   444   444 I recovery: type=1400 audit(0.0:63): avc: denied { read } for name="modules" dev="proc" ino=4026532049 scontext=u:r:recovery:s0 tcontext=u:object_r:proc_modules:s0 tclass=file permissive=1
12-19 17:05:42.206   444   444 I recovery: type=1400 audit(0.0:64): avc: denied { open } for path="/proc/modules" dev="proc" ino=4026532049 scontext=u:r:recovery:s0 tcontext=u:object_r:proc_modules:s0 tclass=file permissive=1
12-19 17:05:42.206   444   444 I recovery: type=1400 audit(0.0:65): avc: denied { getattr } for path="/proc/modules" dev="proc" ino=4026532049 scontext=u:r:recovery:s0 tcontext=u:object_r:proc_modules:s0 tclass=file permissive=1
12-19 17:05:42.206   444   444 I recovery: type=1400 audit(0.0:66): avc: denied { mounton } for path="/vendor_dlkm/lib/modules" dev="dm-12" ino=81 scontext=u:r:recovery:s0 tcontext=u:object_r:vendor_file:s0 tclass=dir permissive=1
12-19 17:05:42.206   444   444 I recovery: type=1400 audit(0.0:67): avc: denied { sys_module } for capability=16 scontext=u:r:recovery:s0 tcontext=u:r:recovery:s0 tclass=capability permissive=1
12-19 17:05:42.206   444   444 I recovery: type=1400 audit(0.0:68): avc: denied { module_load } for path="/vendor_dlkm/lib/modules/qcom_glink.ko" dev="tmpfs" ino=206 scontext=u:r:recovery:s0 tcontext=u:object_r:tmpfs:s0 tclass=system permissive=1
12-19 17:05:42.211   444   444 I recovery: Loading module /vendor/lib/modules/qcom_glink.ko with args ''
12-19 17:05:42.211   444   444 I recovery: Loading module /vendor/lib/modules/qcom_glink_smem.ko with args ''
12-19 17:05:42.211   444   444 I recovery: Loading module /vendor/lib/modules/qcom_smd.ko with args ''
12-19 17:05:42.211   444   444 I recovery: Loading module /vendor/lib/modules/rproc_qcom_common.ko with args ''
12-19 17:05:42.211   444   444 I recovery: Loading module /vendor/lib/modules/panel_event_notifier.ko with args ''
12-19 17:05:42.212   444   444 I recovery: Loading module /vendor/lib/modules/qmi_helpers.ko with args ''
12-19 17:05:42.212   444   444 I recovery: Loading module /vendor/lib/modules/pdr_interface.ko with args ''
12-19 17:05:42.212   444   444 I recovery: Loading module /vendor/lib/modules/qti_pmic_glink.ko with args ''
12-19 17:05:42.212   444   444 I recovery: Loading module /vendor/lib/modules/qti_battery_charger.ko with args ''
12-19 17:05:42.212   444   444 I recovery: Loading module /vendor/lib/modules/qcom_sysmon.ko with args ''
12-19 17:05:42.212   444   444 I recovery: Loading module /vendor/lib/modules/qcom_ramdump.ko with args ''
12-19 17:05:42.213   444   444 I recovery: Loaded kernel module /vendor/lib/modules/q6_dlkm.ko
12-19 17:05:42.213   444   444 I recovery: Loading module /vendor/lib/modules/leds-qpnp-vibrator-ldo.ko with args ''
12-19 17:05:42.213   444   444 I recovery: Loading module /vendor/lib/modules/hwmon.ko with args ''
12-19 17:05:42.213   444   444 I recovery: Loading module /vendor/lib/modules/haptic.ko with args 'uefi_f0_calidata=123 uefi_f0=1681'
12-19 17:05:42.213   444   444 I recovery: Loading module /vendor/lib/modules/gh_mem_notifier.ko with args ''
12-19 17:05:42.213   444   444 I recovery: Loading module /vendor/lib/modules/gh_irq_lend.ko with args ''
12-19 17:05:42.213   444   444 I recovery: Loading module /vendor/lib/modules/qts.ko with args ''
12-19 17:05:42.214   444   444 I recovery: Loaded kernel module /vendor/lib/modules/qts.ko
12-19 17:05:42.214   444   444 I recovery: Loading module /vendor/lib/modules/goodix_ts.ko with args ''
12-19 17:05:42.215   444   444 I recovery: Loaded kernel module /vendor/lib/modules/goodix_ts.ko
12-19 17:05:42.216   444   444 I recovery: Loading module /vendor/lib/modules/touchpanel_event_notify.ko with args ''
12-19 17:05:42.216   444   444 I recovery: Loading module /vendor/lib/modules/nt_display_notifier.ko with args ''
12-19 17:05:42.216   444   444 I recovery: Loading module /vendor/lib/modules/goodix_fp.ko with args ''
12-19 17:05:42.216   444   444 I recovery: Loading module /vendor/lib/modules/focaltech_tp.ko with args ''
