12-19 16:10:54.253   434   434 E ServiceManager: Waiting 1s on context object on /dev/binder.
03-23 02:32:02.814   434   434 W binder_debug: 2 callbacks suppressed
03-23 02:32:02.814   434   434 I binder  : 434:434 cannot find target node
03-23 02:32:02.814   434   434 I binder  : 434:434 transaction call to 0:0 failed 268/29189/-22, code 1599098439 size 0-0 line 3348
03-23 02:32:02.829   419   419 I aw9380x_cap 8-0012: [aw9380x_rc_irqscr:3728] i2c read reg: 0xf080, val= 16
03-23 02:32:02.829   419   419 I aw9380x_cap 8-0012: [aw9380x_cap_default_irq_handle:4109] gpio_low_count 1
03-23 02:32:02.830   419   419 I aw9380x_cap 8-0012: [aw9380x_irq_handle_func:4065] IRQSEN = 0x000F0FFF
03-23 02:32:02.830   419   419 I aw9380x_cap 8-0012: [aw9380x_irq_handle_func:4067] IRQSRC = 0x00000010
03-23 02:32:02.830   419   419 I aw9380x_cap 8-0012: [aw9380x_noth_button_key_report:3855] touch0_state Cap 0 Force 0 currentBtn 0
03-23 02:32:02.834   103   103 I aw9380x_cap 8-0012: [aw9380x_data_update_work_func:1899] force: rawdata = 0 diff = 853796 baseline = 1856, cap: rawdata = 0 diff = 0 baseline = 0
03-23 02:32:02.851   419   419 I aw9380x_cap 8-0012: [aw9380x_rc_irqscr:3728] i2c read reg: 0xf080, val= 16
03-23 02:32:02.851   419   419 I aw9380x_cap 8-0012: [aw9380x_cap_default_irq_handle:4109] gpio_low_count 1
03-23 02:32:02.852   419   419 I aw9380x_cap 8-0012: [aw9380x_irq_handle_func:4065] IRQSEN = 0x000F0FFF
03-23 02:32:02.852   419   419 I aw9380x_cap 8-0012: [aw9380x_irq_handle_func:4067] IRQSRC = 0x00000010
03-23 02:32:02.852   419   419 I aw9380x_cap 8-0012: [aw9380x_noth_button_key_report:3855] touch0_state Cap 0 Force 0 currentBtn 0
03-23 02:32:02.862   103   103 I aw9380x_cap 8-0012: [aw9380x_data_update_work_func:1899] force: rawdata = 0 diff = 853796 baseline = 1856, cap: rawdata = 0 diff = 0 baseline = 0
03-23 02:32:02.890   103   103 I aw9380x_cap 8-0012: [aw9380x_data_update_work_func:1899] force: rawdata = 0 diff = 853796 baseline = 1856, cap: rawdata = 0 diff = 0 baseline = 0
03-23 02:32:02.894   419   419 I aw9380x_cap 8-0012: [aw9380x_rc_irqscr:3728] i2c read reg: 0xf080, val= 16
03-23 02:32:02.894   419   419 I aw9380x_cap 8-0012: [aw9380x_cap_default_irq_handle:4109] gpio_low_count 1
03-23 02:32:02.894   419   419 I aw9380x_cap 8-0012: [aw9380x_irq_handle_func:4065] IRQSEN = 0x000F0FFF
03-23 02:32:02.894   419   419 I aw9380x_cap 8-0012: [aw9380x_irq_handle_func:4067] IRQSRC = 0x00000010
03-23 02:32:02.895   419   419 I aw9380x_cap 8-0012: [aw9380x_noth_button_key_report:3855] touch0_state Cap 0 Force 0 currentBtn 0
03-23 02:32:02.916   419   419 I aw9380x_cap 8-0012: [aw9380x_rc_irqscr:3728] i2c read reg: 0xf080, val= 16
03-23 02:32:02.916   419   419 I aw9380x_cap 8-0012: [aw9380x_cap_default_irq_handle:4109] gpio_low_count 1
03-23 02:32:02.916   419   419 I aw9380x_cap 8-0012: [aw9380x_irq_handle_func:4065] IRQSEN = 0x000F0FFF
03-23 02:32:02.916   419   419 I aw9380x_cap 8-0012: [aw9380x_irq_handle_func:4067] IRQSRC = 0x00000010
03-23 02:32:02.917   419   419 I aw9380x_cap 8-0012: [aw9380x_noth_button_key_report:3855] touch0_state Cap 0 Force 0 currentBtn 0
03-23 02:32:02.918   103   103 I aw9380x_cap 8-0012: [aw9380x_data_update_work_func:1899] force: rawdata = 0 diff = 853796 baseline = 1856, cap: rawdata = 0 diff = 0 baseline = 0
03-23 02:32:02.946   103   103 I aw9380x_cap 8-0012: [aw9380x_data_update_work_func:1899] force: rawdata = 0 diff = 853796 baseline = 1856, cap: rawdata = 0 diff = 0 baseline = 0
03-23 02:32:02.958   419   419 I aw9380x_cap 8-0012: [aw9380x_rc_irqscr:3728] i2c read reg: 0xf080, val= 2097168
03-23 02:32:02.958   419   419 I aw9380x_cap 8-0012: [aw9380x_cap_default_irq_handle:4109] gpio_low_count 1
03-23 02:32:02.959   419   419 I aw9380x_cap 8-0012: [aw9380x_irq_handle_func:4065] IRQSEN = 0x000F0FFF
03-23 02:32:02.959   419   419 I aw9380x_cap 8-0012: [aw9380x_irq_handle_func:4067] IRQSRC = 0x00200010
03-23 02:32:02.959   419   419 I aw9380x_cap 8-0012: [aw9380x_noth_button_key_report:3855] touch0_state Cap 0 Force 0 currentBtn 0
03-23 02:32:02.965   411   411 E wcd-usbss-i2c-driver 3-000e: wcd_usbss_is_in_reset_state: Surge check #3 failed
03-23 02:32:02.974   103   103 I aw9380x_cap 8-0012: [aw9380x_data_update_work_func:1899] force: rawdata = 0 diff = 853796 baseline = 1856, cap: rawdata = 0 diff = 0 baseline = 0
03-23 02:32:02.980   419   419 I aw9380x_cap 8-0012: [aw9380x_rc_irqscr:3728] i2c read reg: 0xf080, val= 16
03-23 02:32:02.980   419   419 I aw9380x_cap 8-0012: [aw9380x_cap_default_irq_handle:4109] gpio_low_count 1
03-23 02:32:02.981   419   419 I aw9380x_cap 8-0012: [aw9380x_irq_handle_func:4065] IRQSEN = 0x000F0FFF
03-23 02:32:02.981   419   419 I aw9380x_cap 8-0012: [aw9380x_irq_handle_func:4067] IRQSRC = 0x00000010
03-23 02:32:02.981   419   419 I aw9380x_cap 8-0012: [aw9380x_noth_button_key_report:3855] touch0_state Cap 0 Force 0 currentBtn 0
03-23 02:32:03.002   103   103 I aw9380x_cap 8-0012: [aw9380x_data_update_work_func:1899] force: rawdata = 0 diff = 853796 baseline = 1856, cap: rawdata = 0 diff = 0 baseline = 0
03-23 02:32:03.023   419   419 I aw9380x_cap 8-0012: [aw9380x_rc_irqscr:3728] i2c read reg: 0xf080, val= 2097168
03-23 02:32:03.023   419   419 I aw9380x_cap 8-0012: [aw9380x_cap_default_irq_handle:4109] gpio_low_count 1
03-23 02:32:03.023   419   419 I aw9380x_cap 8-0012: [aw9380x_irq_handle_func:4065] IRQSEN = 0x000F0FFF
03-23 02:32:03.023   419   419 I aw9380x_cap 8-0012: [aw9380x_irq_handle_func:4067] IRQSRC = 0x00200010
03-23 02:32:03.024   419   419 I aw9380x_cap 8-0012: [aw9380x_noth_button_key_report:3855] touch0_state Cap 0 Force 0 currentBtn 0
03-23 02:32:03.030   103   103 I aw9380x_cap 8-0012: [aw9380x_data_update_work_func:1899] force: rawdata = 0 diff = 853796 baseline = 1856, cap: rawdata = 0 diff = 0 baseline = 0
03-23 02:32:03.045   419   419 I aw9380x_cap 8-0012: [aw9380x_rc_irqscr:3728] i2c read reg: 0xf080, val= 16
03-23 02:32:03.045   419   419 I aw9380x_cap 8-0012: [aw9380x_cap_default_irq_handle:4109] gpio_low_count 1
03-23 02:32:03.045   419   419 I aw9380x_cap 8-0012: [aw9380x_irq_handle_func:4065] IRQSEN = 0x000F0FFF
03-23 02:32:03.045   419   419 I aw9380x_cap 8-0012: [aw9380x_irq_handle_func:4067] IRQSRC = 0x00000010
03-23 02:32:03.046   419   419 I aw9380x_cap 8-0012: [aw9380x_noth_button_key_report:3855] touch0_state Cap 0 Force 0 currentBtn 0
03-23 02:32:03.058   103   103 I aw9380x_cap 8-0012: [aw9380x_data_update_work_func:1899] force: rawdata = 0 diff = 853796 baseline = 1856, cap: rawdata = 0 diff = 0 baseline = 0
03-23 02:32:03.086   103   103 I aw9380x_cap 8-0012: [aw9380x_data_update_work_func:1899] force: rawdata = 0 diff = 853796 baseline = 1856, cap: rawdata = 0 diff = 0 baseline = 0
03-23 02:32:03.087   419   419 I aw9380x_cap 8-0012: [aw9380x_rc_irqscr:3728] i2c read reg: 0xf080, val= 16
03-23 02:32:03.087   419   419 I aw9380x_cap 8-0012: [aw9380x_cap_default_irq_handle:4109] gpio_low_count 1
03-23 02:32:03.088   419   419 I aw9380x_cap 8-0012: [aw9380x_irq_handle_func:4065] IRQSEN = 0x000F0FFF
03-23 02:32:03.088   419   419 I aw9380x_cap 8-0012: [aw9380x_irq_handle_func:4067] IRQSRC = 0x00000010
03-23 02:32:03.088   419   419 I aw9380x_cap 8-0012: [aw9380x_noth_button_key_report:3855] touch0_state Cap 0 Force 0 currentBtn 0
03-23 02:32:03.109   419   419 I aw9380x_cap 8-0012: [aw9380x_rc_irqscr:3728] i2c read reg: 0xf080, val= 16
03-23 02:32:03.109   419   419 I aw9380x_cap 8-0012: [aw9380x_cap_default_irq_handle:4109] gpio_low_count 1
03-23 02:32:03.110   419   419 I aw9380x_cap 8-0012: [aw9380x_irq_handle_func:4065] IRQSEN = 0x000F0FFF
03-23 02:32:03.110   419   419 I aw9380x_cap 8-0012: [aw9380x_irq_handle_func:4067] IRQSRC = 0x00000010
03-23 02:32:03.110   419   419 I aw9380x_cap 8-0012: [aw9380x_noth_button_key_report:3855] touch0_state Cap 0 Force 0 currentBtn 0
03-23 02:32:03.114   103   103 I aw9380x_cap 8-0012: [aw9380x_data_update_work_func:1899] force: rawdata = 0 diff = 853796 baseline = 1856, cap: rawdata = 0 diff = 0 baseline = 0
03-23 02:32:03.142   103   103 I aw9380x_cap 8-0012: [aw9380x_data_update_work_func:1899] force: rawdata = 0 diff = 853796 baseline = 1856, cap: rawdata = 0 diff = 0 baseline = 0
03-23 02:32:03.152   419   419 I aw9380x_cap 8-0012: [aw9380x_rc_irqscr:3728] i2c read reg: 0xf080, val= 16
03-23 02:32:03.152   419   419 I aw9380x_cap 8-0012: [aw9380x_cap_default_irq_handle:4109] gpio_low_count 1
03-23 02:32:03.152   419   419 I aw9380x_cap 8-0012: [aw9380x_irq_handle_func:4065] IRQSEN = 0x000F0FFF
03-23 02:32:03.152   419   419 I aw9380x_cap 8-0012: [aw9380x_irq_handle_func:4067] IRQSRC = 0x00000010
03-23 02:32:03.153   419   419 I aw9380x_cap 8-0012: [aw9380x_noth_button_key_report:3855] touch0_state Cap 0 Force 0 currentBtn 0
03-23 02:32:03.170   103   103 I aw9380x_cap 8-0012: [aw9380x_data_update_work_func:1899] force: rawdata = 0 diff = 853796 baseline = 1856, cap: rawdata = 0 diff = 0 baseline = 0
03-23 02:32:03.174   419   419 I aw9380x_cap 8-0012: [aw9380x_rc_irqscr:3728] i2c read reg: 0xf080, val= 16
03-23 02:32:03.174   419   419 I aw9380x_cap 8-0012: [aw9380x_cap_default_irq_handle:4109] gpio_low_count 1
03-23 02:32:03.174   419   419 I aw9380x_cap 8-0012: [aw9380x_irq_handle_func:4065] IRQSEN = 0x000F0FFF
03-23 02:32:03.174   419   419 I aw9380x_cap 8-0012: [aw9380x_irq_handle_func:4067] IRQSRC = 0x00000010
03-23 02:32:03.175   419   419 I aw9380x_cap 8-0012: [aw9380x_noth_button_key_report:3855] touch0_state Cap 0 Force 0 currentBtn 0
03-23 02:32:03.198   103   103 I aw9380x_cap 8-0012: [aw9380x_data_update_work_func:1899] force: rawdata = 0 diff = 853796 baseline = 1856, cap: rawdata = 0 diff = 0 baseline = 0
03-23 02:32:03.216   419   419 I aw9380x_cap 8-0012: [aw9380x_rc_irqscr:3728] i2c read reg: 0xf080, val= 16
03-23 02:32:03.216   419   419 I aw9380x_cap 8-0012: [aw9380x_cap_default_irq_handle:4109] gpio_low_count 1
03-23 02:32:03.217   419   419 I aw9380x_cap 8-0012: [aw9380x_irq_handle_func:4065] IRQSEN = 0x000F0FFF
03-23 02:32:03.217   419   419 I aw9380x_cap 8-0012: [aw9380x_irq_handle_func:4067] IRQSRC = 0x00000010
03-23 02:32:03.217   419   419 I aw9380x_cap 8-0012: [aw9380x_noth_button_key_report:3855] touch0_state Cap 0 Force 0 currentBtn 0
03-23 02:32:03.226   103   103 I aw9380x_cap 8-0012: [aw9380x_data_update_work_func:1899] force: rawdata = 0 diff = 853796 baseline = 1856, cap: rawdata = 0 diff = 0 baseline = 0
03-23 02:32:03.238   419   419 I aw9380x_cap 8-0012: [aw9380x_rc_irqscr:3728] i2c read reg: 0xf080, val= 16
03-23 02:32:03.238   419   419 I aw9380x_cap 8-0012: [aw9380x_cap_default_irq_handle:4109] gpio_low_count 1
03-23 02:32:03.239   419   419 I aw9380x_cap 8-0012: [aw9380x_irq_handle_func:4065] IRQSEN = 0x000F0FFF
03-23 02:32:03.239   419   419 I aw9380x_cap 8-0012: [aw9380x_irq_handle_func:4067] IRQSRC = 0x00000010
03-23 02:32:03.239   419   419 I aw9380x_cap 8-0012: [aw9380x_noth_button_key_report:3855] touch0_state Cap 0 Force 0 currentBtn 0
03-23 02:32:03.254   103   103 I aw9380x_cap 8-0012: [aw9380x_data_update_work_func:1899] force: rawdata = 0 diff = 853796 baseline = 1856, cap: rawdata = 0 diff = 0 baseline = 0
03-23 02:32:03.281   419   419 I aw9380x_cap 8-0012: [aw9380x_rc_irqscr:3728] i2c read reg: 0xf080, val= 16
03-23 02:32:03.281   419   419 I aw9380x_cap 8-0012: [aw9380x_cap_default_irq_handle:4109] gpio_low_count 1
03-23 02:32:03.282   419   419 I aw9380x_cap 8-0012: [aw9380x_irq_handle_func:4065] IRQSEN = 0x000F0FFF
03-23 02:32:03.282   419   419 I aw9380x_cap 8-0012: [aw9380x_irq_handle_func:4067] IRQSRC = 0x00000010
03-23 02:32:03.282   419   419 I aw9380x_cap 8-0012: [aw9380x_noth_button_key_report:3855] touch0_state Cap 0 Force 0 currentBtn 0
03-23 02:32:03.283   103   103 I aw9380x_cap 8-0012: [aw9380x_data_update_work_func:1899] force: rawdata = 0 diff = 853796 baseline = 1856, cap: rawdata = 0 diff = 0 baseline = 0
03-23 02:32:03.303   419   419 I aw9380x_cap 8-0012: [aw9380x_rc_irqscr:3728] i2c read reg: 0xf080, val= 16
03-23 02:32:03.303   419   419 I aw9380x_cap 8-0012: [aw9380x_cap_default_irq_handle:4109] gpio_low_count 1
03-23 02:32:03.303   419   419 I aw9380x_cap 8-0012: [aw9380x_irq_handle_func:4065] IRQSEN = 0x000F0FFF
03-23 02:32:03.303   419   419 I aw9380x_cap 8-0012: [aw9380x_irq_handle_func:4067] IRQSRC = 0x00000010
03-23 02:32:03.304   419   419 I aw9380x_cap 8-0012: [aw9380x_noth_button_key_report:3855] touch0_state Cap 0 Force 0 currentBtn 0
03-23 02:32:03.310   103   103 I aw9380x_cap 8-0012: [aw9380x_data_update_work_func:1899] force: rawdata = 0 diff = 853796 baseline = 1856, cap: rawdata = 0 diff = 0 baseline = 0
03-23 02:32:03.338   103   103 I aw9380x_cap 8-0012: [aw9380x_data_update_work_func:1899] force: rawdata = 0 diff = 853796 baseline = 1856, cap: rawdata = 0 diff = 0 baseline = 0
03-23 02:32:03.345   419   419 I aw9380x_cap 8-0012: [aw9380x_rc_irqscr:3728] i2c read reg: 0xf080, val= 16
03-23 02:32:03.345   419   419 I aw9380x_cap 8-0012: [aw9380x_cap_default_irq_handle:4109] gpio_low_count 1
03-23 02:32:03.346   419   419 I aw9380x_cap 8-0012: [aw9380x_irq_handle_func:4065] IRQSEN = 0x000F0FFF
03-23 02:32:03.346   419   419 I aw9380x_cap 8-0012: [aw9380x_irq_handle_func:4067] IRQSRC = 0x00000010
03-23 02:32:03.346   419   419 I aw9380x_cap 8-0012: [aw9380x_noth_button_key_report:3855] touch0_state Cap 0 Force 0 currentBtn 0
03-23 02:32:03.366   103   103 I aw9380x_cap 8-0012: [aw9380x_data_update_work_func:1899] force: rawdata = 0 diff = 853796 baseline = 1856, cap: rawdata = 0 diff = 0 baseline = 0
03-23 02:32:03.367   419   419 I aw9380x_cap 8-0012: [aw9380x_rc_irqscr:3728] i2c read reg: 0xf080, val= 16
03-23 02:32:03.367   419   419 I aw9380x_cap 8-0012: [aw9380x_cap_default_irq_handle:4109] gpio_low_count 1
03-23 02:32:03.368   419   419 I aw9380x_cap 8-0012: [aw9380x_irq_handle_func:4065] IRQSEN = 0x000F0FFF
03-23 02:32:03.368   419   419 I aw9380x_cap 8-0012: [aw9380x_irq_handle_func:4067] IRQSRC = 0x00000010
03-23 02:32:03.368   419   419 I aw9380x_cap 8-0012: [aw9380x_noth_button_key_report:3855] touch0_state Cap 0 Force 0 currentBtn 0
03-23 02:32:03.394   103   103 I aw9380x_cap 8-0012: [aw9380x_data_update_work_func:1899] force: rawdata = 0 diff = 853796 baseline = 1856, cap: rawdata = 0 diff = 0 baseline = 0
03-23 02:32:03.410   419   419 I aw9380x_cap 8-0012: [aw9380x_rc_irqscr:3728] i2c read reg: 0xf080, val= 2097168
03-23 02:32:03.410   419   419 I aw9380x_cap 8-0012: [aw9380x_cap_default_irq_handle:4109] gpio_low_count 1
03-23 02:32:03.410   419   419 I aw9380x_cap 8-0012: [aw9380x_irq_handle_func:4065] IRQSEN = 0x000F0FFF
03-23 02:32:03.410   419   419 I aw9380x_cap 8-0012: [aw9380x_irq_handle_func:4067] IRQSRC = 0x00200010
03-23 02:32:03.411   419   419 I aw9380x_cap 8-0012: [aw9380x_noth_button_key_report:3855] touch0_state Cap 0 Force 0 currentBtn 0
03-23 02:32:03.422   103   103 I aw9380x_cap 8-0012: [aw9380x_data_update_work_func:1899] force: rawdata = 0 diff = 853796 baseline = 1856, cap: rawdata = 0 diff = 0 baseline = 0
03-23 02:32:03.432   419   419 I aw9380x_cap 8-0012: [aw9380x_rc_irqscr:3728] i2c read reg: 0xf080, val= 16
03-23 02:32:03.432   419   419 I aw9380x_cap 8-0012: [aw9380x_cap_default_irq_handle:4109] gpio_low_count 1
03-23 02:32:03.432   419   419 I aw9380x_cap 8-0012: [aw9380x_irq_handle_func:4065] IRQSEN = 0x000F0FFF
03-23 02:32:03.432   419   419 I aw9380x_cap 8-0012: [aw9380x_irq_handle_func:4067] IRQSRC = 0x00000010
03-23 02:32:03.433   419   419 I aw9380x_cap 8-0012: [aw9380x_noth_button_key_report:3855] touch0_state Cap 0 Force 0 currentBtn 0
03-23 02:32:03.450   103   103 I aw9380x_cap 8-0012: [aw9380x_data_update_work_func:1899] force: rawdata = 0 diff = 853796 baseline = 1856, cap: rawdata = 0 diff = 0 baseline = 0
03-23 02:32:03.474   419   419 I aw9380x_cap 8-0012: [aw9380x_rc_irqscr:3728] i2c read reg: 0xf080, val= 2097168
03-23 02:32:03.474   419   419 I aw9380x_cap 8-0012: [aw9380x_cap_default_irq_handle:4109] gpio_low_count 1
03-23 02:32:03.475   419   419 I aw9380x_cap 8-0012: [aw9380x_irq_handle_func:4065] IRQSEN = 0x000F0FFF
03-23 02:32:03.475   419   419 I aw9380x_cap 8-0012: [aw9380x_irq_handle_func:4067] IRQSRC = 0x00200010
03-23 02:32:03.475   419   419 I aw9380x_cap 8-0012: [aw9380x_noth_button_key_report:3855] touch0_state Cap 0 Force 0 currentBtn 0
03-23 02:32:03.478   103   103 I aw9380x_cap 8-0012: [aw9380x_data_update_work_func:1899] force: rawdata = 0 diff = 853796 baseline = 1856, cap: rawdata = 0 diff = 0 baseline = 0
03-23 02:32:03.497   419   419 I aw9380x_cap 8-0012: [aw9380x_rc_irqscr:3728] i2c read reg: 0xf080, val= 16
03-23 02:32:03.497   419   419 I aw9380x_cap 8-0012: [aw9380x_cap_default_irq_handle:4109] gpio_low_count 1
03-23 02:32:03.497   419   419 I aw9380x_cap 8-0012: [aw9380x_irq_handle_func:4065] IRQSEN = 0x000F0FFF
03-23 02:32:03.497   419   419 I aw9380x_cap 8-0012: [aw9380x_irq_handle_func:4067] IRQSRC = 0x00000010
03-23 02:32:03.498   419   419 I aw9380x_cap 8-0012: [aw9380x_noth_button_key_report:3855] touch0_state Cap 0 Force 0 currentBtn 0
03-23 02:32:03.506   103   103 I aw9380x_cap 8-0012: [aw9380x_data_update_work_func:1899] force: rawdata = 0 diff = 853796 baseline = 1856, cap: rawdata = 0 diff = 0 baseline = 0
03-23 02:32:03.534   103   103 I aw9380x_cap 8-0012: [aw9380x_data_update_work_func:1899] force: rawdata = 0 diff = 853796 baseline = 1856, cap: rawdata = 0 diff = 0 baseline = 0
03-23 02:32:03.539   419   419 I aw9380x_cap 8-0012: [aw9380x_rc_irqscr:3728] i2c read reg: 0xf080, val= 2097168
03-23 02:32:03.539   419   419 I aw9380x_cap 8-0012: [aw9380x_cap_default_irq_handle:4109] gpio_low_count 1
03-23 02:32:03.540   419   419 I aw9380x_cap 8-0012: [aw9380x_irq_handle_func:4065] IRQSEN = 0x000F0FFF
03-23 02:32:03.540   419   419 I aw9380x_cap 8-0012: [aw9380x_irq_handle_func:4067] IRQSRC = 0x00200010
03-23 02:32:03.540   419   419 I aw9380x_cap 8-0012: [aw9380x_noth_button_key_report:3855] touch0_state Cap 0 Force 0 currentBtn 0
03-23 02:32:03.561   419   419 I aw9380x_cap 8-0012: [aw9380x_rc_irqscr:3728] i2c read reg: 0xf080, val= 16
03-23 02:32:03.561   419   419 I aw9380x_cap 8-0012: [aw9380x_cap_default_irq_handle:4109] gpio_low_count 1
03-23 02:32:03.562   419   419 I aw9380x_cap 8-0012: [aw9380x_irq_handle_func:4065] IRQSEN = 0x000F0FFF
03-23 02:32:03.562   419   419 I aw9380x_cap 8-0012: [aw9380x_irq_handle_func:4067] IRQSRC = 0x00000010
03-23 02:32:03.562   103   103 I aw9380x_cap 8-0012: [aw9380x_data_update_work_func:1899] force: rawdata = 0 diff = 853796 baseline = 1856, cap: rawdata = 0 diff = 0 baseline = 0
03-23 02:32:03.563   419   419 I aw9380x_cap 8-0012: [aw9380x_noth_button_key_report:3855] touch0_state Cap 0 Force 0 currentBtn 0
03-23 02:32:03.590   103   103 I aw9380x_cap 8-0012: [aw9380x_data_update_work_func:1899] force: rawdata = 0 diff = 853796 baseline = 1856, cap: rawdata = 0 diff = 0 baseline = 0
03-23 02:32:03.604   419   419 I aw9380x_cap 8-0012: [aw9380x_rc_irqscr:3728] i2c read reg: 0xf080, val= 16
03-23 02:32:03.604   419   419 I aw9380x_cap 8-0012: [aw9380x_cap_default_irq_handle:4109] gpio_low_count 1
03-23 02:32:03.604   419   419 I aw9380x_cap 8-0012: [aw9380x_irq_handle_func:4065] IRQSEN = 0x000F0FFF
03-23 02:32:03.604   419   419 I aw9380x_cap 8-0012: [aw9380x_irq_handle_func:4067] IRQSRC = 0x00000010
03-23 02:32:03.605   419   419 I aw9380x_cap 8-0012: [aw9380x_noth_button_key_report:3855] touch0_state Cap 0 Force 0 currentBtn 0
03-23 02:32:03.618   103   103 I aw9380x_cap 8-0012: [aw9380x_data_update_work_func:1899] force: rawdata = 0 diff = 853796 baseline = 1856, cap: rawdata = 0 diff = 0 baseline = 0
03-23 02:32:03.626   419   419 I aw9380x_cap 8-0012: [aw9380x_rc_irqscr:3728] i2c read reg: 0xf080, val= 16
03-23 02:32:03.626   419   419 I aw9380x_cap 8-0012: [aw9380x_cap_default_irq_handle:4109] gpio_low_count 1
03-23 02:32:03.626   419   419 I aw9380x_cap 8-0012: [aw9380x_irq_handle_func:4065] IRQSEN = 0x000F0FFF
03-23 02:32:03.626   419   419 I aw9380x_cap 8-0012: [aw9380x_irq_handle_func:4067] IRQSRC = 0x00000010
03-23 02:32:03.627   419   419 I aw9380x_cap 8-0012: [aw9380x_noth_button_key_report:3855] touch0_state Cap 0 Force 0 currentBtn 0
03-23 02:32:03.646   103   103 I aw9380x_cap 8-0012: [aw9380x_data_update_work_func:1899] force: rawdata = 0 diff = 853796 baseline = 1856, cap: rawdata = 0 diff = 0 baseline = 0
03-23 02:32:03.668   419   419 I aw9380x_cap 8-0012: [aw9380x_rc_irqscr:3728] i2c read reg: 0xf080, val= 16
03-23 02:32:03.668   419   419 I aw9380x_cap 8-0012: [aw9380x_cap_default_irq_handle:4109] gpio_low_count 1
03-23 02:32:03.669   419   419 I aw9380x_cap 8-0012: [aw9380x_irq_handle_func:4065] IRQSEN = 0x000F0FFF
03-23 02:32:03.669   419   419 I aw9380x_cap 8-0012: [aw9380x_irq_handle_func:4067] IRQSRC = 0x00000010
03-23 02:32:03.669   419   419 I aw9380x_cap 8-0012: [aw9380x_noth_button_key_report:3855] touch0_state Cap 0 Force 0 currentBtn 0
03-23 02:32:03.674   103   103 I aw9380x_cap 8-0012: [aw9380x_data_update_work_func:1899] force: rawdata = 0 diff = 853796 baseline = 1856, cap: rawdata = 0 diff = 0 baseline = 0
03-23 02:32:03.690   419   419 I aw9380x_cap 8-0012: [aw9380x_rc_irqscr:3728] i2c read reg: 0xf080, val= 16
03-23 02:32:03.690   419   419 I aw9380x_cap 8-0012: [aw9380x_cap_default_irq_handle:4109] gpio_low_count 1
03-23 02:32:03.691   419   419 I aw9380x_cap 8-0012: [aw9380x_irq_handle_func:4065] IRQSEN = 0x000F0FFF
03-23 02:32:03.691   419   419 I aw9380x_cap 8-0012: [aw9380x_irq_handle_func:4067] IRQSRC = 0x00000010
03-23 02:32:03.691   419   419 I aw9380x_cap 8-0012: [aw9380x_noth_button_key_report:3855] touch0_state Cap 0 Force 0 currentBtn 0
03-23 02:32:03.702   103   103 I aw9380x_cap 8-0012: [aw9380x_data_update_work_func:1899] force: rawdata = 0 diff = 853796 baseline = 1856, cap: rawdata = 0 diff = 0 baseline = 0
03-23 02:32:03.730   103   103 I aw9380x_cap 8-0012: [aw9380x_data_update_work_func:1899] force: rawdata = 0 diff = 853796 baseline = 1856, cap: rawdata = 0 diff = 0 baseline = 0
03-23 02:32:03.733   419   419 I aw9380x_cap 8-0012: [aw9380x_rc_irqscr:3728] i2c read reg: 0xf080, val= 2097168
03-23 02:32:03.733   419   419 I aw9380x_cap 8-0012: [aw9380x_cap_default_irq_handle:4109] gpio_low_count 1
03-23 02:32:03.733   419   419 I aw9380x_cap 8-0012: [aw9380x_irq_handle_func:4065] IRQSEN = 0x000F0FFF
03-23 02:32:03.733   419   419 I aw9380x_cap 8-0012: [aw9380x_irq_handle_func:4067] IRQSRC = 0x00200010
03-23 02:32:03.734   419   419 I aw9380x_cap 8-0012: [aw9380x_noth_button_key_report:3855] touch0_state Cap 0 Force 0 currentBtn 0
03-23 02:32:03.755   419   419 I aw9380x_cap 8-0012: [aw9380x_rc_irqscr:3728] i2c read reg: 0xf080, val= 16
03-23 02:32:03.755   419   419 I aw9380x_cap 8-0012: [aw9380x_cap_default_irq_handle:4109] gpio_low_count 1
03-23 02:32:03.755   419   419 I aw9380x_cap 8-0012: [aw9380x_irq_handle_func:4065] IRQSEN = 0x000F0FFF
03-23 02:32:03.755   419   419 I aw9380x_cap 8-0012: [aw9380x_irq_handle_func:4067] IRQSRC = 0x00000010
03-23 02:32:03.756   419   419 I aw9380x_cap 8-0012: [aw9380x_noth_button_key_report:3855] touch0_state Cap 0 Force 0 currentBtn 0
03-23 02:32:03.758   103   103 I aw9380x_cap 8-0012: [aw9380x_data_update_work_func:1899] force: rawdata = 0 diff = 853796 baseline = 1856, cap: rawdata = 0 diff = 0 baseline = 0
03-23 02:32:03.786   103   103 I aw9380x_cap 8-0012: [aw9380x_data_update_work_func:1899] force: rawdata = 0 diff = 853796 baseline = 1856, cap: rawdata = 0 diff = 0 baseline = 0
03-23 02:32:03.797   419   419 I aw9380x_cap 8-0012: [aw9380x_rc_irqscr:3728] i2c read reg: 0xf080, val= 16
03-23 02:32:03.798   419   419 I aw9380x_cap 8-0012: [aw9380x_cap_default_irq_handle:4109] gpio_low_count 1
03-23 02:32:03.798   419   419 I aw9380x_cap 8-0012: [aw9380x_irq_handle_func:4065] IRQSEN = 0x000F0FFF
03-23 02:32:03.798   419   419 I aw9380x_cap 8-0012: [aw9380x_irq_handle_func:4067] IRQSRC = 0x00000010
03-23 02:32:03.798   419   419 I aw9380x_cap 8-0012: [aw9380x_noth_button_key_report:3855] touch0_state Cap 0 Force 0 currentBtn 0
12-19 16:10:55.253   434   434 W ProcessState: Not able to get context object on /dev/binder.
03-23 02:32:03.814   434   434 I binder  : 434:434 cannot find target node
03-23 02:32:03.814   434   434 I binder  : 434:434 transaction call to 0:0 failed 269/29189/-22, code 1599098439 size 0-0 line 3348
12-19 16:10:55.253   434   434 E ServiceManager: Waiting 1s on context object on /dev/binder.
03-23 02:32:03.814   103   103 I aw9380x_cap 8-0012: [aw9380x_data_update_work_func:1899] force: rawdata = 0 diff = 853796 baseline = 1856, cap: rawdata = 0 diff = 0 baseline = 0
03-23 02:32:03.819   419   419 I aw9380x_cap 8-0012: [aw9380x_rc_irqscr:3728] i2c read reg: 0xf080, val= 16
03-23 02:32:03.819   419   419 I aw9380x_cap 8-0012: [aw9380x_cap_default_irq_handle:4109] gpio_low_count 1
03-23 02:32:03.820   419   419 I aw9380x_cap 8-0012: [aw9380x_irq_handle_func:4065] IRQSEN = 0x000F0FFF
03-23 02:32:03.820   419   419 I aw9380x_cap 8-0012: [aw9380x_irq_handle_func:4067] IRQSRC = 0x00000010
03-23 02:32:03.820   419   419 I aw9380x_cap 8-0012: [aw9380x_noth_button_key_report:3855] touch0_state Cap 0 Force 0 currentBtn 0
03-23 02:32:03.842   103   103 I aw9380x_cap 8-0012: [aw9380x_data_update_work_func:1899] force: rawdata = 0 diff = 853796 baseline = 1856, cap: rawdata = 0 diff = 0 baseline = 0
03-23 02:32:03.862   419   419 I aw9380x_cap 8-0012: [aw9380x_rc_irqscr:3728] i2c read reg: 0xf080, val= 16
03-23 02:32:03.862   419   419 I aw9380x_cap 8-0012: [aw9380x_cap_default_irq_handle:4109] gpio_low_count 1
03-23 02:32:03.862   419   419 I aw9380x_cap 8-0012: [aw9380x_irq_handle_func:4065] IRQSEN = 0x000F0FFF
03-23 02:32:03.862   419   419 I aw9380x_cap 8-0012: [aw9380x_irq_handle_func:4067] IRQSRC = 0x00000010
03-23 02:32:03.863   419   419 I aw9380x_cap 8-0012: [aw9380x_noth_button_key_report:3855] touch0_state Cap 0 Force 0 currentBtn 0
03-23 02:32:03.870   103   103 I aw9380x_cap 8-0012: [aw9380x_data_update_work_func:1899] force: rawdata = 0 diff = 853796 baseline = 1856, cap: rawdata = 0 diff = 0 baseline = 0
03-23 02:32:03.884   419   419 I aw9380x_cap 8-0012: [aw9380x_rc_irqscr:3728] i2c read reg: 0xf080, val= 16
03-23 02:32:03.884   419   419 I aw9380x_cap 8-0012: [aw9380x_cap_default_irq_handle:4109] gpio_low_count 1
03-23 02:32:03.884   419   419 I aw9380x_cap 8-0012: [aw9380x_irq_handle_func:4065] IRQSEN = 0x000F0FFF
03-23 02:32:03.884   419   419 I aw9380x_cap 8-0012: [aw9380x_irq_handle_func:4067] IRQSRC = 0x00000010
03-23 02:32:03.885   419   419 I aw9380x_cap 8-0012: [aw9380x_noth_button_key_report:3855] touch0_state Cap 0 Force 0 currentBtn 0
03-23 02:32:03.898   103   103 I aw9380x_cap 8-0012: [aw9380x_data_update_work_func:1899] force: rawdata = 0 diff = 853796 baseline = 1856, cap: rawdata = 0 diff = 0 baseline = 0
03-23 02:32:03.926   103   103 I aw9380x_cap 8-0012: [aw9380x_data_update_work_func:1899] force: rawdata = 0 diff = 853796 baseline = 1856, cap: rawdata = 0 diff = 0 baseline = 0
03-23 02:32:03.927   419   419 I aw9380x_cap 8-0012: [aw9380x_rc_irqscr:3728] i2c read reg: 0xf080, val= 2097168
03-23 02:32:03.927   419   419 I aw9380x_cap 8-0012: [aw9380x_cap_default_irq_handle:4109] gpio_low_count 1
03-23 02:32:03.927   419   419 I aw9380x_cap 8-0012: [aw9380x_irq_handle_func:4065] IRQSEN = 0x000F0FFF
03-23 02:32:03.927   419   419 I aw9380x_cap 8-0012: [aw9380x_irq_handle_func:4067] IRQSRC = 0x00200010
03-23 02:32:03.927   419   419 I aw9380x_cap 8-0012: [aw9380x_noth_button_key_report:3855] touch0_state Cap 0 Force 0 currentBtn 0
03-23 02:32:03.949   419   419 I aw9380x_cap 8-0012: [aw9380x_rc_irqscr:3728] i2c read reg: 0xf080, val= 16
03-23 02:32:03.949   419   419 I aw9380x_cap 8-0012: [aw9380x_cap_default_irq_handle:4109] gpio_low_count 1
03-23 02:32:03.949   419   419 I aw9380x_cap 8-0012: [aw9380x_irq_handle_func:4065] IRQSEN = 0x000F0FFF
03-23 02:32:03.949   419   419 I aw9380x_cap 8-0012: [aw9380x_irq_handle_func:4067] IRQSRC = 0x00000010
03-23 02:32:03.949   419   419 I aw9380x_cap 8-0012: [aw9380x_noth_button_key_report:3855] touch0_state Cap 0 Force 0 currentBtn 0
03-23 02:32:03.954   103   103 I aw9380x_cap 8-0012: [aw9380x_data_update_work_func:1899] force: rawdata = 0 diff = 853796 baseline = 1856, cap: rawdata = 0 diff = 0 baseline = 0
03-23 02:32:03.982   103   103 I aw9380x_cap 8-0012: [aw9380x_data_update_work_func:1899] force: rawdata = 0 diff = 853796 baseline = 1856, cap: rawdata = 0 diff = 0 baseline = 0
03-23 02:32:03.991   419   419 I aw9380x_cap 8-0012: [aw9380x_rc_irqscr:3728] i2c read reg: 0xf080, val= 16
03-23 02:32:03.991   419   419 I aw9380x_cap 8-0012: [aw9380x_cap_default_irq_handle:4109] gpio_low_count 1
03-23 02:32:03.991   419   419 I aw9380x_cap 8-0012: [aw9380x_irq_handle_func:4065] IRQSEN = 0x000F0FFF
03-23 02:32:03.991   419   419 I aw9380x_cap 8-0012: [aw9380x_irq_handle_func:4067] IRQSRC = 0x00000010
03-23 02:32:03.992   419   419 I aw9380x_cap 8-0012: [aw9380x_noth_button_key_report:3855] touch0_state Cap 0 Force 0 currentBtn 0
03-23 02:32:04.010   103   103 I aw9380x_cap 8-0012: [aw9380x_data_update_work_func:1899] force: rawdata = 0 diff = 853796 baseline = 1856, cap: rawdata = 0 diff = 0 baseline = 0
03-23 02:32:04.013   419   419 I aw9380x_cap 8-0012: [aw9380x_rc_irqscr:3728] i2c read reg: 0xf080, val= 16
03-23 02:32:04.013   419   419 I aw9380x_cap 8-0012: [aw9380x_cap_default_irq_handle:4109] gpio_low_count 1
03-23 02:32:04.013   419   419 I aw9380x_cap 8-0012: [aw9380x_irq_handle_func:4065] IRQSEN = 0x000F0FFF
03-23 02:32:04.013   419   419 I aw9380x_cap 8-0012: [aw9380x_irq_handle_func:4067] IRQSRC = 0x00000010
03-23 02:32:04.014   419   419 I aw9380x_cap 8-0012: [aw9380x_noth_button_key_report:3855] touch0_state Cap 0 Force 0 currentBtn 0
03-23 02:32:04.038   103   103 I aw9380x_cap 8-0012: [aw9380x_data_update_work_func:1899] force: rawdata = 0 diff = 853796 baseline = 1856, cap: rawdata = 0 diff = 0 baseline = 0
03-23 02:32:04.056   419   419 I aw9380x_cap 8-0012: [aw9380x_rc_irqscr:3728] i2c read reg: 0xf080, val= 16
03-23 02:32:04.056   419   419 I aw9380x_cap 8-0012: [aw9380x_cap_default_irq_handle:4109] gpio_low_count 1
03-23 02:32:04.056   419   419 I aw9380x_cap 8-0012: [aw9380x_irq_handle_func:4065] IRQSEN = 0x000F0FFF
03-23 02:32:04.056   419   419 I aw9380x_cap 8-0012: [aw9380x_irq_handle_func:4067] IRQSRC = 0x00000010
03-23 02:32:04.057   419   419 I aw9380x_cap 8-0012: [aw9380x_noth_button_key_report:3855] touch0_state Cap 0 Force 0 currentBtn 0
03-23 02:32:04.066   103   103 I aw9380x_cap 8-0012: [aw9380x_data_update_work_func:1899] force: rawdata = 0 diff = 853796 baseline = 1856, cap: rawdata = 0 diff = 0 baseline = 0
03-23 02:32:04.078   419   419 I aw9380x_cap 8-0012: [aw9380x_rc_irqscr:3728] i2c read reg: 0xf080, val= 16
03-23 02:32:04.078   419   419 I aw9380x_cap 8-0012: [aw9380x_cap_default_irq_handle:4109] gpio_low_count 1
03-23 02:32:04.078   419   419 I aw9380x_cap 8-0012: [aw9380x_irq_handle_func:4065] IRQSEN = 0x000F0FFF
03-23 02:32:04.078   419   419 I aw9380x_cap 8-0012: [aw9380x_irq_handle_func:4067] IRQSRC = 0x00000010
03-23 02:32:04.079   419   419 I aw9380x_cap 8-0012: [aw9380x_noth_button_key_report:3855] touch0_state Cap 0 Force 0 currentBtn 0
03-23 02:32:04.094   103   103 I aw9380x_cap 8-0012: [aw9380x_data_update_work_func:1899] force: rawdata = 0 diff = 853796 baseline = 1856, cap: rawdata = 0 diff = 0 baseline = 0
03-23 02:32:04.120   419   419 I aw9380x_cap 8-0012: [aw9380x_rc_irqscr:3728] i2c read reg: 0xf080, val= 16
03-23 02:32:04.120   419   419 I aw9380x_cap 8-0012: [aw9380x_cap_default_irq_handle:4109] gpio_low_count 1
03-23 02:32:04.121   419   419 I aw9380x_cap 8-0012: [aw9380x_irq_handle_func:4065] IRQSEN = 0x000F0FFF
03-23 02:32:04.121   419   419 I aw9380x_cap 8-0012: [aw9380x_irq_handle_func:4067] IRQSRC = 0x00000010
03-23 02:32:04.122   419   419 I aw9380x_cap 8-0012: [aw9380x_noth_button_key_report:3855] touch0_state Cap 0 Force 0 currentBtn 0
03-23 02:32:04.123   103   103 I aw9380x_cap 8-0012: [aw9380x_data_update_work_func:1899] force: rawdata = 0 diff = 853796 baseline = 1856, cap: rawdata = 0 diff = 0 baseline = 0
03-23 02:32:04.142   419   419 I aw9380x_cap 8-0012: [aw9380x_rc_irqscr:3728] i2c read reg: 0xf080, val= 16
03-23 02:32:04.142   419   419 I aw9380x_cap 8-0012: [aw9380x_cap_default_irq_handle:4109] gpio_low_count 1
03-23 02:32:04.143   419   419 I aw9380x_cap 8-0012: [aw9380x_irq_handle_func:4065] IRQSEN = 0x000F0FFF
03-23 02:32:04.143   419   419 I aw9380x_cap 8-0012: [aw9380x_irq_handle_func:4067] IRQSRC = 0x00000010
03-23 02:32:04.143   419   419 I aw9380x_cap 8-0012: [aw9380x_noth_button_key_report:3855] touch0_state Cap 0 Force 0 currentBtn 0
03-23 02:32:04.150   103   103 I aw9380x_cap 8-0012: [aw9380x_data_update_work_func:1899] force: rawdata = 0 diff = 853796 baseline = 1856, cap: rawdata = 0 diff = 0 baseline = 0
03-23 02:32:04.178   103   103 I aw9380x_cap 8-0012: [aw9380x_data_update_work_func:1899] force: rawdata = 0 diff = 853796 baseline = 1856, cap: rawdata = 0 diff = 0 baseline = 0
03-23 02:32:04.185   419   419 I aw9380x_cap 8-0012: [aw9380x_rc_irqscr:3728] i2c read reg: 0xf080, val= 16
03-23 02:32:04.185   419   419 I aw9380x_cap 8-0012: [aw9380x_cap_default_irq_handle:4109] gpio_low_count 1
03-23 02:32:04.185   419   419 I aw9380x_cap 8-0012: [aw9380x_irq_handle_func:4065] IRQSEN = 0x000F0FFF
03-23 02:32:04.185   419   419 I aw9380x_cap 8-0012: [aw9380x_irq_handle_func:4067] IRQSRC = 0x00000010
03-23 02:32:04.186   419   419 I aw9380x_cap 8-0012: [aw9380x_noth_button_key_report:3855] touch0_state Cap 0 Force 0 currentBtn 0
03-23 02:32:04.206   103   103 I aw9380x_cap 8-0012: [aw9380x_data_update_work_func:1899] force: rawdata = 0 diff = 853796 baseline = 1856, cap: rawdata = 0 diff = 0 baseline = 0
03-23 02:32:04.207   419   419 I aw9380x_cap 8-0012: [aw9380x_rc_irqscr:3728] i2c read reg: 0xf080, val= 16
03-23 02:32:04.207   419   419 I aw9380x_cap 8-0012: [aw9380x_cap_default_irq_handle:4109] gpio_low_count 1
03-23 02:32:04.207   419   419 I aw9380x_cap 8-0012: [aw9380x_irq_handle_func:4065] IRQSEN = 0x000F0FFF
03-23 02:32:04.207   419   419 I aw9380x_cap 8-0012: [aw9380x_irq_handle_func:4067] IRQSRC = 0x00000010
03-23 02:32:04.208   419   419 I aw9380x_cap 8-0012: [aw9380x_noth_button_key_report:3855] touch0_state Cap 0 Force 0 currentBtn 0
03-23 02:32:04.234   103   103 I aw9380x_cap 8-0012: [aw9380x_data_update_work_func:1899] force: rawdata = 0 diff = 853796 baseline = 1856, cap: rawdata = 0 diff = 0 baseline = 0
03-23 02:32:04.249   419   419 I aw9380x_cap 8-0012: [aw9380x_rc_irqscr:3728] i2c read reg: 0xf080, val= 2097168
03-23 02:32:04.249   419   419 I aw9380x_cap 8-0012: [aw9380x_cap_default_irq_handle:4109] gpio_low_count 1
03-23 02:32:04.250   419   419 I aw9380x_cap 8-0012: [aw9380x_irq_handle_func:4065] IRQSEN = 0x000F0FFF
03-23 02:32:04.250   419   419 I aw9380x_cap 8-0012: [aw9380x_irq_handle_func:4067] IRQSRC = 0x00200010
03-23 02:32:04.250   419   419 I aw9380x_cap 8-0012: [aw9380x_noth_button_key_report:3855] touch0_state Cap 0 Force 0 currentBtn 0
03-23 02:32:04.262   103   103 I aw9380x_cap 8-0012: [aw9380x_data_update_work_func:1899] force: rawdata = 0 diff = 853796 baseline = 1856, cap: rawdata = 0 diff = 0 baseline = 0
03-23 02:32:04.271   419   419 I aw9380x_cap 8-0012: [aw9380x_rc_irqscr:3728] i2c read reg: 0xf080, val= 16
03-23 02:32:04.271   419   419 I aw9380x_cap 8-0012: [aw9380x_cap_default_irq_handle:4109] gpio_low_count 1
03-23 02:32:04.272   419   419 I aw9380x_cap 8-0012: [aw9380x_irq_handle_func:4065] IRQSEN = 0x000F0FFF
03-23 02:32:04.272   419   419 I aw9380x_cap 8-0012: [aw9380x_irq_handle_func:4067] IRQSRC = 0x00000010
03-23 02:32:04.272   419   419 I aw9380x_cap 8-0012: [aw9380x_noth_button_key_report:3855] touch0_state Cap 0 Force 0 currentBtn 0
03-23 02:32:04.290   103   103 I aw9380x_cap 8-0012: [aw9380x_data_update_work_func:1899] force: rawdata = 0 diff = 853796 baseline = 1856, cap: rawdata = 0 diff = 0 baseline = 0
03-23 02:32:04.314   419   419 I aw9380x_cap 8-0012: [aw9380x_rc_irqscr:3728] i2c read reg: 0xf080, val= 16
03-23 02:32:04.314   419   419 I aw9380x_cap 8-0012: [aw9380x_cap_default_irq_handle:4109] gpio_low_count 1
03-23 02:32:04.314   419   419 I aw9380x_cap 8-0012: [aw9380x_irq_handle_func:4065] IRQSEN = 0x000F0FFF
03-23 02:32:04.314   419   419 I aw9380x_cap 8-0012: [aw9380x_irq_handle_func:4067] IRQSRC = 0x00000010
03-23 02:32:04.315   419   419 I aw9380x_cap 8-0012: [aw9380x_noth_button_key_report:3855] touch0_state Cap 0 Force 0 currentBtn 0
03-23 02:32:04.318   103   103 I aw9380x_cap 8-0012: [aw9380x_data_update_work_func:1899] force: rawdata = 0 diff = 853796 baseline = 1856, cap: rawdata = 0 diff = 0 baseline = 0
03-23 02:32:04.336   419   419 I aw9380x_cap 8-0012: [aw9380x_rc_irqscr:3728] i2c read reg: 0xf080, val= 16
03-23 02:32:04.336   419   419 I aw9380x_cap 8-0012: [aw9380x_cap_default_irq_handle:4109] gpio_low_count 1
03-23 02:32:04.336   419   419 I aw9380x_cap 8-0012: [aw9380x_irq_handle_func:4065] IRQSEN = 0x000F0FFF
03-23 02:32:04.336   419   419 I aw9380x_cap 8-0012: [aw9380x_irq_handle_func:4067] IRQSRC = 0x00000010
03-23 02:32:04.337   419   419 I aw9380x_cap 8-0012: [aw9380x_noth_button_key_report:3855] touch0_state Cap 0 Force 0 currentBtn 0
03-23 02:32:04.346   103   103 I aw9380x_cap 8-0012: [aw9380x_data_update_work_func:1899] force: rawdata = 0 diff = 853796 baseline = 1856, cap: rawdata = 0 diff = 0 baseline = 0
03-23 02:32:04.374   103   103 I aw9380x_cap 8-0012: [aw9380x_data_update_work_func:1899] force: rawdata = 0 diff = 853796 baseline = 1856, cap: rawdata = 0 diff = 0 baseline = 0
03-23 02:32:04.379   419   419 I aw9380x_cap 8-0012: [aw9380x_rc_irqscr:3728] i2c read reg: 0xf080, val= 16
03-23 02:32:04.379   419   419 I aw9380x_cap 8-0012: [aw9380x_cap_default_irq_handle:4109] gpio_low_count 1
03-23 02:32:04.379   419   419 I aw9380x_cap 8-0012: [aw9380x_irq_handle_func:4065] IRQSEN = 0x000F0FFF
03-23 02:32:04.379   419   419 I aw9380x_cap 8-0012: [aw9380x_irq_handle_func:4067] IRQSRC = 0x00000010
03-23 02:32:04.379   419   419 I aw9380x_cap 8-0012: [aw9380x_noth_button_key_report:3855] touch0_state Cap 0 Force 0 currentBtn 0
03-23 02:32:04.401   419   419 I aw9380x_cap 8-0012: [aw9380x_rc_irqscr:3728] i2c read reg: 0xf080, val= 16
03-23 02:32:04.401   419   419 I aw9380x_cap 8-0012: [aw9380x_cap_default_irq_handle:4109] gpio_low_count 1
03-23 02:32:04.401   419   419 I aw9380x_cap 8-0012: [aw9380x_irq_handle_func:4065] IRQSEN = 0x000F0FFF
03-23 02:32:04.401   419   419 I aw9380x_cap 8-0012: [aw9380x_irq_handle_func:4067] IRQSRC = 0x00000010
03-23 02:32:04.402   419   419 I aw9380x_cap 8-0012: [aw9380x_noth_button_key_report:3855] touch0_state Cap 0 Force 0 currentBtn 0
03-23 02:32:04.403   103   103 I aw9380x_cap 8-0012: [aw9380x_data_update_work_func:1899] force: rawdata = 0 diff = 853796 baseline = 1856, cap: rawdata = 0 diff = 0 baseline = 0
03-23 02:32:04.430   103   103 I aw9380x_cap 8-0012: [aw9380x_data_update_work_func:1899] force: rawdata = 0 diff = 853796 baseline = 1856, cap: rawdata = 0 diff = 0 baseline = 0
03-23 02:32:04.443   419   419 I aw9380x_cap 8-0012: [aw9380x_rc_irqscr:3728] i2c read reg: 0xf080, val= 16
03-23 02:32:04.443   419   419 I aw9380x_cap 8-0012: [aw9380x_cap_default_irq_handle:4109] gpio_low_count 1
03-23 02:32:04.443   419   419 I aw9380x_cap 8-0012: [aw9380x_irq_handle_func:4065] IRQSEN = 0x000F0FFF
03-23 02:32:04.443   419   419 I aw9380x_cap 8-0012: [aw9380x_irq_handle_func:4067] IRQSRC = 0x00000010
03-23 02:32:04.444   419   419 I aw9380x_cap 8-0012: [aw9380x_noth_button_key_report:3855] touch0_state Cap 0 Force 0 currentBtn 0
03-23 02:32:04.458   103   103 I aw9380x_cap 8-0012: [aw9380x_data_update_work_func:1899] force: rawdata = 0 diff = 853796 baseline = 1856, cap: rawdata = 0 diff = 0 baseline = 0
03-23 02:32:04.465   419   419 I aw9380x_cap 8-0012: [aw9380x_rc_irqscr:3728] i2c read reg: 0xf080, val= 16
03-23 02:32:04.465   419   419 I aw9380x_cap 8-0012: [aw9380x_cap_default_irq_handle:4109] gpio_low_count 1
03-23 02:32:04.465   419   419 I aw9380x_cap 8-0012: [aw9380x_irq_handle_func:4065] IRQSEN = 0x000F0FFF
03-23 02:32:04.465   419   419 I aw9380x_cap 8-0012: [aw9380x_irq_handle_func:4067] IRQSRC = 0x00000010
03-23 02:32:04.466   419   419 I aw9380x_cap 8-0012: [aw9380x_noth_button_key_report:3855] touch0_state Cap 0 Force 0 currentBtn 0
03-23 02:32:04.486   103   103 I aw9380x_cap 8-0012: [aw9380x_data_update_work_func:1899] force: rawdata = 0 diff = 853796 baseline = 1856, cap: rawdata = 0 diff = 0 baseline = 0
03-23 02:32:04.508   419   419 I aw9380x_cap 8-0012: [aw9380x_rc_irqscr:3728] i2c read reg: 0xf080, val= 2097168
03-23 02:32:04.508   419   419 I aw9380x_cap 8-0012: [aw9380x_cap_default_irq_handle:4109] gpio_low_count 1
03-23 02:32:04.508   419   419 I aw9380x_cap 8-0012: [aw9380x_irq_handle_func:4065] IRQSEN = 0x000F0FFF
03-23 02:32:04.508   419   419 I aw9380x_cap 8-0012: [aw9380x_irq_handle_func:4067] IRQSRC = 0x00200010
03-23 02:32:04.508   419   419 I aw9380x_cap 8-0012: [aw9380x_noth_button_key_report:3855] touch0_state Cap 0 Force 0 currentBtn 0
03-23 02:32:04.514   103   103 I aw9380x_cap 8-0012: [aw9380x_data_update_work_func:1899] force: rawdata = 0 diff = 853796 baseline = 1856, cap: rawdata = 0 diff = 0 baseline = 0
03-23 02:32:04.530   419   419 I aw9380x_cap 8-0012: [aw9380x_rc_irqscr:3728] i2c read reg: 0xf080, val= 16
03-23 02:32:04.530   419   419 I aw9380x_cap 8-0012: [aw9380x_cap_default_irq_handle:4109] gpio_low_count 1
03-23 02:32:04.530   419   419 I aw9380x_cap 8-0012: [aw9380x_irq_handle_func:4065] IRQSEN = 0x000F0FFF
03-23 02:32:04.530   419   419 I aw9380x_cap 8-0012: [aw9380x_irq_handle_func:4067] IRQSRC = 0x00000010
03-23 02:32:04.531   419   419 I aw9380x_cap 8-0012: [aw9380x_noth_button_key_report:3855] touch0_state Cap 0 Force 0 currentBtn 0
03-23 02:32:04.542   103   103 I aw9380x_cap 8-0012: [aw9380x_data_update_work_func:1899] force: rawdata = 0 diff = 853796 baseline = 1856, cap: rawdata = 0 diff = 0 baseline = 0
03-23 02:32:04.570   103   103 I aw9380x_cap 8-0012: [aw9380x_data_update_work_func:1899] force: rawdata = 0 diff = 853796 baseline = 1856, cap: rawdata = 0 diff = 0 baseline = 0
03-23 02:32:04.573   419   419 I aw9380x_cap 8-0012: [aw9380x_rc_irqscr:3728] i2c read reg: 0xf080, val= 16
03-23 02:32:04.573   419   419 I aw9380x_cap 8-0012: [aw9380x_cap_default_irq_handle:4109] gpio_low_count 1
03-23 02:32:04.573   419   419 I aw9380x_cap 8-0012: [aw9380x_irq_handle_func:4065] IRQSEN = 0x000F0FFF
03-23 02:32:04.573   419   419 I aw9380x_cap 8-0012: [aw9380x_irq_handle_func:4067] IRQSRC = 0x00000010
03-23 02:32:04.573   419   419 I aw9380x_cap 8-0012: [aw9380x_noth_button_key_report:3855] touch0_state Cap 0 Force 0 currentBtn 0
03-23 02:32:04.595   419   419 I aw9380x_cap 8-0012: [aw9380x_rc_irqscr:3728] i2c read reg: 0xf080, val= 16
03-23 02:32:04.595   419   419 I aw9380x_cap 8-0012: [aw9380x_cap_default_irq_handle:4109] gpio_low_count 1
03-23 02:32:04.595   419   419 I aw9380x_cap 8-0012: [aw9380x_irq_handle_func:4065] IRQSEN = 0x000F0FFF
03-23 02:32:04.595   419   419 I aw9380x_cap 8-0012: [aw9380x_irq_handle_func:4067] IRQSRC = 0x00000010
03-23 02:32:04.595   419   419 I aw9380x_cap 8-0012: [aw9380x_noth_button_key_report:3855] touch0_state Cap 0 Force 0 currentBtn 0
03-23 02:32:04.598   103   103 I aw9380x_cap 8-0012: [aw9380x_data_update_work_func:1899] force: rawdata = 0 diff = 853796 baseline = 1856, cap: rawdata = 0 diff = 0 baseline = 0
03-23 02:32:04.626   103   103 I aw9380x_cap 8-0012: [aw9380x_data_update_work_func:1899] force: rawdata = 0 diff = 853796 baseline = 1856, cap: rawdata = 0 diff = 0 baseline = 0
03-23 02:32:04.637   419   419 I aw9380x_cap 8-0012: [aw9380x_rc_irqscr:3728] i2c read reg: 0xf080, val= 16
03-23 02:32:04.637   419   419 I aw9380x_cap 8-0012: [aw9380x_cap_default_irq_handle:4109] gpio_low_count 1
03-23 02:32:04.637   419   419 I aw9380x_cap 8-0012: [aw9380x_irq_handle_func:4065] IRQSEN = 0x000F0FFF
03-23 02:32:04.637   419   419 I aw9380x_cap 8-0012: [aw9380x_irq_handle_func:4067] IRQSRC = 0x00000010
03-23 02:32:04.638   419   419 I aw9380x_cap 8-0012: [aw9380x_noth_button_key_report:3855] touch0_state Cap 0 Force 0 currentBtn 0
03-23 02:32:04.654   103   103 I aw9380x_cap 8-0012: [aw9380x_data_update_work_func:1899] force: rawdata = 0 diff = 853796 baseline = 1856, cap: rawdata = 0 diff = 0 baseline = 0
03-23 02:32:04.659   419   419 I aw9380x_cap 8-0012: [aw9380x_rc_irqscr:3728] i2c read reg: 0xf080, val= 16
03-23 02:32:04.659   419   419 I aw9380x_cap 8-0012: [aw9380x_cap_default_irq_handle:4109] gpio_low_count 1
03-23 02:32:04.659   419   419 I aw9380x_cap 8-0012: [aw9380x_irq_handle_func:4065] IRQSEN = 0x000F0FFF
03-23 02:32:04.659   419   419 I aw9380x_cap 8-0012: [aw9380x_irq_handle_func:4067] IRQSRC = 0x00000010
03-23 02:32:04.660   419   419 I aw9380x_cap 8-0012: [aw9380x_noth_button_key_report:3855] touch0_state Cap 0 Force 0 currentBtn 0
03-23 02:32:04.682   103   103 I aw9380x_cap 8-0012: [aw9380x_data_update_work_func:1899] force: rawdata = 0 diff = 853796 baseline = 1856, cap: rawdata = 0 diff = 0 baseline = 0
03-23 02:32:04.702   419   419 I aw9380x_cap 8-0012: [aw9380x_rc_irqscr:3728] i2c read reg: 0xf080, val= 16
03-23 02:32:04.702   419   419 I aw9380x_cap 8-0012: [aw9380x_cap_default_irq_handle:4109] gpio_low_count 1
03-23 02:32:04.702   419   419 I aw9380x_cap 8-0012: [aw9380x_irq_handle_func:4065] IRQSEN = 0x000F0FFF
03-23 02:32:04.702   419   419 I aw9380x_cap 8-0012: [aw9380x_irq_handle_func:4067] IRQSRC = 0x00000010
03-23 02:32:04.702   419   419 I aw9380x_cap 8-0012: [aw9380x_noth_button_key_report:3855] touch0_state Cap 0 Force 0 currentBtn 0
03-23 02:32:04.710   103   103 I aw9380x_cap 8-0012: [aw9380x_data_update_work_func:1899] force: rawdata = 0 diff = 853796 baseline = 1856, cap: rawdata = 0 diff = 0 baseline = 0
03-23 02:32:04.724   419   419 I aw9380x_cap 8-0012: [aw9380x_rc_irqscr:3728] i2c read reg: 0xf080, val= 16
03-23 02:32:04.724   419   419 I aw9380x_cap 8-0012: [aw9380x_cap_default_irq_handle:4109] gpio_low_count 1
03-23 02:32:04.724   419   419 I aw9380x_cap 8-0012: [aw9380x_irq_handle_func:4065] IRQSEN = 0x000F0FFF
03-23 02:32:04.724   419   419 I aw9380x_cap 8-0012: [aw9380x_irq_handle_func:4067] IRQSRC = 0x00000010
03-23 02:32:04.724   419   419 I aw9380x_cap 8-0012: [aw9380x_noth_button_key_report:3855] touch0_state Cap 0 Force 0 currentBtn 0
03-23 02:32:04.738   103   103 I aw9380x_cap 8-0012: [aw9380x_data_update_work_func:1899] force: rawdata = 0 diff = 853796 baseline = 1856, cap: rawdata = 0 diff = 0 baseline = 0
03-23 02:32:04.766   103   103 I aw9380x_cap 8-0012: [aw9380x_data_update_work_func:1899] force: rawdata = 0 diff = 853796 baseline = 1856, cap: rawdata = 0 diff = 0 baseline = 0
03-23 02:32:04.766   419   419 I aw9380x_cap 8-0012: [aw9380x_rc_irqscr:3728] i2c read reg: 0xf080, val= 2097168
03-23 02:32:04.766   419   419 I aw9380x_cap 8-0012: [aw9380x_cap_default_irq_handle:4109] gpio_low_count 1
03-23 02:32:04.766   419   419 I aw9380x_cap 8-0012: [aw9380x_irq_handle_func:4065] IRQSEN = 0x000F0FFF
03-23 02:32:04.766   419   419 I aw9380x_cap 8-0012: [aw9380x_irq_handle_func:4067] IRQSRC = 0x00200010
03-23 02:32:04.767   419   419 I aw9380x_cap 8-0012: [aw9380x_noth_button_key_report:3855] touch0_state Cap 0 Force 0 currentBtn 0
03-23 02:32:04.788   419   419 I aw9380x_cap 8-0012: [aw9380x_rc_irqscr:3728] i2c read reg: 0xf080, val= 16
03-23 02:32:04.788   419   419 I aw9380x_cap 8-0012: [aw9380x_cap_default_irq_handle:4109] gpio_low_count 1
03-23 02:32:04.788   419   419 I aw9380x_cap 8-0012: [aw9380x_irq_handle_func:4065] IRQSEN = 0x000F0FFF
03-23 02:32:04.788   419   419 I aw9380x_cap 8-0012: [aw9380x_irq_handle_func:4067] IRQSRC = 0x00000010
03-23 02:32:04.789   419   419 I aw9380x_cap 8-0012: [aw9380x_noth_button_key_report:3855] touch0_state Cap 0 Force 0 currentBtn 0
03-23 02:32:04.794   103   103 I aw9380x_cap 8-0012: [aw9380x_data_update_work_func:1899] force: rawdata = 0 diff = 853796 baseline = 1856, cap: rawdata = 0 diff = 0 baseline = 0
12-19 16:10:56.253   434   434 W ProcessState: Not able to get context object on /dev/binder.
03-23 02:32:04.814   434   434 I binder  : 434:434 cannot find target node
03-23 02:32:04.814   434   434 I binder  : 434:434 transaction call to 0:0 failed 270/29189/-22, code 1599098439 size 0-0 line 3348
12-19 16:10:56.253   434   434 E ServiceManager: Waiting 1s on context object on /dev/binder.
03-23 02:32:04.822   103   103 I aw9380x_cap 8-0012: [aw9380x_data_update_work_func:1899] force: rawdata = 0 diff = 853796 baseline = 1856, cap: rawdata = 0 diff = 0 baseline = 0
03-23 02:32:04.831   419   419 I aw9380x_cap 8-0012: [aw9380x_rc_irqscr:3728] i2c read reg: 0xf080, val= 2097168
03-23 02:32:04.831   419   419 I aw9380x_cap 8-0012: [aw9380x_cap_default_irq_handle:4109] gpio_low_count 1
03-23 02:32:04.831   419   419 I aw9380x_cap 8-0012: [aw9380x_irq_handle_func:4065] IRQSEN = 0x000F0FFF
03-23 02:32:04.831   419   419 I aw9380x_cap 8-0012: [aw9380x_irq_handle_func:4067] IRQSRC = 0x00200010
03-23 02:32:04.831   419   419 I aw9380x_cap 8-0012: [aw9380x_noth_button_key_report:3855] touch0_state Cap 0 Force 0 currentBtn 0
03-23 02:32:04.850   103   103 I aw9380x_cap 8-0012: [aw9380x_data_update_work_func:1899] force: rawdata = 0 diff = 853796 baseline = 1856, cap: rawdata = 0 diff = 0 baseline = 0
03-23 02:32:04.853   419   419 I aw9380x_cap 8-0012: [aw9380x_rc_irqscr:3728] i2c read reg: 0xf080, val= 16
03-23 02:32:04.853   419   419 I aw9380x_cap 8-0012: [aw9380x_cap_default_irq_handle:4109] gpio_low_count 1
03-23 02:32:04.853   419   419 I aw9380x_cap 8-0012: [aw9380x_irq_handle_func:4065] IRQSEN = 0x000F0FFF
03-23 02:32:04.853   419   419 I aw9380x_cap 8-0012: [aw9380x_irq_handle_func:4067] IRQSRC = 0x00000010
03-23 02:32:04.853   419   419 I aw9380x_cap 8-0012: [aw9380x_noth_button_key_report:3855] touch0_state Cap 0 Force 0 currentBtn 0
