--------- beginning of main
03-23 02:29:16.946   433   433 I SELinux : SELinux: Loaded service_contexts from:
03-23 02:29:16.946   433   433 I SELinux :     /vendor/etc/selinux/vndservice_contexts
03-23 02:29:16.946   433   433 E SELinux : avc:  denied  { add } for pid=433 uid=0 name=manager scontext=u:r:recovery:s0 tcontext=u:object_r:service_manager_vndservice:s0 tclass=service_manager permissive=1
01-01 00:00:00.044   430   430 W auditd  : type=2000 audit(0.0:1): state=initialized audit_enabled=0 res=1
03-23 02:29:16.954   432   432 E SELinux : avc:  denied  { add } for interface=android.hidl.base::IBase sid=u:r:recovery:s0 pid=432 scontext=u:r:recovery:s0 tcontext=u:object_r:hidl_base_hwservice:s0 tclass=hwservice_manager permissive=1
03-23 02:29:16.954   432   432 E SELinux : avc:  denied  { add } for interface=android.hidl.manager::IServiceManager sid=u:r:recovery:s0 pid=432 scontext=u:r:recovery:s0 tcontext=u:object_r:hidl_manager_hwservice:s0 tclass=hwservice_manager permissive=1
03-23 02:29:16.954   432   432 I hwservicemanager: getFrameworkHalManifest: Reading VINTF information.
03-23 02:29:16.955   432   432 I hwservicemanager: getDeviceHalManifest: Reading VINTF information.
03-23 02:29:16.956   432   432 I hwservicemanager: getDeviceHalManifest: Successfully processed VINTF information
03-23 02:29:16.956   432   432 I hwservicemanager: getFrameworkHalManifest: Successfully processed VINTF information
03-23 02:29:16.956   432   432 E SELinux : avc:  denied  { add } for interface=android.hidl.token::ITokenManager sid=u:r:recovery:s0 pid=432 scontext=u:r:recovery:s0 tcontext=u:object_r:hidl_token_hwservice:s0 tclass=hwservice_manager permissive=1
03-23 02:29:16.956   432   432 I hwservicemanager: hwservicemanager is ready now.
03-23 02:29:16.957   431   431 E cutils-trace: Error opening trace file: No such file or directory (2)
03-23 02:29:16.957   432   432 E cutils-trace: Error opening trace file: No such file or directory (2)
03-23 02:29:16.957   431   431 E LegacySupport: Could not get passthrough implementation for android.hardware.boot@1.0::IBootControl/default.
03-23 02:29:16.962   437   437 I adbd    : persist.adb.watchdog set to ''
03-23 02:29:16.963   437   437 I adbd    : persist.sys.test_harness set to ''
03-23 02:29:16.963   437   437 I adbd    : adb watchdog timeout set to 600 seconds
03-23 02:29:16.963   437   440 I adbd    : Waiting for persist.adb.tls_server.enable=1
03-23 02:29:16.963   437   442 I adbd    : opening control endpoint /dev/usb-ffs/adb/ep0
03-23 02:29:16.963   437   437 I adbd    : adbd started
03-23 02:29:16.966   437   442 I adbd    : UsbFfsConnection constructed
03-23 02:29:16.966   437   443 I adbd    : UsbFfs-monitor thread spawned
03-23 02:29:16.803   430   430 W auditd  : type=1403 audit(0.0:2): auid=4294967295 ses=4294967295 lsm=selinux res=1
03-23 02:29:16.803   430   430 W auditd  : type=1404 audit(0.0:3): enforcing=1 old_enforcing=0 auid=4294967295 ses=4294967295 enabled=1 old-enabled=1 lsm=selinux res=1
03-23 02:29:16.839   417   417 I ueventd : type=1400 audit(0.0:4): avc: denied { sys_nice } for capability=23 scontext=u:r:ueventd:s0 tcontext=u:r:ueventd:s0 tclass=capability permissive=1
03-23 02:29:16.931   430   430 I init    : type=1400 audit(0.0:5): avc: denied { entrypoint } for path="/system/bin/logd" dev="rootfs" ino=631 scontext=u:r:logd:s0 tcontext=u:object_r:rootfs:s0 tclass=file permissive=1
03-23 02:29:16.931   430   430 I logd    : type=1400 audit(0.0:6): avc: denied { map } for path="/system/bin/logd" dev="rootfs" ino=631 scontext=u:r:logd:s0 tcontext=u:object_r:rootfs:s0 tclass=file permissive=1
03-23 02:29:16.931   430   430 I logd    : type=1400 audit(0.0:7): avc: denied { read } for path="/system/bin/logd" dev="rootfs" ino=631 scontext=u:r:logd:s0 tcontext=u:object_r:rootfs:s0 tclass=file permissive=1
03-23 02:29:16.931   430   430 I logd    : type=1400 audit(0.0:8): avc: denied { execute } for path="/system/bin/logd" dev="rootfs" ino=631 scontext=u:r:logd:s0 tcontext=u:object_r:rootfs:s0 tclass=file permissive=1
03-23 02:29:16.931   430   430 I logd    : type=1400 audit(0.0:9): avc: denied { getattr } for path="/system/bin/logd" dev="rootfs" ino=631 scontext=u:r:logd:s0 tcontext=u:object_r:rootfs:s0 tclass=file permissive=1
03-23 02:29:16.931   430   430 I logd    : type=1400 audit(0.0:10): avc: denied { read } for name="bin" dev="rootfs" ino=525 scontext=u:r:logd:s0 tcontext=u:object_r:rootfs:s0 tclass=dir permissive=1
03-23 02:29:16.939   430   430 I logd    : type=1400 audit(0.0:17): avc: denied { create } for name="logd" scontext=u:r:logd:s0 tcontext=u:object_r:socket_device:s0 tclass=sock_file permissive=1
03-23 02:29:16.939   433   433 I vndservicemanag: type=1400 audit(0.0:18): avc: denied { read } for name="vndbinder" dev="binder" ino=6 scontext=u:r:recovery:s0 tcontext=u:object_r:vndbinder_device:s0 tclass=chr_file permissive=1
03-23 02:29:16.939   433   433 I vndservicemanag: type=1400 audit(0.0:19): avc: denied { write } for name="vndbinder" dev="binder" ino=6 scontext=u:r:recovery:s0 tcontext=u:object_r:vndbinder_device:s0 tclass=chr_file permissive=1
03-23 02:29:16.939   433   433 I vndservicemanag: type=1400 audit(0.0:20): avc: denied { open } for path="/dev/binderfs/vndbinder" dev="binder" ino=6 scontext=u:r:recovery:s0 tcontext=u:object_r:vndbinder_device:s0 tclass=chr_file permissive=1
03-23 02:29:16.939   433   433 I vndservicemanag: type=1400 audit(0.0:21): avc: denied { ioctl } for path="/dev/binderfs/vndbinder" dev="binder" ino=6 ioctlcmd=0x6209 scontext=u:r:recovery:s0 tcontext=u:object_r:vndbinder_device:s0 tclass=chr_file permissive=1
03-23 02:29:16.939   433   433 I vndservicemanag: type=1400 audit(0.0:22): avc: denied { map } for path="/dev/binderfs/vndbinder" dev="binder" ino=6 scontext=u:r:recovery:s0 tcontext=u:object_r:vndbinder_device:s0 tclass=chr_file permissive=1
03-23 02:29:16.943   433   433 I vndservicemanag: type=1400 audit(0.0:23): avc: denied { create } for scontext=u:r:recovery:s0 tcontext=u:r:recovery:s0 tclass=netlink_selinux_socket permissive=1
03-23 02:29:16.943   433   433 I vndservicemanag: type=1400 audit(0.0:24): avc: denied { bind } for scontext=u:r:recovery:s0 tcontext=u:r:recovery:s0 tclass=netlink_selinux_socket permissive=1
03-23 02:29:16.943   433   433 I vndservicemanag: type=1400 audit(0.0:25): avc: denied { read } for name="perms" dev="selinuxfs" ino=67112490 scontext=u:r:recovery:s0 tcontext=u:object_r:selinuxfs:s0 tclass=dir permissive=1
03-23 02:29:16.943   433   433 I vndservicemanag: type=1400 audit(0.0:26): avc: denied { open } for path="/sys/fs/selinux/class/service_manager/perms" dev="selinuxfs" ino=67112490 scontext=u:r:recovery:s0 tcontext=u:object_r:selinuxfs:s0 tclass=dir permissive=1
03-23 02:29:16.943   433   433 I vndservicemanag: type=1400 audit(0.0:27): avc: denied { write } for name="access" dev="selinuxfs" ino=6 scontext=u:r:recovery:s0 tcontext=u:object_r:selinuxfs:s0 tclass=file permissive=1
03-23 02:29:16.943   433   433 I vndservicemanag: type=1400 audit(0.0:28): avc: denied { compute_av } for scontext=u:r:recovery:s0 tcontext=u:object_r:kernel:s0 tclass=security permissive=1
03-23 02:29:16.943   433   433 I vndservicemanag: type=1400 audit(0.0:29): avc: denied { set_context_mgr } for scontext=u:r:recovery:s0 tcontext=u:r:recovery:s0 tclass=binder permissive=1
03-23 02:29:16.951     1     1 I unknown : type=1107 audit(0.0:30): uid=0 auid=4294967295 ses=4294967295 subj=u:r:init:s0 msg='avc: denied { set } for property=hwservicemanager.ready pid=432 uid=0 gid=0 scontext=u:r:recovery:s0 tcontext=u:object_r:hwservicemanager_prop:s0 tclass=property_service permissive=1'
03-23 02:29:16.951   431   431 I android.hardwar: type=1400 audit(0.0:31): avc: denied { call } for scontext=u:r:recovery:s0 tcontext=u:r:recovery:s0 tclass=binder permissive=1
03-23 02:29:16.963   434   434 I recovery: type=1400 audit(0.0:32): avc: denied { getattr } for path="/sys/devices/virtual/thermal/thermal_zone34/temp" dev="sysfs" ino=89377 scontext=u:r:recovery:s0 tcontext=u:object_r:sysfs:s0 tclass=file permissive=1
03-23 02:29:16.971     1     1 I unknown : type=1107 audit(0.0:33): uid=0 auid=4294967295 ses=4294967295 subj=u:r:init:s0 msg='avc: denied { set } for property=ro.fastbootd.available pid=434 uid=0 gid=0 scontext=u:r:recovery:s0 tcontext=u:object_r:default_prop:s0 tclass=property_service permissive=1'
03-23 02:29:16.975   434   434 I recovery: type=1400 audit(0.0:34): avc: denied { write } for name="brightness" dev="sysfs" ino=110287 scontext=u:r:recovery:s0 tcontext=u:object_r:sysfs:s0 tclass=file permissive=1
03-23 02:29:16.975   434   434 I recovery: type=1400 audit(0.0:35): avc: denied { open } for path="/sys/devices/platform/soc/ae00000.qcom,mdss_mdp/backlight/panel0-backlight/brightness" dev="sysfs" ino=110287 scontext=u:r:recovery:s0 tcontext=u:object_r:sysfs:s0 tclass=file permissive=1
03-23 02:29:16.987   447   447 I chmod   : type=1400 audit(0.0:36): avc: denied { setattr } for name="aapt" dev="rootfs" ino=500 scontext=u:r:recovery:s0 tcontext=u:object_r:rootfs:s0 tclass=file permissive=1
03-23 02:29:17.011   434   434 W libc    : Unable to set property "ro.product.device" to "Metroid": error code: 0xb
03-23 02:29:17.007     1     1 I unknown : type=1107 audit(0.0:37): uid=0 auid=4294967295 ses=4294967295 subj=u:r:init:s0 msg='avc: denied { set } for property=ro.product.device pid=434 uid=0 gid=0 scontext=u:r:recovery:s0 tcontext=u:object_r:build_prop:s0 tclass=property_service permissive=1'
03-23 02:29:17.015   434   434 W libc    : Unable to set property "ro.fastbootd.available" to "1": error code: 0xb
03-23 02:29:17.022   434   434 W recovery: [libfs_mgr]Warning: unknown flag: sync
03-23 02:29:17.024   434   434 I recovery: Boot command: boot-recovery
03-23 02:29:17.024   434   434 I recovery: Got 1 arguments from boot message
03-23 02:29:17.024   434   434 W recovery: [libfs_mgr]Warning: unknown flag: sync
03-23 02:29:17.025   434   434 W recovery: [libfs_mgr]Warning: unknown flag: sync
03-23 02:29:17.019   434   434 I recovery: type=1400 audit(0.0:38): avc: denied { write } for name="etc" dev="rootfs" ino=778 scontext=u:r:recovery:s0 tcontext=u:object_r:rootfs:s0 tclass=dir permissive=1
03-23 02:29:17.019   434   434 I recovery: type=1400 audit(0.0:39): avc: denied { add_name } for name="mtab" scontext=u:r:recovery:s0 tcontext=u:object_r:rootfs:s0 tclass=dir permissive=1
03-23 02:29:17.019   434   434 I recovery: type=1400 audit(0.0:40): avc: denied { create } for name="mtab" scontext=u:r:recovery:s0 tcontext=u:object_r:rootfs:s0 tclass=lnk_file permissive=1
03-23 02:29:17.026   434   434 I recovery: [libfs_mgr]Created logical partition odm_a on device /dev/block/dm-0
03-23 02:29:17.027   434   434 I recovery: [libfs_mgr]Created logical partition odm_b on device /dev/block/dm-1
03-23 02:29:17.028   434   434 I recovery: [libfs_mgr]Created logical partition product_a on device /dev/block/dm-2
03-23 02:29:17.029   434   434 I recovery: [libfs_mgr]Created logical partition product_b on device /dev/block/dm-3
03-23 02:29:17.030   434   434 I recovery: [libfs_mgr]Created logical partition system_a on device /dev/block/dm-4
03-23 02:29:17.031   434   434 I recovery: [libfs_mgr]Created logical partition system_b on device /dev/block/dm-5
03-23 02:29:17.032   434   434 I recovery: [libfs_mgr]Created logical partition system_dlkm_a on device /dev/block/dm-6
03-23 02:29:17.033   434   434 I recovery: [libfs_mgr]Created logical partition system_dlkm_b on device /dev/block/dm-7
03-23 02:29:17.034   434   434 I recovery: [libfs_mgr]Created logical partition system_ext_a on device /dev/block/dm-8
03-23 02:29:17.034   434   434 I recovery: [libfs_mgr]Created logical partition system_ext_b on device /dev/block/dm-9
03-23 02:29:17.035   434   434 I recovery: [libfs_mgr]Created logical partition vendor_a on device /dev/block/dm-10
03-23 02:29:17.035   434   434 I recovery: [libfs_mgr]Created logical partition vendor_b on device /dev/block/dm-11
03-23 02:29:17.036   434   434 I recovery: [libfs_mgr]Created logical partition vendor_dlkm_a on device /dev/block/dm-12
03-23 02:29:17.036   434   434 I recovery: [libfs_mgr]Created logical partition vendor_dlkm_b on device /dev/block/dm-13
03-23 02:29:17.031   434   434 I recovery: type=1400 audit(0.0:41): avc: denied { create } for name="system_root" scontext=u:r:recovery:s0 tcontext=u:object_r:rootfs:s0 tclass=dir permissive=1
03-23 02:29:17.031   434   434 I recovery: type=1400 audit(0.0:42): avc: denied { ioctl } for path="/dev/block/dm-4" dev="tmpfs" ino=1033 ioctlcmd=0x5331 scontext=u:r:recovery:s0 tcontext=u:object_r:dm_device:s0 tclass=blk_file permissive=1
03-23 02:29:17.035   434   434 I recovery: type=1400 audit(0.0:43): avc: denied { write } for name="by-name" dev="tmpfs" ino=16 scontext=u:r:recovery:s0 tcontext=u:object_r:block_device:s0 tclass=dir permissive=1
03-23 02:29:17.035   434   434 I recovery: type=1400 audit(0.0:44): avc: denied { add_name } for name="system" scontext=u:r:recovery:s0 tcontext=u:object_r:block_device:s0 tclass=dir permissive=1
03-23 02:29:17.035   434   434 I recovery: type=1400 audit(0.0:45): avc: denied { create } for name="system" scontext=u:r:recovery:s0 tcontext=u:object_r:block_device:s0 tclass=lnk_file permissive=1
03-23 02:29:17.035   434   434 I recovery: type=1400 audit(0.0:46): avc: denied { remove_name } for name="system_ext" dev="rootfs" ino=3763 scontext=u:r:recovery:s0 tcontext=u:object_r:rootfs:s0 tclass=dir permissive=1
03-23 02:29:17.035   434   434 I recovery: type=1400 audit(0.0:47): avc: denied { unlink } for name="system_ext" dev="rootfs" ino=3763 scontext=u:r:recovery:s0 tcontext=u:object_r:rootfs:s0 tclass=lnk_file permissive=1
03-23 02:29:17.035   434   434 I recovery: type=1400 audit(0.0:48): avc: denied { ioctl } for path="/dev/block/dm-8" dev="tmpfs" ino=1045 ioctlcmd=0x5331 scontext=u:r:recovery:s0 tcontext=u:object_r:dm_device:s0 tclass=blk_file permissive=1
03-23 02:29:17.039   434   434 I recovery: type=1400 audit(0.0:49): avc: denied { ioctl } for path="/dev/block/dm-2" dev="tmpfs" ino=1027 ioctlcmd=0x5331 scontext=u:r:recovery:s0 tcontext=u:object_r:dm_device:s0 tclass=blk_file permissive=1
03-23 02:29:17.043   434   434 I recovery: type=1400 audit(0.0:50): avc: denied { ioctl } for path="/dev/block/dm-10" dev="tmpfs" ino=1051 ioctlcmd=0x5331 scontext=u:r:recovery:s0 tcontext=u:object_r:dm_device:s0 tclass=blk_file permissive=1
03-23 02:29:17.043   434   434 I recovery: type=1400 audit(0.0:51): avc: denied { ioctl } for path="/dev/block/dm-12" dev="tmpfs" ino=1057 ioctlcmd=0x5331 scontext=u:r:recovery:s0 tcontext=u:object_r:dm_device:s0 tclass=blk_file permissive=1
03-23 02:29:17.047   434   434 I recovery: type=1400 audit(0.0:52): avc: denied { ioctl } for path="/dev/block/dm-6" dev="tmpfs" ino=1039 ioctlcmd=0x5331 scontext=u:r:recovery:s0 tcontext=u:object_r:dm_device:s0 tclass=blk_file permissive=1
03-23 02:29:17.051   434   434 I recovery: type=1400 audit(0.0:53): avc: denied { ioctl } for path="/dev/block/dm-0" dev="tmpfs" ino=1019 ioctlcmd=0x5331 scontext=u:r:recovery:s0 tcontext=u:object_r:dm_device:s0 tclass=blk_file permissive=1
03-23 02:29:17.051   434   434 I recovery: type=1400 audit(0.0:54): avc: denied { read } for name="dev" dev="sysfs" ino=115217 scontext=u:r:recovery:s0 tcontext=u:object_r:sysfs:s0 tclass=file permissive=1
03-23 02:29:17.055   434   434 I recovery: type=1400 audit(0.0:55): avc: denied { search } for name="/" dev="sda2" ino=2 scontext=u:r:recovery:s0 tcontext=u:object_r:mnt_vendor_file:s0 tclass=dir permissive=1
03-23 02:29:17.055   434   434 I recovery: type=1400 audit(0.0:56): avc: denied { search } for name="rtc" dev="sysfs" ino=50972 scontext=u:r:recovery:s0 tcontext=u:object_r:sysfs_rtc:s0 tclass=dir permissive=1
03-23 02:29:17.055   434   434 I recovery: type=1400 audit(0.0:57): avc: denied { sys_time } for capability=25 scontext=u:r:recovery:s0 tcontext=u:r:recovery:s0 tclass=capability permissive=1
12-19 16:08:08.502   434   434 I recovery: type=1400 audit(0.0:58): avc: denied { getattr } for path="/persist" dev="sda2" ino=2 scontext=u:r:recovery:s0 tcontext=u:object_r:mnt_vendor_file:s0 tclass=dir permissive=1
12-19 16:08:08.502   434   434 I recovery: type=1400 audit(0.0:59): avc: denied { ioctl } for path="/dev/block/dm-10" dev="tmpfs" ino=1051 ioctlcmd=0x5331 scontext=u:r:recovery:s0 tcontext=u:object_r:dm_device:s0 tclass=blk_file permissive=1
12-19 16:08:08.502   434   434 I recovery: type=1400 audit(0.0:60): avc: denied { ioctl } for path="/dev/block/dm-12" dev="tmpfs" ino=1057 ioctlcmd=0x5331 scontext=u:r:recovery:s0 tcontext=u:object_r:dm_device:s0 tclass=blk_file permissive=1
12-19 16:08:08.974     1     1 I init    : type=1400 audit(0.0:61): avc: denied { write } for name="mode" dev="sysfs" ino=122803 scontext=u:r:init:s0 tcontext=u:object_r:sysfs:s0 tclass=file permissive=1
12-19 16:08:08.974     1     1 I init    : type=1400 audit(0.0:62): avc: denied { open } for path="/sys/devices/platform/soc/a600000.ssusb/mode" dev="sysfs" ino=122803 scontext=u:r:init:s0 tcontext=u:object_r:sysfs:s0 tclass=file permissive=1
12-19 16:08:09.062   434   434 I recovery: type=1400 audit(0.0:63): avc: denied { read } for name="modules" dev="proc" ino=4026532049 scontext=u:r:recovery:s0 tcontext=u:object_r:proc_modules:s0 tclass=file permissive=1
12-19 16:08:09.062   434   434 I recovery: type=1400 audit(0.0:64): avc: denied { open } for path="/proc/modules" dev="proc" ino=4026532049 scontext=u:r:recovery:s0 tcontext=u:object_r:proc_modules:s0 tclass=file permissive=1
12-19 16:08:09.062   434   434 I recovery: type=1400 audit(0.0:65): avc: denied { getattr } for path="/proc/modules" dev="proc" ino=4026532049 scontext=u:r:recovery:s0 tcontext=u:object_r:proc_modules:s0 tclass=file permissive=1
12-19 16:08:09.066   434   434 I recovery: type=1400 audit(0.0:66): avc: denied { mounton } for path="/vendor_dlkm/lib/modules" dev="dm-12" ino=81 scontext=u:r:recovery:s0 tcontext=u:object_r:vendor_file:s0 tclass=dir permissive=1
12-19 16:08:09.066   434   434 I recovery: type=1400 audit(0.0:67): avc: denied { sys_module } for capability=16 scontext=u:r:recovery:s0 tcontext=u:r:recovery:s0 tclass=capability permissive=1
12-19 16:08:09.066   434   434 I recovery: type=1400 audit(0.0:68): avc: denied { module_load } for path="/vendor_dlkm/lib/modules/qcom_glink.ko" dev="tmpfs" ino=206 scontext=u:r:recovery:s0 tcontext=u:object_r:tmpfs:s0 tclass=system permissive=1
12-19 16:08:09.070   434   434 I recovery: Loading module /vendor/lib/modules/qcom_glink.ko with args ''
12-19 16:08:09.070   434   434 I recovery: Loading module /vendor/lib/modules/qcom_glink_smem.ko with args ''
12-19 16:08:09.070   434   434 I recovery: Loading module /vendor/lib/modules/qcom_smd.ko with args ''
12-19 16:08:09.070   434   434 I recovery: Loading module /vendor/lib/modules/rproc_qcom_common.ko with args ''
12-19 16:08:09.070   434   434 I recovery: Loading module /vendor/lib/modules/panel_event_notifier.ko with args ''
12-19 16:08:09.070   434   434 I recovery: Loading module /vendor/lib/modules/qmi_helpers.ko with args ''
12-19 16:08:09.070   434   434 I recovery: Loading module /vendor/lib/modules/pdr_interface.ko with args ''
12-19 16:08:09.070   434   434 I recovery: Loading module /vendor/lib/modules/qti_pmic_glink.ko with args ''
12-19 16:08:09.070   434   434 I recovery: Loading module /vendor/lib/modules/qti_battery_charger.ko with args ''
12-19 16:08:09.070   434   434 I recovery: Loading module /vendor/lib/modules/qcom_sysmon.ko with args ''
12-19 16:08:09.071   434   434 I recovery: Loading module /vendor/lib/modules/qcom_ramdump.ko with args ''
12-19 16:08:09.072   434   434 I recovery: Loaded kernel module /vendor/lib/modules/q6_dlkm.ko
12-19 16:08:09.072   434   434 I recovery: Loading module /vendor/lib/modules/leds-qpnp-vibrator-ldo.ko with args ''
12-19 16:08:09.072   434   434 I recovery: Loading module /vendor/lib/modules/hwmon.ko with args ''
12-19 16:08:09.072   434   434 I recovery: Loading module /vendor/lib/modules/haptic.ko with args 'uefi_f0_calidata=125 uefi_f0=1687'
12-19 16:08:09.072   434   434 I recovery: Loading module /vendor/lib/modules/gh_mem_notifier.ko with args ''
12-19 16:08:09.072   434   434 I recovery: Loading module /vendor/lib/modules/gh_irq_lend.ko with args ''
12-19 16:08:09.072   434   434 I recovery: Loading module /vendor/lib/modules/qts.ko with args ''
12-19 16:08:09.073   434   434 I recovery: Loaded kernel module /vendor/lib/modules/qts.ko
12-19 16:08:09.073   434   434 I recovery: Loading module /vendor/lib/modules/goodix_ts.ko with args ''
12-19 16:08:09.074   434   434 I recovery: Loaded kernel module /vendor/lib/modules/goodix_ts.ko
12-19 16:08:09.074   434   434 I recovery: Loading module /vendor/lib/modules/touchpanel_event_notify.ko with args ''
12-19 16:08:09.074   434   434 I recovery: Loading module /vendor/lib/modules/nt_display_notifier.ko with args ''
12-19 16:08:09.075   434   434 I recovery: Loading module /vendor/lib/modules/goodix_fp.ko with args ''
12-19 16:08:09.075   434   434 I recovery: Loading module /vendor/lib/modules/focaltech_tp.ko with args ''
12-19 16:08:09.289   434   434 I recovery: Loaded kernel module /vendor/lib/modules/focaltech_tp.ko
12-19 16:08:09.289   434   434 I recovery: Loading module /vendor/lib/modules/atmel_mxt_ts.ko with args ''
12-19 16:08:09.290   434   434 I recovery: Loaded kernel module /vendor/lib/modules/atmel_mxt_ts.ko
12-19 16:08:09.290   434   434 I recovery: Loading module /vendor/lib/modules/q6_pdr_dlkm.ko with args ''
12-19 16:08:09.290   434   434 I recovery: Loaded kernel module /vendor/lib/modules/q6_pdr_dlkm.ko
12-19 16:08:09.290   434   434 I recovery: Loading module /vendor/lib/modules/q6_notifier_dlkm.ko with args ''
12-19 16:08:09.286   477   477 I ueventd : type=1400 audit(0.0:69): avc: denied { search } for name="firmware" dev="dm-10" ino=124845378 scontext=u:r:ueventd:s0 tcontext=u:object_r:unlabeled:s0 tclass=dir permissive=1 trawcon="u:object_r:vendor_firmware_file:s0"
12-19 16:08:09.292   434   434 I recovery: Loaded kernel module /vendor/lib/modules/q6_notifier_dlkm.ko
12-19 16:08:09.292   434   434 I recovery: Loading module /vendor/lib/modules/snd_event_dlkm.ko with args ''
12-19 16:08:09.293   434   434 I recovery: Loaded kernel module /vendor/lib/modules/snd_event_dlkm.ko
12-19 16:08:09.293   434   434 I recovery: Loading module /vendor/lib/modules/gpr_dlkm.ko with args ''
12-19 16:08:09.290   477   477 I ueventd : type=1400 audit(0.0:70): avc: denied { read } for name="focaltech_ts_fw_boe.bin" dev="dm-10" ino=124852857 scontext=u:r:ueventd:s0 tcontext=u:object_r:unlabeled:s0 tclass=file permissive=1 trawcon="u:object_r:vendor_firmware_file:s0"
12-19 16:08:09.290   477   477 I ueventd : type=1400 audit(0.0:71): avc: denied { open } for path="/vendor/firmware/focaltech_ts_fw_boe.bin" dev="dm-10" ino=124852857 scontext=u:r:ueventd:s0 tcontext=u:object_r:unlabeled:s0 tclass=file permissive=1 trawcon="u:object_r:vendor_firmware_file:s0"
12-19 16:08:09.290   477   477 I ueventd : type=1400 audit(0.0:72): avc: denied { getattr } for path="/vendor/firmware/focaltech_ts_fw_boe.bin" dev="dm-10" ino=124852857 scontext=u:r:ueventd:s0 tcontext=u:object_r:unlabeled:s0 tclass=file permissive=1 trawcon="u:object_r:vendor_firmware_file:s0"
12-19 16:08:09.293   434   434 I recovery: Loaded kernel module /vendor/lib/modules/gpr_dlkm.ko
12-19 16:08:09.293   434   434 I recovery: Loading module /vendor/lib/modules/spf_core_dlkm.ko with args ''
12-19 16:08:09.295   434   434 I recovery: Loaded kernel module /vendor/lib/modules/spf_core_dlkm.ko
12-19 16:08:09.295   434   434 I recovery: Loading module /vendor/lib/modules/adsp_loader_dlkm.ko with args ''
12-19 16:08:09.295   434   434 I recovery: Loaded kernel module /vendor/lib/modules/adsp_loader_dlkm.ko
12-19 16:08:09.746   434   434 I recovery: module qcom_glink does not exist
12-19 16:08:09.746   434   434 E recovery: LoadWithAliases was unable to load /vendor/lib/modules/qcom_glink.ko
12-19 16:08:09.746   434   434 E recovery: LoadWithAliases was unable to load rproc_qcom_common
12-19 16:08:09.746   434   434 I recovery: module panel_event_notifier does not exist
12-19 16:08:09.746   434   434 E recovery: LoadWithAliases was unable to load /vendor/lib/modules/panel_event_notifier.ko
12-19 16:08:09.746   434   434 E recovery: LoadWithAliases was unable to load qti_battery_charger
12-19 16:08:09.746   434   434 I recovery: module qcom_glink does not exist
12-19 16:08:09.747   434   434 E recovery: LoadWithAliases was unable to load /vendor/lib/modules/qcom_glink.ko
12-19 16:08:09.747   434   434 E recovery: LoadWithAliases was unable to load qcom_sysmon
12-19 16:08:09.747   434   434 I recovery: module qcom_glink does not exist
12-19 16:08:09.747   434   434 E recovery: LoadWithAliases was unable to load /vendor/lib/modules/qcom_glink.ko
12-19 16:08:09.747   434   434 E recovery: LoadWithAliases was unable to load qcom_q6v5_pas
12-19 16:08:09.747   434   434 I recovery: module qcom_glink does not exist
12-19 16:08:09.747   434   434 E recovery: LoadWithAliases was unable to load /vendor/lib/modules/qcom_glink.ko
12-19 16:08:09.747   434   434 E recovery: LoadWithAliases was unable to load qcom_q6v5
12-19 16:08:09.747   434   434 I recovery: Loading module /vendor/lib/modules/q6_dlkm.ko with args ''
12-19 16:08:09.747   434   434 I recovery: Loading module /vendor/lib/modules/leds-qpnp-vibrator-ldo.ko with args ''
12-19 16:08:09.747   434   434 I recovery: Loading module /vendor/lib/modules/hwmon.ko with args ''
12-19 16:08:09.742   434   434 I recovery: type=1400 audit(0.0:73): avc: denied { module_load } for path="/vendor/lib/modules/q6_dlkm.ko" dev="rootfs" ino=5612 scontext=u:r:recovery:s0 tcontext=u:object_r:rootfs:s0 tclass=system permissive=1
12-19 16:08:09.747   434   434 I recovery: Loading module /vendor/lib/modules/haptic.ko with args 'uefi_f0_calidata=125 uefi_f0=1687'
12-19 16:08:09.747   434   434 I recovery: module panel_event_notifier does not exist
12-19 16:08:09.747   434   434 E recovery: LoadWithAliases was unable to load /vendor/lib/modules/panel_event_notifier.ko
12-19 16:08:09.747   434   434 E recovery: LoadWithAliases was unable to load goodix_ts
12-19 16:08:09.747   434   434 I recovery: module panel_event_notifier does not exist
12-19 16:08:09.747   434   434 E recovery: LoadWithAliases was unable to load /vendor/lib/modules/panel_event_notifier.ko
12-19 16:08:09.747   434   434 E recovery: LoadWithAliases was unable to load goodix_fp
12-19 16:08:09.747   434   434 I recovery: module panel_event_notifier does not exist
12-19 16:08:09.747   434   434 E recovery: LoadWithAliases was unable to load /vendor/lib/modules/panel_event_notifier.ko
12-19 16:08:09.747   434   434 E recovery: LoadWithAliases was unable to load focaltech_tp
12-19 16:08:09.747   434   434 I recovery: module panel_event_notifier does not exist
12-19 16:08:09.747   434   434 E recovery: LoadWithAliases was unable to load /vendor/lib/modules/panel_event_notifier.ko
12-19 16:08:09.747   434   434 E recovery: LoadWithAliases was unable to load atmel_mxt_ts
12-19 16:08:09.748   434   434 I recovery: module qcom_glink does not exist
12-19 16:08:09.748   434   434 E recovery: LoadWithAliases was unable to load /vendor/lib/modules/qcom_glink.ko
12-19 16:08:09.748   434   434 E recovery: LoadWithAliases was unable to load qcom_sysmon
12-19 16:08:09.748   434   434 I recovery: module panel_event_notifier does not exist
12-19 16:08:09.748   434   434 E recovery: LoadWithAliases was unable to load /vendor/lib/modules/panel_event_notifier.ko
12-19 16:08:09.748   434   434 E recovery: LoadWithAliases was unable to load qti_battery_charger
12-19 16:08:09.748   434   434 I recovery: module qcom_glink does not exist
12-19 16:08:09.748   434   434 E recovery: LoadWithAliases was unable to load /vendor/lib/modules/qcom_glink.ko
12-19 16:08:09.748   434   434 E recovery: LoadWithAliases was unable to load rproc_qcom_common
12-19 16:08:09.754   434   434 I recovery: type=1400 audit(0.0:74): avc: denied { ioctl } for path="/dev/block/dm-10" dev="tmpfs" ino=1051 ioctlcmd=0x5331 scontext=u:r:recovery:s0 tcontext=u:object_r:dm_device:s0 tclass=blk_file permissive=1
12-19 16:08:09.754   478   478 I android.hardwar: type=1400 audit(0.0:75): avc: denied { write } for path="/dev/kmsg" dev="tmpfs" ino=5 scontext=u:r:recovery:s0 tcontext=u:object_r:kmsg_device:s0 tclass=chr_file permissive=1
12-19 16:08:09.762   478   478 E cutils-trace: Error opening trace file: No such file or directory (2)
12-19 16:08:09.758   434   434 I recovery: type=1400 audit(0.0:76): avc: denied { ioctl } for path="/dev/block/dm-0" dev="tmpfs" ino=1019 ioctlcmd=0x5331 scontext=u:r:recovery:s0 tcontext=u:object_r:dm_device:s0 tclass=blk_file permissive=1
12-19 16:08:09.758   478   478 I android.hardwar: type=1400 audit(0.0:77): avc: denied { call } for scontext=u:r:recovery:s0 tcontext=u:r:recovery:s0 tclass=binder permissive=1
12-19 16:08:09.758   432   432 I hwservicemanage: type=1400 audit(0.0:78): avc: denied { write } for name="access" dev="selinuxfs" ino=6 scontext=u:r:recovery:s0 tcontext=u:object_r:selinuxfs:s0 tclass=file permissive=1
12-19 16:08:09.763   432   432 E SELinux : avc:  denied  { find } for interface=android.hardware.health::IHealth sid=u:r:recovery:s0 pid=478 scontext=u:r:recovery:s0 tcontext=u:object_r:hal_health_hwservice:s0 tclass=hwservice_manager permissive=1
12-19 16:08:09.758   432   432 I hwservicemanage: type=1400 audit(0.0:79): avc: denied { compute_av } for scontext=u:r:recovery:s0 tcontext=u:object_r:kernel:s0 tclass=security permissive=1
12-19 16:08:09.764   478   478 E HidlServiceManagement: Could not find instance 'default' in library android.hardware.health@2.0-impl-default.so. Keeping library open.
12-19 16:08:09.762   478   478 I android.hardwar: type=1400 audit(0.0:80): avc: denied { getattr } for path="/dev/kmsg" dev="tmpfs" ino=5 scontext=u:r:recovery:s0 tcontext=u:object_r:kmsg_device:s0 tclass=chr_file permissive=1
12-19 16:08:09.764   478   478 I android.hardware.health@2.1-service: default instance initializing with healthd_config...
12-19 16:08:09.764   432   432 E SELinux : avc:  denied  { add } for interface=android.hardware.health::IHealth sid=u:r:recovery:s0 pid=478 scontext=u:r:recovery:s0 tcontext=u:object_r:hal_health_hwservice:s0 tclass=hwservice_manager permissive=1
12-19 16:08:09.762   478   478 I android.hardwar: type=1400 audit(0.0:81): avc: denied { transfer } for scontext=u:r:recovery:s0 tcontext=u:r:recovery:s0 tclass=binder permissive=1
12-19 16:08:09.764   478   478 I HidlServiceManagement: Removing namespace from process name android.hardware.health@2.1-service to health@2.1-service.
12-19 16:08:09.764   478   478 I android.hardware.health@2.1-service: default: Hal init done
12-19 16:08:09.762   478   478 I health@2.1-serv: type=1400 audit(0.0:82): avc: denied { wake_alarm } for capability=35 scontext=u:r:recovery:s0 tcontext=u:r:recovery:s0 tclass=capability2 permissive=1
12-19 16:08:09.762   478   478 I health@2.1-serv: type=1400 audit(0.0:83): avc: denied { create } for scontext=u:r:recovery:s0 tcontext=u:r:recovery:s0 tclass=netlink_kobject_uevent_socket permissive=1
12-19 16:08:09.762   478   478 I health@2.1-serv: type=1400 audit(0.0:84): avc: denied { setopt } for scontext=u:r:recovery:s0 tcontext=u:r:recovery:s0 tclass=netlink_kobject_uevent_socket permissive=1
12-19 16:08:09.762   478   478 I health@2.1-serv: type=1400 audit(0.0:85): avc: denied { getopt } for scontext=u:r:recovery:s0 tcontext=u:r:recovery:s0 tclass=netlink_kobject_uevent_socket permissive=1
12-19 16:08:09.762   478   478 I health@2.1-serv: type=1400 audit(0.0:86): avc: denied { bind } for scontext=u:r:recovery:s0 tcontext=u:r:recovery:s0 tclass=netlink_kobject_uevent_socket permissive=1
12-19 16:08:09.762   434   434 I recovery: type=1400 audit(0.0:87): avc: denied { write } for name="properties_serial" dev="tmpfs" ino=305 scontext=u:r:recovery:s0 tcontext=u:object_r:properties_serial:s0 tclass=file permissive=1
12-19 16:08:09.762   434   434 I recovery: type=1400 audit(0.0:88): avc: denied { write } for name="u:object_r:vold_config_prop:s0" dev="tmpfs" ino=291 scontext=u:r:recovery:s0 tcontext=u:object_r:vold_config_prop:s0 tclass=file permissive=1
12-19 16:08:09.762   434   434 I recovery: type=1400 audit(0.0:89): avc: denied { write } for name="u:object_r:storage_config_prop:s0" dev="tmpfs" ino=253 scontext=u:r:recovery:s0 tcontext=u:object_r:storage_config_prop:s0 tclass=file permissive=1
12-19 16:08:09.762   434   434 I recovery: type=1400 audit(0.0:90): avc: denied { create } for name="additional.fstab" scontext=u:r:recovery:s0 tcontext=u:object_r:rootfs:s0 tclass=file permissive=1
12-19 16:08:09.762   434   434 I recovery: type=1400 audit(0.0:91): avc: denied { write } for path="/system/etc/additional.fstab" dev="rootfs" ino=5694 scontext=u:r:recovery:s0 tcontext=u:object_r:rootfs:s0 tclass=file permissive=1
12-19 16:08:09.830   434   434 I recovery: type=1400 audit(0.0:92): avc: denied { read write } for name="card0" dev="tmpfs" ino=633 scontext=u:r:recovery:s0 tcontext=u:object_r:device:s0 tclass=chr_file permissive=1
12-19 16:08:09.830   434   434 I recovery: type=1400 audit(0.0:93): avc: denied { open } for path="/dev/dri/card0" dev="tmpfs" ino=633 scontext=u:r:recovery:s0 tcontext=u:object_r:device:s0 tclass=chr_file permissive=1
12-19 16:08:09.830   434   434 I recovery: type=1400 audit(0.0:94): avc: denied { ioctl } for path="/dev/dri/card0" dev="tmpfs" ino=633 ioctlcmd=0x640c scontext=u:r:recovery:s0 tcontext=u:object_r:device:s0 tclass=chr_file permissive=1
12-19 16:08:09.830   478   478 I health@2.1-serv: type=1400 audit(0.0:95): avc: denied { read } for scontext=u:r:recovery:s0 tcontext=u:r:recovery:s0 tclass=netlink_kobject_uevent_socket permissive=1
12-19 16:08:09.830   434   434 I recovery: type=1400 audit(0.0:96): avc: denied { map } for path="/dev/dri/card0" dev="tmpfs" ino=633 scontext=u:r:recovery:s0 tcontext=u:object_r:device:s0 tclass=chr_file permissive=1
12-19 16:08:09.854   434   434 I recovery: type=1400 audit(0.0:97): avc: denied { execmem } for scontext=u:r:recovery:s0 tcontext=u:r:recovery:s0 tclass=process permissive=1
12-19 16:08:09.854   434   434 I recovery: type=1400 audit(0.0:98): avc: denied { execute } for path="/dev/ashmemb4b1c9da-4f4f-44a9-a285-ca7cca54d32a" dev="tmpfs" ino=984 scontext=u:r:recovery:s0 tcontext=u:object_r:ashmem_libcutils_device:s0 tclass=chr_file permissive=1
12-19 16:08:09.857   434   434 I ArmToArm64Assembler: generated scanline__00000077:03010101_00008001_00000000 [195 ipp] (241 ins) at [0x6e3333d3c0:0x6e3333d784] in 21250ns
12-19 16:08:09.909   434   434 I ArmToArm64Assembler: generated scanline__00000077:03545401_00000A01_00000000 [ 69 ipp] (113 ins) at [0x6e3333d790:0x6e3333d954] in 17031ns
12-19 16:08:09.921   434   434 I ArmToArm64Assembler: generated scanline__00000077:03545401_00000A08_00000000 [ 69 ipp] (116 ins) at [0x6e3333d960:0x6e3333db30] in 14583ns
12-19 16:08:09.926   434   434 I recovery: type=1400 audit(0.0:99): avc: denied { ioctl } for path="/dev/block/dm-4" dev="tmpfs" ino=1033 ioctlcmd=0x5331 scontext=u:r:recovery:s0 tcontext=u:object_r:dm_device:s0 tclass=blk_file permissive=1
12-19 16:08:09.930   434   434 I recovery: type=1400 audit(0.0:100): avc: denied { ioctl } for path="/dev/block/dm-10" dev="tmpfs" ino=1051 ioctlcmd=0x5331 scontext=u:r:recovery:s0 tcontext=u:object_r:dm_device:s0 tclass=blk_file permissive=1
12-19 16:08:09.938   434   434 I recovery: type=1400 audit(0.0:101): avc: denied { ioctl } for path="/dev/block/dm-4" dev="tmpfs" ino=1033 ioctlcmd=0x5331 scontext=u:r:recovery:s0 tcontext=u:object_r:dm_device:s0 tclass=blk_file permissive=1
12-19 16:08:09.942   434   434 I recovery: type=1400 audit(0.0:102): avc: denied { ioctl } for path="/dev/block/dm-8" dev="tmpfs" ino=1045 ioctlcmd=0x5331 scontext=u:r:recovery:s0 tcontext=u:object_r:dm_device:s0 tclass=blk_file permissive=1
12-19 16:08:09.942   434   434 I recovery: type=1400 audit(0.0:103): avc: denied { ioctl } for path="/dev/block/dm-2" dev="tmpfs" ino=1027 ioctlcmd=0x5331 scontext=u:r:recovery:s0 tcontext=u:object_r:dm_device:s0 tclass=blk_file permissive=1
12-19 16:08:09.946   434   434 I recovery: type=1400 audit(0.0:104): avc: denied { ioctl } for path="/dev/block/dm-10" dev="tmpfs" ino=1051 ioctlcmd=0x5331 scontext=u:r:recovery:s0 tcontext=u:object_r:dm_device:s0 tclass=blk_file permissive=1
12-19 16:08:09.950   434   434 I recovery: type=1400 audit(0.0:105): avc: denied { ioctl } for path="/dev/block/dm-12" dev="tmpfs" ino=1057 ioctlcmd=0x5331 scontext=u:r:recovery:s0 tcontext=u:object_r:dm_device:s0 tclass=blk_file permissive=1
12-19 16:08:09.950   434   434 I recovery: type=1400 audit(0.0:106): avc: denied { ioctl } for path="/dev/block/dm-6" dev="tmpfs" ino=1039 ioctlcmd=0x5331 scontext=u:r:recovery:s0 tcontext=u:object_r:dm_device:s0 tclass=blk_file permissive=1
12-19 16:08:09.954   434   434 I recovery: type=1400 audit(0.0:107): avc: denied { ioctl } for path="/dev/block/dm-0" dev="tmpfs" ino=1019 ioctlcmd=0x5331 scontext=u:r:recovery:s0 tcontext=u:object_r:dm_device:s0 tclass=blk_file permissive=1
12-19 16:08:09.954   434   434 I recovery: type=1400 audit(0.0:108): avc: denied { remove_name } for name="boot" dev="tmpfs" ino=1080 scontext=u:r:recovery:s0 tcontext=u:object_r:block_device:s0 tclass=dir permissive=1
12-19 16:08:09.954   434   434 I recovery: type=1400 audit(0.0:109): avc: denied { unlink } for name="boot" dev="tmpfs" ino=1080 scontext=u:r:recovery:s0 tcontext=u:object_r:block_device:s0 tclass=lnk_file permissive=1
12-19 16:08:09.954   434   434 I recovery: type=1400 audit(0.0:110): avc: denied { ioctl } for path="/dev/block/sde12" dev="tmpfs" ino=33 ioctlcmd=0x1260 scontext=u:r:recovery:s0 tcontext=u:object_r:block_device:s0 tclass=blk_file permissive=1
12-19 16:08:09.958   434   434 I recovery: type=1400 audit(0.0:111): avc: denied { search } for name="/" dev="sde24" ino=1 scontext=u:r:recovery:s0 tcontext=u:object_r:vfat:s0 tclass=dir permissive=1
12-19 16:08:10.002   434   434 I recovery: type=1400 audit(0.0:112): avc: denied { read } for name="zram0" dev="sysfs" ino=73732 scontext=u:r:recovery:s0 tcontext=u:object_r:sysfs_zram:s0 tclass=dir permissive=1
12-19 16:08:10.002   434   434 I recovery: type=1400 audit(0.0:113): avc: denied { open } for path="/sys/devices/virtual/block/zram0" dev="sysfs" ino=73732 scontext=u:r:recovery:s0 tcontext=u:object_r:sysfs_zram:s0 tclass=dir permissive=1
12-19 16:08:10.002   434   434 I recovery: type=1400 audit(0.0:114): avc: denied { search } for name="zram0" dev="sysfs" ino=73732 scontext=u:r:recovery:s0 tcontext=u:object_r:sysfs_zram:s0 tclass=dir permissive=1
12-19 16:08:12.583   434   434 I ArmToArm64Assembler: generated scanline__00000077:03010102_00008002_00000000 [192 ipp] (238 ins) at [0x6e3333db40:0x6e3333def8] in 19010ns
12-19 16:08:13.014   434   434 I recovery: type=1400 audit(0.0:115): avc: denied { getattr } for path="/kmsg" dev="rootfs" ino=5680 scontext=u:r:recovery:s0 tcontext=u:object_r:rootfs:s0 tclass=chr_file permissive=1
12-19 16:08:13.014   434   434 I recovery: type=1400 audit(0.0:116): avc: denied { getattr } for path="/linkerconfig" dev="tmpfs" ino=1 scontext=u:r:recovery:s0 tcontext=u:object_r:linkerconfig_file:s0 tclass=dir permissive=1
12-19 16:08:13.347   434   434 W recovery: [libfs_mgr]Warning: unknown flag: sync
12-19 16:08:13.346   434   434 I recovery: type=1400 audit(0.0:117): avc: denied { open } for path="/dev/__properties__/u:object_r:aac_drc_prop:s0" dev="tmpfs" ino=64 scontext=u:r:recovery:s0 tcontext=u:object_r:aac_drc_prop:s0 tclass=file permissive=1
12-19 16:08:13.346   434   434 I recovery: type=1400 audit(0.0:118): avc: denied { getattr } for path="/dev/__properties__/u:object_r:aac_drc_prop:s0" dev="tmpfs" ino=64 scontext=u:r:recovery:s0 tcontext=u:object_r:aac_drc_prop:s0 tclass=file permissive=1
12-19 16:08:13.346   434   434 I recovery: type=1400 audit(0.0:119): avc: denied { map } for path="/dev/__properties__/u:object_r:aac_drc_prop:s0" dev="tmpfs" ino=64 scontext=u:r:recovery:s0 tcontext=u:object_r:aac_drc_prop:s0 tclass=file permissive=1
12-19 16:08:13.346   434   434 I recovery: type=1400 audit(0.0:120): avc: denied { open } for path="/dev/__properties__/u:object_r:adbd_config_prop:s0" dev="tmpfs" ino=67 scontext=u:r:recovery:s0 tcontext=u:object_r:adbd_config_prop:s0 tclass=file permissive=1
12-19 16:08:13.346   434   434 I recovery: type=1400 audit(0.0:121): avc: denied { getattr } for path="/dev/__properties__/u:object_r:adbd_config_prop:s0" dev="tmpfs" ino=67 scontext=u:r:recovery:s0 tcontext=u:object_r:adbd_config_prop:s0 tclass=file permissive=1
12-19 16:08:13.346   434   434 I recovery: type=1400 audit(0.0:122): avc: denied { map } for path="/dev/__properties__/u:object_r:adbd_config_prop:s0" dev="tmpfs" ino=67 scontext=u:r:recovery:s0 tcontext=u:object_r:adbd_config_prop:s0 tclass=file permissive=1
12-19 16:08:13.346   434   434 I recovery: type=1400 audit(0.0:123): avc: denied { open } for path="/dev/__properties__/u:object_r:adbd_prop:s0" dev="tmpfs" ino=68 scontext=u:r:recovery:s0 tcontext=u:object_r:adbd_prop:s0 tclass=file permissive=1
12-19 16:08:13.346   434   434 I recovery: type=1400 audit(0.0:124): avc: denied { getattr } for path="/dev/__properties__/u:object_r:adbd_prop:s0" dev="tmpfs" ino=68 scontext=u:r:recovery:s0 tcontext=u:object_r:adbd_prop:s0 tclass=file permissive=1
12-19 16:08:13.346   434   434 I recovery: type=1400 audit(0.0:125): avc: denied { map } for path="/dev/__properties__/u:object_r:adbd_prop:s0" dev="tmpfs" ino=68 scontext=u:r:recovery:s0 tcontext=u:object_r:adbd_prop:s0 tclass=file permissive=1
12-19 16:08:13.346   434   434 I recovery: type=1400 audit(0.0:126): avc: denied { open } for path="/dev/__properties__/u:object_r:apexd_config_prop:s0" dev="tmpfs" ino=69 scontext=u:r:recovery:s0 tcontext=u:object_r:apexd_config_prop:s0 tclass=file permissive=1
12-19 16:08:13.346   434   434 I recovery: type=1400 audit(0.0:127): avc: denied { getattr } for path="/dev/__properties__/u:object_r:apexd_config_prop:s0" dev="tmpfs" ino=69 scontext=u:r:recovery:s0 tcontext=u:object_r:apexd_config_prop:s0 tclass=file permissive=1
12-19 16:08:13.346   434   434 I recovery: type=1400 audit(0.0:128): avc: denied { map } for path="/dev/__properties__/u:object_r:apexd_config_prop:s0" dev="tmpfs" ino=69 scontext=u:r:recovery:s0 tcontext=u:object_r:apexd_config_prop:s0 tclass=file permissive=1
12-19 16:08:13.346   434   434 I recovery: type=1400 audit(0.0:129): avc: denied { open } for path="/dev/__properties__/u:object_r:apexd_prop:s0" dev="tmpfs" ino=70 scontext=u:r:recovery:s0 tcontext=u:object_r:apexd_prop:s0 tclass=file permissive=1
12-19 16:08:13.346   434   434 I recovery: type=1400 audit(0.0:130): avc: denied { getattr } for path="/dev/__properties__/u:object_r:apexd_prop:s0" dev="tmpfs" ino=70 scontext=u:r:recovery:s0 tcontext=u:object_r:apexd_prop:s0 tclass=file permissive=1
12-19 16:08:13.346   434   434 I recovery: type=1400 audit(0.0:131): avc: denied { map } for path="/dev/__properties__/u:object_r:apexd_prop:s0" dev="tmpfs" ino=70 scontext=u:r:recovery:s0 tcontext=u:object_r:apexd_prop:s0 tclass=file permissive=1
12-19 16:08:13.346   434   434 I recovery: type=1400 audit(0.0:132): avc: denied { open } for path="/dev/__properties__/u:object_r:apk_verity_prop:s0" dev="tmpfs" ino=71 scontext=u:r:recovery:s0 tcontext=u:object_r:apk_verity_prop:s0 tclass=file permissive=1
12-19 16:08:13.346   434   434 I recovery: type=1400 audit(0.0:133): avc: denied { getattr } for path="/dev/__properties__/u:object_r:apk_verity_prop:s0" dev="tmpfs" ino=71 scontext=u:r:recovery:s0 tcontext=u:object_r:apk_verity_prop:s0 tclass=file permissive=1
12-19 16:08:13.346   434   434 I recovery: type=1400 audit(0.0:134): avc: denied { map } for path="/dev/__properties__/u:object_r:apk_verity_prop:s0" dev="tmpfs" ino=71 scontext=u:r:recovery:s0 tcontext=u:object_r:apk_verity_prop:s0 tclass=file permissive=1
12-19 16:08:13.346   434   434 I recovery: type=1400 audit(0.0:135): avc: denied { open } for path="/dev/__properties__/u:object_r:audio_config_prop:s0" dev="tmpfs" ino=73 scontext=u:r:recovery:s0 tcontext=u:object_r:audio_config_prop:s0 tclass=file permissive=1
12-19 16:08:13.346   434   434 I recovery: type=1400 audit(0.0:136): avc: denied { getattr } for path="/dev/__properties__/u:object_r:audio_config_prop:s0" dev="tmpfs" ino=73 scontext=u:r:recovery:s0 tcontext=u:object_r:audio_config_prop:s0 tclass=file permissive=1
12-19 16:08:13.346   434   434 I recovery: type=1400 audit(0.0:137): avc: denied { map } for path="/dev/__properties__/u:object_r:audio_config_prop:s0" dev="tmpfs" ino=73 scontext=u:r:recovery:s0 tcontext=u:object_r:audio_config_prop:s0 tclass=file permissive=1
12-19 16:08:13.346   434   434 I recovery: type=1400 audit(0.0:138): avc: denied { open } for path="/dev/__properties__/u:object_r:bluetooth_a2dp_offload_prop:s0" dev="tmpfs" ino=78 scontext=u:r:recovery:s0 tcontext=u:object_r:bluetooth_a2dp_offload_prop:s0 tclass=file permissive=1
12-19 16:08:13.346   434   434 I recovery: type=1400 audit(0.0:139): avc: denied { getattr } for path="/dev/__properties__/u:object_r:bluetooth_a2dp_offload_prop:s0" dev="tmpfs" ino=78 scontext=u:r:recovery:s0 tcontext=u:object_r:bluetooth_a2dp_offload_prop:s0 tclass=file permissive=1
12-19 16:08:13.346   434   434 I recovery: type=1400 audit(0.0:140): avc: denied { map } for path="/dev/__properties__/u:object_r:bluetooth_a2dp_offload_prop:s0" dev="tmpfs" ino=78 scontext=u:r:recovery:s0 tcontext=u:object_r:bluetooth_a2dp_offload_prop:s0 tclass=file permissive=1
12-19 16:08:13.346   434   434 I recovery: type=1400 audit(0.0:141): avc: denied { open } for path="/dev/__properties__/u:object_r:bluetooth_audio_hal_prop:s0" dev="tmpfs" ino=79 scontext=u:r:recovery:s0 tcontext=u:object_r:bluetooth_audio_hal_prop:s0 tclass=file permissive=1
12-19 16:08:13.346   434   434 I recovery: type=1400 audit(0.0:142): avc: denied { getattr } for path="/dev/__properties__/u:object_r:bluetooth_audio_hal_prop:s0" dev="tmpfs" ino=79 scontext=u:r:recovery:s0 tcontext=u:object_r:bluetooth_audio_hal_prop:s0 tclass=file permissive=1
12-19 16:08:13.346   434   434 I recovery: type=1400 audit(0.0:143): avc: denied { map } for path="/dev/__properties__/u:object_r:bluetooth_audio_hal_prop:s0" dev="tmpfs" ino=79 scontext=u:r:recovery:s0 tcontext=u:object_r:bluetooth_audio_hal_prop:s0 tclass=file permissive=1
12-19 16:08:13.346   434   434 I recovery: type=1400 audit(0.0:144): avc: denied { open } for path="/dev/__properties__/u:object_r:bluetooth_prop:s0" dev="tmpfs" ino=80 scontext=u:r:recovery:s0 tcontext=u:object_r:bluetooth_prop:s0 tclass=file permissive=1
12-19 16:08:13.346   434   434 I recovery: type=1400 audit(0.0:145): avc: denied { getattr } for path="/dev/__properties__/u:object_r:bluetooth_prop:s0" dev="tmpfs" ino=80 scontext=u:r:recovery:s0 tcontext=u:object_r:bluetooth_prop:s0 tclass=file permissive=1
12-19 16:08:13.346   434   434 I recovery: type=1400 audit(0.0:146): avc: denied { map } for path="/dev/__properties__/u:object_r:bluetooth_prop:s0" dev="tmpfs" ino=80 scontext=u:r:recovery:s0 tcontext=u:object_r:bluetooth_prop:s0 tclass=file permissive=1
12-19 16:08:13.346   434   434 I recovery: type=1400 audit(0.0:147): avc: denied { open } for path="/dev/__properties__/u:object_r:bootanim_config_prop:s0" dev="tmpfs" ino=82 scontext=u:r:recovery:s0 tcontext=u:object_r:bootanim_config_prop:s0 tclass=file permissive=1
12-19 16:08:13.346   434   434 I recovery: type=1400 audit(0.0:148): avc: denied { getattr } for path="/dev/__properties__/u:object_r:bootanim_config_prop:s0" dev="tmpfs" ino=82 scontext=u:r:recovery:s0 tcontext=u:object_r:bootanim_config_prop:s0 tclass=file permissive=1
12-19 16:08:13.346   434   434 I recovery: type=1400 audit(0.0:149): avc: denied { map } for path="/dev/__properties__/u:object_r:bootanim_config_prop:s0" dev="tmpfs" ino=82 scontext=u:r:recovery:s0 tcontext=u:object_r:bootanim_config_prop:s0 tclass=file permissive=1
12-19 16:08:13.346   434   434 I recovery: type=1400 audit(0.0:150): avc: denied { open } for path="/dev/__properties__/u:object_r:bootanim_system_prop:s0" dev="tmpfs" ino=83 scontext=u:r:recovery:s0 tcontext=u:object_r:bootanim_system_prop:s0 tclass=file permissive=1
12-19 16:08:13.346   434   434 I recovery: type=1400 audit(0.0:151): avc: denied { getattr } for path="/dev/__properties__/u:object_r:bootanim_system_prop:s0" dev="tmpfs" ino=83 scontext=u:r:recovery:s0 tcontext=u:object_r:bootanim_system_prop:s0 tclass=file permissive=1
12-19 16:08:13.346   434   434 I recovery: type=1400 audit(0.0:152): avc: denied { map } for path="/dev/__properties__/u:object_r:bootanim_system_prop:s0" dev="tmpfs" ino=83 scontext=u:r:recovery:s0 tcontext=u:object_r:bootanim_system_prop:s0 tclass=file permissive=1
12-19 16:08:13.346   434   434 I recovery: type=1400 audit(0.0:153): avc: denied { open } for path="/dev/__properties__/u:object_r:boottime_prop:s0" dev="tmpfs" ino=86 scontext=u:r:recovery:s0 tcontext=u:object_r:boottime_prop:s0 tclass=file permissive=1
12-19 16:08:13.346   434   434 I recovery: type=1400 audit(0.0:154): avc: denied { getattr } for path="/dev/__properties__/u:object_r:boottime_prop:s0" dev="tmpfs" ino=86 scontext=u:r:recovery:s0 tcontext=u:object_r:boottime_prop:s0 tclass=file permissive=1
12-19 16:08:13.346   434   434 I recovery: type=1400 audit(0.0:155): avc: denied { map } for path="/dev/__properties__/u:object_r:boottime_prop:s0" dev="tmpfs" ino=86 scontext=u:r:recovery:s0 tcontext=u:object_r:boottime_prop:s0 tclass=file permissive=1
