12-19 16:08:14.542   434   434 I recovery: type=1400 audit(0.0:892): avc: denied { read } for scontext=u:r:recovery:s0 tcontext=u:r:recovery:s0 tclass=netlink_kobject_uevent_socket permissive=1
12-19 16:08:14.553   646   646 I adbd    : persist.adb.watchdog set to ''
12-19 16:08:14.553   646   646 I adbd    : persist.sys.test_harness set to ''
12-19 16:08:14.553   646   646 I adbd    : adb watchdog timeout set to 600 seconds
12-19 16:08:14.553   646   649 I adbd    : Waiting for persist.adb.tls_server.enable=1
12-19 16:08:14.553   646   646 I adbd    : adbd started
12-19 16:08:14.553   646   651 I adbd    : opening control endpoint /dev/usb-ffs/adb/ep0
12-19 16:08:14.554   646   651 I adbd    : UsbFfsConnection constructed
12-19 16:08:14.554   646   652 I adbd    : UsbFfs-monitor thread spawned
12-19 16:08:14.557   434   434 I ArmToArm64Assembler: generated scanline__00000077:03545401_00000000_00000000 [ 65 ipp] (94 ins) at [0x6e3333df00:0x6e3333e078] in 21250ns
12-19 16:08:14.558   434   434 I recovery: type=1400 audit(0.0:893): avc: denied { ioctl } for path="/dev/dri/card0" dev="tmpfs" ino=633 ioctlcmd=0x64bc scontext=u:r:recovery:s0 tcontext=u:object_r:device:s0 tclass=chr_file permissive=1
12-19 16:08:15.555   646   652 W adbd    : timed out while waiting for FUNCTIONFS_BIND, trying again
12-19 16:08:15.555   646   652 I adbd    : UsbFfs: connection terminated: monitor thread finished
12-19 16:08:15.555   646   646 I adbd    : UsbFfs: already offline
12-19 16:08:15.555   646   646 I adbd    : destroying transport UsbFfs
12-19 16:08:15.555   646   646 I adbd    : UsbFfsConnection being destroyed
12-19 16:08:15.576   646   651 I adbd    : opening control endpoint /dev/usb-ffs/adb/ep0
12-19 16:08:15.576   646   651 I adbd    : UsbFfsConnection constructed
12-19 16:08:15.576   646   654 I adbd    : UsbFfs-monitor thread spawned
12-19 16:08:15.577   646   654 I adbd    : USB event: FUNCTIONFS_BIND
12-19 16:08:15.988   646   654 I adbd    : USB event: FUNCTIONFS_ENABLE
12-19 16:08:15.988   646   656 I adbd    : UsbFfs-worker thread spawned
12-19 16:08:16.383   646   646 I adbd    : UsbFfs: already offline
12-19 16:08:16.383   646   646 I adbd    : authentication not required
12-19 16:08:18.378   658   658 I android.hardwar: type=1400 audit(0.0:894): avc: denied { call } for scontext=u:r:recovery:s0 tcontext=u:r:recovery:s0 tclass=binder permissive=1
12-19 16:08:18.383   658   658 E cutils-trace: Error opening trace file: No such file or directory (2)
12-19 16:08:18.384   658   658 E LegacySupport: Could not get passthrough implementation for android.hardware.boot@1.0::IBootControl/default.
12-19 16:08:22.238   434   434 W ProcessState: Not able to get context object on /dev/binder.
12-19 16:08:22.238   434   434 E ServiceManager: Waiting 1s on context object on /dev/binder.
12-19 16:08:23.238   434   434 W ProcessState: Not able to get context object on /dev/binder.
12-19 16:08:23.238   434   434 E ServiceManager: Waiting 1s on context object on /dev/binder.
12-19 16:08:23.390   659   659 E cutils-trace: Error opening trace file: No such file or directory (2)
12-19 16:08:23.390   659   659 E LegacySupport: Could not get passthrough implementation for android.hardware.boot@1.0::IBootControl/default.
12-19 16:08:24.239   434   434 W ProcessState: Not able to get context object on /dev/binder.
12-19 16:08:24.239   434   434 E ServiceManager: Waiting 1s on context object on /dev/binder.
12-19 16:08:25.239   434   434 W ProcessState: Not able to get context object on /dev/binder.
12-19 16:08:25.239   434   434 E ServiceManager: Waiting 1s on context object on /dev/binder.
12-19 16:08:26.239   434   434 W ProcessState: Not able to get context object on /dev/binder.
12-19 16:08:26.239   434   434 E ServiceManager: Waiting 1s on context object on /dev/binder.
12-19 16:08:27.239   434   434 W ProcessState: Not able to get context object on /dev/binder.
12-19 16:08:27.239   434   434 E ServiceManager: Waiting 1s on context object on /dev/binder.
12-19 16:08:28.239   434   434 W ProcessState: Not able to get context object on /dev/binder.
12-19 16:08:28.239   434   434 E ServiceManager: Waiting 1s on context object on /dev/binder.
12-19 16:08:28.393   660   660 E cutils-trace: Error opening trace file: No such file or directory (2)
12-19 16:08:28.393   660   660 E LegacySupport: Could not get passthrough implementation for android.hardware.boot@1.0::IBootControl/default.
12-19 16:08:29.239   434   434 W ProcessState: Not able to get context object on /dev/binder.
12-19 16:08:29.239   434   434 E ServiceManager: Waiting 1s on context object on /dev/binder.
12-19 16:08:30.239   434   434 W ProcessState: Not able to get context object on /dev/binder.
12-19 16:08:30.239   434   434 E ServiceManager: Waiting 1s on context object on /dev/binder.
12-19 16:08:31.239   434   434 W ProcessState: Not able to get context object on /dev/binder.
12-19 16:08:31.239   434   434 E ServiceManager: Waiting 1s on context object on /dev/binder.
12-19 16:08:32.239   434   434 W ProcessState: Not able to get context object on /dev/binder.
12-19 16:08:32.239   434   434 E ServiceManager: Waiting 1s on context object on /dev/binder.
12-19 16:08:33.239   434   434 W ProcessState: Not able to get context object on /dev/binder.
12-19 16:08:33.239   434   434 E ServiceManager: Waiting 1s on context object on /dev/binder.
12-19 16:08:33.396   661   661 E cutils-trace: Error opening trace file: No such file or directory (2)
12-19 16:08:33.396   661   661 E LegacySupport: Could not get passthrough implementation for android.hardware.boot@1.0::IBootControl/default.
12-19 16:08:34.240   434   434 W ProcessState: Not able to get context object on /dev/binder.
12-19 16:08:34.240   434   434 E ServiceManager: Waiting 1s on context object on /dev/binder.
12-19 16:08:35.240   434   434 W ProcessState: Not able to get context object on /dev/binder.
12-19 16:08:35.240   434   434 E ServiceManager: Waiting 1s on context object on /dev/binder.
12-19 16:08:36.240   434   434 W ProcessState: Not able to get context object on /dev/binder.
12-19 16:08:36.240   434   434 E ServiceManager: Waiting 1s on context object on /dev/binder.
12-19 16:08:37.240   434   434 W ProcessState: Not able to get context object on /dev/binder.
12-19 16:08:37.240   434   434 E ServiceManager: Waiting 1s on context object on /dev/binder.
12-19 16:08:38.240   434   434 W ProcessState: Not able to get context object on /dev/binder.
12-19 16:08:38.240   434   434 E ServiceManager: Waiting 1s on context object on /dev/binder.
12-19 16:08:38.399   662   662 E cutils-trace: Error opening trace file: No such file or directory (2)
12-19 16:08:38.399   662   662 E LegacySupport: Could not get passthrough implementation for android.hardware.boot@1.0::IBootControl/default.
12-19 16:08:39.240   434   434 W ProcessState: Not able to get context object on /dev/binder.
12-19 16:08:39.240   434   434 E ServiceManager: Waiting 1s on context object on /dev/binder.
12-19 16:08:40.240   434   434 W ProcessState: Not able to get context object on /dev/binder.
12-19 16:08:40.240   434   434 E ServiceManager: Waiting 1s on context object on /dev/binder.
12-19 16:08:41.240   434   434 W ProcessState: Not able to get context object on /dev/binder.
12-19 16:08:41.240   434   434 E ServiceManager: Waiting 1s on context object on /dev/binder.
12-19 16:08:42.240   434   434 W ProcessState: Not able to get context object on /dev/binder.
12-19 16:08:42.240   434   434 E ServiceManager: Waiting 1s on context object on /dev/binder.
12-19 16:08:43.240   434   434 W ProcessState: Not able to get context object on /dev/binder.
12-19 16:08:43.240   434   434 E ServiceManager: Waiting 1s on context object on /dev/binder.
12-19 16:08:43.405   663   663 E cutils-trace: Error opening trace file: No such file or directory (2)
12-19 16:08:43.406   663   663 E LegacySupport: Could not get passthrough implementation for android.hardware.boot@1.0::IBootControl/default.
12-19 16:08:44.241   434   434 W ProcessState: Not able to get context object on /dev/binder.
12-19 16:08:44.241   434   434 E ServiceManager: Waiting 1s on context object on /dev/binder.
12-19 16:08:45.241   434   434 W ProcessState: Not able to get context object on /dev/binder.
12-19 16:08:45.241   434   434 E ServiceManager: Waiting 1s on context object on /dev/binder.
12-19 16:08:46.241   434   434 W ProcessState: Not able to get context object on /dev/binder.
12-19 16:08:46.241   434   434 E ServiceManager: Waiting 1s on context object on /dev/binder.
12-19 16:08:47.241   434   434 W ProcessState: Not able to get context object on /dev/binder.
12-19 16:08:47.241   434   434 E ServiceManager: Waiting 1s on context object on /dev/binder.
12-19 16:08:48.241   434   434 W ProcessState: Not able to get context object on /dev/binder.
12-19 16:08:48.241   434   434 E ServiceManager: Waiting 1s on context object on /dev/binder.
12-19 16:08:48.407   664   664 E cutils-trace: Error opening trace file: No such file or directory (2)
12-19 16:08:48.407   664   664 E LegacySupport: Could not get passthrough implementation for android.hardware.boot@1.0::IBootControl/default.
12-19 16:08:49.241   434   434 W ProcessState: Not able to get context object on /dev/binder.
12-19 16:08:49.241   434   434 E ServiceManager: Waiting 1s on context object on /dev/binder.
12-19 16:08:50.241   434   434 W ProcessState: Not able to get context object on /dev/binder.
12-19 16:08:50.241   434   434 E ServiceManager: Waiting 1s on context object on /dev/binder.
12-19 16:08:51.241   434   434 W ProcessState: Not able to get context object on /dev/binder.
12-19 16:08:51.241   434   434 E ServiceManager: Waiting 1s on context object on /dev/binder.
12-19 16:08:52.241   434   434 W ProcessState: Not able to get context object on /dev/binder.
12-19 16:08:52.241   434   434 E ServiceManager: Waiting 1s on context object on /dev/binder.
12-19 16:08:53.241   434   434 W ProcessState: Not able to get context object on /dev/binder.
12-19 16:08:53.241   434   434 E ServiceManager: Waiting 1s on context object on /dev/binder.
12-19 16:08:53.411   665   665 E cutils-trace: Error opening trace file: No such file or directory (2)
12-19 16:08:53.411   665   665 E LegacySupport: Could not get passthrough implementation for android.hardware.boot@1.0::IBootControl/default.
12-19 16:08:54.242   434   434 W ProcessState: Not able to get context object on /dev/binder.
12-19 16:08:54.242   434   434 E ServiceManager: Waiting 1s on context object on /dev/binder.
12-19 16:08:55.242   434   434 W ProcessState: Not able to get context object on /dev/binder.
12-19 16:08:55.242   434   434 E ServiceManager: Waiting 1s on context object on /dev/binder.
12-19 16:08:56.242   434   434 W ProcessState: Not able to get context object on /dev/binder.
12-19 16:08:56.242   434   434 E ServiceManager: Waiting 1s on context object on /dev/binder.
12-19 16:08:57.242   434   434 W ProcessState: Not able to get context object on /dev/binder.
12-19 16:08:57.242   434   434 E ServiceManager: Waiting 1s on context object on /dev/binder.
12-19 16:08:58.242   434   434 W ProcessState: Not able to get context object on /dev/binder.
12-19 16:08:58.242   434   434 E ServiceManager: Waiting 1s on context object on /dev/binder.
12-19 16:08:58.416   666   666 E cutils-trace: Error opening trace file: No such file or directory (2)
12-19 16:08:58.416   666   666 E LegacySupport: Could not get passthrough implementation for android.hardware.boot@1.0::IBootControl/default.
12-19 16:08:59.242   434   434 W ProcessState: Not able to get context object on /dev/binder.
12-19 16:08:59.242   434   434 E ServiceManager: Waiting 1s on context object on /dev/binder.
12-19 16:09:00.242   434   434 W ProcessState: Not able to get context object on /dev/binder.
12-19 16:09:00.242   434   434 E ServiceManager: Waiting 1s on context object on /dev/binder.
12-19 16:09:01.242   434   434 W ProcessState: Not able to get context object on /dev/binder.
12-19 16:09:01.242   434   434 E ServiceManager: Waiting 1s on context object on /dev/binder.
12-19 16:09:02.242   434   434 W ProcessState: Not able to get context object on /dev/binder.
12-19 16:09:02.242   434   434 E ServiceManager: Waiting 1s on context object on /dev/binder.
12-19 16:09:03.243   434   434 W ProcessState: Not able to get context object on /dev/binder.
12-19 16:09:03.243   434   434 E ServiceManager: Waiting 1s on context object on /dev/binder.
12-19 16:09:03.420   667   667 E cutils-trace: Error opening trace file: No such file or directory (2)
12-19 16:09:03.421   667   667 E LegacySupport: Could not get passthrough implementation for android.hardware.boot@1.0::IBootControl/default.
12-19 16:09:04.243   434   434 W ProcessState: Not able to get context object on /dev/binder.
12-19 16:09:04.243   434   434 E ServiceManager: Waiting 1s on context object on /dev/binder.
12-19 16:09:05.243   434   434 W ProcessState: Not able to get context object on /dev/binder.
12-19 16:09:05.243   434   434 E ServiceManager: Waiting 1s on context object on /dev/binder.
12-19 16:09:06.243   434   434 W ProcessState: Not able to get context object on /dev/binder.
12-19 16:09:06.243   434   434 E ServiceManager: Waiting 1s on context object on /dev/binder.
12-19 16:09:07.243   434   434 W ProcessState: Not able to get context object on /dev/binder.
12-19 16:09:07.243   434   434 E ServiceManager: Waiting 1s on context object on /dev/binder.
12-19 16:09:08.243   434   434 W ProcessState: Not able to get context object on /dev/binder.
12-19 16:09:08.243   434   434 E ServiceManager: Waiting 1s on context object on /dev/binder.
12-19 16:09:08.424   668   668 E cutils-trace: Error opening trace file: No such file or directory (2)
12-19 16:09:08.424   668   668 E LegacySupport: Could not get passthrough implementation for android.hardware.boot@1.0::IBootControl/default.
12-19 16:09:09.243   434   434 W ProcessState: Not able to get context object on /dev/binder.
12-19 16:09:09.243   434   434 E ServiceManager: Waiting 1s on context object on /dev/binder.
12-19 16:09:10.243   434   434 W ProcessState: Not able to get context object on /dev/binder.
12-19 16:09:10.243   434   434 E ServiceManager: Waiting 1s on context object on /dev/binder.
12-19 16:09:11.243   434   434 W ProcessState: Not able to get context object on /dev/binder.
12-19 16:09:11.243   434   434 E ServiceManager: Waiting 1s on context object on /dev/binder.
12-19 16:09:12.243   434   434 W ProcessState: Not able to get context object on /dev/binder.
12-19 16:09:12.243   434   434 E ServiceManager: Waiting 1s on context object on /dev/binder.
12-19 16:09:13.243   434   434 W ProcessState: Not able to get context object on /dev/binder.
12-19 16:09:13.243   434   434 E ServiceManager: Waiting 1s on context object on /dev/binder.
12-19 16:09:13.427   669   669 E cutils-trace: Error opening trace file: No such file or directory (2)
12-19 16:09:13.427   669   669 E LegacySupport: Could not get passthrough implementation for android.hardware.boot@1.0::IBootControl/default.
12-19 16:09:14.244   434   434 W ProcessState: Not able to get context object on /dev/binder.
12-19 16:09:14.244   434   434 E ServiceManager: Waiting 1s on context object on /dev/binder.
12-19 16:09:15.244   434   434 W ProcessState: Not able to get context object on /dev/binder.
12-19 16:09:15.244   434   434 E ServiceManager: Waiting 1s on context object on /dev/binder.
12-19 16:09:16.244   434   434 W ProcessState: Not able to get context object on /dev/binder.
12-19 16:09:16.244   434   434 E ServiceManager: Waiting 1s on context object on /dev/binder.
12-19 16:09:17.244   434   434 W ProcessState: Not able to get context object on /dev/binder.
12-19 16:09:17.244   434   434 E ServiceManager: Waiting 1s on context object on /dev/binder.
12-19 16:09:18.244   434   434 W ProcessState: Not able to get context object on /dev/binder.
12-19 16:09:18.244   434   434 E ServiceManager: Waiting 1s on context object on /dev/binder.
12-19 16:09:18.432   673   673 E cutils-trace: Error opening trace file: No such file or directory (2)
12-19 16:09:18.433   673   673 E LegacySupport: Could not get passthrough implementation for android.hardware.boot@1.0::IBootControl/default.
12-19 16:09:19.244   434   434 W ProcessState: Not able to get context object on /dev/binder.
12-19 16:09:19.244   434   434 E ServiceManager: Waiting 1s on context object on /dev/binder.
12-19 16:09:20.244   434   434 W ProcessState: Not able to get context object on /dev/binder.
12-19 16:09:20.244   434   434 E ServiceManager: Waiting 1s on context object on /dev/binder.
12-19 16:09:21.244   434   434 W ProcessState: Not able to get context object on /dev/binder.
12-19 16:09:21.244   434   434 E ServiceManager: Waiting 1s on context object on /dev/binder.
12-19 16:09:22.244   434   434 W ProcessState: Not able to get context object on /dev/binder.
12-19 16:09:22.244   434   434 E ServiceManager: Waiting 1s on context object on /dev/binder.
12-19 16:09:23.244   434   434 W ProcessState: Not able to get context object on /dev/binder.
12-19 16:09:23.244   434   434 E ServiceManager: Waiting 1s on context object on /dev/binder.
12-19 16:09:23.435   674   674 E cutils-trace: Error opening trace file: No such file or directory (2)
12-19 16:09:23.435   674   674 E LegacySupport: Could not get passthrough implementation for android.hardware.boot@1.0::IBootControl/default.
12-19 16:09:24.244   434   434 W ProcessState: Not able to get context object on /dev/binder.
12-19 16:09:24.244   434   434 E ServiceManager: Waiting 1s on context object on /dev/binder.
12-19 16:09:25.245   434   434 W ProcessState: Not able to get context object on /dev/binder.
12-19 16:09:25.245   434   434 E ServiceManager: Waiting 1s on context object on /dev/binder.
12-19 16:09:26.245   434   434 W ProcessState: Not able to get context object on /dev/binder.
12-19 16:09:26.245   434   434 E ServiceManager: Waiting 1s on context object on /dev/binder.
12-19 16:09:27.245   434   434 W ProcessState: Not able to get context object on /dev/binder.
12-19 16:09:27.245   434   434 E ServiceManager: Waiting 1s on context object on /dev/binder.
12-19 16:09:28.245   434   434 W ProcessState: Not able to get context object on /dev/binder.
12-19 16:09:28.245   434   434 E ServiceManager: Waiting 1s on context object on /dev/binder.
12-19 16:09:28.440   675   675 E cutils-trace: Error opening trace file: No such file or directory (2)
12-19 16:09:28.440   675   675 E LegacySupport: Could not get passthrough implementation for android.hardware.boot@1.0::IBootControl/default.
12-19 16:09:29.245   434   434 W ProcessState: Not able to get context object on /dev/binder.
12-19 16:09:29.245   434   434 E ServiceManager: Waiting 1s on context object on /dev/binder.
12-19 16:09:30.245   434   434 W ProcessState: Not able to get context object on /dev/binder.
12-19 16:09:30.245   434   434 E ServiceManager: Waiting 1s on context object on /dev/binder.
12-19 16:09:31.245   434   434 W ProcessState: Not able to get context object on /dev/binder.
12-19 16:09:31.245   434   434 E ServiceManager: Waiting 1s on context object on /dev/binder.
12-19 16:09:32.245   434   434 W ProcessState: Not able to get context object on /dev/binder.
12-19 16:09:32.245   434   434 E ServiceManager: Waiting 1s on context object on /dev/binder.
12-19 16:09:33.245   434   434 W ProcessState: Not able to get context object on /dev/binder.
12-19 16:09:33.245   434   434 E ServiceManager: Waiting 1s on context object on /dev/binder.
12-19 16:09:33.444   676   676 E cutils-trace: Error opening trace file: No such file or directory (2)
12-19 16:09:33.444   676   676 E LegacySupport: Could not get passthrough implementation for android.hardware.boot@1.0::IBootControl/default.
12-19 16:09:34.245   434   434 W ProcessState: Not able to get context object on /dev/binder.
12-19 16:09:34.245   434   434 E ServiceManager: Waiting 1s on context object on /dev/binder.
12-19 16:09:35.245   434   434 W ProcessState: Not able to get context object on /dev/binder.
12-19 16:09:35.246   434   434 E ServiceManager: Waiting 1s on context object on /dev/binder.
12-19 16:09:36.246   434   434 W ProcessState: Not able to get context object on /dev/binder.
12-19 16:09:36.246   434   434 E ServiceManager: Waiting 1s on context object on /dev/binder.
12-19 16:09:37.246   434   434 W ProcessState: Not able to get context object on /dev/binder.
12-19 16:09:37.246   434   434 E ServiceManager: Waiting 1s on context object on /dev/binder.
12-19 16:09:38.246   434   434 W ProcessState: Not able to get context object on /dev/binder.
12-19 16:09:38.246   434   434 E ServiceManager: Waiting 1s on context object on /dev/binder.
12-19 16:09:38.448   677   677 E cutils-trace: Error opening trace file: No such file or directory (2)
12-19 16:09:38.449   677   677 E LegacySupport: Could not get passthrough implementation for android.hardware.boot@1.0::IBootControl/default.
12-19 16:09:39.246   434   434 W ProcessState: Not able to get context object on /dev/binder.
12-19 16:09:39.246   434   434 E ServiceManager: Waiting 1s on context object on /dev/binder.
12-19 16:09:40.246   434   434 W ProcessState: Not able to get context object on /dev/binder.
12-19 16:09:40.246   434   434 E ServiceManager: Waiting 1s on context object on /dev/binder.
12-19 16:09:41.246   434   434 W ProcessState: Not able to get context object on /dev/binder.
12-19 16:09:41.246   434   434 E ServiceManager: Waiting 1s on context object on /dev/binder.
12-19 16:09:42.246   434   434 W ProcessState: Not able to get context object on /dev/binder.
12-19 16:09:42.246   434   434 E ServiceManager: Waiting 1s on context object on /dev/binder.
12-19 16:09:43.246   434   434 W ProcessState: Not able to get context object on /dev/binder.
12-19 16:09:43.246   434   434 E ServiceManager: Waiting 1s on context object on /dev/binder.
12-19 16:09:43.451   678   678 E cutils-trace: Error opening trace file: No such file or directory (2)
12-19 16:09:43.452   678   678 E LegacySupport: Could not get passthrough implementation for android.hardware.boot@1.0::IBootControl/default.
12-19 16:09:44.246   434   434 W ProcessState: Not able to get context object on /dev/binder.
12-19 16:09:44.246   434   434 E ServiceManager: Waiting 1s on context object on /dev/binder.
12-19 16:09:45.247   434   434 W ProcessState: Not able to get context object on /dev/binder.
12-19 16:09:45.247   434   434 E ServiceManager: Waiting 1s on context object on /dev/binder.
12-19 16:09:46.247   434   434 W ProcessState: Not able to get context object on /dev/binder.
12-19 16:09:46.247   434   434 E ServiceManager: Waiting 1s on context object on /dev/binder.
12-19 16:09:47.247   434   434 W ProcessState: Not able to get context object on /dev/binder.
12-19 16:09:47.247   434   434 E ServiceManager: Waiting 1s on context object on /dev/binder.
12-19 16:09:48.247   434   434 W ProcessState: Not able to get context object on /dev/binder.
12-19 16:09:48.247   434   434 E ServiceManager: Waiting 1s on context object on /dev/binder.
12-19 16:09:48.457   679   679 E cutils-trace: Error opening trace file: No such file or directory (2)
12-19 16:09:48.457   679   679 E LegacySupport: Could not get passthrough implementation for android.hardware.boot@1.0::IBootControl/default.
12-19 16:09:49.247   434   434 W ProcessState: Not able to get context object on /dev/binder.
12-19 16:09:49.247   434   434 E ServiceManager: Waiting 1s on context object on /dev/binder.
12-19 16:09:50.247   434   434 W ProcessState: Not able to get context object on /dev/binder.
12-19 16:09:50.247   434   434 E ServiceManager: Waiting 1s on context object on /dev/binder.
12-19 16:09:51.247   434   434 W ProcessState: Not able to get context object on /dev/binder.
12-19 16:09:51.247   434   434 E ServiceManager: Waiting 1s on context object on /dev/binder.
12-19 16:09:52.247   434   434 W ProcessState: Not able to get context object on /dev/binder.
12-19 16:09:52.247   434   434 E ServiceManager: Waiting 1s on context object on /dev/binder.
12-19 16:09:53.247   434   434 W ProcessState: Not able to get context object on /dev/binder.
12-19 16:09:53.247   434   434 E ServiceManager: Waiting 1s on context object on /dev/binder.
12-19 16:09:53.461   680   680 E cutils-trace: Error opening trace file: No such file or directory (2)
12-19 16:09:53.462   680   680 E LegacySupport: Could not get passthrough implementation for android.hardware.boot@1.0::IBootControl/default.
12-19 16:09:54.247   434   434 W ProcessState: Not able to get context object on /dev/binder.
12-19 16:09:54.247   434   434 E ServiceManager: Waiting 1s on context object on /dev/binder.
12-19 16:09:55.247   434   434 W ProcessState: Not able to get context object on /dev/binder.
12-19 16:09:55.247   434   434 E ServiceManager: Waiting 1s on context object on /dev/binder.
12-19 16:09:56.247   434   434 W ProcessState: Not able to get context object on /dev/binder.
12-19 16:09:56.248   434   434 E ServiceManager: Waiting 1s on context object on /dev/binder.
12-19 16:09:57.248   434   434 W ProcessState: Not able to get context object on /dev/binder.
12-19 16:09:57.248   434   434 E ServiceManager: Waiting 1s on context object on /dev/binder.
12-19 16:09:58.248   434   434 W ProcessState: Not able to get context object on /dev/binder.
12-19 16:09:58.248   434   434 E ServiceManager: Waiting 1s on context object on /dev/binder.
12-19 16:09:58.467   681   681 E cutils-trace: Error opening trace file: No such file or directory (2)
12-19 16:09:58.467   681   681 E LegacySupport: Could not get passthrough implementation for android.hardware.boot@1.0::IBootControl/default.
12-19 16:09:59.248   434   434 W ProcessState: Not able to get context object on /dev/binder.
12-19 16:09:59.248   434   434 E ServiceManager: Waiting 1s on context object on /dev/binder.
12-19 16:10:00.248   434   434 W ProcessState: Not able to get context object on /dev/binder.
12-19 16:10:00.248   434   434 E ServiceManager: Waiting 1s on context object on /dev/binder.
12-19 16:10:01.248   434   434 W ProcessState: Not able to get context object on /dev/binder.
12-19 16:10:01.248   434   434 E ServiceManager: Waiting 1s on context object on /dev/binder.
12-19 16:10:02.248   434   434 W ProcessState: Not able to get context object on /dev/binder.
12-19 16:10:02.248   434   434 E ServiceManager: Waiting 1s on context object on /dev/binder.
12-19 16:10:03.248   434   434 W ProcessState: Not able to get context object on /dev/binder.
12-19 16:10:03.248   434   434 E ServiceManager: Waiting 1s on context object on /dev/binder.
12-19 16:10:03.468   682   682 E cutils-trace: Error opening trace file: No such file or directory (2)
12-19 16:10:03.469   682   682 E LegacySupport: Could not get passthrough implementation for android.hardware.boot@1.0::IBootControl/default.
12-19 16:10:04.248   434   434 W ProcessState: Not able to get context object on /dev/binder.
12-19 16:10:04.248   434   434 E ServiceManager: Waiting 1s on context object on /dev/binder.
12-19 16:10:05.248   434   434 W ProcessState: Not able to get context object on /dev/binder.
12-19 16:10:05.248   434   434 E ServiceManager: Waiting 1s on context object on /dev/binder.
12-19 16:10:06.248   434   434 W ProcessState: Not able to get context object on /dev/binder.
12-19 16:10:06.248   434   434 E ServiceManager: Waiting 1s on context object on /dev/binder.
12-19 16:10:07.248   434   434 W ProcessState: Not able to get context object on /dev/binder.
12-19 16:10:07.248   434   434 E ServiceManager: Waiting 1s on context object on /dev/binder.
12-19 16:10:08.249   434   434 W ProcessState: Not able to get context object on /dev/binder.
12-19 16:10:08.249   434   434 E ServiceManager: Waiting 1s on context object on /dev/binder.
12-19 16:10:08.472   683   683 E cutils-trace: Error opening trace file: No such file or directory (2)
12-19 16:10:08.472   683   683 E LegacySupport: Could not get passthrough implementation for android.hardware.boot@1.0::IBootControl/default.
12-19 16:10:09.249   434   434 W ProcessState: Not able to get context object on /dev/binder.
12-19 16:10:09.249   434   434 E ServiceManager: Waiting 1s on context object on /dev/binder.
12-19 16:10:10.249   434   434 W ProcessState: Not able to get context object on /dev/binder.
12-19 16:10:10.249   434   434 E ServiceManager: Waiting 1s on context object on /dev/binder.
12-19 16:10:11.249   434   434 W ProcessState: Not able to get context object on /dev/binder.
12-19 16:10:11.249   434   434 E ServiceManager: Waiting 1s on context object on /dev/binder.
12-19 16:10:12.249   434   434 W ProcessState: Not able to get context object on /dev/binder.
12-19 16:10:12.249   434   434 E ServiceManager: Waiting 1s on context object on /dev/binder.
12-19 16:10:13.249   434   434 W ProcessState: Not able to get context object on /dev/binder.
12-19 16:10:13.249   434   434 E ServiceManager: Waiting 1s on context object on /dev/binder.
12-19 16:10:13.478   684   684 E cutils-trace: Error opening trace file: No such file or directory (2)
12-19 16:10:13.478   684   684 E LegacySupport: Could not get passthrough implementation for android.hardware.boot@1.0::IBootControl/default.
12-19 16:10:14.249   434   434 W ProcessState: Not able to get context object on /dev/binder.
12-19 16:10:14.249   434   434 E ServiceManager: Waiting 1s on context object on /dev/binder.
12-19 16:10:15.249   434   434 W ProcessState: Not able to get context object on /dev/binder.
12-19 16:10:15.249   434   434 E ServiceManager: Waiting 1s on context object on /dev/binder.
12-19 16:10:16.249   434   434 W ProcessState: Not able to get context object on /dev/binder.
12-19 16:10:16.249   434   434 E ServiceManager: Waiting 1s on context object on /dev/binder.
12-19 16:10:17.249   434   434 W ProcessState: Not able to get context object on /dev/binder.
12-19 16:10:17.249   434   434 E ServiceManager: Waiting 1s on context object on /dev/binder.
12-19 16:10:18.250   434   434 W ProcessState: Not able to get context object on /dev/binder.
12-19 16:10:18.250   434   434 E ServiceManager: Waiting 1s on context object on /dev/binder.
12-19 16:10:18.483   685   685 E cutils-trace: Error opening trace file: No such file or directory (2)
12-19 16:10:18.483   685   685 E LegacySupport: Could not get passthrough implementation for android.hardware.boot@1.0::IBootControl/default.
12-19 16:10:19.250   434   434 W ProcessState: Not able to get context object on /dev/binder.
12-19 16:10:19.250   434   434 E ServiceManager: Waiting 1s on context object on /dev/binder.
12-19 16:10:20.250   434   434 W ProcessState: Not able to get context object on /dev/binder.
12-19 16:10:20.250   434   434 E ServiceManager: Waiting 1s on context object on /dev/binder.
12-19 16:10:21.250   434   434 W ProcessState: Not able to get context object on /dev/binder.
12-19 16:10:21.250   434   434 E ServiceManager: Waiting 1s on context object on /dev/binder.
12-19 16:10:22.250   434   434 W ProcessState: Not able to get context object on /dev/binder.
12-19 16:10:22.250   434   434 E ServiceManager: Waiting 1s on context object on /dev/binder.
12-19 16:10:23.250   434   434 W ProcessState: Not able to get context object on /dev/binder.
12-19 16:10:23.250   434   434 E ServiceManager: Waiting 1s on context object on /dev/binder.
12-19 16:10:23.488   686   686 E cutils-trace: Error opening trace file: No such file or directory (2)
12-19 16:10:23.488   686   686 E LegacySupport: Could not get passthrough implementation for android.hardware.boot@1.0::IBootControl/default.
12-19 16:10:24.250   434   434 W ProcessState: Not able to get context object on /dev/binder.
12-19 16:10:24.250   434   434 E ServiceManager: Waiting 1s on context object on /dev/binder.
12-19 16:10:25.250   434   434 W ProcessState: Not able to get context object on /dev/binder.
12-19 16:10:25.250   434   434 E ServiceManager: Waiting 1s on context object on /dev/binder.
12-19 16:10:26.250   434   434 W ProcessState: Not able to get context object on /dev/binder.
12-19 16:10:26.250   434   434 E ServiceManager: Waiting 1s on context object on /dev/binder.
12-19 16:10:27.250   434   434 W ProcessState: Not able to get context object on /dev/binder.
12-19 16:10:27.250   434   434 E ServiceManager: Waiting 1s on context object on /dev/binder.
12-19 16:10:28.251   434   434 W ProcessState: Not able to get context object on /dev/binder.
12-19 16:10:28.251   434   434 E ServiceManager: Waiting 1s on context object on /dev/binder.
12-19 16:10:28.491   687   687 E cutils-trace: Error opening trace file: No such file or directory (2)
12-19 16:10:28.491   687   687 E LegacySupport: Could not get passthrough implementation for android.hardware.boot@1.0::IBootControl/default.
12-19 16:10:29.251   434   434 W ProcessState: Not able to get context object on /dev/binder.
12-19 16:10:29.251   434   434 E ServiceManager: Waiting 1s on context object on /dev/binder.
12-19 16:10:30.251   434   434 W ProcessState: Not able to get context object on /dev/binder.
12-19 16:10:30.251   434   434 E ServiceManager: Waiting 1s on context object on /dev/binder.
12-19 16:10:31.251   434   434 W ProcessState: Not able to get context object on /dev/binder.
12-19 16:10:31.251   434   434 E ServiceManager: Waiting 1s on context object on /dev/binder.
12-19 16:10:32.251   434   434 W ProcessState: Not able to get context object on /dev/binder.
12-19 16:10:32.251   434   434 E ServiceManager: Waiting 1s on context object on /dev/binder.
12-19 16:10:33.251   434   434 W ProcessState: Not able to get context object on /dev/binder.
12-19 16:10:33.251   434   434 E ServiceManager: Waiting 1s on context object on /dev/binder.
12-19 16:10:33.496   688   688 E cutils-trace: Error opening trace file: No such file or directory (2)
12-19 16:10:33.496   688   688 E LegacySupport: Could not get passthrough implementation for android.hardware.boot@1.0::IBootControl/default.
12-19 16:10:34.251   434   434 W ProcessState: Not able to get context object on /dev/binder.
12-19 16:10:34.251   434   434 E ServiceManager: Waiting 1s on context object on /dev/binder.
12-19 16:10:35.251   434   434 W ProcessState: Not able to get context object on /dev/binder.
12-19 16:10:35.251   434   434 E ServiceManager: Waiting 1s on context object on /dev/binder.
12-19 16:10:36.251   434   434 W ProcessState: Not able to get context object on /dev/binder.
12-19 16:10:36.251   434   434 E ServiceManager: Waiting 1s on context object on /dev/binder.
12-19 16:10:37.251   434   434 W ProcessState: Not able to get context object on /dev/binder.
12-19 16:10:37.251   434   434 E ServiceManager: Waiting 1s on context object on /dev/binder.
12-19 16:10:38.252   434   434 W ProcessState: Not able to get context object on /dev/binder.
12-19 16:10:38.252   434   434 E ServiceManager: Waiting 1s on context object on /dev/binder.
12-19 16:10:38.495   689   689 E cutils-trace: Error opening trace file: No such file or directory (2)
12-19 16:10:38.496   689   689 E LegacySupport: Could not get passthrough implementation for android.hardware.boot@1.0::IBootControl/default.
12-19 16:10:39.252   434   434 W ProcessState: Not able to get context object on /dev/binder.
12-19 16:10:39.252   434   434 E ServiceManager: Waiting 1s on context object on /dev/binder.
12-19 16:10:40.252   434   434 W ProcessState: Not able to get context object on /dev/binder.
12-19 16:10:40.252   434   434 E ServiceManager: Waiting 1s on context object on /dev/binder.
12-19 16:10:41.252   434   434 W ProcessState: Not able to get context object on /dev/binder.
12-19 16:10:41.252   434   434 E ServiceManager: Waiting 1s on context object on /dev/binder.
12-19 16:10:42.252   434   434 W ProcessState: Not able to get context object on /dev/binder.
12-19 16:10:42.252   434   434 E ServiceManager: Waiting 1s on context object on /dev/binder.
12-19 16:10:43.252   434   434 W ProcessState: Not able to get context object on /dev/binder.
12-19 16:10:43.252   434   434 E ServiceManager: Waiting 1s on context object on /dev/binder.
12-19 16:10:43.500   690   690 E cutils-trace: Error opening trace file: No such file or directory (2)
12-19 16:10:43.500   690   690 E LegacySupport: Could not get passthrough implementation for android.hardware.boot@1.0::IBootControl/default.
12-19 16:10:44.252   434   434 W ProcessState: Not able to get context object on /dev/binder.
12-19 16:10:44.252   434   434 E ServiceManager: Waiting 1s on context object on /dev/binder.
12-19 16:10:45.252   434   434 W ProcessState: Not able to get context object on /dev/binder.
12-19 16:10:45.252   434   434 E ServiceManager: Waiting 1s on context object on /dev/binder.
12-19 16:10:46.252   434   434 W ProcessState: Not able to get context object on /dev/binder.
12-19 16:10:46.252   434   434 E ServiceManager: Waiting 1s on context object on /dev/binder.
12-19 16:10:47.252   434   434 W ProcessState: Not able to get context object on /dev/binder.
12-19 16:10:47.252   434   434 E ServiceManager: Waiting 1s on context object on /dev/binder.
--------- beginning of kernel
03-23 02:31:56.114   103   103 I aw9380x_cap 8-0012: [aw9380x_data_update_work_func:1899] force: rawdata = 0 diff = 853796 baseline = 1856, cap: rawdata = 0 diff = 0 baseline = 0
03-23 02:31:56.115   419   419 I aw9380x_cap 8-0012: [aw9380x_rc_irqscr:3728] i2c read reg: 0xf080, val= 2097168
03-23 02:31:56.115   419   419 I aw9380x_cap 8-0012: [aw9380x_cap_default_irq_handle:4109] gpio_low_count 1
03-23 02:31:56.116   419   419 I aw9380x_cap 8-0012: [aw9380x_irq_handle_func:4065] IRQSEN = 0x000F0FFF
03-23 02:31:56.116   419   419 I aw9380x_cap 8-0012: [aw9380x_irq_handle_func:4067] IRQSRC = 0x00200010
03-23 02:31:56.116   419   419 I aw9380x_cap 8-0012: [aw9380x_noth_button_key_report:3855] touch0_state Cap 0 Force 0 currentBtn 0
03-23 02:31:56.137   419   419 I aw9380x_cap 8-0012: [aw9380x_rc_irqscr:3728] i2c read reg: 0xf080, val= 16
03-23 02:31:56.137   419   419 I aw9380x_cap 8-0012: [aw9380x_cap_default_irq_handle:4109] gpio_low_count 1
03-23 02:31:56.138   419   419 I aw9380x_cap 8-0012: [aw9380x_irq_handle_func:4065] IRQSEN = 0x000F0FFF
03-23 02:31:56.138   419   419 I aw9380x_cap 8-0012: [aw9380x_irq_handle_func:4067] IRQSRC = 0x00000010
03-23 02:31:56.138   419   419 I aw9380x_cap 8-0012: [aw9380x_noth_button_key_report:3855] touch0_state Cap 0 Force 0 currentBtn 0
03-23 02:31:56.142   103   103 I aw9380x_cap 8-0012: [aw9380x_data_update_work_func:1899] force: rawdata = 0 diff = 853796 baseline = 1856, cap: rawdata = 0 diff = 0 baseline = 0
03-23 02:31:56.170   103   103 I aw9380x_cap 8-0012: [aw9380x_data_update_work_func:1899] force: rawdata = 0 diff = 853796 baseline = 1856, cap: rawdata = 0 diff = 0 baseline = 0
03-23 02:31:56.180   419   419 I aw9380x_cap 8-0012: [aw9380x_rc_irqscr:3728] i2c read reg: 0xf080, val= 16
03-23 02:31:56.180   419   419 I aw9380x_cap 8-0012: [aw9380x_cap_default_irq_handle:4109] gpio_low_count 1
03-23 02:31:56.180   419   419 I aw9380x_cap 8-0012: [aw9380x_irq_handle_func:4065] IRQSEN = 0x000F0FFF
03-23 02:31:56.180   419   419 I aw9380x_cap 8-0012: [aw9380x_irq_handle_func:4067] IRQSRC = 0x00000010
03-23 02:31:56.181   419   419 I aw9380x_cap 8-0012: [aw9380x_noth_button_key_report:3855] touch0_state Cap 0 Force 0 currentBtn 0
03-23 02:31:56.198   103   103 I aw9380x_cap 8-0012: [aw9380x_data_update_work_func:1899] force: rawdata = 0 diff = 853796 baseline = 1856, cap: rawdata = 0 diff = 0 baseline = 0
03-23 02:31:56.202   419   419 I aw9380x_cap 8-0012: [aw9380x_rc_irqscr:3728] i2c read reg: 0xf080, val= 16
03-23 02:31:56.202   419   419 I aw9380x_cap 8-0012: [aw9380x_cap_default_irq_handle:4109] gpio_low_count 1
03-23 02:31:56.202   419   419 I aw9380x_cap 8-0012: [aw9380x_irq_handle_func:4065] IRQSEN = 0x000F0FFF
03-23 02:31:56.202   419   419 I aw9380x_cap 8-0012: [aw9380x_irq_handle_func:4067] IRQSRC = 0x00000010
03-23 02:31:56.203   419   419 I aw9380x_cap 8-0012: [aw9380x_noth_button_key_report:3855] touch0_state Cap 0 Force 0 currentBtn 0
03-23 02:31:56.226   103   103 I aw9380x_cap 8-0012: [aw9380x_data_update_work_func:1899] force: rawdata = 0 diff = 853796 baseline = 1856, cap: rawdata = 0 diff = 0 baseline = 0
03-23 02:31:56.244   419   419 I aw9380x_cap 8-0012: [aw9380x_rc_irqscr:3728] i2c read reg: 0xf080, val= 16
03-23 02:31:56.244   419   419 I aw9380x_cap 8-0012: [aw9380x_cap_default_irq_handle:4109] gpio_low_count 1
03-23 02:31:56.245   419   419 I aw9380x_cap 8-0012: [aw9380x_irq_handle_func:4065] IRQSEN = 0x000F0FFF
03-23 02:31:56.245   419   419 I aw9380x_cap 8-0012: [aw9380x_irq_handle_func:4067] IRQSRC = 0x00000010
03-23 02:31:56.245   419   419 I aw9380x_cap 8-0012: [aw9380x_noth_button_key_report:3855] touch0_state Cap 0 Force 0 currentBtn 0
03-23 02:31:56.254   103   103 I aw9380x_cap 8-0012: [aw9380x_data_update_work_func:1899] force: rawdata = 0 diff = 853796 baseline = 1856, cap: rawdata = 0 diff = 0 baseline = 0
03-23 02:31:56.267   419   419 I aw9380x_cap 8-0012: [aw9380x_rc_irqscr:3728] i2c read reg: 0xf080, val= 16
03-23 02:31:56.267   419   419 I aw9380x_cap 8-0012: [aw9380x_cap_default_irq_handle:4109] gpio_low_count 1
03-23 02:31:56.267   419   419 I aw9380x_cap 8-0012: [aw9380x_irq_handle_func:4065] IRQSEN = 0x000F0FFF
03-23 02:31:56.267   419   419 I aw9380x_cap 8-0012: [aw9380x_irq_handle_func:4067] IRQSRC = 0x00000010
03-23 02:31:56.268   419   419 I aw9380x_cap 8-0012: [aw9380x_noth_button_key_report:3855] touch0_state Cap 0 Force 0 currentBtn 0
03-23 02:31:56.282   103   103 I aw9380x_cap 8-0012: [aw9380x_data_update_work_func:1899] force: rawdata = 0 diff = 853796 baseline = 1856, cap: rawdata = 0 diff = 0 baseline = 0
03-23 02:31:56.310   419   419 I aw9380x_cap 8-0012: [aw9380x_rc_irqscr:3728] i2c read reg: 0xf080, val= 16
03-23 02:31:56.310   419   419 I aw9380x_cap 8-0012: [aw9380x_cap_default_irq_handle:4109] gpio_low_count 1
03-23 02:31:56.310   103   103 I aw9380x_cap 8-0012: [aw9380x_data_update_work_func:1899] force: rawdata = 0 diff = 853796 baseline = 1856, cap: rawdata = 0 diff = 0 baseline = 0
03-23 02:31:56.310   419   419 I aw9380x_cap 8-0012: [aw9380x_irq_handle_func:4065] IRQSEN = 0x000F0FFF
03-23 02:31:56.310   419   419 I aw9380x_cap 8-0012: [aw9380x_irq_handle_func:4067] IRQSRC = 0x00000010
03-23 02:31:56.311   419   419 I aw9380x_cap 8-0012: [aw9380x_noth_button_key_report:3855] touch0_state Cap 0 Force 0 currentBtn 0
03-23 02:31:56.331   419   419 I aw9380x_cap 8-0012: [aw9380x_rc_irqscr:3728] i2c read reg: 0xf080, val= 16
03-23 02:31:56.331   419   419 I aw9380x_cap 8-0012: [aw9380x_cap_default_irq_handle:4109] gpio_low_count 1
03-23 02:31:56.332   419   419 I aw9380x_cap 8-0012: [aw9380x_irq_handle_func:4065] IRQSEN = 0x000F0FFF
03-23 02:31:56.332   419   419 I aw9380x_cap 8-0012: [aw9380x_irq_handle_func:4067] IRQSRC = 0x00000010
03-23 02:31:56.332   419   419 I aw9380x_cap 8-0012: [aw9380x_noth_button_key_report:3855] touch0_state Cap 0 Force 0 currentBtn 0
03-23 02:31:56.338   103   103 I aw9380x_cap 8-0012: [aw9380x_data_update_work_func:1899] force: rawdata = 0 diff = 853796 baseline = 1856, cap: rawdata = 0 diff = 0 baseline = 0
03-23 02:31:56.366   103   103 I aw9380x_cap 8-0012: [aw9380x_data_update_work_func:1899] force: rawdata = 0 diff = 853796 baseline = 1856, cap: rawdata = 0 diff = 0 baseline = 0
03-23 02:31:56.374   419   419 I aw9380x_cap 8-0012: [aw9380x_rc_irqscr:3728] i2c read reg: 0xf080, val= 2097168
03-23 02:31:56.374   419   419 I aw9380x_cap 8-0012: [aw9380x_cap_default_irq_handle:4109] gpio_low_count 1
03-23 02:31:56.374   419   419 I aw9380x_cap 8-0012: [aw9380x_irq_handle_func:4065] IRQSEN = 0x000F0FFF
03-23 02:31:56.374   419   419 I aw9380x_cap 8-0012: [aw9380x_irq_handle_func:4067] IRQSRC = 0x00200010
03-23 02:31:56.375   419   419 I aw9380x_cap 8-0012: [aw9380x_noth_button_key_report:3855] touch0_state Cap 0 Force 0 currentBtn 0
03-23 02:31:56.394   103   103 I aw9380x_cap 8-0012: [aw9380x_data_update_work_func:1899] force: rawdata = 0 diff = 853796 baseline = 1856, cap: rawdata = 0 diff = 0 baseline = 0
03-23 02:31:56.396   419   419 I aw9380x_cap 8-0012: [aw9380x_rc_irqscr:3728] i2c read reg: 0xf080, val= 16
03-23 02:31:56.396   419   419 I aw9380x_cap 8-0012: [aw9380x_cap_default_irq_handle:4109] gpio_low_count 1
03-23 02:31:56.396   419   419 I aw9380x_cap 8-0012: [aw9380x_irq_handle_func:4065] IRQSEN = 0x000F0FFF
03-23 02:31:56.396   419   419 I aw9380x_cap 8-0012: [aw9380x_irq_handle_func:4067] IRQSRC = 0x00000010
03-23 02:31:56.397   419   419 I aw9380x_cap 8-0012: [aw9380x_noth_button_key_report:3855] touch0_state Cap 0 Force 0 currentBtn 0
03-23 02:31:56.422   103   103 I aw9380x_cap 8-0012: [aw9380x_data_update_work_func:1899] force: rawdata = 0 diff = 853796 baseline = 1856, cap: rawdata = 0 diff = 0 baseline = 0
03-23 02:31:56.439   419   419 I aw9380x_cap 8-0012: [aw9380x_rc_irqscr:3728] i2c read reg: 0xf080, val= 16
03-23 02:31:56.439   419   419 I aw9380x_cap 8-0012: [aw9380x_cap_default_irq_handle:4109] gpio_low_count 1
03-23 02:31:56.439   419   419 I aw9380x_cap 8-0012: [aw9380x_irq_handle_func:4065] IRQSEN = 0x000F0FFF
03-23 02:31:56.439   419   419 I aw9380x_cap 8-0012: [aw9380x_irq_handle_func:4067] IRQSRC = 0x00000010
03-23 02:31:56.439   419   419 I aw9380x_cap 8-0012: [aw9380x_noth_button_key_report:3855] touch0_state Cap 0 Force 0 currentBtn 0
03-23 02:31:56.450   103   103 I aw9380x_cap 8-0012: [aw9380x_data_update_work_func:1899] force: rawdata = 0 diff = 853796 baseline = 1856, cap: rawdata = 0 diff = 0 baseline = 0
03-23 02:31:56.461   419   419 I aw9380x_cap 8-0012: [aw9380x_rc_irqscr:3728] i2c read reg: 0xf080, val= 16
03-23 02:31:56.461   419   419 I aw9380x_cap 8-0012: [aw9380x_cap_default_irq_handle:4109] gpio_low_count 1
03-23 02:31:56.461   419   419 I aw9380x_cap 8-0012: [aw9380x_irq_handle_func:4065] IRQSEN = 0x000F0FFF
03-23 02:31:56.461   419   419 I aw9380x_cap 8-0012: [aw9380x_irq_handle_func:4067] IRQSRC = 0x00000010
03-23 02:31:56.461   419   419 I aw9380x_cap 8-0012: [aw9380x_noth_button_key_report:3855] touch0_state Cap 0 Force 0 currentBtn 0
03-23 02:31:56.478   103   103 I aw9380x_cap 8-0012: [aw9380x_data_update_work_func:1899] force: rawdata = 0 diff = 853796 baseline = 1856, cap: rawdata = 0 diff = 0 baseline = 0
03-23 02:31:56.503   419   419 I aw9380x_cap 8-0012: [aw9380x_rc_irqscr:3728] i2c read reg: 0xf080, val= 16
03-23 02:31:56.503   419   419 I aw9380x_cap 8-0012: [aw9380x_cap_default_irq_handle:4109] gpio_low_count 1
03-23 02:31:56.503   419   419 I aw9380x_cap 8-0012: [aw9380x_irq_handle_func:4065] IRQSEN = 0x000F0FFF
03-23 02:31:56.503   419   419 I aw9380x_cap 8-0012: [aw9380x_irq_handle_func:4067] IRQSRC = 0x00000010
03-23 02:31:56.504   419   419 I aw9380x_cap 8-0012: [aw9380x_noth_button_key_report:3855] touch0_state Cap 0 Force 0 currentBtn 0
03-23 02:31:56.506   103   103 I aw9380x_cap 8-0012: [aw9380x_data_update_work_func:1899] force: rawdata = 0 diff = 853796 baseline = 1856, cap: rawdata = 0 diff = 0 baseline = 0
03-23 02:31:56.525   419   419 I aw9380x_cap 8-0012: [aw9380x_rc_irqscr:3728] i2c read reg: 0xf080, val= 16
03-23 02:31:56.525   419   419 I aw9380x_cap 8-0012: [aw9380x_cap_default_irq_handle:4109] gpio_low_count 1
03-23 02:31:56.525   419   419 I aw9380x_cap 8-0012: [aw9380x_irq_handle_func:4065] IRQSEN = 0x000F0FFF
03-23 02:31:56.525   419   419 I aw9380x_cap 8-0012: [aw9380x_irq_handle_func:4067] IRQSRC = 0x00000010
03-23 02:31:56.526   419   419 I aw9380x_cap 8-0012: [aw9380x_noth_button_key_report:3855] touch0_state Cap 0 Force 0 currentBtn 0
03-23 02:31:56.534   103   103 I aw9380x_cap 8-0012: [aw9380x_data_update_work_func:1899] force: rawdata = 0 diff = 853796 baseline = 1856, cap: rawdata = 0 diff = 0 baseline = 0
03-23 02:31:56.562   103   103 I aw9380x_cap 8-0012: [aw9380x_data_update_work_func:1899] force: rawdata = 0 diff = 853796 baseline = 1856, cap: rawdata = 0 diff = 0 baseline = 0
03-23 02:31:56.568   419   419 I aw9380x_cap 8-0012: [aw9380x_rc_irqscr:3728] i2c read reg: 0xf080, val= 16
03-23 02:31:56.568   419   419 I aw9380x_cap 8-0012: [aw9380x_cap_default_irq_handle:4109] gpio_low_count 1
03-23 02:31:56.568   419   419 I aw9380x_cap 8-0012: [aw9380x_irq_handle_func:4065] IRQSEN = 0x000F0FFF
03-23 02:31:56.568   419   419 I aw9380x_cap 8-0012: [aw9380x_irq_handle_func:4067] IRQSRC = 0x00000010
03-23 02:31:56.568   419   419 I aw9380x_cap 8-0012: [aw9380x_noth_button_key_report:3855] touch0_state Cap 0 Force 0 currentBtn 0
03-23 02:31:56.590   419   419 I aw9380x_cap 8-0012: [aw9380x_rc_irqscr:3728] i2c read reg: 0xf080, val= 16
03-23 02:31:56.590   419   419 I aw9380x_cap 8-0012: [aw9380x_cap_default_irq_handle:4109] gpio_low_count 1
03-23 02:31:56.590   103   103 I aw9380x_cap 8-0012: [aw9380x_data_update_work_func:1899] force: rawdata = 0 diff = 853796 baseline = 1856, cap: rawdata = 0 diff = 0 baseline = 0
03-23 02:31:56.590   419   419 I aw9380x_cap 8-0012: [aw9380x_irq_handle_func:4065] IRQSEN = 0x000F0FFF
03-23 02:31:56.590   419   419 I aw9380x_cap 8-0012: [aw9380x_irq_handle_func:4067] IRQSRC = 0x00000010
03-23 02:31:56.591   419   419 I aw9380x_cap 8-0012: [aw9380x_noth_button_key_report:3855] touch0_state Cap 0 Force 0 currentBtn 0
03-23 02:31:56.618   103   103 I aw9380x_cap 8-0012: [aw9380x_data_update_work_func:1899] force: rawdata = 0 diff = 853796 baseline = 1856, cap: rawdata = 0 diff = 0 baseline = 0
03-23 02:31:56.632   419   419 I aw9380x_cap 8-0012: [aw9380x_rc_irqscr:3728] i2c read reg: 0xf080, val= 16
03-23 02:31:56.632   419   419 I aw9380x_cap 8-0012: [aw9380x_cap_default_irq_handle:4109] gpio_low_count 1
03-23 02:31:56.632   419   419 I aw9380x_cap 8-0012: [aw9380x_irq_handle_func:4065] IRQSEN = 0x000F0FFF
03-23 02:31:56.632   419   419 I aw9380x_cap 8-0012: [aw9380x_irq_handle_func:4067] IRQSRC = 0x00000010
