03-23 03:48:15.879   420   420 I aw9380x_cap 8-0012: [aw9380x_rc_irqscr:3728] i2c read reg: 0xf080, val= 2097168
03-23 03:48:15.879   420   420 I aw9380x_cap 8-0012: [aw9380x_cap_default_irq_handle:4109] gpio_low_count 0
03-23 03:48:15.879   420   420 I aw9380x_cap 8-0012: [aw9380x_irq_handle_func:4065] IRQSEN = 0x000F0FFF
03-23 03:48:15.879   420   420 I aw9380x_cap 8-0012: [aw9380x_irq_handle_func:4067] IRQSRC = 0x00200010
03-23 03:48:15.880   420   420 I aw9380x_cap 8-0012: [aw9380x_noth_button_key_report:3855] touch0_state Cap 0 Force 0 currentBtn 0
12-19 17:27:07.400   665   665 E cutils-trace: Error opening trace file: No such file or directory (2)
12-19 17:27:07.400   665   665 E LegacySupport: Could not get passthrough implementation for android.hardware.boot@1.0::IBootControl/default.
03-23 03:48:15.883     1     1 I init    : Service 'boot-hal-1-2' (pid 665) exited with status 1
03-23 03:48:15.883     1     1 I init    : Sending signal 9 to service 'boot-hal-1-2' (pid 665) process group...
03-23 03:48:15.883     1     1 I libprocessgroup: Successfully killed process cgroup uid 0 pid 665 in 0ms
03-23 03:48:15.901   420   420 I aw9380x_cap 8-0012: [aw9380x_rc_irqscr:3728] i2c read reg: 0xf080, val= 16
03-23 03:48:15.901   420   420 I aw9380x_cap 8-0012: [aw9380x_cap_default_irq_handle:4109] gpio_low_count 0
03-23 03:48:15.901   420   420 I aw9380x_cap 8-0012: [aw9380x_irq_handle_func:4065] IRQSEN = 0x000F0FFF
03-23 03:48:15.901   420   420 I aw9380x_cap 8-0012: [aw9380x_irq_handle_func:4067] IRQSRC = 0x00000010
03-23 03:48:15.902   420   420 I aw9380x_cap 8-0012: [aw9380x_noth_button_key_report:3855] touch0_state Cap 0 Force 0 currentBtn 0
03-23 03:48:15.943   420   420 I aw9380x_cap 8-0012: [aw9380x_rc_irqscr:3728] i2c read reg: 0xf080, val= 16
03-23 03:48:15.943   420   420 I aw9380x_cap 8-0012: [aw9380x_cap_default_irq_handle:4109] gpio_low_count 0
03-23 03:48:15.944   420   420 I aw9380x_cap 8-0012: [aw9380x_irq_handle_func:4065] IRQSEN = 0x000F0FFF
03-23 03:48:15.944   420   420 I aw9380x_cap 8-0012: [aw9380x_irq_handle_func:4067] IRQSRC = 0x00000010
03-23 03:48:15.944   420   420 I aw9380x_cap 8-0012: [aw9380x_noth_button_key_report:3855] touch0_state Cap 0 Force 0 currentBtn 0
03-23 03:48:15.965   420   420 I aw9380x_cap 8-0012: [aw9380x_rc_irqscr:3728] i2c read reg: 0xf080, val= 16
03-23 03:48:15.965   420   420 I aw9380x_cap 8-0012: [aw9380x_cap_default_irq_handle:4109] gpio_low_count 0
03-23 03:48:15.965   420   420 I aw9380x_cap 8-0012: [aw9380x_irq_handle_func:4065] IRQSEN = 0x000F0FFF
03-23 03:48:15.965   420   420 I aw9380x_cap 8-0012: [aw9380x_irq_handle_func:4067] IRQSRC = 0x00000010
03-23 03:48:15.966   420   420 I aw9380x_cap 8-0012: [aw9380x_noth_button_key_report:3855] touch0_state Cap 0 Force 0 currentBtn 0
03-23 03:48:16.008   420   420 I aw9380x_cap 8-0012: [aw9380x_rc_irqscr:3728] i2c read reg: 0xf080, val= 16
03-23 03:48:16.008   420   420 I aw9380x_cap 8-0012: [aw9380x_cap_default_irq_handle:4109] gpio_low_count 0
03-23 03:48:16.008   420   420 I aw9380x_cap 8-0012: [aw9380x_irq_handle_func:4065] IRQSEN = 0x000F0FFF
03-23 03:48:16.008   420   420 I aw9380x_cap 8-0012: [aw9380x_irq_handle_func:4067] IRQSRC = 0x00000010
03-23 03:48:16.009   420   420 I aw9380x_cap 8-0012: [aw9380x_noth_button_key_report:3855] touch0_state Cap 0 Force 0 currentBtn 0
03-23 03:48:16.030   420   420 I aw9380x_cap 8-0012: [aw9380x_rc_irqscr:3728] i2c read reg: 0xf080, val= 16
03-23 03:48:16.030   420   420 I aw9380x_cap 8-0012: [aw9380x_cap_default_irq_handle:4109] gpio_low_count 0
03-23 03:48:16.030   420   420 I aw9380x_cap 8-0012: [aw9380x_irq_handle_func:4065] IRQSEN = 0x000F0FFF
03-23 03:48:16.030   420   420 I aw9380x_cap 8-0012: [aw9380x_irq_handle_func:4067] IRQSRC = 0x00000010
03-23 03:48:16.031   420   420 I aw9380x_cap 8-0012: [aw9380x_noth_button_key_report:3855] touch0_state Cap 0 Force 0 currentBtn 0
03-23 03:48:16.072   420   420 I aw9380x_cap 8-0012: [aw9380x_rc_irqscr:3728] i2c read reg: 0xf080, val= 2097168
03-23 03:48:16.072   420   420 I aw9380x_cap 8-0012: [aw9380x_cap_default_irq_handle:4109] gpio_low_count 0
03-23 03:48:16.073   420   420 I aw9380x_cap 8-0012: [aw9380x_irq_handle_func:4065] IRQSEN = 0x000F0FFF
03-23 03:48:16.073   420   420 I aw9380x_cap 8-0012: [aw9380x_irq_handle_func:4067] IRQSRC = 0x00200010
03-23 03:48:16.073   420   420 I aw9380x_cap 8-0012: [aw9380x_noth_button_key_report:3855] touch0_state Cap 0 Force 0 currentBtn 0
03-23 03:48:16.094   420   420 I aw9380x_cap 8-0012: [aw9380x_rc_irqscr:3728] i2c read reg: 0xf080, val= 16
03-23 03:48:16.094   420   420 I aw9380x_cap 8-0012: [aw9380x_cap_default_irq_handle:4109] gpio_low_count 0
03-23 03:48:16.095   420   420 I aw9380x_cap 8-0012: [aw9380x_irq_handle_func:4065] IRQSEN = 0x000F0FFF
03-23 03:48:16.095   420   420 I aw9380x_cap 8-0012: [aw9380x_irq_handle_func:4067] IRQSRC = 0x00000010
03-23 03:48:16.095   420   420 I aw9380x_cap 8-0012: [aw9380x_noth_button_key_report:3855] touch0_state Cap 0 Force 0 currentBtn 0
03-23 03:48:16.137   420   420 I aw9380x_cap 8-0012: [aw9380x_rc_irqscr:3728] i2c read reg: 0xf080, val= 2097168
03-23 03:48:16.137   420   420 I aw9380x_cap 8-0012: [aw9380x_cap_default_irq_handle:4109] gpio_low_count 0
03-23 03:48:16.137   420   420 I aw9380x_cap 8-0012: [aw9380x_irq_handle_func:4065] IRQSEN = 0x000F0FFF
03-23 03:48:16.137   420   420 I aw9380x_cap 8-0012: [aw9380x_irq_handle_func:4067] IRQSRC = 0x00200010
03-23 03:48:16.138   420   420 I aw9380x_cap 8-0012: [aw9380x_noth_button_key_report:3855] touch0_state Cap 0 Force 0 currentBtn 0
03-23 03:48:16.159   420   420 I aw9380x_cap 8-0012: [aw9380x_rc_irqscr:3728] i2c read reg: 0xf080, val= 16
03-23 03:48:16.159   420   420 I aw9380x_cap 8-0012: [aw9380x_cap_default_irq_handle:4109] gpio_low_count 0
03-23 03:48:16.159   420   420 I aw9380x_cap 8-0012: [aw9380x_irq_handle_func:4065] IRQSEN = 0x000F0FFF
03-23 03:48:16.159   420   420 I aw9380x_cap 8-0012: [aw9380x_irq_handle_func:4067] IRQSRC = 0x00000010
03-23 03:48:16.160   420   420 I aw9380x_cap 8-0012: [aw9380x_noth_button_key_report:3855] touch0_state Cap 0 Force 0 currentBtn 0
03-23 03:48:16.201   420   420 I aw9380x_cap 8-0012: [aw9380x_rc_irqscr:3728] i2c read reg: 0xf080, val= 2097168
03-23 03:48:16.201   420   420 I aw9380x_cap 8-0012: [aw9380x_cap_default_irq_handle:4109] gpio_low_count 0
03-23 03:48:16.202   420   420 I aw9380x_cap 8-0012: [aw9380x_irq_handle_func:4065] IRQSEN = 0x000F0FFF
03-23 03:48:16.202   420   420 I aw9380x_cap 8-0012: [aw9380x_irq_handle_func:4067] IRQSRC = 0x00200010
03-23 03:48:16.202   420   420 I aw9380x_cap 8-0012: [aw9380x_noth_button_key_report:3855] touch0_state Cap 0 Force 0 currentBtn 0
03-23 03:48:16.223   420   420 I aw9380x_cap 8-0012: [aw9380x_rc_irqscr:3728] i2c read reg: 0xf080, val= 16
03-23 03:48:16.223   420   420 I aw9380x_cap 8-0012: [aw9380x_cap_default_irq_handle:4109] gpio_low_count 0
03-23 03:48:16.223   420   420 I aw9380x_cap 8-0012: [aw9380x_irq_handle_func:4065] IRQSEN = 0x000F0FFF
03-23 03:48:16.223   420   420 I aw9380x_cap 8-0012: [aw9380x_irq_handle_func:4067] IRQSRC = 0x00000010
03-23 03:48:16.224   420   420 I aw9380x_cap 8-0012: [aw9380x_noth_button_key_report:3855] touch0_state Cap 0 Force 0 currentBtn 0
03-23 03:48:16.266   420   420 I aw9380x_cap 8-0012: [aw9380x_rc_irqscr:3728] i2c read reg: 0xf080, val= 16
03-23 03:48:16.266   420   420 I aw9380x_cap 8-0012: [aw9380x_cap_default_irq_handle:4109] gpio_low_count 0
03-23 03:48:16.266   420   420 I aw9380x_cap 8-0012: [aw9380x_irq_handle_func:4065] IRQSEN = 0x000F0FFF
03-23 03:48:16.266   420   420 I aw9380x_cap 8-0012: [aw9380x_irq_handle_func:4067] IRQSRC = 0x00000010
03-23 03:48:16.267   420   420 I aw9380x_cap 8-0012: [aw9380x_noth_button_key_report:3855] touch0_state Cap 0 Force 0 currentBtn 0
03-23 03:48:16.288   420   420 I aw9380x_cap 8-0012: [aw9380x_rc_irqscr:3728] i2c read reg: 0xf080, val= 16
03-23 03:48:16.288   420   420 I aw9380x_cap 8-0012: [aw9380x_cap_default_irq_handle:4109] gpio_low_count 0
03-23 03:48:16.288   420   420 I aw9380x_cap 8-0012: [aw9380x_irq_handle_func:4065] IRQSEN = 0x000F0FFF
03-23 03:48:16.288   420   420 I aw9380x_cap 8-0012: [aw9380x_irq_handle_func:4067] IRQSRC = 0x00000010
03-23 03:48:16.288   420   420 I aw9380x_cap 8-0012: [aw9380x_noth_button_key_report:3855] touch0_state Cap 0 Force 0 currentBtn 0
03-23 03:48:16.330   420   420 I aw9380x_cap 8-0012: [aw9380x_rc_irqscr:3728] i2c read reg: 0xf080, val= 16
03-23 03:48:16.330   420   420 I aw9380x_cap 8-0012: [aw9380x_cap_default_irq_handle:4109] gpio_low_count 0
03-23 03:48:16.330   420   420 I aw9380x_cap 8-0012: [aw9380x_irq_handle_func:4065] IRQSEN = 0x000F0FFF
03-23 03:48:16.330   420   420 I aw9380x_cap 8-0012: [aw9380x_irq_handle_func:4067] IRQSRC = 0x00000010
03-23 03:48:16.331   420   420 I aw9380x_cap 8-0012: [aw9380x_noth_button_key_report:3855] touch0_state Cap 0 Force 0 currentBtn 0
03-23 03:48:16.352   420   420 I aw9380x_cap 8-0012: [aw9380x_rc_irqscr:3728] i2c read reg: 0xf080, val= 16
03-23 03:48:16.352   420   420 I aw9380x_cap 8-0012: [aw9380x_cap_default_irq_handle:4109] gpio_low_count 0
03-23 03:48:16.352   420   420 I aw9380x_cap 8-0012: [aw9380x_irq_handle_func:4065] IRQSEN = 0x000F0FFF
03-23 03:48:16.352   420   420 I aw9380x_cap 8-0012: [aw9380x_irq_handle_func:4067] IRQSRC = 0x00000010
03-23 03:48:16.353   420   420 I aw9380x_cap 8-0012: [aw9380x_noth_button_key_report:3855] touch0_state Cap 0 Force 0 currentBtn 0
03-23 03:48:16.395   420   420 I aw9380x_cap 8-0012: [aw9380x_rc_irqscr:3728] i2c read reg: 0xf080, val= 16
03-23 03:48:16.395   420   420 I aw9380x_cap 8-0012: [aw9380x_cap_default_irq_handle:4109] gpio_low_count 0
03-23 03:48:16.395   420   420 I aw9380x_cap 8-0012: [aw9380x_irq_handle_func:4065] IRQSEN = 0x000F0FFF
03-23 03:48:16.395   420   420 I aw9380x_cap 8-0012: [aw9380x_irq_handle_func:4067] IRQSRC = 0x00000010
03-23 03:48:16.395   420   420 I aw9380x_cap 8-0012: [aw9380x_noth_button_key_report:3855] touch0_state Cap 0 Force 0 currentBtn 0
03-23 03:48:16.417   420   420 I aw9380x_cap 8-0012: [aw9380x_rc_irqscr:3728] i2c read reg: 0xf080, val= 16
03-23 03:48:16.417   420   420 I aw9380x_cap 8-0012: [aw9380x_cap_default_irq_handle:4109] gpio_low_count 0
03-23 03:48:16.417   420   420 I aw9380x_cap 8-0012: [aw9380x_irq_handle_func:4065] IRQSEN = 0x000F0FFF
03-23 03:48:16.417   420   420 I aw9380x_cap 8-0012: [aw9380x_irq_handle_func:4067] IRQSRC = 0x00000010
03-23 03:48:16.417   420   420 I aw9380x_cap 8-0012: [aw9380x_noth_button_key_report:3855] touch0_state Cap 0 Force 0 currentBtn 0
03-23 03:48:16.459   420   420 I aw9380x_cap 8-0012: [aw9380x_rc_irqscr:3728] i2c read reg: 0xf080, val= 2097168
03-23 03:48:16.459   420   420 I aw9380x_cap 8-0012: [aw9380x_cap_default_irq_handle:4109] gpio_low_count 0
03-23 03:48:16.459   420   420 I aw9380x_cap 8-0012: [aw9380x_irq_handle_func:4065] IRQSEN = 0x000F0FFF
03-23 03:48:16.459   420   420 I aw9380x_cap 8-0012: [aw9380x_irq_handle_func:4067] IRQSRC = 0x00200010
03-23 03:48:16.460   420   420 I aw9380x_cap 8-0012: [aw9380x_noth_button_key_report:3855] touch0_state Cap 0 Force 0 currentBtn 0
03-23 03:48:16.481   420   420 I aw9380x_cap 8-0012: [aw9380x_rc_irqscr:3728] i2c read reg: 0xf080, val= 16
03-23 03:48:16.481   420   420 I aw9380x_cap 8-0012: [aw9380x_cap_default_irq_handle:4109] gpio_low_count 0
03-23 03:48:16.481   420   420 I aw9380x_cap 8-0012: [aw9380x_irq_handle_func:4065] IRQSEN = 0x000F0FFF
03-23 03:48:16.481   420   420 I aw9380x_cap 8-0012: [aw9380x_irq_handle_func:4067] IRQSRC = 0x00000010
03-23 03:48:16.482   420   420 I aw9380x_cap 8-0012: [aw9380x_noth_button_key_report:3855] touch0_state Cap 0 Force 0 currentBtn 0
03-23 03:48:16.524   420   420 I aw9380x_cap 8-0012: [aw9380x_rc_irqscr:3728] i2c read reg: 0xf080, val= 2097168
03-23 03:48:16.524   420   420 I aw9380x_cap 8-0012: [aw9380x_cap_default_irq_handle:4109] gpio_low_count 0
03-23 03:48:16.524   420   420 I aw9380x_cap 8-0012: [aw9380x_irq_handle_func:4065] IRQSEN = 0x000F0FFF
03-23 03:48:16.524   420   420 I aw9380x_cap 8-0012: [aw9380x_irq_handle_func:4067] IRQSRC = 0x00200010
03-23 03:48:16.524   420   420 I aw9380x_cap 8-0012: [aw9380x_noth_button_key_report:3855] touch0_state Cap 0 Force 0 currentBtn 0
03-23 03:48:16.546   420   420 I aw9380x_cap 8-0012: [aw9380x_rc_irqscr:3728] i2c read reg: 0xf080, val= 16
03-23 03:48:16.546   420   420 I aw9380x_cap 8-0012: [aw9380x_cap_default_irq_handle:4109] gpio_low_count 0
03-23 03:48:16.546   420   420 I aw9380x_cap 8-0012: [aw9380x_irq_handle_func:4065] IRQSEN = 0x000F0FFF
03-23 03:48:16.546   420   420 I aw9380x_cap 8-0012: [aw9380x_irq_handle_func:4067] IRQSRC = 0x00000010
12-19 17:27:08.066   439   439 W ProcessState: Not able to get context object on /dev/binder.
12-19 17:27:08.066   439   439 E ServiceManager: Waiting 1s on context object on /dev/binder.
03-23 03:48:16.546   420   420 I aw9380x_cap 8-0012: [aw9380x_noth_button_key_report:3855] touch0_state Cap 0 Force 0 currentBtn 0
03-23 03:48:16.548   439   439 I binder  : 439:439 cannot find target node
03-23 03:48:16.548   439   439 I binder  : 439:439 transaction call to 0:0 failed 35/29189/-22, code 1599098439 size 0-0 line 3348
03-23 03:48:16.588   420   420 I aw9380x_cap 8-0012: [aw9380x_rc_irqscr:3728] i2c read reg: 0xf080, val= 16
03-23 03:48:16.588   420   420 I aw9380x_cap 8-0012: [aw9380x_cap_default_irq_handle:4109] gpio_low_count 0
03-23 03:48:16.588   420   420 I aw9380x_cap 8-0012: [aw9380x_irq_handle_func:4065] IRQSEN = 0x000F0FFF
03-23 03:48:16.588   420   420 I aw9380x_cap 8-0012: [aw9380x_irq_handle_func:4067] IRQSRC = 0x00000010
03-23 03:48:16.589   420   420 I aw9380x_cap 8-0012: [aw9380x_noth_button_key_report:3855] touch0_state Cap 0 Force 0 currentBtn 0
03-23 03:48:16.610   420   420 I aw9380x_cap 8-0012: [aw9380x_rc_irqscr:3728] i2c read reg: 0xf080, val= 16
03-23 03:48:16.610   420   420 I aw9380x_cap 8-0012: [aw9380x_cap_default_irq_handle:4109] gpio_low_count 0
03-23 03:48:16.610   420   420 I aw9380x_cap 8-0012: [aw9380x_irq_handle_func:4065] IRQSEN = 0x000F0FFF
03-23 03:48:16.610   420   420 I aw9380x_cap 8-0012: [aw9380x_irq_handle_func:4067] IRQSRC = 0x00000010
03-23 03:48:16.611   420   420 I aw9380x_cap 8-0012: [aw9380x_noth_button_key_report:3855] touch0_state Cap 0 Force 0 currentBtn 0
03-23 03:48:16.653   420   420 I aw9380x_cap 8-0012: [aw9380x_rc_irqscr:3728] i2c read reg: 0xf080, val= 2097168
03-23 03:48:16.653   420   420 I aw9380x_cap 8-0012: [aw9380x_cap_default_irq_handle:4109] gpio_low_count 0
03-23 03:48:16.653   420   420 I aw9380x_cap 8-0012: [aw9380x_irq_handle_func:4065] IRQSEN = 0x000F0FFF
03-23 03:48:16.653   420   420 I aw9380x_cap 8-0012: [aw9380x_irq_handle_func:4067] IRQSRC = 0x00200010
03-23 03:48:16.653   420   420 I aw9380x_cap 8-0012: [aw9380x_noth_button_key_report:3855] touch0_state Cap 0 Force 0 currentBtn 0
03-23 03:48:16.675   420   420 I aw9380x_cap 8-0012: [aw9380x_rc_irqscr:3728] i2c read reg: 0xf080, val= 16
03-23 03:48:16.675   420   420 I aw9380x_cap 8-0012: [aw9380x_cap_default_irq_handle:4109] gpio_low_count 0
03-23 03:48:16.675   420   420 I aw9380x_cap 8-0012: [aw9380x_irq_handle_func:4065] IRQSEN = 0x000F0FFF
03-23 03:48:16.675   420   420 I aw9380x_cap 8-0012: [aw9380x_irq_handle_func:4067] IRQSRC = 0x00000010
03-23 03:48:16.676   420   420 I aw9380x_cap 8-0012: [aw9380x_noth_button_key_report:3855] touch0_state Cap 0 Force 0 currentBtn 0
03-23 03:48:16.718   420   420 I aw9380x_cap 8-0012: [aw9380x_rc_irqscr:3728] i2c read reg: 0xf080, val= 16
03-23 03:48:16.718   420   420 I aw9380x_cap 8-0012: [aw9380x_cap_default_irq_handle:4109] gpio_low_count 0
03-23 03:48:16.718   420   420 I aw9380x_cap 8-0012: [aw9380x_irq_handle_func:4065] IRQSEN = 0x000F0FFF
03-23 03:48:16.718   420   420 I aw9380x_cap 8-0012: [aw9380x_irq_handle_func:4067] IRQSRC = 0x00000010
03-23 03:48:16.718   420   420 I aw9380x_cap 8-0012: [aw9380x_noth_button_key_report:3855] touch0_state Cap 0 Force 0 currentBtn 0
03-23 03:48:16.740   420   420 I aw9380x_cap 8-0012: [aw9380x_rc_irqscr:3728] i2c read reg: 0xf080, val= 16
03-23 03:48:16.740   420   420 I aw9380x_cap 8-0012: [aw9380x_cap_default_irq_handle:4109] gpio_low_count 0
03-23 03:48:16.740   420   420 I aw9380x_cap 8-0012: [aw9380x_irq_handle_func:4065] IRQSEN = 0x000F0FFF
03-23 03:48:16.740   420   420 I aw9380x_cap 8-0012: [aw9380x_irq_handle_func:4067] IRQSRC = 0x00000010
03-23 03:48:16.740   420   420 I aw9380x_cap 8-0012: [aw9380x_noth_button_key_report:3855] touch0_state Cap 0 Force 0 currentBtn 0
03-23 03:48:16.782   420   420 I aw9380x_cap 8-0012: [aw9380x_rc_irqscr:3728] i2c read reg: 0xf080, val= 2097168
03-23 03:48:16.782   420   420 I aw9380x_cap 8-0012: [aw9380x_cap_default_irq_handle:4109] gpio_low_count 0
03-23 03:48:16.782   420   420 I aw9380x_cap 8-0012: [aw9380x_irq_handle_func:4065] IRQSEN = 0x000F0FFF
03-23 03:48:16.782   420   420 I aw9380x_cap 8-0012: [aw9380x_irq_handle_func:4067] IRQSRC = 0x00200010
03-23 03:48:16.783   420   420 I aw9380x_cap 8-0012: [aw9380x_noth_button_key_report:3855] touch0_state Cap 0 Force 0 currentBtn 0
03-23 03:48:16.804   420   420 I aw9380x_cap 8-0012: [aw9380x_rc_irqscr:3728] i2c read reg: 0xf080, val= 16
03-23 03:48:16.804   420   420 I aw9380x_cap 8-0012: [aw9380x_cap_default_irq_handle:4109] gpio_low_count 0
03-23 03:48:16.804   420   420 I aw9380x_cap 8-0012: [aw9380x_irq_handle_func:4065] IRQSEN = 0x000F0FFF
03-23 03:48:16.804   420   420 I aw9380x_cap 8-0012: [aw9380x_irq_handle_func:4067] IRQSRC = 0x00000010
03-23 03:48:16.805   420   420 I aw9380x_cap 8-0012: [aw9380x_noth_button_key_report:3855] touch0_state Cap 0 Force 0 currentBtn 0
03-23 03:48:16.847   420   420 I aw9380x_cap 8-0012: [aw9380x_rc_irqscr:3728] i2c read reg: 0xf080, val= 16
03-23 03:48:16.847   420   420 I aw9380x_cap 8-0012: [aw9380x_cap_default_irq_handle:4109] gpio_low_count 0
03-23 03:48:16.847   420   420 I aw9380x_cap 8-0012: [aw9380x_irq_handle_func:4065] IRQSEN = 0x000F0FFF
03-23 03:48:16.847   420   420 I aw9380x_cap 8-0012: [aw9380x_irq_handle_func:4067] IRQSRC = 0x00000010
03-23 03:48:16.847   420   420 I aw9380x_cap 8-0012: [aw9380x_noth_button_key_report:3855] touch0_state Cap 0 Force 0 currentBtn 0
03-23 03:48:16.869   420   420 I aw9380x_cap 8-0012: [aw9380x_rc_irqscr:3728] i2c read reg: 0xf080, val= 16
03-23 03:48:16.869   420   420 I aw9380x_cap 8-0012: [aw9380x_cap_default_irq_handle:4109] gpio_low_count 0
03-23 03:48:16.869   420   420 I aw9380x_cap 8-0012: [aw9380x_irq_handle_func:4065] IRQSEN = 0x000F0FFF
03-23 03:48:16.869   420   420 I aw9380x_cap 8-0012: [aw9380x_irq_handle_func:4067] IRQSRC = 0x00000010
03-23 03:48:16.869   420   420 I aw9380x_cap 8-0012: [aw9380x_noth_button_key_report:3855] touch0_state Cap 0 Force 0 currentBtn 0
03-23 03:48:16.911   420   420 I aw9380x_cap 8-0012: [aw9380x_rc_irqscr:3728] i2c read reg: 0xf080, val= 2097168
03-23 03:48:16.911   420   420 I aw9380x_cap 8-0012: [aw9380x_cap_default_irq_handle:4109] gpio_low_count 0
03-23 03:48:16.911   420   420 I aw9380x_cap 8-0012: [aw9380x_irq_handle_func:4065] IRQSEN = 0x000F0FFF
03-23 03:48:16.911   420   420 I aw9380x_cap 8-0012: [aw9380x_irq_handle_func:4067] IRQSRC = 0x00200010
03-23 03:48:16.912   420   420 I aw9380x_cap 8-0012: [aw9380x_noth_button_key_report:3855] touch0_state Cap 0 Force 0 currentBtn 0
03-23 03:48:16.933   420   420 I aw9380x_cap 8-0012: [aw9380x_rc_irqscr:3728] i2c read reg: 0xf080, val= 16
03-23 03:48:16.933   420   420 I aw9380x_cap 8-0012: [aw9380x_cap_default_irq_handle:4109] gpio_low_count 0
03-23 03:48:16.933   420   420 I aw9380x_cap 8-0012: [aw9380x_irq_handle_func:4065] IRQSEN = 0x000F0FFF
03-23 03:48:16.933   420   420 I aw9380x_cap 8-0012: [aw9380x_irq_handle_func:4067] IRQSRC = 0x00000010
03-23 03:48:16.934   420   420 I aw9380x_cap 8-0012: [aw9380x_noth_button_key_report:3855] touch0_state Cap 0 Force 0 currentBtn 0
03-23 03:48:16.976   420   420 I aw9380x_cap 8-0012: [aw9380x_rc_irqscr:3728] i2c read reg: 0xf080, val= 16
03-23 03:48:16.976   420   420 I aw9380x_cap 8-0012: [aw9380x_cap_default_irq_handle:4109] gpio_low_count 0
03-23 03:48:16.976   420   420 I aw9380x_cap 8-0012: [aw9380x_irq_handle_func:4065] IRQSEN = 0x000F0FFF
03-23 03:48:16.976   420   420 I aw9380x_cap 8-0012: [aw9380x_irq_handle_func:4067] IRQSRC = 0x00000010
03-23 03:48:16.976   420   420 I aw9380x_cap 8-0012: [aw9380x_noth_button_key_report:3855] touch0_state Cap 0 Force 0 currentBtn 0
03-23 03:48:16.998   420   420 I aw9380x_cap 8-0012: [aw9380x_rc_irqscr:3728] i2c read reg: 0xf080, val= 16
03-23 03:48:16.998   420   420 I aw9380x_cap 8-0012: [aw9380x_cap_default_irq_handle:4109] gpio_low_count 0
03-23 03:48:16.998   420   420 I aw9380x_cap 8-0012: [aw9380x_irq_handle_func:4065] IRQSEN = 0x000F0FFF
03-23 03:48:16.998   420   420 I aw9380x_cap 8-0012: [aw9380x_irq_handle_func:4067] IRQSRC = 0x00000010
03-23 03:48:16.998   420   420 I aw9380x_cap 8-0012: [aw9380x_noth_button_key_report:3855] touch0_state Cap 0 Force 0 currentBtn 0
03-23 03:48:17.040   420   420 I aw9380x_cap 8-0012: [aw9380x_rc_irqscr:3728] i2c read reg: 0xf080, val= 2097168
03-23 03:48:17.040   420   420 I aw9380x_cap 8-0012: [aw9380x_cap_default_irq_handle:4109] gpio_low_count 0
03-23 03:48:17.040   420   420 I aw9380x_cap 8-0012: [aw9380x_irq_handle_func:4065] IRQSEN = 0x000F0FFF
03-23 03:48:17.040   420   420 I aw9380x_cap 8-0012: [aw9380x_irq_handle_func:4067] IRQSRC = 0x00200010
03-23 03:48:17.041   420   420 I aw9380x_cap 8-0012: [aw9380x_noth_button_key_report:3855] touch0_state Cap 0 Force 0 currentBtn 0
03-23 03:48:17.062   420   420 I aw9380x_cap 8-0012: [aw9380x_rc_irqscr:3728] i2c read reg: 0xf080, val= 16
03-23 03:48:17.062   420   420 I aw9380x_cap 8-0012: [aw9380x_cap_default_irq_handle:4109] gpio_low_count 0
03-23 03:48:17.062   420   420 I aw9380x_cap 8-0012: [aw9380x_irq_handle_func:4065] IRQSEN = 0x000F0FFF
03-23 03:48:17.062   420   420 I aw9380x_cap 8-0012: [aw9380x_irq_handle_func:4067] IRQSRC = 0x00000010
03-23 03:48:17.063   420   420 I aw9380x_cap 8-0012: [aw9380x_noth_button_key_report:3855] touch0_state Cap 0 Force 0 currentBtn 0
03-23 03:48:17.105   420   420 I aw9380x_cap 8-0012: [aw9380x_rc_irqscr:3728] i2c read reg: 0xf080, val= 2097168
03-23 03:48:17.105   420   420 I aw9380x_cap 8-0012: [aw9380x_cap_default_irq_handle:4109] gpio_low_count 0
03-23 03:48:17.105   420   420 I aw9380x_cap 8-0012: [aw9380x_irq_handle_func:4065] IRQSEN = 0x000F0FFF
03-23 03:48:17.105   420   420 I aw9380x_cap 8-0012: [aw9380x_irq_handle_func:4067] IRQSRC = 0x00200010
03-23 03:48:17.105   420   420 I aw9380x_cap 8-0012: [aw9380x_noth_button_key_report:3855] touch0_state Cap 0 Force 0 currentBtn 0
03-23 03:48:17.127   420   420 I aw9380x_cap 8-0012: [aw9380x_rc_irqscr:3728] i2c read reg: 0xf080, val= 16
03-23 03:48:17.127   420   420 I aw9380x_cap 8-0012: [aw9380x_cap_default_irq_handle:4109] gpio_low_count 0
03-23 03:48:17.127   420   420 I aw9380x_cap 8-0012: [aw9380x_irq_handle_func:4065] IRQSEN = 0x000F0FFF
03-23 03:48:17.127   420   420 I aw9380x_cap 8-0012: [aw9380x_irq_handle_func:4067] IRQSRC = 0x00000010
03-23 03:48:17.127   420   420 I aw9380x_cap 8-0012: [aw9380x_noth_button_key_report:3855] touch0_state Cap 0 Force 0 currentBtn 0
03-23 03:48:17.169   420   420 I aw9380x_cap 8-0012: [aw9380x_rc_irqscr:3728] i2c read reg: 0xf080, val= 2097168
03-23 03:48:17.169   420   420 I aw9380x_cap 8-0012: [aw9380x_cap_default_irq_handle:4109] gpio_low_count 0
03-23 03:48:17.169   420   420 I aw9380x_cap 8-0012: [aw9380x_irq_handle_func:4065] IRQSEN = 0x000F0FFF
03-23 03:48:17.169   420   420 I aw9380x_cap 8-0012: [aw9380x_irq_handle_func:4067] IRQSRC = 0x00200010
03-23 03:48:17.170   420   420 I aw9380x_cap 8-0012: [aw9380x_noth_button_key_report:3855] touch0_state Cap 0 Force 0 currentBtn 0
03-23 03:48:17.191   420   420 I aw9380x_cap 8-0012: [aw9380x_rc_irqscr:3728] i2c read reg: 0xf080, val= 16
03-23 03:48:17.191   420   420 I aw9380x_cap 8-0012: [aw9380x_cap_default_irq_handle:4109] gpio_low_count 0
03-23 03:48:17.191   420   420 I aw9380x_cap 8-0012: [aw9380x_irq_handle_func:4065] IRQSEN = 0x000F0FFF
03-23 03:48:17.191   420   420 I aw9380x_cap 8-0012: [aw9380x_irq_handle_func:4067] IRQSRC = 0x00000010
03-23 03:48:17.192   420   420 I aw9380x_cap 8-0012: [aw9380x_noth_button_key_report:3855] touch0_state Cap 0 Force 0 currentBtn 0
03-23 03:48:17.234   420   420 I aw9380x_cap 8-0012: [aw9380x_rc_irqscr:3728] i2c read reg: 0xf080, val= 2097168
03-23 03:48:17.234   420   420 I aw9380x_cap 8-0012: [aw9380x_cap_default_irq_handle:4109] gpio_low_count 0
03-23 03:48:17.234   420   420 I aw9380x_cap 8-0012: [aw9380x_irq_handle_func:4065] IRQSEN = 0x000F0FFF
03-23 03:48:17.234   420   420 I aw9380x_cap 8-0012: [aw9380x_irq_handle_func:4067] IRQSRC = 0x00200010
03-23 03:48:17.234   420   420 I aw9380x_cap 8-0012: [aw9380x_noth_button_key_report:3855] touch0_state Cap 0 Force 0 currentBtn 0
03-23 03:48:17.256   420   420 I aw9380x_cap 8-0012: [aw9380x_rc_irqscr:3728] i2c read reg: 0xf080, val= 16
03-23 03:48:17.256   420   420 I aw9380x_cap 8-0012: [aw9380x_cap_default_irq_handle:4109] gpio_low_count 0
03-23 03:48:17.256   420   420 I aw9380x_cap 8-0012: [aw9380x_irq_handle_func:4065] IRQSEN = 0x000F0FFF
03-23 03:48:17.256   420   420 I aw9380x_cap 8-0012: [aw9380x_irq_handle_func:4067] IRQSRC = 0x00000010
03-23 03:48:17.256   420   420 I aw9380x_cap 8-0012: [aw9380x_noth_button_key_report:3855] touch0_state Cap 0 Force 0 currentBtn 0
03-23 03:48:17.298   420   420 I aw9380x_cap 8-0012: [aw9380x_rc_irqscr:3728] i2c read reg: 0xf080, val= 2097168
03-23 03:48:17.298   420   420 I aw9380x_cap 8-0012: [aw9380x_cap_default_irq_handle:4109] gpio_low_count 0
03-23 03:48:17.298   420   420 I aw9380x_cap 8-0012: [aw9380x_irq_handle_func:4065] IRQSEN = 0x000F0FFF
03-23 03:48:17.298   420   420 I aw9380x_cap 8-0012: [aw9380x_irq_handle_func:4067] IRQSRC = 0x00200010
03-23 03:48:17.299   420   420 I aw9380x_cap 8-0012: [aw9380x_noth_button_key_report:3855] touch0_state Cap 0 Force 0 currentBtn 0
03-23 03:48:17.320   420   420 I aw9380x_cap 8-0012: [aw9380x_rc_irqscr:3728] i2c read reg: 0xf080, val= 16
03-23 03:48:17.320   420   420 I aw9380x_cap 8-0012: [aw9380x_cap_default_irq_handle:4109] gpio_low_count 0
03-23 03:48:17.320   420   420 I aw9380x_cap 8-0012: [aw9380x_irq_handle_func:4065] IRQSEN = 0x000F0FFF
03-23 03:48:17.320   420   420 I aw9380x_cap 8-0012: [aw9380x_irq_handle_func:4067] IRQSRC = 0x00000010
03-23 03:48:17.321   420   420 I aw9380x_cap 8-0012: [aw9380x_noth_button_key_report:3855] touch0_state Cap 0 Force 0 currentBtn 0
03-23 03:48:17.352   481   481 D [FTS_TS]fts_input_report_b: [B]P0(655, 2674)[p:63,tm:7] DOWN!
03-23 03:48:17.363   420   420 I aw9380x_cap 8-0012: [aw9380x_rc_irqscr:3728] i2c read reg: 0xf080, val= 16
03-23 03:48:17.363   420   420 I aw9380x_cap 8-0012: [aw9380x_cap_default_irq_handle:4109] gpio_low_count 0
03-23 03:48:17.363   420   420 I aw9380x_cap 8-0012: [aw9380x_irq_handle_func:4065] IRQSEN = 0x000F0FFF
03-23 03:48:17.363   420   420 I aw9380x_cap 8-0012: [aw9380x_irq_handle_func:4067] IRQSRC = 0x00000010
03-23 03:48:17.363   420   420 I aw9380x_cap 8-0012: [aw9380x_noth_button_key_report:3855] touch0_state Cap 0 Force 0 currentBtn 0
03-23 03:48:17.385   420   420 I aw9380x_cap 8-0012: [aw9380x_rc_irqscr:3728] i2c read reg: 0xf080, val= 16
03-23 03:48:17.385   420   420 I aw9380x_cap 8-0012: [aw9380x_cap_default_irq_handle:4109] gpio_low_count 0
03-23 03:48:17.385   420   420 I aw9380x_cap 8-0012: [aw9380x_irq_handle_func:4065] IRQSEN = 0x000F0FFF
03-23 03:48:17.385   420   420 I aw9380x_cap 8-0012: [aw9380x_irq_handle_func:4067] IRQSRC = 0x00000010
03-23 03:48:17.385   420   420 I aw9380x_cap 8-0012: [aw9380x_noth_button_key_report:3855] touch0_state Cap 0 Force 0 currentBtn 0
03-23 03:48:17.427   420   420 I aw9380x_cap 8-0012: [aw9380x_rc_irqscr:3728] i2c read reg: 0xf080, val= 2097168
03-23 03:48:17.427   420   420 I aw9380x_cap 8-0012: [aw9380x_cap_default_irq_handle:4109] gpio_low_count 0
03-23 03:48:17.427   420   420 I aw9380x_cap 8-0012: [aw9380x_irq_handle_func:4065] IRQSEN = 0x000F0FFF
03-23 03:48:17.427   420   420 I aw9380x_cap 8-0012: [aw9380x_irq_handle_func:4067] IRQSRC = 0x00200010
03-23 03:48:17.428   420   420 I aw9380x_cap 8-0012: [aw9380x_noth_button_key_report:3855] touch0_state Cap 0 Force 0 currentBtn 0
03-23 03:48:17.449   420   420 I aw9380x_cap 8-0012: [aw9380x_rc_irqscr:3728] i2c read reg: 0xf080, val= 16
03-23 03:48:17.449   420   420 I aw9380x_cap 8-0012: [aw9380x_cap_default_irq_handle:4109] gpio_low_count 0
03-23 03:48:17.449   420   420 I aw9380x_cap 8-0012: [aw9380x_irq_handle_func:4065] IRQSEN = 0x000F0FFF
03-23 03:48:17.449   420   420 I aw9380x_cap 8-0012: [aw9380x_irq_handle_func:4067] IRQSRC = 0x00000010
03-23 03:48:17.450   420   420 I aw9380x_cap 8-0012: [aw9380x_noth_button_key_report:3855] touch0_state Cap 0 Force 0 currentBtn 0
03-23 03:48:17.467   481   481 D [FTS_TS]fts_input_report_b: [B]P0 UP!
03-23 03:48:17.467   481   481 D [FTS_TS]fts_input_report_b: [B]Points All Up!
03-23 03:48:17.492   420   420 I aw9380x_cap 8-0012: [aw9380x_rc_irqscr:3728] i2c read reg: 0xf080, val= 16
03-23 03:48:17.492   420   420 I aw9380x_cap 8-0012: [aw9380x_cap_default_irq_handle:4109] gpio_low_count 0
03-23 03:48:17.492   420   420 I aw9380x_cap 8-0012: [aw9380x_irq_handle_func:4065] IRQSEN = 0x000F0FFF
03-23 03:48:17.492   420   420 I aw9380x_cap 8-0012: [aw9380x_irq_handle_func:4067] IRQSRC = 0x00000010
03-23 03:48:17.492   420   420 I aw9380x_cap 8-0012: [aw9380x_noth_button_key_report:3855] touch0_state Cap 0 Force 0 currentBtn 0
03-23 03:48:17.514   420   420 I aw9380x_cap 8-0012: [aw9380x_rc_irqscr:3728] i2c read reg: 0xf080, val= 16
03-23 03:48:17.514   420   420 I aw9380x_cap 8-0012: [aw9380x_cap_default_irq_handle:4109] gpio_low_count 0
03-23 03:48:17.514   420   420 I aw9380x_cap 8-0012: [aw9380x_irq_handle_func:4065] IRQSEN = 0x000F0FFF
03-23 03:48:17.514   420   420 I aw9380x_cap 8-0012: [aw9380x_irq_handle_func:4067] IRQSRC = 0x00000010
03-23 03:48:17.514   420   420 I aw9380x_cap 8-0012: [aw9380x_noth_button_key_report:3855] touch0_state Cap 0 Force 0 currentBtn 0
12-19 17:27:09.066   439   439 W ProcessState: Not able to get context object on /dev/binder.
12-19 17:27:09.066   439   439 E ServiceManager: Waiting 1s on context object on /dev/binder.
03-23 03:48:17.548   439   439 I binder  : 439:439 cannot find target node
03-23 03:48:17.548   439   439 I binder  : 439:439 transaction call to 0:0 failed 36/29189/-22, code 1599098439 size 0-0 line 3348
03-23 03:48:17.556   420   420 I aw9380x_cap 8-0012: [aw9380x_rc_irqscr:3728] i2c read reg: 0xf080, val= 16
03-23 03:48:17.556   420   420 I aw9380x_cap 8-0012: [aw9380x_cap_default_irq_handle:4109] gpio_low_count 0
03-23 03:48:17.556   420   420 I aw9380x_cap 8-0012: [aw9380x_irq_handle_func:4065] IRQSEN = 0x000F0FFF
03-23 03:48:17.556   420   420 I aw9380x_cap 8-0012: [aw9380x_irq_handle_func:4067] IRQSRC = 0x00000010
03-23 03:48:17.557   420   420 I aw9380x_cap 8-0012: [aw9380x_noth_button_key_report:3855] touch0_state Cap 0 Force 0 currentBtn 0
03-23 03:48:17.563   481   481 D [FTS_TS]fts_input_report_b: [B]P0(685, 2699)[p:63,tm:2] DOWN!
03-23 03:48:17.578   420   420 I aw9380x_cap 8-0012: [aw9380x_rc_irqscr:3728] i2c read reg: 0xf080, val= 16
03-23 03:48:17.578   420   420 I aw9380x_cap 8-0012: [aw9380x_cap_default_irq_handle:4109] gpio_low_count 0
03-23 03:48:17.578   420   420 I aw9380x_cap 8-0012: [aw9380x_irq_handle_func:4065] IRQSEN = 0x000F0FFF
03-23 03:48:17.578   420   420 I aw9380x_cap 8-0012: [aw9380x_irq_handle_func:4067] IRQSRC = 0x00000010
03-23 03:48:17.579   420   420 I aw9380x_cap 8-0012: [aw9380x_noth_button_key_report:3855] touch0_state Cap 0 Force 0 currentBtn 0
03-23 03:48:17.621   420   420 I aw9380x_cap 8-0012: [aw9380x_rc_irqscr:3728] i2c read reg: 0xf080, val= 16
03-23 03:48:17.621   420   420 I aw9380x_cap 8-0012: [aw9380x_cap_default_irq_handle:4109] gpio_low_count 0
03-23 03:48:17.621   420   420 I aw9380x_cap 8-0012: [aw9380x_irq_handle_func:4065] IRQSEN = 0x000F0FFF
03-23 03:48:17.621   420   420 I aw9380x_cap 8-0012: [aw9380x_irq_handle_func:4067] IRQSRC = 0x00000010
03-23 03:48:17.621   420   420 I aw9380x_cap 8-0012: [aw9380x_noth_button_key_report:3855] touch0_state Cap 0 Force 0 currentBtn 0
03-23 03:48:17.643   420   420 I aw9380x_cap 8-0012: [aw9380x_rc_irqscr:3728] i2c read reg: 0xf080, val= 16
03-23 03:48:17.643   420   420 I aw9380x_cap 8-0012: [aw9380x_cap_default_irq_handle:4109] gpio_low_count 0
03-23 03:48:17.643   420   420 I aw9380x_cap 8-0012: [aw9380x_irq_handle_func:4065] IRQSEN = 0x000F0FFF
03-23 03:48:17.643   420   420 I aw9380x_cap 8-0012: [aw9380x_irq_handle_func:4067] IRQSRC = 0x00000010
03-23 03:48:17.643   420   420 I aw9380x_cap 8-0012: [aw9380x_noth_button_key_report:3855] touch0_state Cap 0 Force 0 currentBtn 0
03-23 03:48:17.670   481   481 D [FTS_TS]fts_input_report_b: [B]P0 UP!
03-23 03:48:17.670   481   481 D [FTS_TS]fts_input_report_b: [B]Points All Up!
03-23 03:48:17.685   420   420 I aw9380x_cap 8-0012: [aw9380x_rc_irqscr:3728] i2c read reg: 0xf080, val= 16
03-23 03:48:17.685   420   420 I aw9380x_cap 8-0012: [aw9380x_cap_default_irq_handle:4109] gpio_low_count 0
03-23 03:48:17.685   420   420 I aw9380x_cap 8-0012: [aw9380x_irq_handle_func:4065] IRQSEN = 0x000F0FFF
03-23 03:48:17.685   420   420 I aw9380x_cap 8-0012: [aw9380x_irq_handle_func:4067] IRQSRC = 0x00000010
03-23 03:48:17.686   420   420 I aw9380x_cap 8-0012: [aw9380x_noth_button_key_report:3855] touch0_state Cap 0 Force 0 currentBtn 0
03-23 03:48:17.707   420   420 I aw9380x_cap 8-0012: [aw9380x_rc_irqscr:3728] i2c read reg: 0xf080, val= 16
03-23 03:48:17.707   420   420 I aw9380x_cap 8-0012: [aw9380x_cap_default_irq_handle:4109] gpio_low_count 0
03-23 03:48:17.708   420   420 I aw9380x_cap 8-0012: [aw9380x_irq_handle_func:4065] IRQSEN = 0x000F0FFF
03-23 03:48:17.708   420   420 I aw9380x_cap 8-0012: [aw9380x_irq_handle_func:4067] IRQSRC = 0x00000010
03-23 03:48:17.708   420   420 I aw9380x_cap 8-0012: [aw9380x_noth_button_key_report:3855] touch0_state Cap 0 Force 0 currentBtn 0
03-23 03:48:17.750   420   420 I aw9380x_cap 8-0012: [aw9380x_rc_irqscr:3728] i2c read reg: 0xf080, val= 2097168
03-23 03:48:17.750   420   420 I aw9380x_cap 8-0012: [aw9380x_cap_default_irq_handle:4109] gpio_low_count 0
03-23 03:48:17.750   420   420 I aw9380x_cap 8-0012: [aw9380x_irq_handle_func:4065] IRQSEN = 0x000F0FFF
03-23 03:48:17.750   420   420 I aw9380x_cap 8-0012: [aw9380x_irq_handle_func:4067] IRQSRC = 0x00200010
03-23 03:48:17.751   420   420 I aw9380x_cap 8-0012: [aw9380x_noth_button_key_report:3855] touch0_state Cap 0 Force 0 currentBtn 0
03-23 03:48:17.772   420   420 I aw9380x_cap 8-0012: [aw9380x_rc_irqscr:3728] i2c read reg: 0xf080, val= 16
03-23 03:48:17.772   420   420 I aw9380x_cap 8-0012: [aw9380x_cap_default_irq_handle:4109] gpio_low_count 0
03-23 03:48:17.772   420   420 I aw9380x_cap 8-0012: [aw9380x_irq_handle_func:4065] IRQSEN = 0x000F0FFF
03-23 03:48:17.772   420   420 I aw9380x_cap 8-0012: [aw9380x_irq_handle_func:4067] IRQSRC = 0x00000010
03-23 03:48:17.773   420   420 I aw9380x_cap 8-0012: [aw9380x_noth_button_key_report:3855] touch0_state Cap 0 Force 0 currentBtn 0
03-23 03:48:17.814   420   420 I aw9380x_cap 8-0012: [aw9380x_rc_irqscr:3728] i2c read reg: 0xf080, val= 2097168
03-23 03:48:17.814   420   420 I aw9380x_cap 8-0012: [aw9380x_cap_default_irq_handle:4109] gpio_low_count 0
03-23 03:48:17.815   420   420 I aw9380x_cap 8-0012: [aw9380x_irq_handle_func:4065] IRQSEN = 0x000F0FFF
03-23 03:48:17.815   420   420 I aw9380x_cap 8-0012: [aw9380x_irq_handle_func:4067] IRQSRC = 0x00200010
03-23 03:48:17.815   420   420 I aw9380x_cap 8-0012: [aw9380x_noth_button_key_report:3855] touch0_state Cap 0 Force 0 currentBtn 0
03-23 03:48:17.836   420   420 I aw9380x_cap 8-0012: [aw9380x_rc_irqscr:3728] i2c read reg: 0xf080, val= 16
03-23 03:48:17.836   420   420 I aw9380x_cap 8-0012: [aw9380x_cap_default_irq_handle:4109] gpio_low_count 0
03-23 03:48:17.837   420   420 I aw9380x_cap 8-0012: [aw9380x_irq_handle_func:4065] IRQSEN = 0x000F0FFF
03-23 03:48:17.837   420   420 I aw9380x_cap 8-0012: [aw9380x_irq_handle_func:4067] IRQSRC = 0x00000010
03-23 03:48:17.837   420   420 I aw9380x_cap 8-0012: [aw9380x_noth_button_key_report:3855] touch0_state Cap 0 Force 0 currentBtn 0
03-23 03:48:17.879   420   420 I aw9380x_cap 8-0012: [aw9380x_rc_irqscr:3728] i2c read reg: 0xf080, val= 2097168
03-23 03:48:17.879   420   420 I aw9380x_cap 8-0012: [aw9380x_cap_default_irq_handle:4109] gpio_low_count 0
03-23 03:48:17.879   420   420 I aw9380x_cap 8-0012: [aw9380x_irq_handle_func:4065] IRQSEN = 0x000F0FFF
03-23 03:48:17.879   420   420 I aw9380x_cap 8-0012: [aw9380x_irq_handle_func:4067] IRQSRC = 0x00200010
03-23 03:48:17.880   420   420 I aw9380x_cap 8-0012: [aw9380x_noth_button_key_report:3855] touch0_state Cap 0 Force 0 currentBtn 0
03-23 03:48:17.901   420   420 I aw9380x_cap 8-0012: [aw9380x_rc_irqscr:3728] i2c read reg: 0xf080, val= 16
03-23 03:48:17.901   420   420 I aw9380x_cap 8-0012: [aw9380x_cap_default_irq_handle:4109] gpio_low_count 0
03-23 03:48:17.901   420   420 I aw9380x_cap 8-0012: [aw9380x_irq_handle_func:4065] IRQSEN = 0x000F0FFF
03-23 03:48:17.901   420   420 I aw9380x_cap 8-0012: [aw9380x_irq_handle_func:4067] IRQSRC = 0x00000010
03-23 03:48:17.902   420   420 I aw9380x_cap 8-0012: [aw9380x_noth_button_key_report:3855] touch0_state Cap 0 Force 0 currentBtn 0
03-23 03:48:17.943   420   420 I aw9380x_cap 8-0012: [aw9380x_rc_irqscr:3728] i2c read reg: 0xf080, val= 16
03-23 03:48:17.943   420   420 I aw9380x_cap 8-0012: [aw9380x_cap_default_irq_handle:4109] gpio_low_count 0
03-23 03:48:17.944   420   420 I aw9380x_cap 8-0012: [aw9380x_irq_handle_func:4065] IRQSEN = 0x000F0FFF
03-23 03:48:17.944   420   420 I aw9380x_cap 8-0012: [aw9380x_irq_handle_func:4067] IRQSRC = 0x00000010
03-23 03:48:17.944   420   420 I aw9380x_cap 8-0012: [aw9380x_noth_button_key_report:3855] touch0_state Cap 0 Force 0 currentBtn 0
03-23 03:48:17.965   420   420 I aw9380x_cap 8-0012: [aw9380x_rc_irqscr:3728] i2c read reg: 0xf080, val= 16
03-23 03:48:17.965   420   420 I aw9380x_cap 8-0012: [aw9380x_cap_default_irq_handle:4109] gpio_low_count 0
03-23 03:48:17.966   420   420 I aw9380x_cap 8-0012: [aw9380x_irq_handle_func:4065] IRQSEN = 0x000F0FFF
03-23 03:48:17.966   420   420 I aw9380x_cap 8-0012: [aw9380x_irq_handle_func:4067] IRQSRC = 0x00000010
03-23 03:48:17.966   420   420 I aw9380x_cap 8-0012: [aw9380x_noth_button_key_report:3855] touch0_state Cap 0 Force 0 currentBtn 0
03-23 03:48:18.008   420   420 I aw9380x_cap 8-0012: [aw9380x_rc_irqscr:3728] i2c read reg: 0xf080, val= 2097168
03-23 03:48:18.008   420   420 I aw9380x_cap 8-0012: [aw9380x_cap_default_irq_handle:4109] gpio_low_count 0
03-23 03:48:18.008   420   420 I aw9380x_cap 8-0012: [aw9380x_irq_handle_func:4065] IRQSEN = 0x000F0FFF
03-23 03:48:18.008   420   420 I aw9380x_cap 8-0012: [aw9380x_irq_handle_func:4067] IRQSRC = 0x00200010
03-23 03:48:18.009   420   420 I aw9380x_cap 8-0012: [aw9380x_noth_button_key_report:3855] touch0_state Cap 0 Force 0 currentBtn 0
03-23 03:48:18.030   420   420 I aw9380x_cap 8-0012: [aw9380x_rc_irqscr:3728] i2c read reg: 0xf080, val= 16
03-23 03:48:18.030   420   420 I aw9380x_cap 8-0012: [aw9380x_cap_default_irq_handle:4109] gpio_low_count 0
03-23 03:48:18.030   420   420 I aw9380x_cap 8-0012: [aw9380x_irq_handle_func:4065] IRQSEN = 0x000F0FFF
03-23 03:48:18.030   420   420 I aw9380x_cap 8-0012: [aw9380x_irq_handle_func:4067] IRQSRC = 0x00000010
03-23 03:48:18.031   420   420 I aw9380x_cap 8-0012: [aw9380x_noth_button_key_report:3855] touch0_state Cap 0 Force 0 currentBtn 0
03-23 03:48:18.072   420   420 I aw9380x_cap 8-0012: [aw9380x_rc_irqscr:3728] i2c read reg: 0xf080, val= 16
03-23 03:48:18.072   420   420 I aw9380x_cap 8-0012: [aw9380x_cap_default_irq_handle:4109] gpio_low_count 0
03-23 03:48:18.073   420   420 I aw9380x_cap 8-0012: [aw9380x_irq_handle_func:4065] IRQSEN = 0x000F0FFF
03-23 03:48:18.073   420   420 I aw9380x_cap 8-0012: [aw9380x_irq_handle_func:4067] IRQSRC = 0x00000010
03-23 03:48:18.073   420   420 I aw9380x_cap 8-0012: [aw9380x_noth_button_key_report:3855] touch0_state Cap 0 Force 0 currentBtn 0
03-23 03:48:18.094   420   420 I aw9380x_cap 8-0012: [aw9380x_rc_irqscr:3728] i2c read reg: 0xf080, val= 16
03-23 03:48:18.094   420   420 I aw9380x_cap 8-0012: [aw9380x_cap_default_irq_handle:4109] gpio_low_count 0
03-23 03:48:18.095   420   420 I aw9380x_cap 8-0012: [aw9380x_irq_handle_func:4065] IRQSEN = 0x000F0FFF
03-23 03:48:18.095   420   420 I aw9380x_cap 8-0012: [aw9380x_irq_handle_func:4067] IRQSRC = 0x00000010
03-23 03:48:18.095   420   420 I aw9380x_cap 8-0012: [aw9380x_noth_button_key_report:3855] touch0_state Cap 0 Force 0 currentBtn 0
03-23 03:48:18.137   420   420 I aw9380x_cap 8-0012: [aw9380x_rc_irqscr:3728] i2c read reg: 0xf080, val= 2097168
03-23 03:48:18.137   420   420 I aw9380x_cap 8-0012: [aw9380x_cap_default_irq_handle:4109] gpio_low_count 0
03-23 03:48:18.137   420   420 I aw9380x_cap 8-0012: [aw9380x_irq_handle_func:4065] IRQSEN = 0x000F0FFF
03-23 03:48:18.137   420   420 I aw9380x_cap 8-0012: [aw9380x_irq_handle_func:4067] IRQSRC = 0x00200010
03-23 03:48:18.138   420   420 I aw9380x_cap 8-0012: [aw9380x_noth_button_key_report:3855] touch0_state Cap 0 Force 0 currentBtn 0
03-23 03:48:18.146   411   411 I amba 10a04000.tpdm: deferred probe pending
03-23 03:48:18.146   411   411 W gcc-tuna 100000.clock-controller: sync_state() pending due to 3d00000.qcom,kgsl-3d0
03-23 03:48:18.146   411   411 W gpu_cc-tuna 3d90000.clock-controller: sync_state() pending due to 3d00000.qcom,kgsl-3d0
03-23 03:48:18.146   411   411 W qnoc-tuna soc: interconnect@1: sync_state() pending due to 3d00000.qcom,kgsl-3d0
03-23 03:48:18.146   411   411 W qnoc-tuna 24100000.interconnect: sync_state() pending due to 3d00000.qcom,kgsl-3d0
03-23 03:48:18.146   411   411 W qnoc-tuna soc: interconnect@1: sync_state() pending due to 1de0000.qcedev
03-23 03:48:18.146   411   411 W qnoc-tuna 1700000.interconnect: sync_state() pending due to 1de0000.qcedev
03-23 03:48:18.146   411   411 W gdsc abf8034.qcom,gdsc: sync_state() pending due to ab00000.qcom,cvp
03-23 03:48:18.146   411   411 W gdsc abf8068.qcom,gdsc: sync_state() pending due to ab00000.qcom,cvp
03-23 03:48:18.146   411   411 W gcc-tuna 100000.clock-controller: sync_state() pending due to ab00000.qcom,cvp
03-23 03:48:18.146   411   411 W eva_cc-tuna abf0000.clock-controller: sync_state() pending due to ab00000.qcom,cvp
03-23 03:48:18.146   411   411 W qnoc-tuna 1600000.interconnect: sync_state() pending due to ab00000.qcom,cvp
03-23 03:48:18.146   411   411 W qnoc-tuna 24100000.interconnect: sync_state() pending due to ab00000.qcom,cvp
03-23 03:48:18.146   411   411 W qnoc-tuna soc: interconnect@1: sync_state() pending due to ab00000.qcom,cvp
03-23 03:48:18.146   411   411 W qnoc-tuna 1780000.interconnect: sync_state() pending due to ab00000.qcom,cvp
03-23 03:48:18.146   411   411 W qnoc-tuna 1780000.interconnect: sync_state() pending due to aa00000.qcom,vidc
03-23 03:48:18.146   411   411 W qnoc-tuna soc: interconnect@1: sync_state() pending due to aa00000.qcom,vidc
03-23 03:48:18.146   411   411 W qnoc-tuna 1600000.interconnect: sync_state() pending due to aa00000.qcom,vidc
03-23 03:48:18.146   411   411 W qnoc-tuna 24100000.interconnect: sync_state() pending due to aa00000.qcom,vidc
03-23 03:48:18.146   411   411 W video_cc-tuna aaf0000.clock-controller: sync_state() pending due to aa00000.qcom,vidc
03-23 03:48:18.146   411   411 W gcc-tuna 100000.clock-controller: sync_state() pending due to aa00000.qcom,vidc
03-23 03:48:18.146   411   411 W gpu_cc-tuna 3d90000.clock-controller: sync_state() pending due to 3da0000.qcom,kgsl-iommu
03-23 03:48:18.146   411   411 W gcc-tuna 100000.clock-controller: sync_state() pending due to 3d37000.qcom,gmu
03-23 03:48:18.146   411   411 W gpu_cc-tuna 3d90000.clock-controller: sync_state() pending due to 3d37000.qcom,gmu
03-23 03:48:18.146   411   411 W gdsc adf134c.qcom,gdsc: sync_state() pending due to ada9000.qcom,csiphy0
03-23 03:48:18.146   411   411 W cam_cc-tuna ade0000.clock-controller: sync_state() pending due to ada9000.qcom,csiphy0
03-23 03:48:18.146   411   411 W gdsc adf134c.qcom,gdsc: sync_state() pending due to adab000.qcom,csiphy1
03-23 03:48:18.146   411   411 W cam_cc-tuna ade0000.clock-controller: sync_state() pending due to adab000.qcom,csiphy1
03-23 03:48:18.146   411   411 W gdsc adf134c.qcom,gdsc: sync_state() pending due to adad000.qcom,csiphy2
03-23 03:48:18.146   411   411 W cam_cc-tuna ade0000.clock-controller: sync_state() pending due to adad000.qcom,csiphy2
03-23 03:48:18.146   411   411 W gdsc adf134c.qcom,gdsc: sync_state() pending due to adaf000.qcom,csiphy3
03-23 03:48:18.146   411   411 W cam_cc-tuna ade0000.clock-controller: sync_state() pending due to adaf000.qcom,csiphy3
03-23 03:48:18.146   411   411 W gdsc adf134c.qcom,gdsc: sync_state() pending due to adb1000.qcom,csiphy4
03-23 03:48:18.146   411   411 W cam_cc-tuna ade0000.clock-controller: sync_state() pending due to adb1000.qcom,csiphy4
03-23 03:48:18.146   411   411 W gdsc adf134c.qcom,gdsc: sync_state() pending due to ac7b000.qcom,cci0
03-23 03:48:18.146   411   411 W cam_cc-tuna ade0000.clock-controller: sync_state() pending due to ac7b000.qcom,cci0
03-23 03:48:18.146   411   411 W cam_bist_mclk_cc-tuna 1760000.clock-controller: sync_state() pending due to ac7b000.qcom,cci0
03-23 03:48:18.146   411   411 W gdsc adf134c.qcom,gdsc: sync_state() pending due to ac7b000.qcom,cci0:qcom,eeprom0
03-23 03:48:18.146   411   411 W cam_bist_mclk_cc-tuna 1760000.clock-controller: sync_state() pending due to ac7b000.qcom,cci0:qcom,eeprom0
03-23 03:48:18.146   411   411 W gdsc adf134c.qcom,gdsc: sync_state() pending due to ac7b000.qcom,cci0:qcom,eeprom2
03-23 03:48:18.146   411   411 W cam_bist_mclk_cc-tuna 1760000.clock-controller: sync_state() pending due to ac7b000.qcom,cci0:qcom,eeprom2
03-23 03:48:18.146   411   411 W gdsc adf134c.qcom,gdsc: sync_state() pending due to ac7b000.qcom,cci0:qcom,eeprom1
03-23 03:48:18.146   411   411 W cam_bist_mclk_cc-tuna 1760000.clock-controller: sync_state() pending due to ac7b000.qcom,cci0:qcom,eeprom1
03-23 03:48:18.146   411   411 W gdsc adf134c.qcom,gdsc: sync_state() pending due to ac7b000.qcom,cci0:qcom,cam-sensor0
03-23 03:48:18.146   411   411 W cam_bist_mclk_cc-tuna 1760000.clock-controller: sync_state() pending due to ac7b000.qcom,cci0:qcom,cam-sensor0
03-23 03:48:18.146   411   411 W gdsc adf134c.qcom,gdsc: sync_state() pending due to ac7b000.qcom,cci0:qcom,cam-sensor2
03-23 03:48:18.146   411   411 W cam_bist_mclk_cc-tuna 1760000.clock-controller: sync_state() pending due to ac7b000.qcom,cci0:qcom,cam-sensor2
03-23 03:48:18.146   411   411 W gdsc adf134c.qcom,gdsc: sync_state() pending due to ac7b000.qcom,cci0:qcom,cam-sensor1
03-23 03:48:18.146   411   411 W cam_bist_mclk_cc-tuna 1760000.clock-controller: sync_state() pending due to ac7b000.qcom,cci0:qcom,cam-sensor1
03-23 03:48:18.146   411   411 W gdsc adf134c.qcom,gdsc: sync_state() pending due to ac7c000.qcom,cci1
03-23 03:48:18.146   411   411 W cam_cc-tuna ade0000.clock-controller: sync_state() pending due to ac7c000.qcom,cci1
03-23 03:48:18.146   411   411 W cam_bist_mclk_cc-tuna 1760000.clock-controller: sync_state() pending due to ac7c000.qcom,cci1
03-23 03:48:18.146   411   411 W gdsc adf134c.qcom,gdsc: sync_state() pending due to ac7c000.qcom,cci1:qcom,eeprom3
03-23 03:48:18.146   411   411 W cam_bist_mclk_cc-tuna 1760000.clock-controller: sync_state() pending due to ac7c000.qcom,cci1:qcom,eeprom3
03-23 03:48:18.146   411   411 W gdsc adf134c.qcom,gdsc: sync_state() pending due to ac7c000.qcom,cci1:qcom,cam-sensor3
03-23 03:48:18.146   411   411 W cam_bist_mclk_cc-tuna 1760000.clock-controller: sync_state() pending due to ac7c000.qcom,cci1:qcom,cam-sensor3
03-23 03:48:18.146   411   411 W gdsc adf134c.qcom,gdsc: sync_state() pending due to ac04000.qcom,cam-cpas
03-23 03:48:18.146   411   411 W cam_cc-tuna ade0000.clock-controller: sync_state() pending due to ac04000.qcom,cam-cpas
03-23 03:48:18.146   411   411 W gcc-tuna 100000.clock-controller: sync_state() pending due to ac04000.qcom,cam-cpas
03-23 03:48:18.146   411   411 W qnoc-tuna soc: interconnect@1: sync_state() pending due to ac04000.qcom,cam-cpas
03-23 03:48:18.146   411   411 W qnoc-tuna 1780000.interconnect: sync_state() pending due to ac04000.qcom,cam-cpas
03-23 03:48:18.146   411   411 W qnoc-tuna 1600000.interconnect: sync_state() pending due to ac04000.qcom,cam-cpas
03-23 03:48:18.146   411   411 W qnoc-tuna 24100000.interconnect: sync_state() pending due to ac04000.qcom,cam-cpas
03-23 03:48:18.146   411   411 W gdsc adf134c.qcom,gdsc: sync_state() pending due to ac7f000.qcom,rt-cdm0
03-23 03:48:18.146   411   411 W cam_cc-tuna ade0000.clock-controller: sync_state() pending due to ac7f000.qcom,rt-cdm0
03-23 03:48:18.146   411   411 W gdsc adf134c.qcom,gdsc: sync_state() pending due to ac80000.qcom,rt-cdm1
03-23 03:48:18.146   411   411 W cam_cc-tuna ade0000.clock-controller: sync_state() pending due to ac80000.qcom,rt-cdm1
03-23 03:48:18.146   411   411 W gdsc adf134c.qcom,gdsc: sync_state() pending due to ac81000.qcom,rt-cdm2
03-23 03:48:18.146   411   411 W cam_cc-tuna ade0000.clock-controller: sync_state() pending due to ac81000.qcom,rt-cdm2
03-23 03:48:18.147   411   411 W gdsc adf134c.qcom,gdsc: sync_state() pending due to ac82000.qcom,rt-cdm3
03-23 03:48:18.147   411   411 W cam_cc-tuna ade0000.clock-controller: sync_state() pending due to ac82000.qcom,rt-cdm3
03-23 03:48:18.147   411   411 W gdsc adf134c.qcom,gdsc: sync_state() pending due to ac83000.qcom,rt-cdm4
03-23 03:48:18.147   411   411 W cam_cc-tuna ade0000.clock-controller: sync_state() pending due to ac83000.qcom,rt-cdm4
03-23 03:48:18.147   411   411 W gdsc adf134c.qcom,gdsc: sync_state() pending due to ad27000.qcom,csid0
