03-23 03:26:50.801   444   444 I         : [GTP-INF][goodix_ts_core_init:2686] Core layer init:v1.2.4
03-23 03:26:50.801   444   444 I         : [GTP-INF][goodix_spi_bus_init:309] Goodix spi driver init
03-23 03:26:50.801   444   444 W         : SPI driver gtx8_spi has no spi_device_id for goodix,gt9897S
03-23 03:26:50.801   444   444 W         : SPI driver gtx8_spi has no spi_device_id for goodix,gt9897T
03-23 03:26:50.801   444   444 W         : SPI driver gtx8_spi has no spi_device_id for goodix,gt9966S
03-23 03:26:50.801   444   444 W         : SPI driver gtx8_spi has no spi_device_id for goodix,gt9916S
03-23 03:26:50.801   444   444 W         : SPI driver gtx8_spi has no spi_device_id for goodix,gt9916S2
03-23 03:26:50.801   444   444 I         : [GTP-INF][goodix_i2c_bus_init:263] Goodix i2c driver init
03-23 03:26:50.803   444   444 D [FTS_TS]fts_ts_spi_init: Enter
03-23 03:26:50.803   444   444 I [FTS_TS/I]fts_ts_probe: Touch Screen(SPI-2 BUS) driver probe...
03-23 03:26:50.803   444   444 D [FTS_TS]fts_ts_probe_entry: Enter
03-23 03:26:50.803   444   444 I [FTS_TS/I]fts_ts_probe_entry: version:FocalTech V4.2 20240407
03-23 03:26:50.803   444   444 D [FTS_TS]fts_parse_dt: Enter
03-23 03:26:50.803   444   444 I [FTS_TS/I]fts_get_dt_coords: display x(0 1260) y(0 2800)
03-23 03:26:50.803   444   444 I [FTS_TS/I]fts_parse_dt: max touch number:10, irq gpio:746, reset gpio:759
03-23 03:26:50.803   444   444 D [FTS_TS]fts_parse_dt: Exit(1968)
03-23 03:26:50.803   444   444 D [FTS_TS]fts_bus_init: Enter
03-23 03:26:50.803   444   444 D [FTS_TS]fts_bus_init: Exit(1847)
03-23 03:26:50.803   444   444 D [FTS_TS]fts_gpio_configure: Enter
03-23 03:26:50.803   444   444 D [FTS_TS]fts_gpio_configure: Exit(1821)
03-23 03:26:50.803   444   444 D [FTS_TS]fts_power_source_init: Enter
03-23 03:26:50.804   444   444 D [FTS_TS]fts_power_source_ctrl: Enter
03-23 03:26:50.804   444   444 I [FTS_TS/I]fts_set_reset: set reset to 0
03-23 03:26:50.807   444   444 I [FTS_TS/I]fts_power_source_ctrl: set power to on
03-23 03:26:50.811   444   444 I [FTS_TS/I]fts_set_reset: set reset to 1
03-23 03:26:50.811   444   444 D [FTS_TS]fts_power_source_ctrl: Exit(1614)
03-23 03:26:50.811   444   444 D [FTS_TS]fts_power_source_init: Exit(1668)
03-23 03:26:50.888   419   419 I         : [matrix-leds] write bytes len 4106, ret 0
03-23 03:26:51.015   444   444 I spi_geni a90000.spi: tx_fifo 0 rx_fifo 0 tx_width 0
03-23 03:26:51.016   444   444 I [FTS_TS/I]fts_get_chip_types: verify id:0x5672
03-23 03:26:51.016   444   444 I [FTS_TS/I]fts_get_ic_information: get ic information, chip id = 0x5672(cid type=0x0)
03-23 03:26:51.016   444   444 D [FTS_TS]fts_input_init: Enter
03-23 03:26:51.016   444   444 I input   : fts_ts as /devices/platform/soc/ac0000.qcom,qupv3_1_geni_se/a90000.spi/spi_master/spi4/spi4.0/input/input18
03-23 03:26:51.016   444   444 D [FTS_TS]fts_input_init: Exit(1488)
03-23 03:26:51.016   444   444 I [FTS_TS/I]fts_create_apk_debug_channel: Create proc entry success!
03-23 03:26:51.016   444   444 I [FTS_TS/I]fts_create_sysfs: [EX]: sysfs_create_group() succeeded!!
03-23 03:26:51.016   444   444 D [FTS_TS]fts_point_report_check_init: Enter
03-23 03:26:51.016   444   444 D [FTS_TS]fts_point_report_check_init: Exit(167)
03-23 03:26:51.016   444   444 I [FTS_TS/I]fts_ex_mode_init: Succeed to create TP_charger_flags under /proc/touchpanel
03-23 03:26:51.016   444   444 I [FTS_TS/I]fts_ex_mode_init: Succeed to create game_mode under /proc/touchpanel
03-23 03:26:51.016   444   444 I [FTS_TS/I]fts_ex_mode_init: Succeed to create gesture_mode under /proc/touchpanel
03-23 03:26:51.016   444   444 I [FTS_TS/I]fts_ex_mode_init: Succeed to create gesture_code under /proc/touchpanel
03-23 03:26:51.016   444   444 I [FTS_TS/I]fts_ex_mode_init: Succeed to create edge_mode under /proc/touchpanel
03-23 03:26:51.016   444   444 I [FTS_TS/I]fts_ex_mode_init: Succeed to create pocket_mode under /proc/touchpanel
03-23 03:26:51.016   444   444 I [FTS_TS/I]fts_ex_mode_init: Succeed to create earphone_mode under /proc/touchpanel
03-23 03:26:51.016   444   444 I [FTS_TS/I]fts_ex_mode_init: Succeed to create diff_mode under /proc/touchpanel
03-23 03:26:51.016   444   444 I [FTS_TS/I]fts_ex_mode_init: Succeed to create fod_mode under /proc/touchpanel
03-23 03:26:51.016   444   444 I [FTS_TS/I]fts_ex_mode_init: Succeed to create palm_to_sleep_support under /proc/touchpanel
03-23 03:26:51.016   444   444 D [FTS_TS]fts_fwdbg_init: Enter
03-23 03:26:51.016   444   444 D [FTS_TS]fts_fwdbg_init: Exit(1110)
03-23 03:26:51.016   444   444 D [FTS_TS]fts_gesture_init: Enter
03-23 03:26:51.016   444   444 D [FTS_TS]fts_gesture_init: Exit(542)
03-23 03:26:51.016   444   444 W [FTS_TS][TEST]fts_test_init: Enter
03-23 03:26:51.016   444   444 E [FTS_TS/I][TEST]fts_test_func_init: init test function
03-23 03:26:51.016   444   444 E [FTS_TS/I][TEST]fts_test_func_init: match test function,type:90
03-23 03:26:51.016   444   444 W [FTS_TS][TEST]fts_test_init: sysfs(test) create successfully
03-23 03:26:51.016   444   444 W [FTS_TS][TEST]fts_test_init: Exit(2570)
03-23 03:26:51.016   444   444 D [FTS_TS]fts_esdcheck_init: Enter
03-23 03:26:51.016   444   444 D [FTS_TS]fts_esdcheck_init: Exit(431)
03-23 03:26:51.016   444   444 I [FTS_TS/I]fts_irq_registration: irq:292, flag:2002
03-23 03:26:51.016   444   444 I [FTS_TS/I]fts_fwupg_init: fw upgrade init function
03-23 03:26:51.016   444   444 D [FTS_TS]fts_notifier_callback_init: Enter
03-23 03:26:51.016   444   444 I [FTS_TS/I]drm_check_dt: find drm_panel successfully
03-23 03:26:51.016   444   444 I [FTS_TS/I]fts_notifier_callback_init: init notifier with drm_panel_notifier_register
03-23 03:26:51.016   444   444 D [FTS_TS]fts_notifier_callback_init: Exit(2225)
03-23 03:26:51.016   444   444 D [FTS_TS]fts_ts_probe_entry: Exit(2400)
03-23 03:26:51.016   444   444 I [FTS_TS/I]fts_ts_probe: Touch Screen(SPI BUS) driver probe successfully
03-23 03:26:51.016   420   420 I [FTS_TS/I]fts_fwupg_work: fw upgrade work function
03-23 03:26:51.016   420   420 D [FTS_TS]fts_irq_disable: Enter
03-23 03:26:51.016   420   420 D [FTS_TS]fts_irq_disable: Exit(223)
03-23 03:26:51.016   420   420 D [FTS_TS]fts_fwupg_get_fw_file: get upgrade fw file
12-19 17:05:42.430   444   444 I recovery: Loaded kernel module /vendor/lib/modules/focaltech_tp.ko
12-19 17:05:42.430   444   444 I recovery: Loading module /vendor/lib/modules/atmel_mxt_ts.ko with args ''
03-23 03:26:51.016   444   444 D [FTS_TS]fts_ts_spi_init: Exit(612)
03-23 03:26:51.016   420   420 W fts_ts spi4.0: Direct firmware load for focaltech_ts_fw_boe.bin failed with error -2
03-23 03:26:51.016   420   420 W fts_ts spi4.0: Falling back to sysfs fallback for: focaltech_ts_fw_boe.bin
12-19 17:05:42.430   444   444 I recovery: Loaded kernel module /vendor/lib/modules/atmel_mxt_ts.ko
12-19 17:05:42.431   444   444 I recovery: Loading module /vendor/lib/modules/q6_pdr_dlkm.ko with args ''
12-19 17:05:42.431   444   444 I recovery: Loaded kernel module /vendor/lib/modules/q6_pdr_dlkm.ko
12-19 17:05:42.431   444   444 I recovery: Loading module /vendor/lib/modules/q6_notifier_dlkm.ko with args ''
03-23 03:26:51.018   489   489 I ueventd : firmware: loading 'focaltech_ts_fw_boe.bin' for '/devices/platform/soc/ac0000.qcom,qupv3_1_geni_se/a90000.spi/spi_master/spi4/spi4.0/firmware/focaltech_ts_fw_boe.bin'
12-19 17:05:42.426   489   489 I ueventd : type=1400 audit(0.0:69): avc: denied { search } for name="firmware" dev="dm-10" ino=124845378 scontext=u:r:ueventd:s0 tcontext=u:object_r:unlabeled:s0 tclass=dir permissive=1 trawcon="u:object_r:vendor_firmware_file:s0"
03-23 03:26:51.018   489   489 I SELinux : Context u:object_r:vendor_firmware_file:s0 is not valid (left unmapped).
12-19 17:05:42.432   444   444 I recovery: Loaded kernel module /vendor/lib/modules/q6_notifier_dlkm.ko
12-19 17:05:42.433   444   444 I recovery: Loading module /vendor/lib/modules/snd_event_dlkm.ko with args ''
12-19 17:05:42.433   444   444 I recovery: Loaded kernel module /vendor/lib/modules/snd_event_dlkm.ko
12-19 17:05:42.433   444   444 I recovery: Loading module /vendor/lib/modules/gpr_dlkm.ko with args ''
12-19 17:05:42.434   444   444 I recovery: Loaded kernel module /vendor/lib/modules/gpr_dlkm.ko
12-19 17:05:42.434   444   444 I recovery: Loading module /vendor/lib/modules/spf_core_dlkm.ko with args ''
12-19 17:05:42.430   489   489 I ueventd : type=1400 audit(0.0:70): avc: denied { read } for name="focaltech_ts_fw_boe.bin" dev="dm-10" ino=124852857 scontext=u:r:ueventd:s0 tcontext=u:object_r:unlabeled:s0 tclass=file permissive=1 trawcon="u:object_r:vendor_firmware_file:s0"
12-19 17:05:42.430   489   489 I ueventd : type=1400 audit(0.0:71): avc: denied { open } for path="/vendor/firmware/focaltech_ts_fw_boe.bin" dev="dm-10" ino=124852857 scontext=u:r:ueventd:s0 tcontext=u:object_r:unlabeled:s0 tclass=file permissive=1 trawcon="u:object_r:vendor_firmware_file:s0"
12-19 17:05:42.430   489   489 I ueventd : type=1400 audit(0.0:72): avc: denied { getattr } for path="/vendor/firmware/focaltech_ts_fw_boe.bin" dev="dm-10" ino=124852857 scontext=u:r:ueventd:s0 tcontext=u:object_r:unlabeled:s0 tclass=file permissive=1 trawcon="u:object_r:vendor_firmware_file:s0"
03-23 03:26:51.021   489   489 I ueventd : loading /devices/platform/soc/ac0000.qcom,qupv3_1_geni_se/a90000.spi/spi_master/spi4/spi4.0/firmware/focaltech_ts_fw_boe.bin took 2ms
03-23 03:26:51.021   420   420 I [FTS_TS/I]fts_get_fw_file_via_request_firmware: firmware(focaltech_ts_fw_boe.bin) request successfully
03-23 03:26:51.021   420   420 I [FTS_TS/I]fts_fwupg_get_fw_file: upgrade fw file len:147456
03-23 03:26:51.021   420   420 I [FTS_TS/I]fts_fwupg_auto_upgrade: ********************FTS enter upgrade********************
03-23 03:26:51.021   420   420 I [FTS_TS/I]fts_fwupg_upgrade: fw auto upgrade function
03-23 03:26:51.021   420   420 I [FTS_TS/I]fts_wait_tp_to_valid: TP Ready,Device ID:0x56
03-23 03:26:51.021   420   420 I [FTS_TS/I]fts_fwupg_check_fw_valid: tp fw vaild
03-23 03:26:51.021   420   420 I [FTS_TS/I]fts_fwupg_get_ver_in_host: fw version offset:0x10e
03-23 03:26:51.021   444   444 E         : spf_core_platform_driver_probe
03-23 03:26:51.021   420   420 I [FTS_TS/I]fts_fwupg_need_upgrade: fw version in tp:38, host:38
03-23 03:26:51.021   420   420 I [FTS_TS/I]fts_fwupg_upgrade: fw upgrade flag:0
03-23 03:26:51.021   420   420 I [FTS_TS/I]fts_fwupg_auto_upgrade: **********tp fw(app/param) no upgrade/upgrade success**********
03-23 03:26:51.021   420   420 I [FTS_TS/I]fts_fwupg_auto_upgrade: ********************FTS exit upgrade********************
03-23 03:26:51.021   420   420 D [FTS_TS]fts_irq_enable: Enter
03-23 03:26:51.021   420   420 D [FTS_TS]fts_irq_enable: Exit(239)
12-19 17:05:42.438   444   444 I recovery: Loaded kernel module /vendor/lib/modules/spf_core_dlkm.ko
12-19 17:05:42.438   444   444 I recovery: Loading module /vendor/lib/modules/adsp_loader_dlkm.ko with args ''
12-19 17:05:42.439   444   444 I recovery: Loaded kernel module /vendor/lib/modules/adsp_loader_dlkm.ko
03-23 03:26:51.024   419   419 I         : [matrix-leds] write bytes len 4106, ret 0
03-23 03:26:51.160   419   419 I         : [matrix-leds] write bytes len 4106, ret 0
03-23 03:26:51.296   419   419 I         : [matrix-leds] write bytes len 4106, ret 0
03-23 03:26:51.432   419   419 I         : [matrix-leds] write bytes len 4106, ret 0
03-23 03:26:51.568   419   419 I         : [matrix-leds] write bytes len 4106, ret 0
03-23 03:26:51.577   170   170 I msm-dwc3 a600000.ssusb: DWC3 in low power mode
03-23 03:26:51.578   420   420 I msm-dwc3 a600000.ssusb: DWC3 exited from low power mode
03-23 03:26:51.578   420   420 I wcd_usbss_switch_update: ctype = 0, connect_status = 1
03-23 03:26:51.579   420   420 I eusb2-repeater c42d000.qcom,spmi: qcom,pmih010x@7:eusb2-repeater@fd00: eUSB2 repeater status:OK
03-23 03:26:51.580   420   420 E msm-usb-ssphy-qmp 88e8000.ssphy: USB DP QMP PHY: Update TYPEC CTRL(2)
03-23 03:26:51.603   420   420 E ssusb-redriver 5-001c: writing reg 0x00 failure
03-23 03:26:51.603   420   420 E ssusb-redriver 5-001c: writing reg 0x01 failure
03-23 03:26:51.603   420   420 E ssusb-redriver 5-001c: channel parameters update failure(-107).
12-19 17:05:43.026   444   444 I recovery: module qcom_glink does not exist
12-19 17:05:43.026   444   444 E recovery: LoadWithAliases was unable to load /vendor/lib/modules/qcom_glink.ko
12-19 17:05:43.026   444   444 E recovery: LoadWithAliases was unable to load rproc_qcom_common
12-19 17:05:43.026   444   444 I recovery: Loading module /vendor/lib/modules/panel_event_notifier.ko with args ''
12-19 17:05:43.026   444   444 I recovery: module qcom_glink does not exist
12-19 17:05:43.026   444   444 E recovery: LoadWithAliases was unable to load /vendor/lib/modules/qcom_glink.ko
12-19 17:05:43.026   444   444 E recovery: LoadWithAliases was unable to load qti_battery_charger
12-19 17:05:43.022   444   444 I recovery: type=1400 audit(0.0:73): avc: denied { module_load } for path="/vendor/lib/modules/panel_event_notifier.ko" dev="rootfs" ino=5613 scontext=u:r:recovery:s0 tcontext=u:object_r:rootfs:s0 tclass=system permissive=1
12-19 17:05:43.026   444   444 I recovery: module qcom_glink does not exist
12-19 17:05:43.026   444   444 E recovery: LoadWithAliases was unable to load /vendor/lib/modules/qcom_glink.ko
12-19 17:05:43.026   444   444 E recovery: LoadWithAliases was unable to load qcom_sysmon
12-19 17:05:43.026   444   444 I recovery: module qcom_glink does not exist
12-19 17:05:43.026   444   444 E recovery: LoadWithAliases was unable to load /vendor/lib/modules/qcom_glink.ko
12-19 17:05:43.026   444   444 E recovery: LoadWithAliases was unable to load qcom_q6v5_pas
12-19 17:05:43.026   444   444 I recovery: module qcom_glink does not exist
12-19 17:05:43.026   444   444 E recovery: LoadWithAliases was unable to load /vendor/lib/modules/qcom_glink.ko
12-19 17:05:43.026   444   444 E recovery: LoadWithAliases was unable to load qcom_q6v5
12-19 17:05:43.026   444   444 I recovery: Loading module /vendor/lib/modules/q6_dlkm.ko with args ''
12-19 17:05:43.026   444   444 I recovery: Loading module /vendor/lib/modules/leds-qpnp-vibrator-ldo.ko with args ''
12-19 17:05:43.026   444   444 I recovery: Loading module /vendor/lib/modules/hwmon.ko with args ''
12-19 17:05:43.027   444   444 I recovery: Loading module /vendor/lib/modules/haptic.ko with args 'uefi_f0_calidata=123 uefi_f0=1681'
12-19 17:05:43.027   444   444 I recovery: module gh_mem_notifier does not exist
12-19 17:05:43.030   444   444 I recovery: type=1400 audit(0.0:74): avc: denied { ioctl } for path="/dev/block/dm-10" dev="tmpfs" ino=1050 ioctlcmd=0x5331 scontext=u:r:recovery:s0 tcontext=u:object_r:dm_device:s0 tclass=blk_file permissive=1
03-23 03:26:51.622     1     1 I init    : processing action (twrp.modules.loaded=true) from (/init.recovery.qcom.rc:49)
03-23 03:26:51.624     1     1 I init    : wait for '/sys/kernel/boot_adsp/boot' took 0ms
03-23 03:26:51.624   414   414 E adsp-loader soc: qcom,msm-adsp-loader: adsp_load_fw: ADSP state = 0
03-23 03:26:51.624   414   414 E adsp-loader soc: qcom,msm-adsp-loader: adsp_load_fw: failed to read adsp state
03-23 03:26:51.624   414   414 E adsp-loader soc: qcom,msm-adsp-loader: adsp_load_fw: Q6 image loading failed
03-23 03:26:51.624     1     1 I init    : starting service 'health-hal-2-1'...
03-23 03:26:51.624     1     1 I init    : Opened file '/dev/kmsg', flags 1
12-19 17:05:43.034   490   490 I android.hardwar: type=1400 audit(0.0:75): avc: denied { write } for path="/dev/kmsg" dev="tmpfs" ino=5 scontext=u:r:recovery:s0 tcontext=u:object_r:kmsg_device:s0 tclass=chr_file permissive=1
12-19 17:05:43.034   444   444 I recovery: type=1400 audit(0.0:76): avc: denied { ioctl } for path="/dev/block/dm-0" dev="tmpfs" ino=1018 ioctlcmd=0x5331 scontext=u:r:recovery:s0 tcontext=u:object_r:dm_device:s0 tclass=blk_file permissive=1
03-23 03:26:51.625   490   490 I KernelSU: hook_manager: unmark 490 exec /system/bin/android.hardware.health@2.1-service
03-23 03:26:51.626   444   444 I erofs   : (device dm-10): mounted with root inode @ nid 53.
12-19 17:05:43.042   490   490 E cutils-trace: Error opening trace file: No such file or directory (2)
03-23 03:26:51.629     1     1 I init    : starting service 'vendor.qti.vibrator'...
12-19 17:05:43.038   490   490 I android.hardwar: type=1400 audit(0.0:77): avc: denied { call } for scontext=u:r:recovery:s0 tcontext=u:r:recovery:s0 tclass=binder permissive=1
12-19 17:05:43.038   439   439 I hwservicemanage: type=1400 audit(0.0:78): avc: denied { write } for name="access" dev="selinuxfs" ino=6 scontext=u:r:recovery:s0 tcontext=u:object_r:selinuxfs:s0 tclass=file permissive=1
12-19 17:05:43.043   439   439 E SELinux : avc:  denied  { find } for interface=android.hardware.health::IHealth sid=u:r:recovery:s0 pid=490 scontext=u:r:recovery:s0 tcontext=u:object_r:hal_health_hwservice:s0 tclass=hwservice_manager permissive=1
03-23 03:26:51.629   491   491 I KernelSU: hook_manager: unmark 491 exec /vendor/bin/hw/vendor.qti.hardware.vibrator.service
03-23 03:26:51.630   444   444 I erofs   : (device dm-0): mounted with root inode @ nid 39.
12-19 17:05:43.038   439   439 I hwservicemanage: type=1400 audit(0.0:79): avc: denied { compute_av } for scontext=u:r:recovery:s0 tcontext=u:object_r:kernel:s0 tclass=security permissive=1
12-19 17:05:43.038   491   491 W vendor.qti.hard: type=1400 audit(0.0:80): avc: denied { map } for path="/system/bin/linker64" dev="rootfs" ino=625 scontext=u:r:hal_vibrator_default:s0 tcontext=u:object_r:rootfs:s0 tclass=file permissive=0
12-19 17:05:43.038   444   444 I recovery: type=1400 audit(0.0:81): avc: denied { write } for name="properties_serial" dev="tmpfs" ino=305 scontext=u:r:recovery:s0 tcontext=u:object_r:properties_serial:s0 tclass=file permissive=1
03-23 03:26:51.630     1     1 I init    : Service 'vendor.qti.vibrator' (pid 491) received signal 11
12-19 17:05:43.038   444   444 I recovery: type=1400 audit(0.0:82): avc: denied { write } for name="u:object_r:vold_config_prop:s0" dev="tmpfs" ino=291 scontext=u:r:recovery:s0 tcontext=u:object_r:vold_config_prop:s0 tclass=file permissive=1
03-23 03:26:51.630     1     1 I init    : Sending signal 9 to service 'vendor.qti.vibrator' (pid 491) process group...
03-23 03:26:51.630     1     1 I libprocessgroup: Successfully killed process cgroup uid 1000 pid 491 in 0ms
12-19 17:05:43.042   444   444 I recovery: type=1400 audit(0.0:83): avc: denied { write } for name="u:object_r:storage_config_prop:s0" dev="tmpfs" ino=253 scontext=u:r:recovery:s0 tcontext=u:object_r:storage_config_prop:s0 tclass=file permissive=1
12-19 17:05:43.045   490   490 E HidlServiceManagement: Could not find instance 'default' in library android.hardware.health@2.0-impl-default.so. Keeping library open.
12-19 17:05:43.042   490   490 I android.hardwar: type=1400 audit(0.0:84): avc: denied { getattr } for path="/dev/kmsg" dev="tmpfs" ino=5 scontext=u:r:recovery:s0 tcontext=u:object_r:kmsg_device:s0 tclass=chr_file permissive=1
03-23 03:26:51.631   490   490 W healthd : No battery devices found
12-19 17:05:43.042   444   444 I recovery: type=1400 audit(0.0:85): avc: denied { create } for name="additional.fstab" scontext=u:r:recovery:s0 tcontext=u:object_r:rootfs:s0 tclass=file permissive=1
12-19 17:05:43.042   444   444 I recovery: type=1400 audit(0.0:86): avc: denied { write } for path="/system/etc/additional.fstab" dev="rootfs" ino=5696 scontext=u:r:recovery:s0 tcontext=u:object_r:rootfs:s0 tclass=file permissive=1
12-19 17:05:43.045   490   490 I android.hardware.health@2.1-service: default instance initializing with healthd_config...
12-19 17:05:43.042   490   490 I android.hardwar: type=1400 audit(0.0:87): avc: denied { transfer } for scontext=u:r:recovery:s0 tcontext=u:r:recovery:s0 tclass=binder permissive=1
12-19 17:05:43.045   439   439 E SELinux : avc:  denied  { add } for interface=android.hardware.health::IHealth sid=u:r:recovery:s0 pid=490 scontext=u:r:recovery:s0 tcontext=u:object_r:hal_health_hwservice:s0 tclass=hwservice_manager permissive=1
12-19 17:05:43.042   490   490 I health@2.1-serv: type=1400 audit(0.0:88): avc: denied { wake_alarm } for capability=35 scontext=u:r:recovery:s0 tcontext=u:r:recovery:s0 tclass=capability2 permissive=1
03-23 03:26:51.632   490   490 W healthd : battery none chg=
12-19 17:05:43.045   490   490 I HidlServiceManagement: Registered android.hardware.health@2.1::IHealth/default
12-19 17:05:43.045   490   490 I HidlServiceManagement: Removing namespace from process name android.hardware.health@2.1-service to health@2.1-service.
12-19 17:05:43.045   490   490 I android.hardware.health@2.1-service: default: Hal init done
12-19 17:05:43.042   490   490 I health@2.1-serv: type=1400 audit(0.0:89): avc: denied { create } for scontext=u:r:recovery:s0 tcontext=u:r:recovery:s0 tclass=netlink_kobject_uevent_socket permissive=1
12-19 17:05:43.042   490   490 I health@2.1-serv: type=1400 audit(0.0:90): avc: denied { setopt } for scontext=u:r:recovery:s0 tcontext=u:r:recovery:s0 tclass=netlink_kobject_uevent_socket permissive=1
12-19 17:05:43.042   490   490 I health@2.1-serv: type=1400 audit(0.0:91): avc: denied { getopt } for scontext=u:r:recovery:s0 tcontext=u:r:recovery:s0 tclass=netlink_kobject_uevent_socket permissive=1
12-19 17:05:43.042   490   490 I health@2.1-serv: type=1400 audit(0.0:92): avc: denied { bind } for scontext=u:r:recovery:s0 tcontext=u:r:recovery:s0 tclass=netlink_kobject_uevent_socket permissive=1
12-19 17:05:43.110   444   444 I recovery: type=1400 audit(0.0:93): avc: denied { read write } for name="card0" dev="tmpfs" ino=812 scontext=u:r:recovery:s0 tcontext=u:object_r:device:s0 tclass=chr_file permissive=1
12-19 17:05:43.110   444   444 I recovery: type=1400 audit(0.0:94): avc: denied { open } for path="/dev/dri/card0" dev="tmpfs" ino=812 scontext=u:r:recovery:s0 tcontext=u:object_r:device:s0 tclass=chr_file permissive=1
12-19 17:05:43.110   444   444 I recovery: type=1400 audit(0.0:95): avc: denied { ioctl } for path="/dev/dri/card0" dev="tmpfs" ino=812 ioctlcmd=0x640c scontext=u:r:recovery:s0 tcontext=u:object_r:device:s0 tclass=chr_file permissive=1
12-19 17:05:43.110   490   490 I health@2.1-serv: type=1400 audit(0.0:96): avc: denied { read } for scontext=u:r:recovery:s0 tcontext=u:r:recovery:s0 tclass=netlink_kobject_uevent_socket permissive=1
12-19 17:05:43.110   444   444 I recovery: type=1400 audit(0.0:97): avc: denied { map } for path="/dev/dri/card0" dev="tmpfs" ino=812 scontext=u:r:recovery:s0 tcontext=u:object_r:device:s0 tclass=chr_file permissive=1
03-23 03:26:51.702   380   380 E         : tag mismatch entry->tag:1 tag:2
03-23 03:26:51.703   380   380 I [drm:dsi_display_set_mode [msm_drm]] [msm-dsi-info]: mdp_transfer_time=6485, hactive=1260, vactive=2800, fps=120, clk_rate=1100000000
03-23 03:26:51.704   419   419 I         : [matrix-leds] write bytes len 4106, ret 0
03-23 03:26:51.714   380   380 D [FTS_TS]fts_panel_notifier_callback: Notification type:2, early_trigger:0
03-23 03:26:51.714   420   420 D [FTS_TS]fts_ts_resume: Enter
03-23 03:26:51.714   420   420 D [FTS_TS]fts_ts_resume: Already in awake state
12-19 17:05:43.142   444   444 I recovery: type=1400 audit(0.0:98): avc: denied { execmem } for scontext=u:r:recovery:s0 tcontext=u:r:recovery:s0 tclass=process permissive=1
12-19 17:05:43.142   444   444 I recovery: type=1400 audit(0.0:99): avc: denied { execute } for path="/dev/ashmem42100866-ebc7-49d0-a2a9-466fb36cdde3" dev="tmpfs" ino=922 scontext=u:r:recovery:s0 tcontext=u:object_r:ashmem_libcutils_device:s0 tclass=chr_file permissive=1
12-19 17:05:43.145   444   444 I ArmToArm64Assembler: generated scanline__00000077:03010101_00008001_00000000 [195 ipp] (241 ins) at [0x78c4fee3c0:0x78c4fee784] in 20209ns
12-19 17:05:43.197   444   444 I ArmToArm64Assembler: generated scanline__00000077:03545401_00000A01_00000000 [ 69 ipp] (113 ins) at [0x78c4fee790:0x78c4fee954] in 17031ns
12-19 17:05:43.209   444   444 I ArmToArm64Assembler: generated scanline__00000077:03545401_00000A08_00000000 [ 69 ipp] (116 ins) at [0x78c4fee960:0x78c4feeb30] in 12761ns
12-19 17:05:43.214   444   444 I recovery: type=1400 audit(0.0:100): avc: denied { ioctl } for path="/dev/block/dm-4" dev="tmpfs" ino=1032 ioctlcmd=0x5331 scontext=u:r:recovery:s0 tcontext=u:object_r:dm_device:s0 tclass=blk_file permissive=1
12-19 17:05:43.222   444   444 I recovery: type=1400 audit(0.0:101): avc: denied { ioctl } for path="/dev/block/dm-10" dev="tmpfs" ino=1050 ioctlcmd=0x5331 scontext=u:r:recovery:s0 tcontext=u:object_r:dm_device:s0 tclass=blk_file permissive=1
03-23 03:26:51.812   444   444 I erofs   : (device dm-4): mounted with root inode @ nid 56.
03-23 03:26:51.815   444   444 I erofs   : (device dm-10): mounted with root inode @ nid 53.
12-19 17:05:43.230   444   444 I recovery: type=1400 audit(0.0:102): avc: denied { ioctl } for path="/dev/block/dm-4" dev="tmpfs" ino=1032 ioctlcmd=0x5331 scontext=u:r:recovery:s0 tcontext=u:object_r:dm_device:s0 tclass=blk_file permissive=1
03-23 03:26:51.819   444   444 I F2FS-fs (sda14): Magic Mismatch, valid(0xf2f52010) - read(0x7cbe7bff)
03-23 03:26:51.819   444   444 E F2FS-fs (sda14): Can't find valid F2FS filesystem in 1th superblock
03-23 03:26:51.819   444   444 I F2FS-fs (sda14): Magic Mismatch, valid(0xf2f52010) - read(0x3836ca56)
03-23 03:26:51.819   444   444 E F2FS-fs (sda14): Can't find valid F2FS filesystem in 2th superblock
03-23 03:26:51.819   444   444 I F2FS-fs (sda14): Magic Mismatch, valid(0xf2f52010) - read(0x7cbe7bff)
03-23 03:26:51.819   444   444 E F2FS-fs (sda14): Can't find valid F2FS filesystem in 1th superblock
03-23 03:26:51.820   444   444 I F2FS-fs (sda14): Magic Mismatch, valid(0xf2f52010) - read(0x3836ca56)
03-23 03:26:51.820   444   444 E F2FS-fs (sda14): Can't find valid F2FS filesystem in 2th superblock
03-23 03:26:51.822   444   444 I erofs   : (device dm-4): mounted with root inode @ nid 56.
12-19 17:05:43.230   444   444 I recovery: type=1400 audit(0.0:103): avc: denied { ioctl } for path="/dev/block/dm-8" dev="tmpfs" ino=1044 ioctlcmd=0x5331 scontext=u:r:recovery:s0 tcontext=u:object_r:dm_device:s0 tclass=blk_file permissive=1
12-19 17:05:43.234   444   444 I recovery: type=1400 audit(0.0:104): avc: denied { ioctl } for path="/dev/block/dm-2" dev="tmpfs" ino=1026 ioctlcmd=0x5331 scontext=u:r:recovery:s0 tcontext=u:object_r:dm_device:s0 tclass=blk_file permissive=1
03-23 03:26:51.826   444   444 I erofs   : (device dm-8): mounted with root inode @ nid 43.
12-19 17:05:43.238   444   444 I recovery: type=1400 audit(0.0:105): avc: denied { ioctl } for path="/dev/block/dm-10" dev="tmpfs" ino=1050 ioctlcmd=0x5331 scontext=u:r:recovery:s0 tcontext=u:object_r:dm_device:s0 tclass=blk_file permissive=1
03-23 03:26:51.830   444   444 I erofs   : (device dm-2): mounted with root inode @ nid 40.
12-19 17:05:43.242   444   444 I recovery: type=1400 audit(0.0:106): avc: denied { ioctl } for path="/dev/block/dm-12" dev="tmpfs" ino=1056 ioctlcmd=0x5331 scontext=u:r:recovery:s0 tcontext=u:object_r:dm_device:s0 tclass=blk_file permissive=1
03-23 03:26:51.833   444   444 I erofs   : (device dm-10): mounted with root inode @ nid 53.
12-19 17:05:43.246   444   444 I recovery: type=1400 audit(0.0:107): avc: denied { ioctl } for path="/dev/block/dm-6" dev="tmpfs" ino=1038 ioctlcmd=0x5331 scontext=u:r:recovery:s0 tcontext=u:object_r:dm_device:s0 tclass=blk_file permissive=1
12-19 17:05:43.246   444   444 I recovery: type=1400 audit(0.0:108): avc: denied { ioctl } for path="/dev/block/dm-0" dev="tmpfs" ino=1018 ioctlcmd=0x5331 scontext=u:r:recovery:s0 tcontext=u:object_r:dm_device:s0 tclass=blk_file permissive=1
03-23 03:26:51.836   444   444 I erofs   : (device dm-12): mounted with root inode @ nid 39.
03-23 03:26:51.838   444   444 I erofs   : (device dm-6): mounted with root inode @ nid 38.
12-19 17:05:43.250   444   444 I recovery: type=1400 audit(0.0:109): avc: denied { remove_name } for name="boot" dev="tmpfs" ino=1080 scontext=u:r:recovery:s0 tcontext=u:object_r:block_device:s0 tclass=dir permissive=1
12-19 17:05:43.250   444   444 I recovery: type=1400 audit(0.0:110): avc: denied { unlink } for name="boot" dev="tmpfs" ino=1080 scontext=u:r:recovery:s0 tcontext=u:object_r:block_device:s0 tclass=lnk_file permissive=1
12-19 17:05:43.250   444   444 I recovery: type=1400 audit(0.0:111): avc: denied { ioctl } for path="/dev/block/sde12" dev="tmpfs" ino=33 ioctlcmd=0x1260 scontext=u:r:recovery:s0 tcontext=u:object_r:block_device:s0 tclass=blk_file permissive=1
03-23 03:26:51.840   419   419 I         : [matrix-leds] write bytes len 4106, ret 0
03-23 03:26:51.842   444   444 I erofs   : (device dm-0): mounted with root inode @ nid 39.
03-23 03:26:51.845   444   444 I EXT4-fs (sda2): mounted filesystem ff66aedc-5453-43c7-bc86-73f499edface ro with ordered data mode. Quota mode: none.
03-23 03:26:51.845   444   444 I EXT4-fs (sda2): unmounting filesystem ff66aedc-5453-43c7-bc86-73f499edface.
03-23 03:26:51.847   444   444 W SELinux : security_context_str_to_sid (u:object_r:vendor_qmcs_file:s0) failed with errno=-22
12-19 17:05:43.258   444   444 I recovery: type=1400 audit(0.0:112): avc: denied { search } for name="/" dev="sde24" ino=1 scontext=u:r:recovery:s0 tcontext=u:object_r:vfat:s0 tclass=dir permissive=1
03-23 03:26:51.848   444   444 W SELinux : security_context_str_to_sid (u:object_r:vendor_spunvm_file:s0) failed with errno=-22
03-23 03:26:51.853   444   444 E EXT4-fs (sde76): VFS: Can't find ext4 filesystem
03-23 03:26:51.853   444   444 E EXT4-fs (sde76): VFS: Can't find ext4 filesystem
03-23 03:26:51.855   444   444 I EXT4-fs (sde67): mounted filesystem 5ca2924b-668b-403a-bff1-1c6169e9d9c4 ro with ordered data mode. Quota mode: none.
03-23 03:26:51.855   444   444 I SELinux : Context u:object_r:nt_log_data_file:s0 is not valid (left unmapped).
03-23 03:26:51.855   444   444 I EXT4-fs (sde67): unmounting filesystem 5ca2924b-668b-403a-bff1-1c6169e9d9c4.
03-23 03:26:51.857   444   444 I EXT4-fs (sde67): mounted filesystem 5ca2924b-668b-403a-bff1-1c6169e9d9c4 ro with ordered data mode. Quota mode: none.
03-23 03:26:51.857   444   444 I EXT4-fs (sde67): unmounting filesystem 5ca2924b-668b-403a-bff1-1c6169e9d9c4.
03-23 03:26:51.858   444   444 W SELinux : security_context_str_to_sid (u:object_r:firmware_file:s0) failed with errno=-22
03-23 03:26:51.861   444   444 I EXT4-fs (sda2): mounted filesystem ff66aedc-5453-43c7-bc86-73f499edface ro with ordered data mode. Quota mode: none.
03-23 03:26:51.861   444   444 I EXT4-fs (sda2): unmounting filesystem ff66aedc-5453-43c7-bc86-73f499edface.
03-23 03:26:51.867   444   444 I F2FS-fs (sda12): Mounted with checkpoint version = 1dbf9f0b
03-23 03:26:51.871   444   444 I F2FS-fs (sda14): Magic Mismatch, valid(0xf2f52010) - read(0x7cbe7bff)
03-23 03:26:51.871   444   444 E F2FS-fs (sda14): Can't find valid F2FS filesystem in 1th superblock
03-23 03:26:51.871   444   444 I F2FS-fs (sda14): Magic Mismatch, valid(0xf2f52010) - read(0x3836ca56)
03-23 03:26:51.871   444   444 E F2FS-fs (sda14): Can't find valid F2FS filesystem in 2th superblock
03-23 03:26:51.871   444   444 I F2FS-fs (sda14): Magic Mismatch, valid(0xf2f52010) - read(0x7cbe7bff)
03-23 03:26:51.871   444   444 E F2FS-fs (sda14): Can't find valid F2FS filesystem in 1th superblock
03-23 03:26:51.871   444   444 I F2FS-fs (sda14): Magic Mismatch, valid(0xf2f52010) - read(0x3836ca56)
03-23 03:26:51.871   444   444 E F2FS-fs (sda14): Can't find valid F2FS filesystem in 2th superblock
03-23 03:26:51.875   444   444 I F2FS-fs (sda14): Magic Mismatch, valid(0xf2f52010) - read(0x7cbe7bff)
03-23 03:26:51.875   444   444 E F2FS-fs (sda14): Can't find valid F2FS filesystem in 1th superblock
03-23 03:26:51.875   444   444 I F2FS-fs (sda14): Magic Mismatch, valid(0xf2f52010) - read(0x3836ca56)
03-23 03:26:51.875   444   444 E F2FS-fs (sda14): Can't find valid F2FS filesystem in 2th superblock
03-23 03:26:51.875   444   444 I F2FS-fs (sda14): Magic Mismatch, valid(0xf2f52010) - read(0x7cbe7bff)
03-23 03:26:51.875   444   444 E F2FS-fs (sda14): Can't find valid F2FS filesystem in 1th superblock
03-23 03:26:51.876   444   444 I F2FS-fs (sda14): Magic Mismatch, valid(0xf2f52010) - read(0x3836ca56)
03-23 03:26:51.876   444   444 E F2FS-fs (sda14): Can't find valid F2FS filesystem in 2th superblock
12-19 17:05:43.298   444   444 I recovery: type=1400 audit(0.0:113): avc: denied { read } for name="zram0" dev="sysfs" ino=73797 scontext=u:r:recovery:s0 tcontext=u:object_r:sysfs_zram:s0 tclass=dir permissive=1
12-19 17:05:43.298   444   444 I recovery: type=1400 audit(0.0:114): avc: denied { open } for path="/sys/devices/virtual/block/zram0" dev="sysfs" ino=73797 scontext=u:r:recovery:s0 tcontext=u:object_r:sysfs_zram:s0 tclass=dir permissive=1
12-19 17:05:43.298   444   444 I recovery: type=1400 audit(0.0:115): avc: denied { search } for name="zram0" dev="sysfs" ino=73797 scontext=u:r:recovery:s0 tcontext=u:object_r:sysfs_zram:s0 tclass=dir permissive=1
03-23 03:26:51.895   444   444 I F2FS-fs (sda14): Magic Mismatch, valid(0xf2f52010) - read(0x7cbe7bff)
03-23 03:26:51.895   444   444 E F2FS-fs (sda14): Can't find valid F2FS filesystem in 1th superblock
03-23 03:26:51.895   444   444 I F2FS-fs (sda14): Magic Mismatch, valid(0xf2f52010) - read(0x3836ca56)
03-23 03:26:51.895   444   444 E F2FS-fs (sda14): Can't find valid F2FS filesystem in 2th superblock
03-23 03:26:51.895   444   444 I F2FS-fs (sda14): Magic Mismatch, valid(0xf2f52010) - read(0x7cbe7bff)
03-23 03:26:51.895   444   444 E F2FS-fs (sda14): Can't find valid F2FS filesystem in 1th superblock
03-23 03:26:51.895   444   444 I F2FS-fs (sda14): Magic Mismatch, valid(0xf2f52010) - read(0x3836ca56)
03-23 03:26:51.895   444   444 E F2FS-fs (sda14): Can't find valid F2FS filesystem in 2th superblock
03-23 03:26:51.899   444   444 I F2FS-fs (sda14): Magic Mismatch, valid(0xf2f52010) - read(0x7cbe7bff)
03-23 03:26:51.899   444   444 E F2FS-fs (sda14): Can't find valid F2FS filesystem in 1th superblock
03-23 03:26:51.899   444   444 I F2FS-fs (sda14): Magic Mismatch, valid(0xf2f52010) - read(0x3836ca56)
03-23 03:26:51.899   444   444 E F2FS-fs (sda14): Can't find valid F2FS filesystem in 2th superblock
03-23 03:26:51.899   444   444 I F2FS-fs (sda14): Magic Mismatch, valid(0xf2f52010) - read(0x7cbe7bff)
03-23 03:26:51.899   444   444 E F2FS-fs (sda14): Can't find valid F2FS filesystem in 1th superblock
03-23 03:26:51.899   444   444 I F2FS-fs (sda14): Magic Mismatch, valid(0xf2f52010) - read(0x3836ca56)
03-23 03:26:51.899   444   444 E F2FS-fs (sda14): Can't find valid F2FS filesystem in 2th superblock
03-23 03:26:51.976   419   419 I         : [matrix-leds] write bytes len 4106, ret 0
03-23 03:26:52.112   419   419 I         : [matrix-leds] write bytes len 4106, ret 0
03-23 03:26:52.248   419   419 I         : [matrix-leds] write bytes len 4106, ret 0
03-23 03:26:52.384   419   419 I         : [matrix-leds] write bytes len 4106, ret 0
03-23 03:26:52.404   444   444 I F2FS-fs (sda14): Magic Mismatch, valid(0xf2f52010) - read(0x7cbe7bff)
03-23 03:26:52.404   444   444 E F2FS-fs (sda14): Can't find valid F2FS filesystem in 1th superblock
03-23 03:26:52.404   444   444 I F2FS-fs (sda14): Magic Mismatch, valid(0xf2f52010) - read(0x3836ca56)
03-23 03:26:52.404   444   444 E F2FS-fs (sda14): Can't find valid F2FS filesystem in 2th superblock
03-23 03:26:52.405   444   444 I F2FS-fs (sda14): Magic Mismatch, valid(0xf2f52010) - read(0x7cbe7bff)
03-23 03:26:52.405   444   444 E F2FS-fs (sda14): Can't find valid F2FS filesystem in 1th superblock
03-23 03:26:52.405   444   444 I F2FS-fs (sda14): Magic Mismatch, valid(0xf2f52010) - read(0x3836ca56)
03-23 03:26:52.405   444   444 E F2FS-fs (sda14): Can't find valid F2FS filesystem in 2th superblock
03-23 03:26:52.520   419   419 I         : [matrix-leds] write bytes len 4106, ret 0
03-23 03:26:52.656   419   419 I         : [matrix-leds] write bytes len 4106, ret 0
03-23 03:26:52.792   419   419 I         : [matrix-leds] write bytes len 4106, ret 0
03-23 03:26:52.910   444   444 I F2FS-fs (sda14): Magic Mismatch, valid(0xf2f52010) - read(0x7cbe7bff)
03-23 03:26:52.910   444   444 E F2FS-fs (sda14): Can't find valid F2FS filesystem in 1th superblock
03-23 03:26:52.910   444   444 I F2FS-fs (sda14): Magic Mismatch, valid(0xf2f52010) - read(0x3836ca56)
03-23 03:26:52.910   444   444 E F2FS-fs (sda14): Can't find valid F2FS filesystem in 2th superblock
03-23 03:26:52.910   444   444 I F2FS-fs (sda14): Magic Mismatch, valid(0xf2f52010) - read(0x7cbe7bff)
03-23 03:26:52.910   444   444 E F2FS-fs (sda14): Can't find valid F2FS filesystem in 1th superblock
03-23 03:26:52.910   444   444 I F2FS-fs (sda14): Magic Mismatch, valid(0xf2f52010) - read(0x3836ca56)
03-23 03:26:52.910   444   444 E F2FS-fs (sda14): Can't find valid F2FS filesystem in 2th superblock
03-23 03:26:52.928   419   419 I         : [matrix-leds] write bytes len 4106, ret 0
03-23 03:26:53.064   419   419 I         : [matrix-leds] write bytes len 4106, ret 0
03-23 03:26:53.200   419   419 I         : [matrix-leds] write bytes len 4106, ret 0
03-23 03:26:53.336   419   419 I         : [matrix-leds] write bytes len 4106, ret 0
03-23 03:26:53.415   444   444 I F2FS-fs (sda14): Magic Mismatch, valid(0xf2f52010) - read(0x7cbe7bff)
03-23 03:26:53.415   444   444 E F2FS-fs (sda14): Can't find valid F2FS filesystem in 1th superblock
03-23 03:26:53.415   444   444 I F2FS-fs (sda14): Magic Mismatch, valid(0xf2f52010) - read(0x3836ca56)
03-23 03:26:53.415   444   444 E F2FS-fs (sda14): Can't find valid F2FS filesystem in 2th superblock
03-23 03:26:53.415   444   444 I F2FS-fs (sda14): Magic Mismatch, valid(0xf2f52010) - read(0x7cbe7bff)
03-23 03:26:53.415   444   444 E F2FS-fs (sda14): Can't find valid F2FS filesystem in 1th superblock
03-23 03:26:53.416   444   444 I F2FS-fs (sda14): Magic Mismatch, valid(0xf2f52010) - read(0x3836ca56)
03-23 03:26:53.416   444   444 E F2FS-fs (sda14): Can't find valid F2FS filesystem in 2th superblock
03-23 03:26:53.472   419   419 I         : [matrix-leds] write bytes len 4106, ret 0
03-23 03:26:53.608   419   419 I         : [matrix-leds] write bytes len 4106, ret 0
03-23 03:26:53.744   419   419 I         : [matrix-leds] write bytes len 4106, ret 0
03-23 03:26:53.880   419   419 I         : [matrix-leds] write bytes len 4106, ret 0
03-23 03:26:53.921   444   444 I F2FS-fs (sda14): Magic Mismatch, valid(0xf2f52010) - read(0x7cbe7bff)
03-23 03:26:53.921   444   444 E F2FS-fs (sda14): Can't find valid F2FS filesystem in 1th superblock
03-23 03:26:53.921   444   444 I F2FS-fs (sda14): Magic Mismatch, valid(0xf2f52010) - read(0x3836ca56)
03-23 03:26:53.921   444   444 E F2FS-fs (sda14): Can't find valid F2FS filesystem in 2th superblock
03-23 03:26:53.921   444   444 I F2FS-fs (sda14): Magic Mismatch, valid(0xf2f52010) - read(0x7cbe7bff)
03-23 03:26:53.921   444   444 E F2FS-fs (sda14): Can't find valid F2FS filesystem in 1th superblock
03-23 03:26:53.921   444   444 I F2FS-fs (sda14): Magic Mismatch, valid(0xf2f52010) - read(0x3836ca56)
03-23 03:26:53.921   444   444 E F2FS-fs (sda14): Can't find valid F2FS filesystem in 2th superblock
03-23 03:26:54.016   419   419 I         : [matrix-leds] write bytes len 4106, ret 0
03-23 03:26:54.152   419   419 I         : [matrix-leds] write bytes len 4106, ret 0
03-23 03:26:54.288   419   419 I         : [matrix-leds] write bytes len 4106, ret 0
03-23 03:26:54.424   419   419 I         : [matrix-leds] write bytes len 4106, ret 0
03-23 03:26:54.426   444   444 I F2FS-fs (sda14): Magic Mismatch, valid(0xf2f52010) - read(0x7cbe7bff)
03-23 03:26:54.426   444   444 E F2FS-fs (sda14): Can't find valid F2FS filesystem in 1th superblock
03-23 03:26:54.426   444   444 I F2FS-fs (sda14): Magic Mismatch, valid(0xf2f52010) - read(0x3836ca56)
03-23 03:26:54.426   444   444 E F2FS-fs (sda14): Can't find valid F2FS filesystem in 2th superblock
03-23 03:26:54.426   444   444 I F2FS-fs (sda14): Magic Mismatch, valid(0xf2f52010) - read(0x7cbe7bff)
03-23 03:26:54.426   444   444 E F2FS-fs (sda14): Can't find valid F2FS filesystem in 1th superblock
03-23 03:26:54.426   444   444 I F2FS-fs (sda14): Magic Mismatch, valid(0xf2f52010) - read(0x3836ca56)
03-23 03:26:54.426   444   444 E F2FS-fs (sda14): Can't find valid F2FS filesystem in 2th superblock
12-19 17:05:45.882   444   444 I ArmToArm64Assembler: generated scanline__00000077:03010102_00008002_00000000 [192 ipp] (238 ins) at [0x78c4feeb40:0x78c4feeef8] in 17917ns
03-23 03:26:54.560   419   419 I         : [matrix-leds] write bytes len 4106, ret 0
03-23 03:26:54.700   419   419 I         : [matrix-leds] write bytes len 4106, ret 0
03-23 03:26:54.836   419   419 I         : [matrix-leds] write bytes len 4106, ret 0
12-19 17:05:46.318   444   444 I recovery: type=1400 audit(0.0:116): avc: denied { getattr } for path="/kmsg" dev="rootfs" ino=5682 scontext=u:r:recovery:s0 tcontext=u:object_r:rootfs:s0 tclass=chr_file permissive=1
12-19 17:05:46.318   444   444 I recovery: type=1400 audit(0.0:117): avc: denied { getattr } for path="/linkerconfig" dev="tmpfs" ino=1 scontext=u:r:recovery:s0 tcontext=u:object_r:linkerconfig_file:s0 tclass=dir permissive=1
03-23 03:26:54.947   144   144 I aw9380x_cap 8-0012: [aw9380x_load_code_ram_bin:741] name :aw9380x_code_ram.bin
03-23 03:26:54.947   144   144 W aw9380x_cap 8-0012: Direct firmware load for aw9380x_code_ram.bin failed with error -2
03-23 03:26:54.947   144   144 W aw9380x_cap 8-0012: Falling back to sysfs fallback for: aw9380x_code_ram.bin
03-23 03:26:54.948   502   502 I ueventd : firmware: loading 'aw9380x_code_ram.bin' for '/devices/platform/soc/8c0000.qcom,qupv3_2_geni_se/880000.i2c/i2c-8/8-0012/firmware/aw9380x_code_ram.bin'
03-23 03:26:54.948   502   502 E ueventd : firmware: could not find firmware for aw9380x_code_ram.bin
03-23 03:26:54.948   502   502 E ueventd : firmware: attempted /etc/firmware/aw9380x_code_ram.bin, open failed: No such file or directory
03-23 03:26:54.948   502   502 E ueventd : firmware: attempted /odm/firmware/aw9380x_code_ram.bin, open failed: No such file or directory
03-23 03:26:54.948   502   502 E ueventd : firmware: attempted /vendor/firmware/aw9380x_code_ram.bin, open failed: No such file or directory
03-23 03:26:54.948   502   502 E ueventd : firmware: attempted /firmware/image/aw9380x_code_ram.bin, open failed: No such file or directory
03-23 03:26:54.948   502   502 E ueventd : firmware: attempted /vendor/firmware_mnt/image/aw9380x_code_ram.bin, open failed: No such file or directory
03-23 03:26:54.948   502   502 I ueventd : loading /devices/platform/soc/8c0000.qcom,qupv3_2_geni_se/880000.i2c/i2c-8/8-0012/firmware/aw9380x_code_ram.bin took 0ms
03-23 03:26:54.948   144   144 I aw9380x_cap 8-0012: [aw9380x_load_code_ram_bin:744] request_firmware ret = -2
03-23 03:26:54.948   144   144 E aw9380x_cap 8-0012: [aw9380x_load_code_ram_bin:746] parse aw9380x_code_ram.bin error!
03-23 03:26:54.948   144   144 E aw9380x_cap 8-0012: [aw9380x_update_no_wait:841] upgrade code ram firmware error!
03-23 03:26:54.948   144   144 I aw9380x_cap 8-0012: [aw9380x_load_reg_bin:765] name :aw9380x_reg.bin.bin
03-23 03:26:54.948   144   144 W aw9380x_cap 8-0012: Direct firmware load for aw9380x_reg.bin failed with error -2
03-23 03:26:54.948   144   144 W aw9380x_cap 8-0012: Falling back to sysfs fallback for: aw9380x_reg.bin
03-23 03:26:54.949   503   503 I ueventd : firmware: loading 'aw9380x_reg.bin' for '/devices/platform/soc/8c0000.qcom,qupv3_2_geni_se/880000.i2c/i2c-8/8-0012/firmware/aw9380x_reg.bin'
03-23 03:26:54.949   503   503 E ueventd : firmware: could not find firmware for aw9380x_reg.bin
03-23 03:26:54.949   503   503 E ueventd : firmware: attempted /etc/firmware/aw9380x_reg.bin, open failed: No such file or directory
03-23 03:26:54.949   503   503 E ueventd : firmware: attempted /odm/firmware/aw9380x_reg.bin, open failed: No such file or directory
03-23 03:26:54.949   503   503 E ueventd : firmware: attempted /vendor/firmware/aw9380x_reg.bin, open failed: No such file or directory
03-23 03:26:54.949   503   503 E ueventd : firmware: attempted /firmware/image/aw9380x_reg.bin, open failed: No such file or directory
03-23 03:26:54.949   503   503 E ueventd : firmware: attempted /vendor/firmware_mnt/image/aw9380x_reg.bin, open failed: No such file or directory
03-23 03:26:54.949   503   503 I ueventd : loading /devices/platform/soc/8c0000.qcom,qupv3_2_geni_se/880000.i2c/i2c-8/8-0012/firmware/aw9380x_reg.bin took 0ms
03-23 03:26:54.949   144   144 I aw9380x_cap 8-0012: [aw9380x_load_reg_bin:768] request_firmware ret = -2
03-23 03:26:54.949   144   144 E aw9380x_cap 8-0012: [aw9380x_load_reg_bin:770] parse aw9380x_reg.bin error!
03-23 03:26:54.949   144   144 E aw9380x_cap 8-0012: [aw9380x_update_no_wait:848] upgrade reg firmware failed!, will use default set
03-23 03:26:54.949   144   144 I aw9380x_cap 8-0012: [aw9380x_para_loaded:823] reg_addr = 0x0000, reg_data = 0x000000ff
03-23 03:26:54.950   144   144 I aw9380x_cap 8-0012: [aw9380x_para_loaded:823] reg_addr = 0x0004, reg_data = 0x000000ff
03-23 03:26:54.950   144   144 I aw9380x_cap 8-0012: [aw9380x_para_loaded:823] reg_addr = 0x0008, reg_data = 0x00000fff
03-23 03:26:54.950   144   144 I aw9380x_cap 8-0012: [aw9380x_para_loaded:823] reg_addr = 0x000c, reg_data = 0x00000014
03-23 03:26:54.950   144   144 I aw9380x_cap 8-0012: [aw9380x_para_loaded:823] reg_addr = 0x0010, reg_data = 0x0000705f
03-23 03:26:54.950   144   144 I aw9380x_cap 8-0012: [aw9380x_para_loaded:823] reg_addr = 0x0014, reg_data = 0x80000000
03-23 03:26:54.951   144   144 I aw9380x_cap 8-0012: [aw9380x_para_loaded:823] reg_addr = 0x0168, reg_data = 0x00000000
03-23 03:26:54.951   144   144 I aw9380x_cap 8-0012: [aw9380x_para_loaded:823] reg_addr = 0x016c, reg_data = 0x003f0000
03-23 03:26:54.951   144   144 I aw9380x_cap 8-0012: [aw9380x_para_loaded:823] reg_addr = 0x0170, reg_data = 0x00053000
03-23 03:26:54.951   144   144 I aw9380x_cap 8-0012: [aw9380x_para_loaded:823] reg_addr = 0x0174, reg_data = 0x00000000
03-23 03:26:54.951   144   144 I aw9380x_cap 8-0012: [aw9380x_para_loaded:823] reg_addr = 0x0178, reg_data = 0x341c9207
03-23 03:26:54.952   144   144 I aw9380x_cap 8-0012: [aw9380x_para_loaded:823] reg_addr = 0x017c, reg_data = 0x00008000
03-23 03:26:54.952   144   144 I aw9380x_cap 8-0012: [aw9380x_para_loaded:823] reg_addr = 0x0180, reg_data = 0x00000909
03-23 03:26:54.952   144   144 I aw9380x_cap 8-0012: [aw9380x_para_loaded:823] reg_addr = 0x0184, reg_data = 0x00000000
03-23 03:26:54.952   144   144 I aw9380x_cap 8-0012: [aw9380x_para_loaded:823] reg_addr = 0x0188, reg_data = 0x00000001
03-23 03:26:54.952   144   144 I aw9380x_cap 8-0012: [aw9380x_para_loaded:823] reg_addr = 0x0318, reg_data = 0x00000000
03-23 03:26:54.953   144   144 I aw9380x_cap 8-0012: [aw9380x_para_loaded:823] reg_addr = 0x031c, reg_data = 0x003f0000
03-23 03:26:54.953   144   144 I aw9380x_cap 8-0012: [aw9380x_para_loaded:823] reg_addr = 0x0320, reg_data = 0x00053000
03-23 03:26:54.953   144   144 I aw9380x_cap 8-0012: [aw9380x_para_loaded:823] reg_addr = 0x0324, reg_data = 0x00000000
03-23 03:26:54.953   144   144 I aw9380x_cap 8-0012: [aw9380x_para_loaded:823] reg_addr = 0x0328, reg_data = 0x341c9207
03-23 03:26:54.953   144   144 I aw9380x_cap 8-0012: [aw9380x_para_loaded:823] reg_addr = 0x032c, reg_data = 0x00008000
03-23 03:26:54.954   144   144 I aw9380x_cap 8-0012: [aw9380x_para_loaded:823] reg_addr = 0x0330, reg_data = 0x00000909
03-23 03:26:54.954   144   144 I aw9380x_cap 8-0012: [aw9380x_para_loaded:823] reg_addr = 0x0334, reg_data = 0x00008000
03-23 03:26:54.954   144   144 I aw9380x_cap 8-0012: [aw9380x_para_loaded:823] reg_addr = 0x0338, reg_data = 0x00000000
03-23 03:26:54.954   144   144 I aw9380x_cap 8-0012: [aw9380x_para_loaded:823] reg_addr = 0x04c8, reg_data = 0x00000000
03-23 03:26:54.954   144   144 I aw9380x_cap 8-0012: [aw9380x_para_loaded:823] reg_addr = 0x04cc, reg_data = 0x003f0000
03-23 03:26:54.954   144   144 I aw9380x_cap 8-0012: [aw9380x_para_loaded:823] reg_addr = 0x04d0, reg_data = 0x00053000
03-23 03:26:54.955   144   144 I aw9380x_cap 8-0012: [aw9380x_para_loaded:823] reg_addr = 0x04d4, reg_data = 0x00000000
03-23 03:26:54.955   144   144 I aw9380x_cap 8-0012: [aw9380x_para_loaded:823] reg_addr = 0x04d8, reg_data = 0x341c9207
03-23 03:26:54.955   144   144 I aw9380x_cap 8-0012: [aw9380x_para_loaded:823] reg_addr = 0x04dc, reg_data = 0x00008000
03-23 03:26:54.955   144   144 I aw9380x_cap 8-0012: [aw9380x_para_loaded:823] reg_addr = 0x04e0, reg_data = 0x00000909
03-23 03:26:54.955   144   144 I aw9380x_cap 8-0012: [aw9380x_para_loaded:823] reg_addr = 0x04e4, reg_data = 0x08000000
03-23 03:26:54.956   144   144 I aw9380x_cap 8-0012: [aw9380x_para_loaded:823] reg_addr = 0x04e8, reg_data = 0x00000000
03-23 03:26:54.956   144   144 I aw9380x_cap 8-0012: [aw9380x_para_loaded:823] reg_addr = 0x0678, reg_data = 0x00000000
03-23 03:26:54.956   144   144 I aw9380x_cap 8-0012: [aw9380x_para_loaded:823] reg_addr = 0x067c, reg_data = 0x003f0000
03-23 03:26:54.956   144   144 I aw9380x_cap 8-0012: [aw9380x_para_loaded:823] reg_addr = 0x0680, reg_data = 0x00053000
03-23 03:26:54.956   144   144 I aw9380x_cap 8-0012: [aw9380x_para_loaded:823] reg_addr = 0x0684, reg_data = 0x00000000
03-23 03:26:54.957   144   144 I aw9380x_cap 8-0012: [aw9380x_para_loaded:823] reg_addr = 0x0688, reg_data = 0x341c9207
03-23 03:26:54.957   144   144 I aw9380x_cap 8-0012: [aw9380x_para_loaded:823] reg_addr = 0x068c, reg_data = 0x00008000
03-23 03:26:54.957   144   144 I aw9380x_cap 8-0012: [aw9380x_para_loaded:823] reg_addr = 0x0690, reg_data = 0x00000909
03-23 03:26:54.957   144   144 I aw9380x_cap 8-0012: [aw9380x_para_loaded:823] reg_addr = 0x0694, reg_data = 0x00000008
03-23 03:26:54.957   144   144 I aw9380x_cap 8-0012: [aw9380x_para_loaded:823] reg_addr = 0x0698, reg_data = 0x00000000
