03-23 03:48:06.431   439   439 I F2FS-fs (sda14): Magic Mismatch, valid(0xf2f52010) - read(0x7cbe7bff)
03-23 03:48:06.431   439   439 E F2FS-fs (sda14): Can't find valid F2FS filesystem in 1th superblock
03-23 03:48:06.431   439   439 I F2FS-fs (sda14): Magic Mismatch, valid(0xf2f52010) - read(0x3836ca56)
03-23 03:48:06.431   439   439 E F2FS-fs (sda14): Can't find valid F2FS filesystem in 2th superblock
03-23 03:48:06.431    10    10 I         : [matrix-leds] write bytes len 4106, ret 0
03-23 03:48:06.435   439   439 I F2FS-fs (sda14): Magic Mismatch, valid(0xf2f52010) - read(0x7cbe7bff)
12-19 17:26:57.950   439   439 I recovery: type=1400 audit(0.0:891): avc: denied { fsetid } for capability=4 scontext=u:r:recovery:s0 tcontext=u:r:recovery:s0 tclass=capability permissive=1
03-23 03:48:06.435   439   439 E F2FS-fs (sda14): Can't find valid F2FS filesystem in 1th superblock
03-23 03:48:06.435   439   439 I F2FS-fs (sda14): Magic Mismatch, valid(0xf2f52010) - read(0x3836ca56)
03-23 03:48:06.435   439   439 E F2FS-fs (sda14): Can't find valid F2FS filesystem in 2th superblock
03-23 03:48:06.435   439   439 I F2FS-fs (sda14): Magic Mismatch, valid(0xf2f52010) - read(0x7cbe7bff)
03-23 03:48:06.435   439   439 E F2FS-fs (sda14): Can't find valid F2FS filesystem in 1th superblock
03-23 03:48:06.435   439   439 I F2FS-fs (sda14): Magic Mismatch, valid(0xf2f52010) - read(0x3836ca56)
03-23 03:48:06.435   439   439 E F2FS-fs (sda14): Can't find valid F2FS filesystem in 2th superblock
03-23 03:48:06.440   439   439 I F2FS-fs (sda14): Magic Mismatch, valid(0xf2f52010) - read(0x7cbe7bff)
03-23 03:48:06.440   439   439 E F2FS-fs (sda14): Can't find valid F2FS filesystem in 1th superblock
03-23 03:48:06.440   439   439 I F2FS-fs (sda14): Magic Mismatch, valid(0xf2f52010) - read(0x3836ca56)
03-23 03:48:06.440   439   439 E F2FS-fs (sda14): Can't find valid F2FS filesystem in 2th superblock
03-23 03:48:06.440   439   439 I F2FS-fs (sda14): Magic Mismatch, valid(0xf2f52010) - read(0x7cbe7bff)
03-23 03:48:06.440   439   439 E F2FS-fs (sda14): Can't find valid F2FS filesystem in 1th superblock
03-23 03:48:06.440   439   439 I F2FS-fs (sda14): Magic Mismatch, valid(0xf2f52010) - read(0x3836ca56)
03-23 03:48:06.440   439   439 E F2FS-fs (sda14): Can't find valid F2FS filesystem in 2th superblock
03-23 03:48:06.458   420   420 I aw9380x_cap 8-0012: [aw9380x_rc_irqscr:3728] i2c read reg: 0xf080, val= 16
03-23 03:48:06.458   420   420 I aw9380x_cap 8-0012: [aw9380x_cap_default_irq_handle:4109] gpio_low_count 0
03-23 03:48:06.458   420   420 I aw9380x_cap 8-0012: [aw9380x_irq_handle_func:4065] IRQSEN = 0x000F0FFF
03-23 03:48:06.458   420   420 I aw9380x_cap 8-0012: [aw9380x_irq_handle_func:4067] IRQSRC = 0x00000010
03-23 03:48:06.459   420   420 I aw9380x_cap 8-0012: [aw9380x_noth_button_key_report:3855] touch0_state Cap 0 Force 0 currentBtn 0
03-23 03:48:06.480   420   420 I aw9380x_cap 8-0012: [aw9380x_rc_irqscr:3728] i2c read reg: 0xf080, val= 16
03-23 03:48:06.480   420   420 I aw9380x_cap 8-0012: [aw9380x_cap_default_irq_handle:4109] gpio_low_count 0
03-23 03:48:06.480   420   420 I aw9380x_cap 8-0012: [aw9380x_irq_handle_func:4065] IRQSEN = 0x000F0FFF
03-23 03:48:06.480   420   420 I aw9380x_cap 8-0012: [aw9380x_irq_handle_func:4067] IRQSRC = 0x00000010
03-23 03:48:06.481   420   420 I aw9380x_cap 8-0012: [aw9380x_noth_button_key_report:3855] touch0_state Cap 0 Force 0 currentBtn 0
03-23 03:48:06.523   420   420 I aw9380x_cap 8-0012: [aw9380x_rc_irqscr:3728] i2c read reg: 0xf080, val= 16
03-23 03:48:06.523   420   420 I aw9380x_cap 8-0012: [aw9380x_cap_default_irq_handle:4109] gpio_low_count 0
03-23 03:48:06.523   420   420 I aw9380x_cap 8-0012: [aw9380x_irq_handle_func:4065] IRQSEN = 0x000F0FFF
03-23 03:48:06.523   420   420 I aw9380x_cap 8-0012: [aw9380x_irq_handle_func:4067] IRQSRC = 0x00000010
03-23 03:48:06.523   420   420 I aw9380x_cap 8-0012: [aw9380x_noth_button_key_report:3855] touch0_state Cap 0 Force 0 currentBtn 0
03-23 03:48:06.545   420   420 I aw9380x_cap 8-0012: [aw9380x_rc_irqscr:3728] i2c read reg: 0xf080, val= 16
03-23 03:48:06.545   420   420 I aw9380x_cap 8-0012: [aw9380x_cap_default_irq_handle:4109] gpio_low_count 0
03-23 03:48:06.545   420   420 I aw9380x_cap 8-0012: [aw9380x_irq_handle_func:4065] IRQSEN = 0x000F0FFF
03-23 03:48:06.545   420   420 I aw9380x_cap 8-0012: [aw9380x_irq_handle_func:4067] IRQSRC = 0x00000010
03-23 03:48:06.545   420   420 I aw9380x_cap 8-0012: [aw9380x_noth_button_key_report:3855] touch0_state Cap 0 Force 0 currentBtn 0
03-23 03:48:06.567    10    10 I         : [matrix-leds] write bytes len 4106, ret 0
03-23 03:48:06.587   420   420 I aw9380x_cap 8-0012: [aw9380x_rc_irqscr:3728] i2c read reg: 0xf080, val= 16
03-23 03:48:06.587   420   420 I aw9380x_cap 8-0012: [aw9380x_cap_default_irq_handle:4109] gpio_low_count 0
03-23 03:48:06.587   420   420 I aw9380x_cap 8-0012: [aw9380x_irq_handle_func:4065] IRQSEN = 0x000F0FFF
03-23 03:48:06.587   420   420 I aw9380x_cap 8-0012: [aw9380x_irq_handle_func:4067] IRQSRC = 0x00000010
03-23 03:48:06.588   420   420 I aw9380x_cap 8-0012: [aw9380x_noth_button_key_report:3855] touch0_state Cap 0 Force 0 currentBtn 0
03-23 03:48:06.609   420   420 I aw9380x_cap 8-0012: [aw9380x_rc_irqscr:3728] i2c read reg: 0xf080, val= 16
03-23 03:48:06.609   420   420 I aw9380x_cap 8-0012: [aw9380x_cap_default_irq_handle:4109] gpio_low_count 0
03-23 03:48:06.609   420   420 I aw9380x_cap 8-0012: [aw9380x_irq_handle_func:4065] IRQSEN = 0x000F0FFF
03-23 03:48:06.609   420   420 I aw9380x_cap 8-0012: [aw9380x_irq_handle_func:4067] IRQSRC = 0x00000010
03-23 03:48:06.610   420   420 I aw9380x_cap 8-0012: [aw9380x_noth_button_key_report:3855] touch0_state Cap 0 Force 0 currentBtn 0
03-23 03:48:06.652   420   420 I aw9380x_cap 8-0012: [aw9380x_rc_irqscr:3728] i2c read reg: 0xf080, val= 16
03-23 03:48:06.652   420   420 I aw9380x_cap 8-0012: [aw9380x_cap_default_irq_handle:4109] gpio_low_count 0
03-23 03:48:06.652   420   420 I aw9380x_cap 8-0012: [aw9380x_irq_handle_func:4065] IRQSEN = 0x000F0FFF
03-23 03:48:06.652   420   420 I aw9380x_cap 8-0012: [aw9380x_irq_handle_func:4067] IRQSRC = 0x00000010
03-23 03:48:06.652   420   420 I aw9380x_cap 8-0012: [aw9380x_noth_button_key_report:3855] touch0_state Cap 0 Force 0 currentBtn 0
03-23 03:48:06.674   420   420 I aw9380x_cap 8-0012: [aw9380x_rc_irqscr:3728] i2c read reg: 0xf080, val= 16
03-23 03:48:06.674   420   420 I aw9380x_cap 8-0012: [aw9380x_cap_default_irq_handle:4109] gpio_low_count 0
03-23 03:48:06.674   420   420 I aw9380x_cap 8-0012: [aw9380x_irq_handle_func:4065] IRQSEN = 0x000F0FFF
03-23 03:48:06.674   420   420 I aw9380x_cap 8-0012: [aw9380x_irq_handle_func:4067] IRQSRC = 0x00000010
03-23 03:48:06.674   420   420 I aw9380x_cap 8-0012: [aw9380x_noth_button_key_report:3855] touch0_state Cap 0 Force 0 currentBtn 0
03-23 03:48:06.703    10    10 I         : [matrix-leds] write bytes len 4106, ret 0
03-23 03:48:06.716   420   420 I aw9380x_cap 8-0012: [aw9380x_rc_irqscr:3728] i2c read reg: 0xf080, val= 16
03-23 03:48:06.716   420   420 I aw9380x_cap 8-0012: [aw9380x_cap_default_irq_handle:4109] gpio_low_count 0
03-23 03:48:06.717   420   420 I aw9380x_cap 8-0012: [aw9380x_irq_handle_func:4065] IRQSEN = 0x000F0FFF
03-23 03:48:06.717   420   420 I aw9380x_cap 8-0012: [aw9380x_irq_handle_func:4067] IRQSRC = 0x00000010
03-23 03:48:06.717   420   420 I aw9380x_cap 8-0012: [aw9380x_noth_button_key_report:3855] touch0_state Cap 0 Force 0 currentBtn 0
03-23 03:48:06.738   420   420 I aw9380x_cap 8-0012: [aw9380x_rc_irqscr:3728] i2c read reg: 0xf080, val= 16
03-23 03:48:06.738   420   420 I aw9380x_cap 8-0012: [aw9380x_cap_default_irq_handle:4109] gpio_low_count 0
03-23 03:48:06.738   420   420 I aw9380x_cap 8-0012: [aw9380x_irq_handle_func:4065] IRQSEN = 0x000F0FFF
03-23 03:48:06.738   420   420 I aw9380x_cap 8-0012: [aw9380x_irq_handle_func:4067] IRQSRC = 0x00000010
03-23 03:48:06.739   420   420 I aw9380x_cap 8-0012: [aw9380x_noth_button_key_report:3855] touch0_state Cap 0 Force 0 currentBtn 0
03-23 03:48:06.781   420   420 I aw9380x_cap 8-0012: [aw9380x_rc_irqscr:3728] i2c read reg: 0xf080, val= 16
03-23 03:48:06.781   420   420 I aw9380x_cap 8-0012: [aw9380x_cap_default_irq_handle:4109] gpio_low_count 0
03-23 03:48:06.781   420   420 I aw9380x_cap 8-0012: [aw9380x_irq_handle_func:4065] IRQSEN = 0x000F0FFF
03-23 03:48:06.781   420   420 I aw9380x_cap 8-0012: [aw9380x_irq_handle_func:4067] IRQSRC = 0x00000010
03-23 03:48:06.782   420   420 I aw9380x_cap 8-0012: [aw9380x_noth_button_key_report:3855] touch0_state Cap 0 Force 0 currentBtn 0
03-23 03:48:06.803   420   420 I aw9380x_cap 8-0012: [aw9380x_rc_irqscr:3728] i2c read reg: 0xf080, val= 16
03-23 03:48:06.803   420   420 I aw9380x_cap 8-0012: [aw9380x_cap_default_irq_handle:4109] gpio_low_count 0
03-23 03:48:06.803   420   420 I aw9380x_cap 8-0012: [aw9380x_irq_handle_func:4065] IRQSEN = 0x000F0FFF
03-23 03:48:06.803   420   420 I aw9380x_cap 8-0012: [aw9380x_irq_handle_func:4067] IRQSRC = 0x00000010
03-23 03:48:06.804   420   420 I aw9380x_cap 8-0012: [aw9380x_noth_button_key_report:3855] touch0_state Cap 0 Force 0 currentBtn 0
03-23 03:48:06.839    10    10 I         : [matrix-leds] write bytes len 4106, ret 0
03-23 03:48:06.845   420   420 I aw9380x_cap 8-0012: [aw9380x_rc_irqscr:3728] i2c read reg: 0xf080, val= 2097168
03-23 03:48:06.845   420   420 I aw9380x_cap 8-0012: [aw9380x_cap_default_irq_handle:4109] gpio_low_count 0
03-23 03:48:06.846   420   420 I aw9380x_cap 8-0012: [aw9380x_irq_handle_func:4065] IRQSEN = 0x000F0FFF
03-23 03:48:06.846   420   420 I aw9380x_cap 8-0012: [aw9380x_irq_handle_func:4067] IRQSRC = 0x00200010
03-23 03:48:06.846   420   420 I aw9380x_cap 8-0012: [aw9380x_noth_button_key_report:3855] touch0_state Cap 0 Force 0 currentBtn 0
03-23 03:48:06.867   420   420 I aw9380x_cap 8-0012: [aw9380x_rc_irqscr:3728] i2c read reg: 0xf080, val= 16
03-23 03:48:06.867   420   420 I aw9380x_cap 8-0012: [aw9380x_cap_default_irq_handle:4109] gpio_low_count 0
03-23 03:48:06.868   420   420 I aw9380x_cap 8-0012: [aw9380x_irq_handle_func:4065] IRQSEN = 0x000F0FFF
03-23 03:48:06.868   420   420 I aw9380x_cap 8-0012: [aw9380x_irq_handle_func:4067] IRQSRC = 0x00000010
03-23 03:48:06.868   420   420 I aw9380x_cap 8-0012: [aw9380x_noth_button_key_report:3855] touch0_state Cap 0 Force 0 currentBtn 0
03-23 03:48:06.910   420   420 I aw9380x_cap 8-0012: [aw9380x_rc_irqscr:3728] i2c read reg: 0xf080, val= 2097168
03-23 03:48:06.910   420   420 I aw9380x_cap 8-0012: [aw9380x_cap_default_irq_handle:4109] gpio_low_count 0
03-23 03:48:06.910   420   420 I aw9380x_cap 8-0012: [aw9380x_irq_handle_func:4065] IRQSEN = 0x000F0FFF
03-23 03:48:06.910   420   420 I aw9380x_cap 8-0012: [aw9380x_irq_handle_func:4067] IRQSRC = 0x00200010
03-23 03:48:06.911   420   420 I aw9380x_cap 8-0012: [aw9380x_noth_button_key_report:3855] touch0_state Cap 0 Force 0 currentBtn 0
03-23 03:48:06.932   420   420 I aw9380x_cap 8-0012: [aw9380x_rc_irqscr:3728] i2c read reg: 0xf080, val= 16
03-23 03:48:06.932   420   420 I aw9380x_cap 8-0012: [aw9380x_cap_default_irq_handle:4109] gpio_low_count 0
03-23 03:48:06.932   420   420 I aw9380x_cap 8-0012: [aw9380x_irq_handle_func:4065] IRQSEN = 0x000F0FFF
03-23 03:48:06.932   420   420 I aw9380x_cap 8-0012: [aw9380x_irq_handle_func:4067] IRQSRC = 0x00000010
03-23 03:48:06.933   420   420 I aw9380x_cap 8-0012: [aw9380x_noth_button_key_report:3855] touch0_state Cap 0 Force 0 currentBtn 0
03-23 03:48:06.945   439   439 I F2FS-fs (sda14): Magic Mismatch, valid(0xf2f52010) - read(0x7cbe7bff)
03-23 03:48:06.945   439   439 E F2FS-fs (sda14): Can't find valid F2FS filesystem in 1th superblock
03-23 03:48:06.945   439   439 I F2FS-fs (sda14): Magic Mismatch, valid(0xf2f52010) - read(0x3836ca56)
03-23 03:48:06.945   439   439 E F2FS-fs (sda14): Can't find valid F2FS filesystem in 2th superblock
03-23 03:48:06.945   439   439 I F2FS-fs (sda14): Magic Mismatch, valid(0xf2f52010) - read(0x7cbe7bff)
03-23 03:48:06.945   439   439 E F2FS-fs (sda14): Can't find valid F2FS filesystem in 1th superblock
03-23 03:48:06.945   439   439 I F2FS-fs (sda14): Magic Mismatch, valid(0xf2f52010) - read(0x3836ca56)
03-23 03:48:06.945   439   439 E F2FS-fs (sda14): Can't find valid F2FS filesystem in 2th superblock
03-23 03:48:06.949   439   439 I F2FS-fs (sda14): Magic Mismatch, valid(0xf2f52010) - read(0x7cbe7bff)
03-23 03:48:06.949   439   439 E F2FS-fs (sda14): Can't find valid F2FS filesystem in 1th superblock
03-23 03:48:06.949   439   439 I F2FS-fs (sda14): Magic Mismatch, valid(0xf2f52010) - read(0x3836ca56)
03-23 03:48:06.949   439   439 E F2FS-fs (sda14): Can't find valid F2FS filesystem in 2th superblock
03-23 03:48:06.949   439   439 I F2FS-fs (sda14): Magic Mismatch, valid(0xf2f52010) - read(0x7cbe7bff)
03-23 03:48:06.949   439   439 E F2FS-fs (sda14): Can't find valid F2FS filesystem in 1th superblock
03-23 03:48:06.949   439   439 I F2FS-fs (sda14): Magic Mismatch, valid(0xf2f52010) - read(0x3836ca56)
03-23 03:48:06.949   439   439 E F2FS-fs (sda14): Can't find valid F2FS filesystem in 2th superblock
03-23 03:48:06.953   439   439 I F2FS-fs (sda14): Magic Mismatch, valid(0xf2f52010) - read(0x7cbe7bff)
03-23 03:48:06.953   439   439 E F2FS-fs (sda14): Can't find valid F2FS filesystem in 1th superblock
03-23 03:48:06.953   439   439 I F2FS-fs (sda14): Magic Mismatch, valid(0xf2f52010) - read(0x3836ca56)
03-23 03:48:06.953   439   439 E F2FS-fs (sda14): Can't find valid F2FS filesystem in 2th superblock
03-23 03:48:06.953   439   439 I F2FS-fs (sda14): Magic Mismatch, valid(0xf2f52010) - read(0x7cbe7bff)
03-23 03:48:06.953   439   439 E F2FS-fs (sda14): Can't find valid F2FS filesystem in 1th superblock
03-23 03:48:06.953   439   439 I F2FS-fs (sda14): Magic Mismatch, valid(0xf2f52010) - read(0x3836ca56)
03-23 03:48:06.953   439   439 E F2FS-fs (sda14): Can't find valid F2FS filesystem in 2th superblock
12-19 17:26:58.466     1     1 I unknown : type=1107 audit(0.0:892): uid=0 auid=4294967295 ses=4294967295 subj=u:r:init:s0 msg='avc: denied { set } for property=persist.sys.timezone pid=439 uid=0 gid=0 scontext=u:r:recovery:s0 tcontext=u:object_r:exported_system_prop:s0 tclass=property_service permissive=1'
12-19 17:26:58.466   439   439 I recovery: type=1400 audit(0.0:893): avc: denied { write } for name="brightness" dev="sysfs" ino=111382 scontext=u:r:recovery:s0 tcontext=u:object_r:sysfs:s0 tclass=file permissive=1
12-19 17:26:58.470   439   439 I recovery: type=1400 audit(0.0:894): avc: denied { ioctl } for path="/dev/block/dm-4" dev="tmpfs" ino=1033 ioctlcmd=0x5331 scontext=u:r:recovery:s0 tcontext=u:object_r:dm_device:s0 tclass=blk_file permissive=1
03-23 03:48:06.960   439   439 I erofs   : (device dm-4): mounted with root inode @ nid 56.
03-23 03:48:06.974   420   420 I aw9380x_cap 8-0012: [aw9380x_rc_irqscr:3728] i2c read reg: 0xf080, val= 16
03-23 03:48:06.974   420   420 I aw9380x_cap 8-0012: [aw9380x_cap_default_irq_handle:4109] gpio_low_count 0
03-23 03:48:06.975   420   420 I aw9380x_cap 8-0012: [aw9380x_irq_handle_func:4065] IRQSEN = 0x000F0FFF
03-23 03:48:06.975   420   420 I aw9380x_cap 8-0012: [aw9380x_irq_handle_func:4067] IRQSRC = 0x00000010
03-23 03:48:06.975   420   420 I aw9380x_cap 8-0012: [aw9380x_noth_button_key_report:3855] touch0_state Cap 0 Force 0 currentBtn 0
03-23 03:48:06.975    10    10 I         : [matrix-leds] write bytes len 4106, ret 0
12-19 17:26:58.498   439   439 I recovery: type=1400 audit(0.0:895): avc: denied { module_request } for kmod="cpufreq_interactive" scontext=u:r:recovery:s0 tcontext=u:r:kernel:s0 tclass=system permissive=1
03-23 03:48:06.985   439   439 I EXT4-fs (sda2): mounted filesystem ff66aedc-5453-43c7-bc86-73f499edface ro with ordered data mode. Quota mode: none.
03-23 03:48:06.989   439   439 I F2FS-fs (sda14): Magic Mismatch, valid(0xf2f52010) - read(0x7cbe7bff)
03-23 03:48:06.989   439   439 E F2FS-fs (sda14): Can't find valid F2FS filesystem in 1th superblock
03-23 03:48:06.989   439   439 I F2FS-fs (sda14): Magic Mismatch, valid(0xf2f52010) - read(0x3836ca56)
03-23 03:48:06.989   439   439 E F2FS-fs (sda14): Can't find valid F2FS filesystem in 2th superblock
03-23 03:48:06.989   439   439 I F2FS-fs (sda14): Magic Mismatch, valid(0xf2f52010) - read(0x7cbe7bff)
03-23 03:48:06.989   439   439 E F2FS-fs (sda14): Can't find valid F2FS filesystem in 1th superblock
03-23 03:48:06.989   439   439 I F2FS-fs (sda14): Magic Mismatch, valid(0xf2f52010) - read(0x3836ca56)
03-23 03:48:06.989   439   439 E F2FS-fs (sda14): Can't find valid F2FS filesystem in 2th superblock
03-23 03:48:06.992   439   439 I F2FS-fs (sda14): Magic Mismatch, valid(0xf2f52010) - read(0x7cbe7bff)
03-23 03:48:06.992   439   439 E F2FS-fs (sda14): Can't find valid F2FS filesystem in 1th superblock
03-23 03:48:06.993   439   439 I F2FS-fs (sda14): Magic Mismatch, valid(0xf2f52010) - read(0x3836ca56)
03-23 03:48:06.993   439   439 E F2FS-fs (sda14): Can't find valid F2FS filesystem in 2th superblock
03-23 03:48:06.993   439   439 I F2FS-fs (sda14): Magic Mismatch, valid(0xf2f52010) - read(0x7cbe7bff)
03-23 03:48:06.993   439   439 E F2FS-fs (sda14): Can't find valid F2FS filesystem in 1th superblock
03-23 03:48:06.993   439   439 I F2FS-fs (sda14): Magic Mismatch, valid(0xf2f52010) - read(0x3836ca56)
03-23 03:48:06.993   439   439 E F2FS-fs (sda14): Can't find valid F2FS filesystem in 2th superblock
03-23 03:48:06.996   420   420 I aw9380x_cap 8-0012: [aw9380x_rc_irqscr:3728] i2c read reg: 0xf080, val= 16
03-23 03:48:06.996   420   420 I aw9380x_cap 8-0012: [aw9380x_cap_default_irq_handle:4109] gpio_low_count 0
03-23 03:48:06.996   439   439 I F2FS-fs (sda14): Magic Mismatch, valid(0xf2f52010) - read(0x7cbe7bff)
03-23 03:48:06.996   439   439 E F2FS-fs (sda14): Can't find valid F2FS filesystem in 1th superblock
03-23 03:48:06.996   439   439 I F2FS-fs (sda14): Magic Mismatch, valid(0xf2f52010) - read(0x3836ca56)
03-23 03:48:06.996   439   439 E F2FS-fs (sda14): Can't find valid F2FS filesystem in 2th superblock
03-23 03:48:06.996   439   439 I F2FS-fs (sda14): Magic Mismatch, valid(0xf2f52010) - read(0x7cbe7bff)
03-23 03:48:06.996   439   439 E F2FS-fs (sda14): Can't find valid F2FS filesystem in 1th superblock
03-23 03:48:06.996   439   439 I F2FS-fs (sda14): Magic Mismatch, valid(0xf2f52010) - read(0x3836ca56)
03-23 03:48:06.996   439   439 E F2FS-fs (sda14): Can't find valid F2FS filesystem in 2th superblock
03-23 03:48:06.997   420   420 I aw9380x_cap 8-0012: [aw9380x_irq_handle_func:4065] IRQSEN = 0x000F0FFF
03-23 03:48:06.997   420   420 I aw9380x_cap 8-0012: [aw9380x_irq_handle_func:4067] IRQSRC = 0x00000010
03-23 03:48:06.997   420   420 I aw9380x_cap 8-0012: [aw9380x_noth_button_key_report:3855] touch0_state Cap 0 Force 0 currentBtn 0
03-23 03:48:07.000   439   439 I F2FS-fs (sda14): Magic Mismatch, valid(0xf2f52010) - read(0x7cbe7bff)
03-23 03:48:07.000   439   439 E F2FS-fs (sda14): Can't find valid F2FS filesystem in 1th superblock
03-23 03:48:07.000   439   439 I F2FS-fs (sda14): Magic Mismatch, valid(0xf2f52010) - read(0x3836ca56)
03-23 03:48:07.000   439   439 E F2FS-fs (sda14): Can't find valid F2FS filesystem in 2th superblock
03-23 03:48:07.000   439   439 I F2FS-fs (sda14): Magic Mismatch, valid(0xf2f52010) - read(0x7cbe7bff)
03-23 03:48:07.000   439   439 E F2FS-fs (sda14): Can't find valid F2FS filesystem in 1th superblock
03-23 03:48:07.000   439   439 I F2FS-fs (sda14): Magic Mismatch, valid(0xf2f52010) - read(0x3836ca56)
03-23 03:48:07.000   439   439 E F2FS-fs (sda14): Can't find valid F2FS filesystem in 2th superblock
03-23 03:48:07.004   439   439 I F2FS-fs (sda14): Magic Mismatch, valid(0xf2f52010) - read(0x7cbe7bff)
03-23 03:48:07.004   439   439 E F2FS-fs (sda14): Can't find valid F2FS filesystem in 1th superblock
03-23 03:48:07.004   439   439 I F2FS-fs (sda14): Magic Mismatch, valid(0xf2f52010) - read(0x3836ca56)
03-23 03:48:07.004   439   439 E F2FS-fs (sda14): Can't find valid F2FS filesystem in 2th superblock
03-23 03:48:07.004   439   439 I F2FS-fs (sda14): Magic Mismatch, valid(0xf2f52010) - read(0x7cbe7bff)
03-23 03:48:07.004   439   439 E F2FS-fs (sda14): Can't find valid F2FS filesystem in 1th superblock
03-23 03:48:07.004   439   439 I F2FS-fs (sda14): Magic Mismatch, valid(0xf2f52010) - read(0x3836ca56)
03-23 03:48:07.004   439   439 E F2FS-fs (sda14): Can't find valid F2FS filesystem in 2th superblock
12-19 17:26:58.530   439   439 I recovery: type=1400 audit(0.0:896): avc: denied { create } for name="twadbfifo" scontext=u:r:recovery:s0 tcontext=u:object_r:tmpfs:s0 tclass=fifo_file permissive=1
12-19 17:26:58.530   439   439 I recovery: type=1400 audit(0.0:897): avc: denied { read } for name="twadbfifo" dev="tmpfs" ino=654 scontext=u:r:recovery:s0 tcontext=u:object_r:tmpfs:s0 tclass=fifo_file permissive=1
12-19 17:26:58.530   439   439 I recovery: type=1400 audit(0.0:898): avc: denied { open } for path="/tmp/twadbfifo" dev="tmpfs" ino=654 scontext=u:r:recovery:s0 tcontext=u:object_r:tmpfs:s0 tclass=fifo_file permissive=1
12-19 17:26:58.530   439   439 I recovery: type=1400 audit(0.0:899): avc: denied { create } for name="orsin" scontext=u:r:recovery:s0 tcontext=u:object_r:rootfs:s0 tclass=fifo_file permissive=1
12-19 17:26:58.530   439   439 I recovery: type=1400 audit(0.0:900): avc: denied { read } for name="orsin" dev="rootfs" ino=5727 scontext=u:r:recovery:s0 tcontext=u:object_r:rootfs:s0 tclass=fifo_file permissive=1
12-19 17:26:58.530   439   439 I recovery: type=1400 audit(0.0:901): avc: denied { open } for path="/system/bin/orsin" dev="rootfs" ino=5727 scontext=u:r:recovery:s0 tcontext=u:object_r:rootfs:s0 tclass=fifo_file permissive=1
12-19 17:26:58.530   439   439 I recovery: type=1400 audit(0.0:902): avc: denied { search } for name="/" dev="configfs" ino=1076 scontext=u:r:recovery:s0 tcontext=u:object_r:configfs:s0 tclass=dir permissive=1
12-19 17:26:58.530   439   439 I recovery: type=1400 audit(0.0:903): avc: denied { write } for name="g1" dev="configfs" ino=19748 scontext=u:r:recovery:s0 tcontext=u:object_r:configfs:s0 tclass=dir permissive=1
12-19 17:26:58.530   439   439 I recovery: type=1400 audit(0.0:904): avc: denied { add_name } for name="idVendor" scontext=u:r:recovery:s0 tcontext=u:object_r:configfs:s0 tclass=dir permissive=1
12-19 17:26:58.530   439   439 I recovery: type=1400 audit(0.0:905): avc: denied { create } for name="idVendor" scontext=u:r:recovery:s0 tcontext=u:object_r:configfs:s0 tclass=file permissive=1
12-19 17:26:58.530   439   439 I recovery: type=1400 audit(0.0:906): avc: denied { write } for name="idVendor" dev="configfs" ino=22146 scontext=u:r:recovery:s0 tcontext=u:object_r:configfs:s0 tclass=file permissive=1
12-19 17:26:58.530   439   439 I recovery: type=1400 audit(0.0:907): avc: denied { open } for path="/config/usb_gadget/g1/idVendor" dev="configfs" ino=22146 scontext=u:r:recovery:s0 tcontext=u:object_r:configfs:s0 tclass=file permissive=1
12-19 17:26:58.530   439   439 I recovery: type=1400 audit(0.0:908): avc: denied { getattr } for path="/config/usb_gadget/g1/idVendor" dev="configfs" ino=22146 scontext=u:r:recovery:s0 tcontext=u:object_r:configfs:s0 tclass=file permissive=1
03-23 03:48:07.016     1     1 I init    : processing action (sys.usb.config=none && sys.usb.configfs=1) from (/system/etc/init/hw/init.rc:186)
03-23 03:48:07.020     1     1 E dwc3 a600000.dwc3: request 0000000000000000 was not queued to ep0out
03-23 03:48:07.020    92    92 E ssusb-redriver 5-001c: writing reg 0x00 failure
03-23 03:48:07.020   439   439 I F2FS-fs (sda14): Magic Mismatch, valid(0xf2f52010) - read(0x7cbe7bff)
03-23 03:48:07.020   411   411 I         : USB_STATE=DISCONNECTED
03-23 03:48:07.020   439   439 E F2FS-fs (sda14): Can't find valid F2FS filesystem in 1th superblock
03-23 03:48:07.021   439   439 I F2FS-fs (sda14): Magic Mismatch, valid(0xf2f52010) - read(0x3836ca56)
03-23 03:48:07.021   439   439 E F2FS-fs (sda14): Can't find valid F2FS filesystem in 2th superblock
03-23 03:48:07.021   439   439 I F2FS-fs (sda14): Magic Mismatch, valid(0xf2f52010) - read(0x7cbe7bff)
03-23 03:48:07.021   439   439 E F2FS-fs (sda14): Can't find valid F2FS filesystem in 1th superblock
03-23 03:48:07.021   439   439 I F2FS-fs (sda14): Magic Mismatch, valid(0xf2f52010) - read(0x3836ca56)
03-23 03:48:07.021   439   439 E F2FS-fs (sda14): Can't find valid F2FS filesystem in 2th superblock
03-23 03:48:07.021     1     1 I init    : starting service 'adbd'...
03-23 03:48:07.021     1     1 I init    : Created socket '/dev/socket/adbd', mode 660, user 1000, group 1000
03-23 03:48:07.022    92    92 E ssusb-redriver 5-001c: writing reg 0x00 failure
03-23 03:48:07.022     1     1 I init    : Control message: Processed ctl.start for 'adbd' from pid: 439 (/system/bin/recovery)
03-23 03:48:07.022     1     1 I init    : processing action (sys.usb.config=none && sys.usb.configfs=1) from (/init.recovery.usb.rc:74)
03-23 03:48:07.023     1     1 I init    : Command 'write /config/usb_gadget/g1/UDC none' action=sys.usb.config=none && sys.usb.configfs=1 (/init.recovery.usb.rc:75) took 0ms and failed: Unable to write to file '/config/usb_gadget/g1/UDC': Unable to write file contents: No such device
03-23 03:48:07.023     1     1 I init    : Sending signal 9 to service 'adbd' (pid 652) process group...
03-23 03:48:07.028     1     1 I libprocessgroup: Successfully killed process cgroup uid 0 pid 652 in 5ms
03-23 03:48:07.028     1     1 I init    : Service 'adbd' (pid 652) received signal 9
03-23 03:48:07.028     1     1 I init    : Command 'rm /config/usb_gadget/g1/configs/b.1/f1' action=sys.usb.config=none && sys.usb.configfs=1 (/init.recovery.usb.rc:82) took 0ms and failed: unlink() failed: No such file or directory
03-23 03:48:07.028     1     1 I init    : Command 'rm /config/usb_gadget/g1/configs/b.1/f2' action=sys.usb.config=none && sys.usb.configfs=1 (/init.recovery.usb.rc:83) took 0ms and failed: unlink() failed: No such file or directory
03-23 03:48:07.028     1     1 I init    : Command 'rm /config/usb_gadget/g1/configs/b.1/f3' action=sys.usb.config=none && sys.usb.configfs=1 (/init.recovery.usb.rc:84) took 0ms and failed: unlink() failed: No such file or directory
03-23 03:48:07.029     1     1 I init    : processing action (sys.usb.config=mtp,adb && sys.usb.configfs=1) from (/init.recovery.usb.rc:93)
03-23 03:48:07.029     1     1 I init    : starting service 'adbd'...
03-23 03:48:07.029     1     1 I init    : Created socket '/dev/socket/adbd', mode 660, user 1000, group 1000
03-23 03:48:07.030     1     1 I init    : processing action (init.svc.adbd=stopped) from (/init.recovery.usb.rc:87)
03-23 03:48:07.030     1     1 I init    : processing action (init.svc.adbd=stopped) from (/init.recovery.usb.rc:87)
12-19 17:26:58.554   439   439 I ArmToArm64Assembler: generated scanline__00000077:03545401_00000000_00000000 [ 65 ipp] (94 ins) at [0x6ec7455f00:0x6ec7456078] in 21614ns
12-19 17:26:58.554   439   439 I recovery: type=1400 audit(0.0:909): avc: denied { ioctl } for path="/dev/dri/card0" dev="tmpfs" ino=642 ioctlcmd=0x64bc scontext=u:r:recovery:s0 tcontext=u:object_r:device:s0 tclass=chr_file permissive=1
12-19 17:26:58.559   653   653 I adbd    : persist.adb.watchdog set to ''
12-19 17:26:58.559   653   653 I adbd    : persist.sys.test_harness set to ''
12-19 17:26:58.559   653   653 I adbd    : adb watchdog timeout set to 600 seconds
12-19 17:26:58.559   653   655 I adbd    : Waiting for persist.adb.tls_server.enable=1
03-23 03:48:07.039   420   420 I aw9380x_cap 8-0012: [aw9380x_rc_irqscr:3728] i2c read reg: 0xf080, val= 16
03-23 03:48:07.039   420   420 I aw9380x_cap 8-0012: [aw9380x_cap_default_irq_handle:4109] gpio_low_count 0
03-23 03:48:07.039   420   420 I aw9380x_cap 8-0012: [aw9380x_irq_handle_func:4065] IRQSEN = 0x000F0FFF
03-23 03:48:07.039   420   420 I aw9380x_cap 8-0012: [aw9380x_irq_handle_func:4067] IRQSRC = 0x00000010
03-23 03:48:07.040   420   420 I aw9380x_cap 8-0012: [aw9380x_noth_button_key_report:3855] touch0_state Cap 0 Force 0 currentBtn 0
12-19 17:26:58.559   653   653 I adbd    : adbd started
12-19 17:26:58.559   653   657 I adbd    : opening control endpoint /dev/usb-ffs/adb/ep0
03-23 03:48:07.042   657   657 I         : read descriptors
03-23 03:48:07.042   657   657 W         : bcdVersion must be 0x0100, stored in Little Endian order. Userspace driver should be fixed, accepting 0x0001 for compatibility.
03-23 03:48:07.042   657   657 W         : bcdVersion must be 0x0100, stored in Little Endian order. Userspace driver should be fixed, accepting 0x0001 for compatibility.
03-23 03:48:07.042   657   657 I         : read strings
12-19 17:26:58.559   653   657 I adbd    : UsbFfsConnection constructed
03-23 03:48:07.042     1     1 I init    : processing action (sys.usb.config=mtp,adb && sys.usb.configfs=1 && sys.usb.ffs.ready=1) from (/init.recovery.usb.rc:122)
12-19 17:26:58.560   653   658 I adbd    : UsbFfs-monitor thread spawned
03-23 03:48:07.042     1     1 I init    : Command 'rm /config/usb_gadget/g1/configs/b.1/f1' action=sys.usb.config=mtp,adb && sys.usb.configfs=1 && sys.usb.ffs.ready=1 (/init.recovery.usb.rc:124) took 0ms and failed: unlink() failed: No such file or directory
03-23 03:48:07.042     1     1 I init    : Command 'rm /config/usb_gadget/g1/configs/b.1/f2' action=sys.usb.config=mtp,adb && sys.usb.configfs=1 && sys.usb.ffs.ready=1 (/init.recovery.usb.rc:125) took 0ms and failed: unlink() failed: No such file or directory
03-23 03:48:07.042     1     1 E udc a600000.dwc3: failed to start g1: -19
03-23 03:48:07.043     1     1 W UDC core: g1: couldn't find an available UDC or it's busy
03-23 03:48:07.043     1     1 I init    : Command 'write /config/usb_gadget/g1/UDC ${sys.usb.controller}' action=sys.usb.config=mtp,adb && sys.usb.configfs=1 && sys.usb.ffs.ready=1 (/init.recovery.usb.rc:130) took 0ms and failed: Unable to write to file '/config/usb_gadget/g1/UDC': Unable to write file contents: Device or resource busy
03-23 03:48:07.061   420   420 I aw9380x_cap 8-0012: [aw9380x_rc_irqscr:3728] i2c read reg: 0xf080, val= 16
03-23 03:48:07.061   420   420 I aw9380x_cap 8-0012: [aw9380x_cap_default_irq_handle:4109] gpio_low_count 0
03-23 03:48:07.061   420   420 I aw9380x_cap 8-0012: [aw9380x_irq_handle_func:4065] IRQSEN = 0x000F0FFF
03-23 03:48:07.061   420   420 I aw9380x_cap 8-0012: [aw9380x_irq_handle_func:4067] IRQSRC = 0x00000010
03-23 03:48:07.062   420   420 I aw9380x_cap 8-0012: [aw9380x_noth_button_key_report:3855] touch0_state Cap 0 Force 0 currentBtn 0
03-23 03:48:07.103   420   420 I aw9380x_cap 8-0012: [aw9380x_rc_irqscr:3728] i2c read reg: 0xf080, val= 2097168
03-23 03:48:07.103   420   420 I aw9380x_cap 8-0012: [aw9380x_cap_default_irq_handle:4109] gpio_low_count 0
03-23 03:48:07.104   420   420 I aw9380x_cap 8-0012: [aw9380x_irq_handle_func:4065] IRQSEN = 0x000F0FFF
03-23 03:48:07.104   420   420 I aw9380x_cap 8-0012: [aw9380x_irq_handle_func:4067] IRQSRC = 0x00200010
03-23 03:48:07.104   420   420 I aw9380x_cap 8-0012: [aw9380x_noth_button_key_report:3855] touch0_state Cap 0 Force 0 currentBtn 0
03-23 03:48:07.111    10    10 I         : [matrix-leds] write bytes len 4018, ret 0
03-23 03:48:07.125   420   420 I aw9380x_cap 8-0012: [aw9380x_rc_irqscr:3728] i2c read reg: 0xf080, val= 16
03-23 03:48:07.125   420   420 I aw9380x_cap 8-0012: [aw9380x_cap_default_irq_handle:4109] gpio_low_count 0
03-23 03:48:07.126   420   420 I aw9380x_cap 8-0012: [aw9380x_irq_handle_func:4065] IRQSEN = 0x000F0FFF
03-23 03:48:07.126   420   420 I aw9380x_cap 8-0012: [aw9380x_irq_handle_func:4067] IRQSRC = 0x00000010
03-23 03:48:07.126   420   420 I aw9380x_cap 8-0012: [aw9380x_noth_button_key_report:3855] touch0_state Cap 0 Force 0 currentBtn 0
03-23 03:48:07.168   420   420 I aw9380x_cap 8-0012: [aw9380x_rc_irqscr:3728] i2c read reg: 0xf080, val= 2097168
03-23 03:48:07.168   420   420 I aw9380x_cap 8-0012: [aw9380x_cap_default_irq_handle:4109] gpio_low_count 0
03-23 03:48:07.168   420   420 I aw9380x_cap 8-0012: [aw9380x_irq_handle_func:4065] IRQSEN = 0x000F0FFF
03-23 03:48:07.168   420   420 I aw9380x_cap 8-0012: [aw9380x_irq_handle_func:4067] IRQSRC = 0x00200010
03-23 03:48:07.169   420   420 I aw9380x_cap 8-0012: [aw9380x_noth_button_key_report:3855] touch0_state Cap 0 Force 0 currentBtn 0
03-23 03:48:07.190   420   420 I aw9380x_cap 8-0012: [aw9380x_rc_irqscr:3728] i2c read reg: 0xf080, val= 16
03-23 03:48:07.190   420   420 I aw9380x_cap 8-0012: [aw9380x_cap_default_irq_handle:4109] gpio_low_count 0
03-23 03:48:07.190   420   420 I aw9380x_cap 8-0012: [aw9380x_irq_handle_func:4065] IRQSEN = 0x000F0FFF
03-23 03:48:07.190   420   420 I aw9380x_cap 8-0012: [aw9380x_irq_handle_func:4067] IRQSRC = 0x00000010
03-23 03:48:07.191   420   420 I aw9380x_cap 8-0012: [aw9380x_noth_button_key_report:3855] touch0_state Cap 0 Force 0 currentBtn 0
03-23 03:48:07.214    10    10 I         : [matrix-leds] Video data successfully loaded.
03-23 03:48:07.214    10    10 I [matrix-leds] power_ctrl: power_on 0
03-23 03:48:07.215    10    10 I         : [matrix-leds] write bytes len 14, ret 0
03-23 03:48:07.232   420   420 I aw9380x_cap 8-0012: [aw9380x_rc_irqscr:3728] i2c read reg: 0xf080, val= 2097168
03-23 03:48:07.232   420   420 I aw9380x_cap 8-0012: [aw9380x_cap_default_irq_handle:4109] gpio_low_count 0
03-23 03:48:07.233   420   420 I aw9380x_cap 8-0012: [aw9380x_irq_handle_func:4065] IRQSEN = 0x000F0FFF
03-23 03:48:07.233   420   420 I aw9380x_cap 8-0012: [aw9380x_irq_handle_func:4067] IRQSRC = 0x00200010
03-23 03:48:07.233   420   420 I aw9380x_cap 8-0012: [aw9380x_noth_button_key_report:3855] touch0_state Cap 0 Force 0 currentBtn 0
03-23 03:48:07.248     1     1 E init    : Could not restart process 'vendor.qti.vibrator': Cannot find '/vendor/bin/hw/vendor.qti.hardware.vibrator.service': No such file or directory
03-23 03:48:07.254   420   420 I aw9380x_cap 8-0012: [aw9380x_rc_irqscr:3728] i2c read reg: 0xf080, val= 16
03-23 03:48:07.254   420   420 I aw9380x_cap 8-0012: [aw9380x_cap_default_irq_handle:4109] gpio_low_count 0
03-23 03:48:07.255   420   420 I aw9380x_cap 8-0012: [aw9380x_irq_handle_func:4065] IRQSEN = 0x000F0FFF
03-23 03:48:07.255   420   420 I aw9380x_cap 8-0012: [aw9380x_irq_handle_func:4067] IRQSRC = 0x00000010
03-23 03:48:07.255   420   420 I aw9380x_cap 8-0012: [aw9380x_noth_button_key_report:3855] touch0_state Cap 0 Force 0 currentBtn 0
03-23 03:48:07.297   420   420 I aw9380x_cap 8-0012: [aw9380x_rc_irqscr:3728] i2c read reg: 0xf080, val= 2097168
03-23 03:48:07.297   420   420 I aw9380x_cap 8-0012: [aw9380x_cap_default_irq_handle:4109] gpio_low_count 0
03-23 03:48:07.297   420   420 I aw9380x_cap 8-0012: [aw9380x_irq_handle_func:4065] IRQSEN = 0x000F0FFF
03-23 03:48:07.297   420   420 I aw9380x_cap 8-0012: [aw9380x_irq_handle_func:4067] IRQSRC = 0x00200010
03-23 03:48:07.298   420   420 I aw9380x_cap 8-0012: [aw9380x_noth_button_key_report:3855] touch0_state Cap 0 Force 0 currentBtn 0
03-23 03:48:07.319   420   420 I aw9380x_cap 8-0012: [aw9380x_rc_irqscr:3728] i2c read reg: 0xf080, val= 16
03-23 03:48:07.319   420   420 I aw9380x_cap 8-0012: [aw9380x_cap_default_irq_handle:4109] gpio_low_count 0
03-23 03:48:07.319   420   420 I aw9380x_cap 8-0012: [aw9380x_irq_handle_func:4065] IRQSEN = 0x000F0FFF
03-23 03:48:07.319   420   420 I aw9380x_cap 8-0012: [aw9380x_irq_handle_func:4067] IRQSRC = 0x00000010
03-23 03:48:07.320   420   420 I aw9380x_cap 8-0012: [aw9380x_noth_button_key_report:3855] touch0_state Cap 0 Force 0 currentBtn 0
03-23 03:48:07.361   420   420 I aw9380x_cap 8-0012: [aw9380x_rc_irqscr:3728] i2c read reg: 0xf080, val= 2097168
03-23 03:48:07.361   420   420 I aw9380x_cap 8-0012: [aw9380x_cap_default_irq_handle:4109] gpio_low_count 0
03-23 03:48:07.362   420   420 I aw9380x_cap 8-0012: [aw9380x_irq_handle_func:4065] IRQSEN = 0x000F0FFF
03-23 03:48:07.362   420   420 I aw9380x_cap 8-0012: [aw9380x_irq_handle_func:4067] IRQSRC = 0x00200010
03-23 03:48:07.362   420   420 I aw9380x_cap 8-0012: [aw9380x_noth_button_key_report:3855] touch0_state Cap 0 Force 0 currentBtn 0
03-23 03:48:07.384   420   420 I aw9380x_cap 8-0012: [aw9380x_rc_irqscr:3728] i2c read reg: 0xf080, val= 16
03-23 03:48:07.384   420   420 I aw9380x_cap 8-0012: [aw9380x_cap_default_irq_handle:4109] gpio_low_count 0
03-23 03:48:07.384   420   420 I aw9380x_cap 8-0012: [aw9380x_irq_handle_func:4065] IRQSEN = 0x000F0FFF
03-23 03:48:07.384   420   420 I aw9380x_cap 8-0012: [aw9380x_irq_handle_func:4067] IRQSRC = 0x00000010
03-23 03:48:07.384   420   420 I aw9380x_cap 8-0012: [aw9380x_noth_button_key_report:3855] touch0_state Cap 0 Force 0 currentBtn 0
03-23 03:48:07.426   420   420 I aw9380x_cap 8-0012: [aw9380x_rc_irqscr:3728] i2c read reg: 0xf080, val= 2097168
03-23 03:48:07.426   420   420 I aw9380x_cap 8-0012: [aw9380x_cap_default_irq_handle:4109] gpio_low_count 0
03-23 03:48:07.426   420   420 I aw9380x_cap 8-0012: [aw9380x_irq_handle_func:4065] IRQSEN = 0x000F0FFF
03-23 03:48:07.426   420   420 I aw9380x_cap 8-0012: [aw9380x_irq_handle_func:4067] IRQSRC = 0x00200010
03-23 03:48:07.427   420   420 I aw9380x_cap 8-0012: [aw9380x_noth_button_key_report:3855] touch0_state Cap 0 Force 0 currentBtn 0
03-23 03:48:07.448   420   420 I aw9380x_cap 8-0012: [aw9380x_rc_irqscr:3728] i2c read reg: 0xf080, val= 16
03-23 03:48:07.448   420   420 I aw9380x_cap 8-0012: [aw9380x_cap_default_irq_handle:4109] gpio_low_count 0
03-23 03:48:07.448   420   420 I aw9380x_cap 8-0012: [aw9380x_irq_handle_func:4065] IRQSEN = 0x000F0FFF
03-23 03:48:07.448   420   420 I aw9380x_cap 8-0012: [aw9380x_irq_handle_func:4067] IRQSRC = 0x00000010
03-23 03:48:07.449   420   420 I aw9380x_cap 8-0012: [aw9380x_noth_button_key_report:3855] touch0_state Cap 0 Force 0 currentBtn 0
03-23 03:48:07.491   420   420 I aw9380x_cap 8-0012: [aw9380x_rc_irqscr:3728] i2c read reg: 0xf080, val= 2097168
03-23 03:48:07.491   420   420 I aw9380x_cap 8-0012: [aw9380x_cap_default_irq_handle:4109] gpio_low_count 0
03-23 03:48:07.491   420   420 I aw9380x_cap 8-0012: [aw9380x_irq_handle_func:4065] IRQSEN = 0x000F0FFF
03-23 03:48:07.491   420   420 I aw9380x_cap 8-0012: [aw9380x_irq_handle_func:4067] IRQSRC = 0x00200010
03-23 03:48:07.491   420   420 I aw9380x_cap 8-0012: [aw9380x_noth_button_key_report:3855] touch0_state Cap 0 Force 0 currentBtn 0
03-23 03:48:07.513   420   420 I aw9380x_cap 8-0012: [aw9380x_rc_irqscr:3728] i2c read reg: 0xf080, val= 16
03-23 03:48:07.513   420   420 I aw9380x_cap 8-0012: [aw9380x_cap_default_irq_handle:4109] gpio_low_count 0
03-23 03:48:07.513   420   420 I aw9380x_cap 8-0012: [aw9380x_irq_handle_func:4065] IRQSEN = 0x000F0FFF
03-23 03:48:07.513   420   420 I aw9380x_cap 8-0012: [aw9380x_irq_handle_func:4067] IRQSRC = 0x00000010
03-23 03:48:07.513   420   420 I aw9380x_cap 8-0012: [aw9380x_noth_button_key_report:3855] touch0_state Cap 0 Force 0 currentBtn 0
12-19 17:26:59.065   439   439 W ProcessState: Not able to get context object on /dev/binder.
12-19 17:26:59.065   439   439 E ServiceManager: Waiting 1s on context object on /dev/binder.
03-23 03:48:07.547   481   481 D [FTS_TS]fts_input_report_b: [B]P0(554, 2570)[p:63,tm:6] DOWN!
03-23 03:48:07.547   439   439 I binder  : 439:439 cannot find target node
03-23 03:48:07.547   439   439 I binder  : 439:439 transaction call to 0:0 failed 20/29189/-22, code 1599098439 size 0-0 line 3348
03-23 03:48:07.555   420   420 I aw9380x_cap 8-0012: [aw9380x_rc_irqscr:3728] i2c read reg: 0xf080, val= 16
03-23 03:48:07.555   420   420 I aw9380x_cap 8-0012: [aw9380x_cap_default_irq_handle:4109] gpio_low_count 0
03-23 03:48:07.555   420   420 I aw9380x_cap 8-0012: [aw9380x_irq_handle_func:4065] IRQSEN = 0x000F0FFF
03-23 03:48:07.555   420   420 I aw9380x_cap 8-0012: [aw9380x_irq_handle_func:4067] IRQSRC = 0x00000010
03-23 03:48:07.556   420   420 I aw9380x_cap 8-0012: [aw9380x_noth_button_key_report:3855] touch0_state Cap 0 Force 0 currentBtn 0
03-23 03:48:07.577   420   420 I aw9380x_cap 8-0012: [aw9380x_rc_irqscr:3728] i2c read reg: 0xf080, val= 16
03-23 03:48:07.577   420   420 I aw9380x_cap 8-0012: [aw9380x_cap_default_irq_handle:4109] gpio_low_count 0
03-23 03:48:07.577   420   420 I aw9380x_cap 8-0012: [aw9380x_irq_handle_func:4065] IRQSEN = 0x000F0FFF
03-23 03:48:07.577   420   420 I aw9380x_cap 8-0012: [aw9380x_irq_handle_func:4067] IRQSRC = 0x00000010
03-23 03:48:07.578   420   420 I aw9380x_cap 8-0012: [aw9380x_noth_button_key_report:3855] touch0_state Cap 0 Force 0 currentBtn 0
03-23 03:48:07.620   420   420 I aw9380x_cap 8-0012: [aw9380x_rc_irqscr:3728] i2c read reg: 0xf080, val= 16
03-23 03:48:07.620   420   420 I aw9380x_cap 8-0012: [aw9380x_cap_default_irq_handle:4109] gpio_low_count 0
03-23 03:48:07.620   420   420 I aw9380x_cap 8-0012: [aw9380x_irq_handle_func:4065] IRQSEN = 0x000F0FFF
03-23 03:48:07.620   420   420 I aw9380x_cap 8-0012: [aw9380x_irq_handle_func:4067] IRQSRC = 0x00000010
03-23 03:48:07.620   420   420 I aw9380x_cap 8-0012: [aw9380x_noth_button_key_report:3855] touch0_state Cap 0 Force 0 currentBtn 0
03-23 03:48:07.642   420   420 I aw9380x_cap 8-0012: [aw9380x_rc_irqscr:3728] i2c read reg: 0xf080, val= 16
03-23 03:48:07.642   420   420 I aw9380x_cap 8-0012: [aw9380x_cap_default_irq_handle:4109] gpio_low_count 0
03-23 03:48:07.642   420   420 I aw9380x_cap 8-0012: [aw9380x_irq_handle_func:4065] IRQSEN = 0x000F0FFF
03-23 03:48:07.642   420   420 I aw9380x_cap 8-0012: [aw9380x_irq_handle_func:4067] IRQSRC = 0x00000010
03-23 03:48:07.642   420   420 I aw9380x_cap 8-0012: [aw9380x_noth_button_key_report:3855] touch0_state Cap 0 Force 0 currentBtn 0
03-23 03:48:07.684   420   420 I aw9380x_cap 8-0012: [aw9380x_rc_irqscr:3728] i2c read reg: 0xf080, val= 2097168
03-23 03:48:07.684   420   420 I aw9380x_cap 8-0012: [aw9380x_cap_default_irq_handle:4109] gpio_low_count 0
03-23 03:48:07.684   420   420 I aw9380x_cap 8-0012: [aw9380x_irq_handle_func:4065] IRQSEN = 0x000F0FFF
03-23 03:48:07.684   420   420 I aw9380x_cap 8-0012: [aw9380x_irq_handle_func:4067] IRQSRC = 0x00200010
03-23 03:48:07.685   420   420 I aw9380x_cap 8-0012: [aw9380x_noth_button_key_report:3855] touch0_state Cap 0 Force 0 currentBtn 0
03-23 03:48:07.689   481   481 D [FTS_TS]fts_input_report_b: [B]P0 UP!
03-23 03:48:07.689   481   481 D [FTS_TS]fts_input_report_b: [B]Points All Up!
03-23 03:48:07.706   420   420 I aw9380x_cap 8-0012: [aw9380x_rc_irqscr:3728] i2c read reg: 0xf080, val= 16
03-23 03:48:07.706   420   420 I aw9380x_cap 8-0012: [aw9380x_cap_default_irq_handle:4109] gpio_low_count 0
03-23 03:48:07.706   420   420 I aw9380x_cap 8-0012: [aw9380x_irq_handle_func:4065] IRQSEN = 0x000F0FFF
03-23 03:48:07.706   420   420 I aw9380x_cap 8-0012: [aw9380x_irq_handle_func:4067] IRQSRC = 0x00000010
03-23 03:48:07.707   420   420 I aw9380x_cap 8-0012: [aw9380x_noth_button_key_report:3855] touch0_state Cap 0 Force 0 currentBtn 0
03-23 03:48:07.749   420   420 I aw9380x_cap 8-0012: [aw9380x_rc_irqscr:3728] i2c read reg: 0xf080, val= 16
03-23 03:48:07.749   420   420 I aw9380x_cap 8-0012: [aw9380x_cap_default_irq_handle:4109] gpio_low_count 0
03-23 03:48:07.749   420   420 I aw9380x_cap 8-0012: [aw9380x_irq_handle_func:4065] IRQSEN = 0x000F0FFF
03-23 03:48:07.749   420   420 I aw9380x_cap 8-0012: [aw9380x_irq_handle_func:4067] IRQSRC = 0x00000010
03-23 03:48:07.749   420   420 I aw9380x_cap 8-0012: [aw9380x_noth_button_key_report:3855] touch0_state Cap 0 Force 0 currentBtn 0
03-23 03:48:07.771   420   420 I aw9380x_cap 8-0012: [aw9380x_rc_irqscr:3728] i2c read reg: 0xf080, val= 16
03-23 03:48:07.771   420   420 I aw9380x_cap 8-0012: [aw9380x_cap_default_irq_handle:4109] gpio_low_count 0
03-23 03:48:07.771   420   420 I aw9380x_cap 8-0012: [aw9380x_irq_handle_func:4065] IRQSEN = 0x000F0FFF
03-23 03:48:07.771   420   420 I aw9380x_cap 8-0012: [aw9380x_irq_handle_func:4067] IRQSRC = 0x00000010
03-23 03:48:07.771   420   420 I aw9380x_cap 8-0012: [aw9380x_noth_button_key_report:3855] touch0_state Cap 0 Force 0 currentBtn 0
03-23 03:48:07.813   420   420 I aw9380x_cap 8-0012: [aw9380x_rc_irqscr:3728] i2c read reg: 0xf080, val= 2097168
03-23 03:48:07.813   420   420 I aw9380x_cap 8-0012: [aw9380x_cap_default_irq_handle:4109] gpio_low_count 0
03-23 03:48:07.813   420   420 I aw9380x_cap 8-0012: [aw9380x_irq_handle_func:4065] IRQSEN = 0x000F0FFF
03-23 03:48:07.813   420   420 I aw9380x_cap 8-0012: [aw9380x_irq_handle_func:4067] IRQSRC = 0x00200010
03-23 03:48:07.814   420   420 I aw9380x_cap 8-0012: [aw9380x_noth_button_key_report:3855] touch0_state Cap 0 Force 0 currentBtn 0
03-23 03:48:07.817   650   650 I         : read descriptors
03-23 03:48:07.817   650   650 W         : bcdVersion must be 0x0100, stored in Little Endian order. Userspace driver should be fixed, accepting 0x0001 for compatibility.
03-23 03:48:07.817   650   650 I         : read strings
03-23 03:48:07.835   420   420 I aw9380x_cap 8-0012: [aw9380x_rc_irqscr:3728] i2c read reg: 0xf080, val= 16
03-23 03:48:07.835   420   420 I aw9380x_cap 8-0012: [aw9380x_cap_default_irq_handle:4109] gpio_low_count 0
03-23 03:48:07.835   420   420 I aw9380x_cap 8-0012: [aw9380x_irq_handle_func:4065] IRQSEN = 0x000F0FFF
03-23 03:48:07.835   420   420 I aw9380x_cap 8-0012: [aw9380x_irq_handle_func:4067] IRQSRC = 0x00000010
03-23 03:48:07.836   420   420 I aw9380x_cap 8-0012: [aw9380x_noth_button_key_report:3855] touch0_state Cap 0 Force 0 currentBtn 0
03-23 03:48:07.878   420   420 I aw9380x_cap 8-0012: [aw9380x_rc_irqscr:3728] i2c read reg: 0xf080, val= 2097168
03-23 03:48:07.878   420   420 I aw9380x_cap 8-0012: [aw9380x_cap_default_irq_handle:4109] gpio_low_count 0
03-23 03:48:07.878   420   420 I aw9380x_cap 8-0012: [aw9380x_irq_handle_func:4065] IRQSEN = 0x000F0FFF
03-23 03:48:07.878   420   420 I aw9380x_cap 8-0012: [aw9380x_irq_handle_func:4067] IRQSRC = 0x00200010
03-23 03:48:07.878   420   420 I aw9380x_cap 8-0012: [aw9380x_noth_button_key_report:3855] touch0_state Cap 0 Force 0 currentBtn 0
03-23 03:48:07.900   420   420 I aw9380x_cap 8-0012: [aw9380x_rc_irqscr:3728] i2c read reg: 0xf080, val= 16
03-23 03:48:07.900   420   420 I aw9380x_cap 8-0012: [aw9380x_cap_default_irq_handle:4109] gpio_low_count 0
03-23 03:48:07.900   420   420 I aw9380x_cap 8-0012: [aw9380x_irq_handle_func:4065] IRQSEN = 0x000F0FFF
03-23 03:48:07.900   420   420 I aw9380x_cap 8-0012: [aw9380x_irq_handle_func:4067] IRQSRC = 0x00000010
03-23 03:48:07.900   420   420 I aw9380x_cap 8-0012: [aw9380x_noth_button_key_report:3855] touch0_state Cap 0 Force 0 currentBtn 0
03-23 03:48:07.942   420   420 I aw9380x_cap 8-0012: [aw9380x_rc_irqscr:3728] i2c read reg: 0xf080, val= 16
03-23 03:48:07.942   420   420 I aw9380x_cap 8-0012: [aw9380x_cap_default_irq_handle:4109] gpio_low_count 0
03-23 03:48:07.942   420   420 I aw9380x_cap 8-0012: [aw9380x_irq_handle_func:4065] IRQSEN = 0x000F0FFF
03-23 03:48:07.942   420   420 I aw9380x_cap 8-0012: [aw9380x_irq_handle_func:4067] IRQSRC = 0x00000010
03-23 03:48:07.943   420   420 I aw9380x_cap 8-0012: [aw9380x_noth_button_key_report:3855] touch0_state Cap 0 Force 0 currentBtn 0
03-23 03:48:07.964   420   420 I aw9380x_cap 8-0012: [aw9380x_rc_irqscr:3728] i2c read reg: 0xf080, val= 16
03-23 03:48:07.964   420   420 I aw9380x_cap 8-0012: [aw9380x_cap_default_irq_handle:4109] gpio_low_count 0
03-23 03:48:07.964   420   420 I aw9380x_cap 8-0012: [aw9380x_irq_handle_func:4065] IRQSEN = 0x000F0FFF
03-23 03:48:07.964   420   420 I aw9380x_cap 8-0012: [aw9380x_irq_handle_func:4067] IRQSRC = 0x00000010
03-23 03:48:07.965   420   420 I aw9380x_cap 8-0012: [aw9380x_noth_button_key_report:3855] touch0_state Cap 0 Force 0 currentBtn 0
03-23 03:48:07.999   481   481 D [FTS_TS]fts_input_report_b: [B]P0(540, 2562)[p:63,tm:5] DOWN!
03-23 03:48:08.007   420   420 I aw9380x_cap 8-0012: [aw9380x_rc_irqscr:3728] i2c read reg: 0xf080, val= 2097168
03-23 03:48:08.007   420   420 I aw9380x_cap 8-0012: [aw9380x_cap_default_irq_handle:4109] gpio_low_count 0
03-23 03:48:08.007   420   420 I aw9380x_cap 8-0012: [aw9380x_irq_handle_func:4065] IRQSEN = 0x000F0FFF
03-23 03:48:08.007   420   420 I aw9380x_cap 8-0012: [aw9380x_irq_handle_func:4067] IRQSRC = 0x00200010
03-23 03:48:08.007   420   420 I aw9380x_cap 8-0012: [aw9380x_noth_button_key_report:3855] touch0_state Cap 0 Force 0 currentBtn 0
03-23 03:48:08.029   420   420 I aw9380x_cap 8-0012: [aw9380x_rc_irqscr:3728] i2c read reg: 0xf080, val= 16
03-23 03:48:08.029   420   420 I aw9380x_cap 8-0012: [aw9380x_cap_default_irq_handle:4109] gpio_low_count 0
03-23 03:48:08.029   420   420 I aw9380x_cap 8-0012: [aw9380x_irq_handle_func:4065] IRQSEN = 0x000F0FFF
03-23 03:48:08.029   420   420 I aw9380x_cap 8-0012: [aw9380x_irq_handle_func:4067] IRQSRC = 0x00000010
03-23 03:48:08.029   420   420 I aw9380x_cap 8-0012: [aw9380x_noth_button_key_report:3855] touch0_state Cap 0 Force 0 currentBtn 0
12-19 17:26:59.561   653   658 W adbd    : timed out while waiting for FUNCTIONFS_BIND, trying again
12-19 17:26:59.561   653   658 I adbd    : UsbFfs: connection terminated: monitor thread finished
12-19 17:26:59.561   653   653 I adbd    : UsbFfs: already offline
12-19 17:26:59.561   653   653 I adbd    : destroying transport UsbFfs
12-19 17:26:59.561   653   653 I adbd    : UsbFfsConnection being destroyed
12-19 17:26:59.579   653   657 I adbd    : opening control endpoint /dev/usb-ffs/adb/ep0
12-19 17:26:59.580   653   657 I adbd    : UsbFfsConnection constructed
12-19 17:26:59.580   653   660 I adbd    : UsbFfs-monitor thread spawned
12-19 17:26:59.580   653   660 I adbd    : USB event: FUNCTIONFS_BIND
03-23 03:48:08.062   657   657 I         : read descriptors
03-23 03:48:08.062   657   657 W         : bcdVersion must be 0x0100, stored in Little Endian order. Userspace driver should be fixed, accepting 0x0001 for compatibility.
03-23 03:48:08.062   657   657 W         : bcdVersion must be 0x0100, stored in Little Endian order. Userspace driver should be fixed, accepting 0x0001 for compatibility.
03-23 03:48:08.062   657   657 I         : read strings
