12-19 17:05:46.654   444   444 I recovery: type=1400 audit(0.0:413): avc: denied { open } for path="/dev/__properties__/u:object_r:nnapi_ext_deny_product_prop:s0" dev="tmpfs" ino=218 scontext=u:r:recovery:s0 tcontext=u:object_r:nnapi_ext_deny_product_prop:s0 tclass=file permissive=1
12-19 17:05:46.654   444   444 I recovery: type=1400 audit(0.0:414): avc: denied { getattr } for path="/dev/__properties__/u:object_r:nnapi_ext_deny_product_prop:s0" dev="tmpfs" ino=218 scontext=u:r:recovery:s0 tcontext=u:object_r:nnapi_ext_deny_product_prop:s0 tclass=file permissive=1
12-19 17:05:46.654   444   444 I recovery: type=1400 audit(0.0:415): avc: denied { map } for path="/dev/__properties__/u:object_r:nnapi_ext_deny_product_prop:s0" dev="tmpfs" ino=218 scontext=u:r:recovery:s0 tcontext=u:object_r:nnapi_ext_deny_product_prop:s0 tclass=file permissive=1
12-19 17:05:46.654   444   444 I recovery: type=1400 audit(0.0:416): avc: denied { open } for path="/dev/__properties__/u:object_r:odsign_prop:s0" dev="tmpfs" ino=219 scontext=u:r:recovery:s0 tcontext=u:object_r:odsign_prop:s0 tclass=file permissive=1
12-19 17:05:46.654   444   444 I recovery: type=1400 audit(0.0:417): avc: denied { getattr } for path="/dev/__properties__/u:object_r:odsign_prop:s0" dev="tmpfs" ino=219 scontext=u:r:recovery:s0 tcontext=u:object_r:odsign_prop:s0 tclass=file permissive=1
12-19 17:05:46.654   444   444 I recovery: type=1400 audit(0.0:418): avc: denied { map } for path="/dev/__properties__/u:object_r:odsign_prop:s0" dev="tmpfs" ino=219 scontext=u:r:recovery:s0 tcontext=u:object_r:odsign_prop:s0 tclass=file permissive=1
12-19 17:05:46.654   444   444 I recovery: type=1400 audit(0.0:419): avc: denied { open } for path="/dev/__properties__/u:object_r:oem_unlock_prop:s0" dev="tmpfs" ino=220 scontext=u:r:recovery:s0 tcontext=u:object_r:oem_unlock_prop:s0 tclass=file permissive=1
12-19 17:05:46.654   444   444 I recovery: type=1400 audit(0.0:420): avc: denied { getattr } for path="/dev/__properties__/u:object_r:oem_unlock_prop:s0" dev="tmpfs" ino=220 scontext=u:r:recovery:s0 tcontext=u:object_r:oem_unlock_prop:s0 tclass=file permissive=1
12-19 17:05:46.654   444   444 I recovery: type=1400 audit(0.0:421): avc: denied { map } for path="/dev/__properties__/u:object_r:oem_unlock_prop:s0" dev="tmpfs" ino=220 scontext=u:r:recovery:s0 tcontext=u:object_r:oem_unlock_prop:s0 tclass=file permissive=1
12-19 17:05:46.654   444   444 I recovery: type=1400 audit(0.0:422): avc: denied { open } for path="/dev/__properties__/u:object_r:overlay_prop:s0" dev="tmpfs" ino=222 scontext=u:r:recovery:s0 tcontext=u:object_r:overlay_prop:s0 tclass=file permissive=1
12-19 17:05:46.654   444   444 I recovery: type=1400 audit(0.0:423): avc: denied { getattr } for path="/dev/__properties__/u:object_r:overlay_prop:s0" dev="tmpfs" ino=222 scontext=u:r:recovery:s0 tcontext=u:object_r:overlay_prop:s0 tclass=file permissive=1
12-19 17:05:46.654   444   444 I recovery: type=1400 audit(0.0:424): avc: denied { map } for path="/dev/__properties__/u:object_r:overlay_prop:s0" dev="tmpfs" ino=222 scontext=u:r:recovery:s0 tcontext=u:object_r:overlay_prop:s0 tclass=file permissive=1
12-19 17:05:46.654   444   444 I recovery: type=1400 audit(0.0:425): avc: denied { open } for path="/dev/__properties__/u:object_r:packagemanager_config_prop:s0" dev="tmpfs" ino=223 scontext=u:r:recovery:s0 tcontext=u:object_r:packagemanager_config_prop:s0 tclass=file permissive=1
12-19 17:05:46.654   444   444 I recovery: type=1400 audit(0.0:426): avc: denied { getattr } for path="/dev/__properties__/u:object_r:packagemanager_config_prop:s0" dev="tmpfs" ino=223 scontext=u:r:recovery:s0 tcontext=u:object_r:packagemanager_config_prop:s0 tclass=file permissive=1
12-19 17:05:46.654   444   444 I recovery: type=1400 audit(0.0:427): avc: denied { map } for path="/dev/__properties__/u:object_r:packagemanager_config_prop:s0" dev="tmpfs" ino=223 scontext=u:r:recovery:s0 tcontext=u:object_r:packagemanager_config_prop:s0 tclass=file permissive=1
12-19 17:05:46.654   444   444 I recovery: type=1400 audit(0.0:428): avc: denied { open } for path="/dev/__properties__/u:object_r:perf_drop_caches_prop:s0" dev="tmpfs" ino=225 scontext=u:r:recovery:s0 tcontext=u:object_r:perf_drop_caches_prop:s0 tclass=file permissive=1
12-19 17:05:46.654   444   444 I recovery: type=1400 audit(0.0:429): avc: denied { getattr } for path="/dev/__properties__/u:object_r:perf_drop_caches_prop:s0" dev="tmpfs" ino=225 scontext=u:r:recovery:s0 tcontext=u:object_r:perf_drop_caches_prop:s0 tclass=file permissive=1
12-19 17:05:46.654   444   444 I recovery: type=1400 audit(0.0:430): avc: denied { map } for path="/dev/__properties__/u:object_r:perf_drop_caches_prop:s0" dev="tmpfs" ino=225 scontext=u:r:recovery:s0 tcontext=u:object_r:perf_drop_caches_prop:s0 tclass=file permissive=1
12-19 17:05:46.654   444   444 I recovery: type=1400 audit(0.0:431): avc: denied { open } for path="/dev/__properties__/u:object_r:persist_vendor_debug_wifi_prop:s0" dev="tmpfs" ino=227 scontext=u:r:recovery:s0 tcontext=u:object_r:persist_vendor_debug_wifi_prop:s0 tclass=file permissive=1
12-19 17:05:46.654   444   444 I recovery: type=1400 audit(0.0:432): avc: denied { getattr } for path="/dev/__properties__/u:object_r:persist_vendor_debug_wifi_prop:s0" dev="tmpfs" ino=227 scontext=u:r:recovery:s0 tcontext=u:object_r:persist_vendor_debug_wifi_prop:s0 tclass=file permissive=1
12-19 17:05:46.654   444   444 I recovery: type=1400 audit(0.0:433): avc: denied { map } for path="/dev/__properties__/u:object_r:persist_vendor_debug_wifi_prop:s0" dev="tmpfs" ino=227 scontext=u:r:recovery:s0 tcontext=u:object_r:persist_vendor_debug_wifi_prop:s0 tclass=file permissive=1
12-19 17:05:46.654   444   444 I recovery: type=1400 audit(0.0:434): avc: denied { open } for path="/dev/__properties__/u:object_r:persistent_properties_ready_prop:s0" dev="tmpfs" ino=228 scontext=u:r:recovery:s0 tcontext=u:object_r:persistent_properties_ready_prop:s0 tclass=file permissive=1
12-19 17:05:46.654   444   444 I recovery: type=1400 audit(0.0:435): avc: denied { getattr } for path="/dev/__properties__/u:object_r:persistent_properties_ready_prop:s0" dev="tmpfs" ino=228 scontext=u:r:recovery:s0 tcontext=u:object_r:persistent_properties_ready_prop:s0 tclass=file permissive=1
12-19 17:05:46.654   444   444 I recovery: type=1400 audit(0.0:436): avc: denied { map } for path="/dev/__properties__/u:object_r:persistent_properties_ready_prop:s0" dev="tmpfs" ino=228 scontext=u:r:recovery:s0 tcontext=u:object_r:persistent_properties_ready_prop:s0 tclass=file permissive=1
12-19 17:05:46.654   444   444 I recovery: type=1400 audit(0.0:437): avc: denied { open } for path="/dev/__properties__/u:object_r:power_debug_prop:s0" dev="tmpfs" ino=230 scontext=u:r:recovery:s0 tcontext=u:object_r:power_debug_prop:s0 tclass=file permissive=1
12-19 17:05:46.654   444   444 I recovery: type=1400 audit(0.0:438): avc: denied { getattr } for path="/dev/__properties__/u:object_r:power_debug_prop:s0" dev="tmpfs" ino=230 scontext=u:r:recovery:s0 tcontext=u:object_r:power_debug_prop:s0 tclass=file permissive=1
12-19 17:05:46.654   444   444 I recovery: type=1400 audit(0.0:439): avc: denied { map } for path="/dev/__properties__/u:object_r:power_debug_prop:s0" dev="tmpfs" ino=230 scontext=u:r:recovery:s0 tcontext=u:object_r:power_debug_prop:s0 tclass=file permissive=1
12-19 17:05:46.654   444   444 I recovery: type=1400 audit(0.0:440): avc: denied { open } for path="/dev/__properties__/u:object_r:profcollectd_node_id_prop:s0" dev="tmpfs" ino=232 scontext=u:r:recovery:s0 tcontext=u:object_r:profcollectd_node_id_prop:s0 tclass=file permissive=1
12-19 17:05:46.654   444   444 I recovery: type=1400 audit(0.0:441): avc: denied { getattr } for path="/dev/__properties__/u:object_r:profcollectd_node_id_prop:s0" dev="tmpfs" ino=232 scontext=u:r:recovery:s0 tcontext=u:object_r:profcollectd_node_id_prop:s0 tclass=file permissive=1
12-19 17:05:46.654   444   444 I recovery: type=1400 audit(0.0:442): avc: denied { map } for path="/dev/__properties__/u:object_r:profcollectd_node_id_prop:s0" dev="tmpfs" ino=232 scontext=u:r:recovery:s0 tcontext=u:object_r:profcollectd_node_id_prop:s0 tclass=file permissive=1
12-19 17:05:46.654   444   444 I recovery: type=1400 audit(0.0:443): avc: denied { open } for path="/dev/__properties__/u:object_r:provisioned_prop:s0" dev="tmpfs" ino=234 scontext=u:r:recovery:s0 tcontext=u:object_r:provisioned_prop:s0 tclass=file permissive=1
12-19 17:05:46.654   444   444 I recovery: type=1400 audit(0.0:444): avc: denied { getattr } for path="/dev/__properties__/u:object_r:provisioned_prop:s0" dev="tmpfs" ino=234 scontext=u:r:recovery:s0 tcontext=u:object_r:provisioned_prop:s0 tclass=file permissive=1
12-19 17:05:46.654   444   444 I recovery: type=1400 audit(0.0:445): avc: denied { map } for path="/dev/__properties__/u:object_r:provisioned_prop:s0" dev="tmpfs" ino=234 scontext=u:r:recovery:s0 tcontext=u:object_r:provisioned_prop:s0 tclass=file permissive=1
12-19 17:05:46.654   444   444 I recovery: type=1400 audit(0.0:446): avc: denied { open } for path="/dev/__properties__/u:object_r:qemu_hw_prop:s0" dev="tmpfs" ino=235 scontext=u:r:recovery:s0 tcontext=u:object_r:qemu_hw_prop:s0 tclass=file permissive=1
12-19 17:05:46.654   444   444 I recovery: type=1400 audit(0.0:447): avc: denied { getattr } for path="/dev/__properties__/u:object_r:qemu_hw_prop:s0" dev="tmpfs" ino=235 scontext=u:r:recovery:s0 tcontext=u:object_r:qemu_hw_prop:s0 tclass=file permissive=1
12-19 17:05:46.654   444   444 I recovery: type=1400 audit(0.0:448): avc: denied { map } for path="/dev/__properties__/u:object_r:qemu_hw_prop:s0" dev="tmpfs" ino=235 scontext=u:r:recovery:s0 tcontext=u:object_r:qemu_hw_prop:s0 tclass=file permissive=1
12-19 17:05:46.654   444   444 I recovery: type=1400 audit(0.0:449): avc: denied { open } for path="/dev/__properties__/u:object_r:qemu_sf_lcd_density_prop:s0" dev="tmpfs" ino=236 scontext=u:r:recovery:s0 tcontext=u:object_r:qemu_sf_lcd_density_prop:s0 tclass=file permissive=1
12-19 17:05:46.654   444   444 I recovery: type=1400 audit(0.0:450): avc: denied { getattr } for path="/dev/__properties__/u:object_r:qemu_sf_lcd_density_prop:s0" dev="tmpfs" ino=236 scontext=u:r:recovery:s0 tcontext=u:object_r:qemu_sf_lcd_density_prop:s0 tclass=file permissive=1
12-19 17:05:46.654   444   444 I recovery: type=1400 audit(0.0:451): avc: denied { map } for path="/dev/__properties__/u:object_r:qemu_sf_lcd_density_prop:s0" dev="tmpfs" ino=236 scontext=u:r:recovery:s0 tcontext=u:object_r:qemu_sf_lcd_density_prop:s0 tclass=file permissive=1
12-19 17:05:46.654   444   444 I recovery: type=1400 audit(0.0:452): avc: denied { open } for path="/dev/__properties__/u:object_r:radio_cdma_ecm_prop:s0" dev="tmpfs" ino=237 scontext=u:r:recovery:s0 tcontext=u:object_r:radio_cdma_ecm_prop:s0 tclass=file permissive=1
12-19 17:05:46.654   444   444 I recovery: type=1400 audit(0.0:453): avc: denied { getattr } for path="/dev/__properties__/u:object_r:radio_cdma_ecm_prop:s0" dev="tmpfs" ino=237 scontext=u:r:recovery:s0 tcontext=u:object_r:radio_cdma_ecm_prop:s0 tclass=file permissive=1
12-19 17:05:46.654   444   444 I recovery: type=1400 audit(0.0:454): avc: denied { map } for path="/dev/__properties__/u:object_r:radio_cdma_ecm_prop:s0" dev="tmpfs" ino=237 scontext=u:r:recovery:s0 tcontext=u:object_r:radio_cdma_ecm_prop:s0 tclass=file permissive=1
12-19 17:05:46.654   444   444 I recovery: type=1400 audit(0.0:455): avc: denied { open } for path="/dev/__properties__/u:object_r:rebootescrow_hal_prop:s0" dev="tmpfs" ino=240 scontext=u:r:recovery:s0 tcontext=u:object_r:rebootescrow_hal_prop:s0 tclass=file permissive=1
12-19 17:05:46.654   444   444 I recovery: type=1400 audit(0.0:456): avc: denied { getattr } for path="/dev/__properties__/u:object_r:rebootescrow_hal_prop:s0" dev="tmpfs" ino=240 scontext=u:r:recovery:s0 tcontext=u:object_r:rebootescrow_hal_prop:s0 tclass=file permissive=1
12-19 17:05:46.654   444   444 I recovery: type=1400 audit(0.0:457): avc: denied { map } for path="/dev/__properties__/u:object_r:rebootescrow_hal_prop:s0" dev="tmpfs" ino=240 scontext=u:r:recovery:s0 tcontext=u:object_r:rebootescrow_hal_prop:s0 tclass=file permissive=1
12-19 17:05:46.654   444   444 I recovery: type=1400 audit(0.0:458): avc: denied { open } for path="/dev/__properties__/u:object_r:retaildemo_prop:s0" dev="tmpfs" ino=243 scontext=u:r:recovery:s0 tcontext=u:object_r:retaildemo_prop:s0 tclass=file permissive=1
12-19 17:05:46.654   444   444 I recovery: type=1400 audit(0.0:459): avc: denied { getattr } for path="/dev/__properties__/u:object_r:retaildemo_prop:s0" dev="tmpfs" ino=243 scontext=u:r:recovery:s0 tcontext=u:object_r:retaildemo_prop:s0 tclass=file permissive=1
12-19 17:05:46.654   444   444 I recovery: type=1400 audit(0.0:460): avc: denied { map } for path="/dev/__properties__/u:object_r:retaildemo_prop:s0" dev="tmpfs" ino=243 scontext=u:r:recovery:s0 tcontext=u:object_r:retaildemo_prop:s0 tclass=file permissive=1
12-19 17:05:46.654   444   444 I recovery: type=1400 audit(0.0:461): avc: denied { open } for path="/dev/__properties__/u:object_r:safemode_prop:s0" dev="tmpfs" ino=245 scontext=u:r:recovery:s0 tcontext=u:object_r:safemode_prop:s0 tclass=file permissive=1
12-19 17:05:46.654   444   444 I recovery: type=1400 audit(0.0:462): avc: denied { getattr } for path="/dev/__properties__/u:object_r:safemode_prop:s0" dev="tmpfs" ino=245 scontext=u:r:recovery:s0 tcontext=u:object_r:safemode_prop:s0 tclass=file permissive=1
12-19 17:05:46.654   444   444 I recovery: type=1400 audit(0.0:463): avc: denied { map } for path="/dev/__properties__/u:object_r:safemode_prop:s0" dev="tmpfs" ino=245 scontext=u:r:recovery:s0 tcontext=u:object_r:safemode_prop:s0 tclass=file permissive=1
12-19 17:05:46.654   444   444 I recovery: type=1400 audit(0.0:464): avc: denied { open } for path="/dev/__properties__/u:object_r:sendbug_config_prop:s0" dev="tmpfs" ino=246 scontext=u:r:recovery:s0 tcontext=u:object_r:sendbug_config_prop:s0 tclass=file permissive=1
12-19 17:05:46.654   444   444 I recovery: type=1400 audit(0.0:465): avc: denied { getattr } for path="/dev/__properties__/u:object_r:sendbug_config_prop:s0" dev="tmpfs" ino=246 scontext=u:r:recovery:s0 tcontext=u:object_r:sendbug_config_prop:s0 tclass=file permissive=1
12-19 17:05:46.654   444   444 I recovery: type=1400 audit(0.0:466): avc: denied { map } for path="/dev/__properties__/u:object_r:sendbug_config_prop:s0" dev="tmpfs" ino=246 scontext=u:r:recovery:s0 tcontext=u:object_r:sendbug_config_prop:s0 tclass=file permissive=1
12-19 17:05:46.654   444   444 I recovery: type=1400 audit(0.0:467): avc: denied { open } for path="/dev/__properties__/u:object_r:surfaceflinger_display_prop:s0" dev="tmpfs" ino=256 scontext=u:r:recovery:s0 tcontext=u:object_r:surfaceflinger_display_prop:s0 tclass=file permissive=1
12-19 17:05:46.654   444   444 I recovery: type=1400 audit(0.0:468): avc: denied { getattr } for path="/dev/__properties__/u:object_r:surfaceflinger_display_prop:s0" dev="tmpfs" ino=256 scontext=u:r:recovery:s0 tcontext=u:object_r:surfaceflinger_display_prop:s0 tclass=file permissive=1
12-19 17:05:46.654   444   444 I recovery: type=1400 audit(0.0:469): avc: denied { map } for path="/dev/__properties__/u:object_r:surfaceflinger_display_prop:s0" dev="tmpfs" ino=256 scontext=u:r:recovery:s0 tcontext=u:object_r:surfaceflinger_display_prop:s0 tclass=file permissive=1
12-19 17:05:46.654   444   444 I recovery: type=1400 audit(0.0:470): avc: denied { open } for path="/dev/__properties__/u:object_r:suspend_prop:s0" dev="tmpfs" ino=258 scontext=u:r:recovery:s0 tcontext=u:object_r:suspend_prop:s0 tclass=file permissive=1
12-19 17:05:46.654   444   444 I recovery: type=1400 audit(0.0:471): avc: denied { getattr } for path="/dev/__properties__/u:object_r:suspend_prop:s0" dev="tmpfs" ino=258 scontext=u:r:recovery:s0 tcontext=u:object_r:suspend_prop:s0 tclass=file permissive=1
12-19 17:05:46.654   444   444 I recovery: type=1400 audit(0.0:472): avc: denied { map } for path="/dev/__properties__/u:object_r:suspend_prop:s0" dev="tmpfs" ino=258 scontext=u:r:recovery:s0 tcontext=u:object_r:suspend_prop:s0 tclass=file permissive=1
12-19 17:05:46.654   444   444 I recovery: type=1400 audit(0.0:473): avc: denied { open } for path="/dev/__properties__/u:object_r:system_adbd_prop:s0" dev="tmpfs" ino=259 scontext=u:r:recovery:s0 tcontext=u:object_r:system_adbd_prop:s0 tclass=file permissive=1
12-19 17:05:46.654   444   444 I recovery: type=1400 audit(0.0:474): avc: denied { getattr } for path="/dev/__properties__/u:object_r:system_adbd_prop:s0" dev="tmpfs" ino=259 scontext=u:r:recovery:s0 tcontext=u:object_r:system_adbd_prop:s0 tclass=file permissive=1
12-19 17:05:46.654   444   444 I recovery: type=1400 audit(0.0:475): avc: denied { map } for path="/dev/__properties__/u:object_r:system_adbd_prop:s0" dev="tmpfs" ino=259 scontext=u:r:recovery:s0 tcontext=u:object_r:system_adbd_prop:s0 tclass=file permissive=1
12-19 17:05:46.654   444   444 I recovery: type=1400 audit(0.0:476): avc: denied { open } for path="/dev/__properties__/u:object_r:system_boot_reason_prop:s0" dev="tmpfs" ino=260 scontext=u:r:recovery:s0 tcontext=u:object_r:system_boot_reason_prop:s0 tclass=file permissive=1
12-19 17:05:46.654   444   444 I recovery: type=1400 audit(0.0:477): avc: denied { getattr } for path="/dev/__properties__/u:object_r:system_boot_reason_prop:s0" dev="tmpfs" ino=260 scontext=u:r:recovery:s0 tcontext=u:object_r:system_boot_reason_prop:s0 tclass=file permissive=1
12-19 17:05:46.654   444   444 I recovery: type=1400 audit(0.0:478): avc: denied { map } for path="/dev/__properties__/u:object_r:system_boot_reason_prop:s0" dev="tmpfs" ino=260 scontext=u:r:recovery:s0 tcontext=u:object_r:system_boot_reason_prop:s0 tclass=file permissive=1
12-19 17:05:46.654   444   444 I recovery: type=1400 audit(0.0:479): avc: denied { open } for path="/dev/__properties__/u:object_r:system_jvmti_agent_prop:s0" dev="tmpfs" ino=261 scontext=u:r:recovery:s0 tcontext=u:object_r:system_jvmti_agent_prop:s0 tclass=file permissive=1
12-19 17:05:46.654   444   444 I recovery: type=1400 audit(0.0:480): avc: denied { getattr } for path="/dev/__properties__/u:object_r:system_jvmti_agent_prop:s0" dev="tmpfs" ino=261 scontext=u:r:recovery:s0 tcontext=u:object_r:system_jvmti_agent_prop:s0 tclass=file permissive=1
12-19 17:05:46.654   444   444 I recovery: type=1400 audit(0.0:481): avc: denied { map } for path="/dev/__properties__/u:object_r:system_jvmti_agent_prop:s0" dev="tmpfs" ino=261 scontext=u:r:recovery:s0 tcontext=u:object_r:system_jvmti_agent_prop:s0 tclass=file permissive=1
12-19 17:05:46.654   444   444 I recovery: type=1400 audit(0.0:482): avc: denied { open } for path="/dev/__properties__/u:object_r:system_lmk_prop:s0" dev="tmpfs" ino=262 scontext=u:r:recovery:s0 tcontext=u:object_r:system_lmk_prop:s0 tclass=file permissive=1
12-19 17:05:46.654   444   444 I recovery: type=1400 audit(0.0:483): avc: denied { getattr } for path="/dev/__properties__/u:object_r:system_lmk_prop:s0" dev="tmpfs" ino=262 scontext=u:r:recovery:s0 tcontext=u:object_r:system_lmk_prop:s0 tclass=file permissive=1
12-19 17:05:46.654   444   444 I recovery: type=1400 audit(0.0:484): avc: denied { map } for path="/dev/__properties__/u:object_r:system_lmk_prop:s0" dev="tmpfs" ino=262 scontext=u:r:recovery:s0 tcontext=u:object_r:system_lmk_prop:s0 tclass=file permissive=1
12-19 17:05:46.654   444   444 I recovery: type=1400 audit(0.0:485): avc: denied { open } for path="/dev/__properties__/u:object_r:system_trace_prop:s0" dev="tmpfs" ino=264 scontext=u:r:recovery:s0 tcontext=u:object_r:system_trace_prop:s0 tclass=file permissive=1
12-19 17:05:46.654   444   444 I recovery: type=1400 audit(0.0:486): avc: denied { getattr } for path="/dev/__properties__/u:object_r:system_trace_prop:s0" dev="tmpfs" ino=264 scontext=u:r:recovery:s0 tcontext=u:object_r:system_trace_prop:s0 tclass=file permissive=1
12-19 17:05:46.654   444   444 I recovery: type=1400 audit(0.0:487): avc: denied { map } for path="/dev/__properties__/u:object_r:system_trace_prop:s0" dev="tmpfs" ino=264 scontext=u:r:recovery:s0 tcontext=u:object_r:system_trace_prop:s0 tclass=file permissive=1
12-19 17:05:46.654   444   444 I recovery: type=1400 audit(0.0:488): avc: denied { open } for path="/dev/__properties__/u:object_r:test_boot_reason_prop:s0" dev="tmpfs" ino=268 scontext=u:r:recovery:s0 tcontext=u:object_r:test_boot_reason_prop:s0 tclass=file permissive=1
12-19 17:05:46.654   444   444 I recovery: type=1400 audit(0.0:489): avc: denied { getattr } for path="/dev/__properties__/u:object_r:test_boot_reason_prop:s0" dev="tmpfs" ino=268 scontext=u:r:recovery:s0 tcontext=u:object_r:test_boot_reason_prop:s0 tclass=file permissive=1
12-19 17:05:46.654   444   444 I recovery: type=1400 audit(0.0:490): avc: denied { map } for path="/dev/__properties__/u:object_r:test_boot_reason_prop:s0" dev="tmpfs" ino=268 scontext=u:r:recovery:s0 tcontext=u:object_r:test_boot_reason_prop:s0 tclass=file permissive=1
12-19 17:05:46.654   444   444 I recovery: type=1400 audit(0.0:491): avc: denied { open } for path="/dev/__properties__/u:object_r:test_harness_prop:s0" dev="tmpfs" ino=269 scontext=u:r:recovery:s0 tcontext=u:object_r:test_harness_prop:s0 tclass=file permissive=1
12-19 17:05:46.654   444   444 I recovery: type=1400 audit(0.0:492): avc: denied { getattr } for path="/dev/__properties__/u:object_r:test_harness_prop:s0" dev="tmpfs" ino=269 scontext=u:r:recovery:s0 tcontext=u:object_r:test_harness_prop:s0 tclass=file permissive=1
12-19 17:05:46.654   444   444 I recovery: type=1400 audit(0.0:493): avc: denied { map } for path="/dev/__properties__/u:object_r:test_harness_prop:s0" dev="tmpfs" ino=269 scontext=u:r:recovery:s0 tcontext=u:object_r:test_harness_prop:s0 tclass=file permissive=1
12-19 17:05:46.654   444   444 I recovery: type=1400 audit(0.0:494): avc: denied { open } for path="/dev/__properties__/u:object_r:theme_prop:s0" dev="tmpfs" ino=270 scontext=u:r:recovery:s0 tcontext=u:object_r:theme_prop:s0 tclass=file permissive=1
12-19 17:05:46.654   444   444 I recovery: type=1400 audit(0.0:495): avc: denied { getattr } for path="/dev/__properties__/u:object_r:theme_prop:s0" dev="tmpfs" ino=270 scontext=u:r:recovery:s0 tcontext=u:object_r:theme_prop:s0 tclass=file permissive=1
12-19 17:05:46.654   444   444 I recovery: type=1400 audit(0.0:496): avc: denied { map } for path="/dev/__properties__/u:object_r:theme_prop:s0" dev="tmpfs" ino=270 scontext=u:r:recovery:s0 tcontext=u:object_r:theme_prop:s0 tclass=file permissive=1
12-19 17:05:46.654   444   444 I recovery: type=1400 audit(0.0:497): avc: denied { open } for path="/dev/__properties__/u:object_r:time_prop:s0" dev="tmpfs" ino=271 scontext=u:r:recovery:s0 tcontext=u:object_r:time_prop:s0 tclass=file permissive=1
12-19 17:05:46.654   444   444 I recovery: type=1400 audit(0.0:498): avc: denied { getattr } for path="/dev/__properties__/u:object_r:time_prop:s0" dev="tmpfs" ino=271 scontext=u:r:recovery:s0 tcontext=u:object_r:time_prop:s0 tclass=file permissive=1
12-19 17:05:46.654   444   444 I recovery: type=1400 audit(0.0:499): avc: denied { map } for path="/dev/__properties__/u:object_r:time_prop:s0" dev="tmpfs" ino=271 scontext=u:r:recovery:s0 tcontext=u:object_r:time_prop:s0 tclass=file permissive=1
12-19 17:05:46.654   444   444 I recovery: type=1400 audit(0.0:500): avc: denied { open } for path="/dev/__properties__/u:object_r:tombstone_config_prop:s0" dev="tmpfs" ino=272 scontext=u:r:recovery:s0 tcontext=u:object_r:tombstone_config_prop:s0 tclass=file permissive=1
12-19 17:05:46.654   444   444 I recovery: type=1400 audit(0.0:501): avc: denied { getattr } for path="/dev/__properties__/u:object_r:tombstone_config_prop:s0" dev="tmpfs" ino=272 scontext=u:r:recovery:s0 tcontext=u:object_r:tombstone_config_prop:s0 tclass=file permissive=1
12-19 17:05:46.654   444   444 I recovery: type=1400 audit(0.0:502): avc: denied { map } for path="/dev/__properties__/u:object_r:tombstone_config_prop:s0" dev="tmpfs" ino=272 scontext=u:r:recovery:s0 tcontext=u:object_r:tombstone_config_prop:s0 tclass=file permissive=1
12-19 17:05:46.654   444   444 I recovery: type=1400 audit(0.0:503): avc: denied { open } for path="/dev/__properties__/u:object_r:traced_enabled_prop:s0" dev="tmpfs" ino=273 scontext=u:r:recovery:s0 tcontext=u:object_r:traced_enabled_prop:s0 tclass=file permissive=1
12-19 17:05:46.654   444   444 I recovery: type=1400 audit(0.0:504): avc: denied { getattr } for path="/dev/__properties__/u:object_r:traced_enabled_prop:s0" dev="tmpfs" ino=273 scontext=u:r:recovery:s0 tcontext=u:object_r:traced_enabled_prop:s0 tclass=file permissive=1
12-19 17:05:46.654   444   444 I recovery: type=1400 audit(0.0:505): avc: denied { map } for path="/dev/__properties__/u:object_r:traced_enabled_prop:s0" dev="tmpfs" ino=273 scontext=u:r:recovery:s0 tcontext=u:object_r:traced_enabled_prop:s0 tclass=file permissive=1
12-19 17:05:46.654   444   444 I recovery: type=1400 audit(0.0:506): avc: denied { open } for path="/dev/__properties__/u:object_r:traced_lazy_prop:s0" dev="tmpfs" ino=274 scontext=u:r:recovery:s0 tcontext=u:object_r:traced_lazy_prop:s0 tclass=file permissive=1
12-19 17:05:46.654   444   444 I recovery: type=1400 audit(0.0:507): avc: denied { getattr } for path="/dev/__properties__/u:object_r:traced_lazy_prop:s0" dev="tmpfs" ino=274 scontext=u:r:recovery:s0 tcontext=u:object_r:traced_lazy_prop:s0 tclass=file permissive=1
12-19 17:05:46.654   444   444 I recovery: type=1400 audit(0.0:508): avc: denied { map } for path="/dev/__properties__/u:object_r:traced_lazy_prop:s0" dev="tmpfs" ino=274 scontext=u:r:recovery:s0 tcontext=u:object_r:traced_lazy_prop:s0 tclass=file permissive=1
12-19 17:05:46.654   444   444 I recovery: type=1400 audit(0.0:509): avc: denied { open } for path="/dev/__properties__/u:object_r:traced_perf_enabled_prop:s0" dev="tmpfs" ino=275 scontext=u:r:recovery:s0 tcontext=u:object_r:traced_perf_enabled_prop:s0 tclass=file permissive=1
12-19 17:05:46.654   444   444 I recovery: type=1400 audit(0.0:510): avc: denied { getattr } for path="/dev/__properties__/u:object_r:traced_perf_enabled_prop:s0" dev="tmpfs" ino=275 scontext=u:r:recovery:s0 tcontext=u:object_r:traced_perf_enabled_prop:s0 tclass=file permissive=1
12-19 17:05:46.654   444   444 I recovery: type=1400 audit(0.0:511): avc: denied { map } for path="/dev/__properties__/u:object_r:traced_perf_enabled_prop:s0" dev="tmpfs" ino=275 scontext=u:r:recovery:s0 tcontext=u:object_r:traced_perf_enabled_prop:s0 tclass=file permissive=1
12-19 17:05:46.654   444   444 I recovery: type=1400 audit(0.0:512): avc: denied { open } for path="/dev/__properties__/u:object_r:userspace_reboot_exported_prop:s0" dev="tmpfs" ino=281 scontext=u:r:recovery:s0 tcontext=u:object_r:userspace_reboot_exported_prop:s0 tclass=file permissive=1
12-19 17:05:46.654   444   444 I recovery: type=1400 audit(0.0:513): avc: denied { getattr } for path="/dev/__properties__/u:object_r:userspace_reboot_exported_prop:s0" dev="tmpfs" ino=281 scontext=u:r:recovery:s0 tcontext=u:object_r:userspace_reboot_exported_prop:s0 tclass=file permissive=1
12-19 17:05:46.654   444   444 I recovery: type=1400 audit(0.0:514): avc: denied { map } for path="/dev/__properties__/u:object_r:userspace_reboot_exported_prop:s0" dev="tmpfs" ino=281 scontext=u:r:recovery:s0 tcontext=u:object_r:userspace_reboot_exported_prop:s0 tclass=file permissive=1
12-19 17:05:46.654   444   444 I recovery: type=1400 audit(0.0:515): avc: denied { open } for path="/dev/__properties__/u:object_r:userspace_reboot_log_prop:s0" dev="tmpfs" ino=282 scontext=u:r:recovery:s0 tcontext=u:object_r:userspace_reboot_log_prop:s0 tclass=file permissive=1
12-19 17:05:46.654   444   444 I recovery: type=1400 audit(0.0:516): avc: denied { getattr } for path="/dev/__properties__/u:object_r:userspace_reboot_log_prop:s0" dev="tmpfs" ino=282 scontext=u:r:recovery:s0 tcontext=u:object_r:userspace_reboot_log_prop:s0 tclass=file permissive=1
12-19 17:05:46.654   444   444 I recovery: type=1400 audit(0.0:517): avc: denied { map } for path="/dev/__properties__/u:object_r:userspace_reboot_log_prop:s0" dev="tmpfs" ino=282 scontext=u:r:recovery:s0 tcontext=u:object_r:userspace_reboot_log_prop:s0 tclass=file permissive=1
12-19 17:05:46.654   444   444 I recovery: type=1400 audit(0.0:518): avc: denied { open } for path="/dev/__properties__/u:object_r:userspace_reboot_test_prop:s0" dev="tmpfs" ino=283 scontext=u:r:recovery:s0 tcontext=u:object_r:userspace_reboot_test_prop:s0 tclass=file permissive=1
12-19 17:05:46.654   444   444 I recovery: type=1400 audit(0.0:519): avc: denied { getattr } for path="/dev/__properties__/u:object_r:userspace_reboot_test_prop:s0" dev="tmpfs" ino=283 scontext=u:r:recovery:s0 tcontext=u:object_r:userspace_reboot_test_prop:s0 tclass=file permissive=1
12-19 17:05:46.654   444   444 I recovery: type=1400 audit(0.0:520): avc: denied { map } for path="/dev/__properties__/u:object_r:userspace_reboot_test_prop:s0" dev="tmpfs" ino=283 scontext=u:r:recovery:s0 tcontext=u:object_r:userspace_reboot_test_prop:s0 tclass=file permissive=1
12-19 17:05:46.654   444   444 I recovery: type=1400 audit(0.0:521): avc: denied { open } for path="/dev/__properties__/u:object_r:vehicle_hal_prop:s0" dev="tmpfs" ino=284 scontext=u:r:recovery:s0 tcontext=u:object_r:vehicle_hal_prop:s0 tclass=file permissive=1
12-19 17:05:46.654   444   444 I recovery: type=1400 audit(0.0:522): avc: denied { getattr } for path="/dev/__properties__/u:object_r:vehicle_hal_prop:s0" dev="tmpfs" ino=284 scontext=u:r:recovery:s0 tcontext=u:object_r:vehicle_hal_prop:s0 tclass=file permissive=1
12-19 17:05:46.654   444   444 I recovery: type=1400 audit(0.0:523): avc: denied { map } for path="/dev/__properties__/u:object_r:vehicle_hal_prop:s0" dev="tmpfs" ino=284 scontext=u:r:recovery:s0 tcontext=u:object_r:vehicle_hal_prop:s0 tclass=file permissive=1
12-19 17:05:46.654   444   444 I recovery: type=1400 audit(0.0:524): avc: denied { open } for path="/dev/__properties__/u:object_r:vendor_security_patch_level_prop:s0" dev="tmpfs" ino=286 scontext=u:r:recovery:s0 tcontext=u:object_r:vendor_security_patch_level_prop:s0 tclass=file permissive=1
12-19 17:05:46.654   444   444 I recovery: type=1400 audit(0.0:525): avc: denied { getattr } for path="/dev/__properties__/u:object_r:vendor_security_patch_level_prop:s0" dev="tmpfs" ino=286 scontext=u:r:recovery:s0 tcontext=u:object_r:vendor_security_patch_level_prop:s0 tclass=file permissive=1
12-19 17:05:46.654   444   444 I recovery: type=1400 audit(0.0:526): avc: denied { map } for path="/dev/__properties__/u:object_r:vendor_security_patch_level_prop:s0" dev="tmpfs" ino=286 scontext=u:r:recovery:s0 tcontext=u:object_r:vendor_security_patch_level_prop:s0 tclass=file permissive=1
12-19 17:05:46.654   444   444 I recovery: type=1400 audit(0.0:527): avc: denied { open } for path="/dev/__properties__/u:object_r:verity_status_prop:s0" dev="tmpfs" ino=288 scontext=u:r:recovery:s0 tcontext=u:object_r:verity_status_prop:s0 tclass=file permissive=1
12-19 17:05:46.654   444   444 I recovery: type=1400 audit(0.0:528): avc: denied { getattr } for path="/dev/__properties__/u:object_r:verity_status_prop:s0" dev="tmpfs" ino=288 scontext=u:r:recovery:s0 tcontext=u:object_r:verity_status_prop:s0 tclass=file permissive=1
12-19 17:05:46.654   444   444 I recovery: type=1400 audit(0.0:529): avc: denied { map } for path="/dev/__properties__/u:object_r:verity_status_prop:s0" dev="tmpfs" ino=288 scontext=u:r:recovery:s0 tcontext=u:object_r:verity_status_prop:s0 tclass=file permissive=1
12-19 17:05:46.654   444   444 I recovery: type=1400 audit(0.0:530): avc: denied { open } for path="/dev/__properties__/u:object_r:vold_post_fs_data_prop:s0" dev="tmpfs" ino=292 scontext=u:r:recovery:s0 tcontext=u:object_r:vold_post_fs_data_prop:s0 tclass=file permissive=1
12-19 17:05:46.654   444   444 I recovery: type=1400 audit(0.0:531): avc: denied { getattr } for path="/dev/__properties__/u:object_r:vold_post_fs_data_prop:s0" dev="tmpfs" ino=292 scontext=u:r:recovery:s0 tcontext=u:object_r:vold_post_fs_data_prop:s0 tclass=file permissive=1
12-19 17:05:46.654   444   444 I recovery: type=1400 audit(0.0:532): avc: denied { map } for path="/dev/__properties__/u:object_r:vold_post_fs_data_prop:s0" dev="tmpfs" ino=292 scontext=u:r:recovery:s0 tcontext=u:object_r:vold_post_fs_data_prop:s0 tclass=file permissive=1
12-19 17:05:46.654   444   444 I recovery: type=1400 audit(0.0:533): avc: denied { open } for path="/dev/__properties__/u:object_r:wifi_config_prop:s0" dev="tmpfs" ino=297 scontext=u:r:recovery:s0 tcontext=u:object_r:wifi_config_prop:s0 tclass=file permissive=1
12-19 17:05:46.654   444   444 I recovery: type=1400 audit(0.0:534): avc: denied { getattr } for path="/dev/__properties__/u:object_r:wifi_config_prop:s0" dev="tmpfs" ino=297 scontext=u:r:recovery:s0 tcontext=u:object_r:wifi_config_prop:s0 tclass=file permissive=1
12-19 17:05:46.654   444   444 I recovery: type=1400 audit(0.0:535): avc: denied { map } for path="/dev/__properties__/u:object_r:wifi_config_prop:s0" dev="tmpfs" ino=297 scontext=u:r:recovery:s0 tcontext=u:object_r:wifi_config_prop:s0 tclass=file permissive=1
12-19 17:05:46.654   444   444 I recovery: type=1400 audit(0.0:536): avc: denied { open } for path="/dev/__properties__/u:object_r:wifi_hal_prop:s0" dev="tmpfs" ino=298 scontext=u:r:recovery:s0 tcontext=u:object_r:wifi_hal_prop:s0 tclass=file permissive=1
12-19 17:05:46.654   444   444 I recovery: type=1400 audit(0.0:537): avc: denied { getattr } for path="/dev/__properties__/u:object_r:wifi_hal_prop:s0" dev="tmpfs" ino=298 scontext=u:r:recovery:s0 tcontext=u:object_r:wifi_hal_prop:s0 tclass=file permissive=1
12-19 17:05:46.654   444   444 I recovery: type=1400 audit(0.0:538): avc: denied { map } for path="/dev/__properties__/u:object_r:wifi_hal_prop:s0" dev="tmpfs" ino=298 scontext=u:r:recovery:s0 tcontext=u:object_r:wifi_hal_prop:s0 tclass=file permissive=1
12-19 17:05:46.654   444   444 I recovery: type=1400 audit(0.0:539): avc: denied { open } for path="/dev/__properties__/u:object_r:wifi_prop:s0" dev="tmpfs" ino=300 scontext=u:r:recovery:s0 tcontext=u:object_r:wifi_prop:s0 tclass=file permissive=1
12-19 17:05:46.654   444   444 I recovery: type=1400 audit(0.0:540): avc: denied { getattr } for path="/dev/__properties__/u:object_r:wifi_prop:s0" dev="tmpfs" ino=300 scontext=u:r:recovery:s0 tcontext=u:object_r:wifi_prop:s0 tclass=file permissive=1
12-19 17:05:46.654   444   444 I recovery: type=1400 audit(0.0:541): avc: denied { map } for path="/dev/__properties__/u:object_r:wifi_prop:s0" dev="tmpfs" ino=300 scontext=u:r:recovery:s0 tcontext=u:object_r:wifi_prop:s0 tclass=file permissive=1
12-19 17:05:46.654   444   444 I recovery: type=1400 audit(0.0:542): avc: denied { open } for path="/dev/__properties__/u:object_r:zram_config_prop:s0" dev="tmpfs" ino=301 scontext=u:r:recovery:s0 tcontext=u:object_r:zram_config_prop:s0 tclass=file permissive=1
12-19 17:05:46.654   444   444 I recovery: type=1400 audit(0.0:543): avc: denied { getattr } for path="/dev/__properties__/u:object_r:zram_config_prop:s0" dev="tmpfs" ino=301 scontext=u:r:recovery:s0 tcontext=u:object_r:zram_config_prop:s0 tclass=file permissive=1
12-19 17:05:46.654   444   444 I recovery: type=1400 audit(0.0:544): avc: denied { map } for path="/dev/__properties__/u:object_r:zram_config_prop:s0" dev="tmpfs" ino=301 scontext=u:r:recovery:s0 tcontext=u:object_r:zram_config_prop:s0 tclass=file permissive=1
12-19 17:05:46.654   444   444 I recovery: type=1400 audit(0.0:545): avc: denied { open } for path="/dev/__properties__/u:object_r:zram_control_prop:s0" dev="tmpfs" ino=302 scontext=u:r:recovery:s0 tcontext=u:object_r:zram_control_prop:s0 tclass=file permissive=1
12-19 17:05:46.654   444   444 I recovery: type=1400 audit(0.0:546): avc: denied { getattr } for path="/dev/__properties__/u:object_r:zram_control_prop:s0" dev="tmpfs" ino=302 scontext=u:r:recovery:s0 tcontext=u:object_r:zram_control_prop:s0 tclass=file permissive=1
12-19 17:05:46.654   444   444 I recovery: type=1400 audit(0.0:547): avc: denied { map } for path="/dev/__properties__/u:object_r:zram_control_prop:s0" dev="tmpfs" ino=302 scontext=u:r:recovery:s0 tcontext=u:object_r:zram_control_prop:s0 tclass=file permissive=1
12-19 17:05:46.694   444   444 I recovery: type=1400 audit(0.0:548): avc: denied { write } for name="u:object_r:build_prop:s0" dev="tmpfs" ino=93 scontext=u:r:recovery:s0 tcontext=u:object_r:build_prop:s0 tclass=file permissive=1
12-19 17:05:46.694   444   444 I recovery: type=1400 audit(0.0:549): avc: denied { write } for name="u:object_r:build_bootimage_prop:s0" dev="tmpfs" ino=90 scontext=u:r:recovery:s0 tcontext=u:object_r:build_bootimage_prop:s0 tclass=file permissive=1
12-19 17:05:46.694   444   444 I recovery: type=1400 audit(0.0:550): avc: denied { write } for name="u:object_r:build_vendor_prop:s0" dev="tmpfs" ino=94 scontext=u:r:recovery:s0 tcontext=u:object_r:build_vendor_prop:s0 tclass=file permissive=1
12-19 17:05:46.694   444   444 I recovery: type=1400 audit(0.0:551): avc: denied { write } for name="u:object_r:build_odm_prop:s0" dev="tmpfs" ino=92 scontext=u:r:recovery:s0 tcontext=u:object_r:build_odm_prop:s0 tclass=file permissive=1
12-19 17:05:46.694   444   444 I recovery: type=1400 audit(0.0:552): avc: denied { ioctl } for path="/dev/block/dm-4" dev="tmpfs" ino=1032 ioctlcmd=0x5331 scontext=u:r:recovery:s0 tcontext=u:object_r:dm_device:s0 tclass=blk_file permissive=1
03-23 03:26:55.288   444   444 I erofs   : (device dm-4): mounted with root inode @ nid 56.
12-19 17:05:46.698   444   444 I recovery: type=1400 audit(0.0:553): avc: denied { ioctl } for path="/dev/block/dm-4" dev="tmpfs" ino=1032 ioctlcmd=0x5331 scontext=u:r:recovery:s0 tcontext=u:object_r:dm_device:s0 tclass=blk_file permissive=1
03-23 03:26:55.292   444   444 I erofs   : (device dm-4): mounted with root inode @ nid 56.
12-19 17:05:46.722   517   517 I sh      : type=1400 audit(0.0:554): avc: denied { ioctl } for path="/tmp/recovery.log" dev="tmpfs" ino=4 ioctlcmd=0x540f scontext=u:r:recovery:s0 tcontext=u:object_r:tmpfs:s0 tclass=file permissive=1
03-23 03:26:55.324    29    29 I         : USB_STATE=CONNECTED
12-19 17:05:46.768   505   510 I adbd    : USB event: FUNCTIONFS_ENABLE
03-23 03:26:55.354    29    29 E msm_eusb2_phy 88e3000.hsphy: Could not get usb psy
03-23 03:26:55.354    29    29 I         : USB_STATE=CONFIGURED
12-19 17:05:46.768   505   532 I adbd    : UsbFfs-worker thread spawned
03-23 03:26:55.380   419   419 I         : [matrix-leds] write bytes len 4106, ret 0
12-19 17:05:46.790   517   517 I foxstart.sh: type=1400 audit(0.0:555): avc: denied { append } for name="orangefox.cfg" dev="rootfs" ino=5698 scontext=u:r:recovery:s0 tcontext=u:object_r:rootfs:s0 tclass=file permissive=1
12-19 17:05:46.794   543   543 I resetprop: type=1400 audit(0.0:556): avc: denied { write } for name="u:object_r:default_prop:s0" dev="tmpfs" ino=135 scontext=u:r:recovery:s0 tcontext=u:object_r:default_prop:s0 tclass=file permissive=1
12-19 17:05:46.810   548   548 I ln      : type=1400 audit(0.0:557): avc: denied { create } for name="orangefox.cfg" scontext=u:r:recovery:s0 tcontext=u:object_r:tmpfs:s0 tclass=lnk_file permissive=1
12-19 17:05:46.814   549   549 I ln      : type=1400 audit(0.0:558): avc: denied { unlink } for name=".bashrc_SWOE3b" dev="rootfs" ino=5699 scontext=u:r:recovery:s0 tcontext=u:object_r:rootfs:s0 tclass=file permissive=1
12-19 17:05:46.814   549   549 I ln      : type=1400 audit(0.0:559): avc: denied { rename } for name=".bashrc_SWOE3b" dev="rootfs" ino=5700 scontext=u:r:recovery:s0 tcontext=u:object_r:rootfs:s0 tclass=lnk_file permissive=1
12-19 17:05:46.826   551   551 I dmesg   : type=1400 audit(0.0:560): avc: denied { read } for name="kmsg" dev="tmpfs" ino=5 scontext=u:r:recovery:s0 tcontext=u:object_r:kmsg_device:s0 tclass=chr_file permissive=1
12-19 17:05:46.826   551   551 I dmesg   : type=1400 audit(0.0:561): avc: denied { open } for path="/dev/kmsg" dev="tmpfs" ino=5 scontext=u:r:recovery:s0 tcontext=u:object_r:kmsg_device:s0 tclass=chr_file permissive=1
03-23 03:26:55.421   422   422 I aw9380x_cap 8-0012: [aw9380x_rc_irqscr:3728] i2c read reg: 0xf080, val= 24
03-23 03:26:55.421   422   422 I aw9380x_cap 8-0012: [aw9380x_cap_default_irq_handle:4109] gpio_low_count 0
03-23 03:26:55.422   422   422 I aw9380x_cap 8-0012: [aw9380x_irq_handle_func:4065] IRQSEN = 0x000F0FFF
03-23 03:26:55.422   422   422 I aw9380x_cap 8-0012: [aw9380x_irq_handle_func:4067] IRQSRC = 0x00000018
03-23 03:26:55.422   422   422 I aw9380x_cap 8-0012: [aw9380x_noth_button_key_report:3855] touch0_state Cap 0 Force 0 currentBtn 0
12-19 17:05:46.838   552   552 I logcat  : type=1400 audit(0.0:562): avc: denied { write } for name="logdr" dev="tmpfs" ino=1008 scontext=u:r:recovery:s0 tcontext=u:object_r:logdr_socket:s0 tclass=sock_file permissive=1
12-19 17:05:46.838   552   552 I logcat  : type=1400 audit(0.0:563): avc: denied { connectto } for path="/dev/socket/logdr" scontext=u:r:recovery:s0 tcontext=u:r:logd:s0 tclass=unix_stream_socket permissive=1
03-23 03:26:55.429   441   441 I logd    : logdr: UID=0 GID=0 PID=552 n tail=0 logMask=99 pid=0 start=0ns deadline=0ns
03-23 03:26:55.464   422   422 I aw9380x_cap 8-0012: [aw9380x_rc_irqscr:3728] i2c read reg: 0xf080, val= 16
03-23 03:26:55.464   422   422 I aw9380x_cap 8-0012: [aw9380x_cap_default_irq_handle:4109] gpio_low_count 0
03-23 03:26:55.464   422   422 I aw9380x_cap 8-0012: [aw9380x_irq_handle_func:4065] IRQSEN = 0x000F0FFF
03-23 03:26:55.464   422   422 I aw9380x_cap 8-0012: [aw9380x_irq_handle_func:4067] IRQSRC = 0x00000010
03-23 03:26:55.464   422   422 I aw9380x_cap 8-0012: [aw9380x_noth_button_key_report:3855] touch0_state Cap 0 Force 0 currentBtn 0
03-23 03:26:55.482   564   564 I erofs   : (device dm-4): mounted with root inode @ nid 56.
03-23 03:26:55.486   422   422 I aw9380x_cap 8-0012: [aw9380x_rc_irqscr:3728] i2c read reg: 0xf080, val= 16
03-23 03:26:55.486   422   422 I aw9380x_cap 8-0012: [aw9380x_cap_default_irq_handle:4109] gpio_low_count 0
03-23 03:26:55.486   422   422 I aw9380x_cap 8-0012: [aw9380x_irq_handle_func:4065] IRQSEN = 0x000F0FFF
03-23 03:26:55.486   422   422 I aw9380x_cap 8-0012: [aw9380x_irq_handle_func:4067] IRQSRC = 0x00000010
03-23 03:26:55.487   422   422 I aw9380x_cap 8-0012: [aw9380x_noth_button_key_report:3855] touch0_state Cap 0 Force 0 currentBtn 0
12-19 17:05:46.902   566   566 I umount  : type=1400 audit(0.0:564): avc: denied { ioctl } for path="/dev/block/dm-4" dev="tmpfs" ino=1032 ioctlcmd=0x4c01 scontext=u:r:recovery:s0 tcontext=u:object_r:dm_device:s0 tclass=blk_file permissive=1
12-19 17:05:46.910   567   567 I rmdir   : type=1400 audit(0.0:565): avc: denied { rmdir } for name="tmp_system_rom" dev="rootfs" ino=5703 scontext=u:r:recovery:s0 tcontext=u:object_r:rootfs:s0 tclass=dir permissive=1
03-23 03:26:55.516   419   419 I         : [matrix-leds] write bytes len 4106, ret 0
03-23 03:26:55.518   570   570 I erofs   : (device dm-10): mounted with root inode @ nid 53.
03-23 03:26:55.528   422   422 I aw9380x_cap 8-0012: [aw9380x_rc_irqscr:3728] i2c read reg: 0xf080, val= 16
03-23 03:26:55.528   422   422 I aw9380x_cap 8-0012: [aw9380x_cap_default_irq_handle:4109] gpio_low_count 0
03-23 03:26:55.528   422   422 I aw9380x_cap 8-0012: [aw9380x_irq_handle_func:4065] IRQSEN = 0x000F0FFF
03-23 03:26:55.528   422   422 I aw9380x_cap 8-0012: [aw9380x_irq_handle_func:4067] IRQSRC = 0x00000010
03-23 03:26:55.529   422   422 I aw9380x_cap 8-0012: [aw9380x_noth_button_key_report:3855] touch0_state Cap 0 Force 0 currentBtn 0
03-23 03:26:55.550   422   422 I aw9380x_cap 8-0012: [aw9380x_rc_irqscr:3728] i2c read reg: 0xf080, val= 16
03-23 03:26:55.550   422   422 I aw9380x_cap 8-0012: [aw9380x_cap_default_irq_handle:4109] gpio_low_count 0
03-23 03:26:55.550   422   422 I aw9380x_cap 8-0012: [aw9380x_irq_handle_func:4065] IRQSEN = 0x000F0FFF
03-23 03:26:55.550   422   422 I aw9380x_cap 8-0012: [aw9380x_irq_handle_func:4067] IRQSRC = 0x00000010
03-23 03:26:55.551   422   422 I aw9380x_cap 8-0012: [aw9380x_noth_button_key_report:3855] touch0_state Cap 0 Force 0 currentBtn 0
12-19 17:05:46.962   576   576 I umount  : type=1400 audit(0.0:566): avc: denied { ioctl } for path="/dev/block/dm-10" dev="tmpfs" ino=1050 ioctlcmd=0x4c01 scontext=u:r:recovery:s0 tcontext=u:object_r:dm_device:s0 tclass=blk_file permissive=1
03-23 03:26:55.593   422   422 I aw9380x_cap 8-0012: [aw9380x_rc_irqscr:3728] i2c read reg: 0xf080, val= 16
03-23 03:26:55.593   422   422 I aw9380x_cap 8-0012: [aw9380x_cap_default_irq_handle:4109] gpio_low_count 0
03-23 03:26:55.593   422   422 I aw9380x_cap 8-0012: [aw9380x_irq_handle_func:4065] IRQSEN = 0x000F0FFF
03-23 03:26:55.593   422   422 I aw9380x_cap 8-0012: [aw9380x_irq_handle_func:4067] IRQSRC = 0x00000010
03-23 03:26:55.593   422   422 I aw9380x_cap 8-0012: [aw9380x_noth_button_key_report:3855] touch0_state Cap 0 Force 0 currentBtn 0
03-23 03:26:55.614   422   422 I aw9380x_cap 8-0012: [aw9380x_rc_irqscr:3728] i2c read reg: 0xf080, val= 16
03-23 03:26:55.614   422   422 I aw9380x_cap 8-0012: [aw9380x_cap_default_irq_handle:4109] gpio_low_count 0
03-23 03:26:55.615   422   422 I aw9380x_cap 8-0012: [aw9380x_irq_handle_func:4065] IRQSEN = 0x000F0FFF
03-23 03:26:55.615   422   422 I aw9380x_cap 8-0012: [aw9380x_irq_handle_func:4067] IRQSRC = 0x00000010
03-23 03:26:55.615   422   422 I aw9380x_cap 8-0012: [aw9380x_noth_button_key_report:3855] touch0_state Cap 0 Force 0 currentBtn 0
12-19 17:05:47.044   505   505 I adbd    : UsbFfs: already offline
12-19 17:05:47.044   505   505 I adbd    : authentication not required
03-23 03:26:55.652   419   419 I         : [matrix-leds] write bytes len 4106, ret 0
03-23 03:26:55.657   422   422 I aw9380x_cap 8-0012: [aw9380x_rc_irqscr:3728] i2c read reg: 0xf080, val= 16
03-23 03:26:55.657   422   422 I aw9380x_cap 8-0012: [aw9380x_cap_default_irq_handle:4109] gpio_low_count 0
03-23 03:26:55.658   422   422 I aw9380x_cap 8-0012: [aw9380x_irq_handle_func:4065] IRQSEN = 0x000F0FFF
03-23 03:26:55.658   422   422 I aw9380x_cap 8-0012: [aw9380x_irq_handle_func:4067] IRQSRC = 0x00000010
03-23 03:26:55.658   422   422 I aw9380x_cap 8-0012: [aw9380x_noth_button_key_report:3855] touch0_state Cap 0 Force 0 currentBtn 0
12-19 17:05:47.082   612   612 I resetprop: type=1400 audit(0.0:567): avc: denied { write } for name="u:object_r:fingerprint_prop:s0" dev="tmpfs" ino=171 scontext=u:r:recovery:s0 tcontext=u:object_r:fingerprint_prop:s0 tclass=file permissive=1
12-19 17:05:47.082     1     1 I unknown : type=1107 audit(0.0:568): uid=0 auid=4294967295 ses=4294967295 subj=u:r:init:s0 msg='avc: denied { set } for property=ro.build.fingerprint pid=612 uid=0 gid=0 scontext=u:r:recovery:s0 tcontext=u:object_r:fingerprint_prop:s0 tclass=property_service permissive=1'
03-23 03:26:55.679   422   422 I aw9380x_cap 8-0012: [aw9380x_rc_irqscr:3728] i2c read reg: 0xf080, val= 16
03-23 03:26:55.679   422   422 I aw9380x_cap 8-0012: [aw9380x_cap_default_irq_handle:4109] gpio_low_count 0
03-23 03:26:55.679   422   422 I aw9380x_cap 8-0012: [aw9380x_irq_handle_func:4065] IRQSEN = 0x000F0FFF
03-23 03:26:55.679   422   422 I aw9380x_cap 8-0012: [aw9380x_irq_handle_func:4067] IRQSRC = 0x00000010
03-23 03:26:55.680   422   422 I aw9380x_cap 8-0012: [aw9380x_noth_button_key_report:3855] touch0_state Cap 0 Force 0 currentBtn 0
12-19 17:05:47.126   624   624 I getprop : type=1400 audit(0.0:569): avc: denied { open } for path="/dev/__properties__/u:object_r:ctl_apexd_prop:s0" dev="tmpfs" ino=108 scontext=u:r:recovery:s0 tcontext=u:object_r:ctl_apexd_prop:s0 tclass=file permissive=1
12-19 17:05:47.126   624   624 I getprop : type=1400 audit(0.0:570): avc: denied { getattr } for path="/dev/__properties__/u:object_r:ctl_apexd_prop:s0" dev="tmpfs" ino=108 scontext=u:r:recovery:s0 tcontext=u:object_r:ctl_apexd_prop:s0 tclass=file permissive=1
12-19 17:05:47.126   624   624 I getprop : type=1400 audit(0.0:571): avc: denied { map } for path="/dev/__properties__/u:object_r:ctl_apexd_prop:s0" dev="tmpfs" ino=108 scontext=u:r:recovery:s0 tcontext=u:object_r:ctl_apexd_prop:s0 tclass=file permissive=1
12-19 17:05:47.126   624   624 I getprop : type=1400 audit(0.0:572): avc: denied { open } for path="/dev/__properties__/u:object_r:ctl_bootanim_prop:s0" dev="tmpfs" ino=109 scontext=u:r:recovery:s0 tcontext=u:object_r:ctl_bootanim_prop:s0 tclass=file permissive=1
12-19 17:05:47.126   624   624 I getprop : type=1400 audit(0.0:573): avc: denied { getattr } for path="/dev/__properties__/u:object_r:ctl_bootanim_prop:s0" dev="tmpfs" ino=109 scontext=u:r:recovery:s0 tcontext=u:object_r:ctl_bootanim_prop:s0 tclass=file permissive=1
12-19 17:05:47.126   624   624 I getprop : type=1400 audit(0.0:574): avc: denied { map } for path="/dev/__properties__/u:object_r:ctl_bootanim_prop:s0" dev="tmpfs" ino=109 scontext=u:r:recovery:s0 tcontext=u:object_r:ctl_bootanim_prop:s0 tclass=file permissive=1
12-19 17:05:47.126   624   624 I getprop : type=1400 audit(0.0:575): avc: denied { open } for path="/dev/__properties__/u:object_r:ctl_fuse_prop:s0" dev="tmpfs" ino=114 scontext=u:r:recovery:s0 tcontext=u:object_r:ctl_fuse_prop:s0 tclass=file permissive=1
12-19 17:05:47.126   624   624 I getprop : type=1400 audit(0.0:576): avc: denied { getattr } for path="/dev/__properties__/u:object_r:ctl_fuse_prop:s0" dev="tmpfs" ino=114 scontext=u:r:recovery:s0 tcontext=u:object_r:ctl_fuse_prop:s0 tclass=file permissive=1
12-19 17:05:47.126   624   624 I getprop : type=1400 audit(0.0:577): avc: denied { map } for path="/dev/__properties__/u:object_r:ctl_fuse_prop:s0" dev="tmpfs" ino=114 scontext=u:r:recovery:s0 tcontext=u:object_r:ctl_fuse_prop:s0 tclass=file permissive=1
