03-23 03:26:49.634   301   301 I init    : Loaded kernel module /lib/modules/charger-ulog-glink.ko
03-23 03:26:49.634   303   303 I init    : Loading module /lib/modules/ucsi_qti_glink.ko with args ''
03-23 03:26:49.634   306   306 I init    : Loaded kernel module /lib/modules/mhi_dev_satellite.ko
03-23 03:26:49.634   305   305 I init    : Loaded kernel module /lib/modules/mhi_dev_uci.ko
03-23 03:26:49.634   307   307 I init    : Loaded kernel module /lib/modules/altmode-glink.ko
03-23 03:26:49.634   308   308 I init    : Loaded kernel module /lib/modules/qti_battery_charger.ko
03-23 03:26:49.635    10    10 I cpu0    : EM: created perf domain
03-23 03:26:49.635   304   304 I init    : Loaded kernel module /lib/modules/qti-glink-adc.ko
03-23 03:26:49.635   302   302 I qcom_q6v5_pas 97000000.remoteproc-wpss: Low SVS vote for ICC is not set.
03-23 03:26:49.636   303   303 I init    : Loaded kernel module /lib/modules/ucsi_qti_glink.ko
03-23 03:26:49.636   302   302 E         : q6v5_pdev is NULL, save pdev, pdev->dev.kobj name: '97000000.remoteproc-wpss' (00000000d629fcaa): qcom_q6v5_init
03-23 03:26:49.636   302   302 I remoteproc0: 97000000.remoteproc-wpss is available
03-23 03:26:49.638   302   302 I init    : Loaded kernel module /lib/modules/qcom_q6v5_pas.ko
03-23 03:26:49.639   311   311 I init    : Loading module /lib/modules/msm_hw_fence.ko with args ''
03-23 03:26:49.639   312   312 I init    : Loading module /lib/modules/qcom-hv-haptics.ko with args ''
03-23 03:26:49.639   313   313 I init    : Loading module /lib/modules/fsa4480-i2c.ko with args ''
03-23 03:26:49.639   314   314 I init    : Loading module /lib/modules/adsp_sleepmon.ko with args ''
03-23 03:26:49.639   315   315 I init    : Loading module /lib/modules/leds-qti-flash.ko with args ''
03-23 03:26:49.639   316   316 I init    : Loading module /lib/modules/wcd_usbss_i2c.ko with args ''
03-23 03:26:49.640    10    10 I cpu2    : EM: created perf domain
03-23 03:26:49.640   313   313 I init    : Loaded kernel module /lib/modules/fsa4480-i2c.ko
03-23 03:26:49.641   314   314 I adsp_sleepmon soc: adsp-sleepmon: ADSP sleep monitor probe called
03-23 03:26:49.641   312   312 I qcom-hv-haptics c42d000.qcom,spmi: qcom,pmih010x@7:qcom,hv-haptics@f000: haptics revision: HAP_CFG 0x501, HAP_PTN 0x501, HAP_HBST 0x101, hw_type 5
03-23 03:26:49.641   316   316 I init    : Loaded kernel module /lib/modules/wcd_usbss_i2c.ko
03-23 03:26:49.641   314   314 I init    : Loaded kernel module /lib/modules/adsp_sleepmon.ko
03-23 03:26:49.642   311   311 I init    : Loaded kernel module /lib/modules/msm_hw_fence.ko
03-23 03:26:49.642   312   312 W qcom-hv-haptics c42d000.qcom,spmi: qcom,pmih010x@7:qcom,hv-haptics@f000: The calibrated period (2007 us) has large variation, use open-loop LRA period (5880 us) instead
03-23 03:26:49.643   315   315 I init    : Loaded kernel module /lib/modules/leds-qti-flash.ko
03-23 03:26:49.643    10    10 I cpu5    : EM: created perf domain
03-23 03:26:49.644   312   312 I input   : qcom-hv-haptics as /devices/platform/soc/c42d000.qcom,spmi/spmi-0/0-07/c42d000.qcom,spmi:qcom,pmih010x@7:qcom,hv-haptics@f000/input/input3
03-23 03:26:49.645   312   312 I init    : Loaded kernel module /lib/modules/qcom-hv-haptics.ko
03-23 03:26:49.645   326   326 I init    : Loading module /lib/modules/synx-driver.ko with args ''
03-23 03:26:49.645   327   327 I init    : Loading module /lib/modules/dwc3-msm.ko with args ''
03-23 03:26:49.647    10    10 I cpu7    : EM: created perf domain
03-23 03:26:49.647   326   326 I synx    : info: synx_init: 3115: device initialization start
03-23 03:26:49.647   326   326 I synx    : info: synx_init: 3200: device initialization success
03-23 03:26:49.647   326   326 I init    : Loaded kernel module /lib/modules/synx-driver.ko
03-23 03:26:49.649   173   173 W         : Init cpu array finish!
03-23 03:26:49.650   173   173 I core_ctl: Creating CPU group 0
03-23 03:26:49.650   173   173 I core_ctl: Init CPU0 state
03-23 03:26:49.650   173   173 I core_ctl: Init CPU1 state
03-23 03:26:49.650   173   173 I core_ctl: Creating CPU group 2
03-23 03:26:49.650   173   173 I core_ctl: Init CPU2 state
03-23 03:26:49.650   173   173 I core_ctl: Init CPU3 state
03-23 03:26:49.650   173   173 I core_ctl: Init CPU4 state
03-23 03:26:49.650   173   173 I core_ctl: Creating CPU group 5
03-23 03:26:49.650   173   173 I core_ctl: Init CPU5 state
03-23 03:26:49.650   173   173 I core_ctl: Init CPU6 state
03-23 03:26:49.650   173   173 I core_ctl: Creating CPU group 7
03-23 03:26:49.650   173   173 I core_ctl: Init CPU7 state
03-23 03:26:49.651   327   327 I init    : Loaded kernel module /lib/modules/dwc3-msm.ko
03-23 03:26:49.651   340   340 I init    : Loading module /lib/modules/usb_f_qdss.ko with args ''
03-23 03:26:49.651   341   341 I init    : Loading module /lib/modules/usb_f_gsi.ko with args ''
03-23 03:26:49.652   340   340 I init    : Loaded kernel module /lib/modules/usb_f_qdss.ko
03-23 03:26:49.652   340   340 I init    : Loading module /lib/modules/hdcp_qseecom_dlkm.ko with args ''
03-23 03:26:49.652   341   341 I init    : Loaded kernel module /lib/modules/usb_f_gsi.ko
03-23 03:26:49.652   340   340 I init    : Loaded kernel module /lib/modules/hdcp_qseecom_dlkm.ko
03-23 03:26:49.653   346   346 I init    : Loading module /lib/modules/coresight-tmc.ko with args ''
03-23 03:26:49.653   348   348 I init    : Loading module /lib/modules/smmu_proxy_dlkm.ko with args ''
03-23 03:26:49.654   348   348 I gh_msgq : Registered client for label: 10
03-23 03:26:49.654   348   348 I smcinvoke_kernel: do_invoke: root object invocation with 2 arguments (1100) and op 5.
03-23 03:26:49.654   348   348 I smcinvoke_kernel: do_invoke: root object invocation returned with 0.
03-23 03:26:49.654   348   348 I smcinvoke_kernel: do_invoke: qtee-2 object invocation with 2 arguments (1001) and op 0.
03-23 03:26:49.654   346   346 I init    : Loaded kernel module /lib/modules/coresight-tmc.ko
03-23 03:26:49.654   348   348 I smcinvoke_kernel: do_invoke: qtee-2 object invocation returned with 0.
03-23 03:26:49.654   348   348 I smcinvoke_kernel: do_invoke: qtee-3 object invocation with 1 arguments (0010) and op 1.
03-23 03:26:49.654   348   348 I smcinvoke_kernel: do_invoke: qtee-3 object invocation returned with 0.
03-23 03:26:49.655   348   348 I init    : Loaded kernel module /lib/modules/smmu_proxy_dlkm.ko
03-23 03:26:49.655   357   357 I init    : Loading module /lib/modules/msm_drm.ko with args 'dsi_display0=qcom,mdss_dsi_rm692j0_120hz_fhd_plus_dsc_cmd:'
03-23 03:26:49.658    10    10 I cam_cc-tuna ade0000.clock-controller: Registered CAM CC clocks
03-23 03:26:49.659    10    10 I gpu_cc-tuna 3d90000.clock-controller: Registered GPU CC clocks
03-23 03:26:49.659   133   133 E         : [NT_reserve_kernel_log] Get partition failed, retry count 193
03-23 03:26:49.660    10    10 I cam_bist_mclk_cc-tuna 1760000.clock-controller: Registered CAM BIST MCLK CC clocks
03-23 03:26:49.660    10    10 E qcom-memlat soc: qcom,memlat: error getting kobj from qcom_dcvs: -517
03-23 03:26:49.660    10    10 E qcom-memlat soc: qcom,memlat: Failure to probe memlat device: -517
03-23 03:26:49.660    10    10 E qnoc-tuna soc: interconnect@1: failed to register ICC provider: -517
03-23 03:26:49.661    10    10 E qnoc-tuna 1780000.interconnect: failed to register ICC provider: -517
03-23 03:26:49.661    10    10 E qnoc-tuna 24100000.interconnect: failed to register ICC provider: -517
03-23 03:26:49.662    10    10 E platform 16f2000.anoc_1_qtb: TBU failed probe, QSMMUV500 cannot continue!
03-23 03:26:49.666    10    10 I tuna-debugcc soc: clock-controller@0: Registered debug measure clocks
03-23 03:26:49.666   357   357 W dsi_phy ae95000.qcom,mdss_dsi_phy0: supply gdsc not found, using dummy regulator
03-23 03:26:49.666   357   357 I [drm:dsi_pll_init [msm_drm]] [msm-dsi-info]: DSI_PLL_0: DSI pll label = dsi_pll_4nm
03-23 03:26:49.666   357   357 I [drm:dsi_pll_init [msm_drm]] [msm-dsi-info]: DSI_PLL_0: PLL SSC enabled
03-23 03:26:49.666   357   357 I dsi_pll_init: PLL base=000000005d050601
03-23 03:26:49.667   357   357 I [drm:dsi_pll_clock_register_4nm [msm_drm]] [msm-dsi-info]: DSI_PLL_0: Registered clocks successfully
03-23 03:26:49.667   357   357 I [drm:dsi_phy_driver_probe [msm_drm]] [msm-dsi-info]: DSI_0: Probe successful
03-23 03:26:49.667   357   357 W dsi_phy ae97000.qcom,mdss_dsi_phy1: supply gdsc not found, using dummy regulator
03-23 03:26:49.667   357   357 I [drm:dsi_pll_init [msm_drm]] [msm-dsi-info]: DSI_PLL_0: DSI pll label = dsi_pll_4nm
03-23 03:26:49.667   357   357 I [drm:dsi_pll_init [msm_drm]] [msm-dsi-info]: DSI_PLL_1: PLL SSC enabled
03-23 03:26:49.667   357   357 I dsi_pll_init: PLL base=00000000df37e932
03-23 03:26:49.667    10    10 E qcom-memlat soc: qcom,memlat: error getting kobj from qcom_dcvs: -517
03-23 03:26:49.667    10    10 E qcom-memlat soc: qcom,memlat: Failure to probe memlat device: -517
03-23 03:26:49.667   357   357 I [drm:dsi_pll_clock_register_4nm [msm_drm]] [msm-dsi-info]: DSI_PLL_1: Registered clocks successfully
03-23 03:26:49.668   357   357 I [drm:dsi_phy_driver_probe [msm_drm]] [msm-dsi-info]: DSI_1: Probe successful
03-23 03:26:49.668    10    10 I qnoc-tuna soc: interconnect@1: Registered TUNA ICC provider
03-23 03:26:49.668    10    10 I qnoc-tuna 1780000.interconnect: Registered TUNA ICC provider
03-23 03:26:49.669   357   357 E         : [drm:dsi_display_dev_probe [msm_drm]] *ERROR* [msm-dsi-error]: resources required for display probe not present: rc=-517
03-23 03:26:49.669    10    10 I qnoc-tuna 24100000.interconnect: Registered TUNA ICC provider
03-23 03:26:49.669   357   357 I [drm:dsi_display_dev_probe [msm_drm]] [msm-dsi-info]: secondary default panel not found
03-23 03:26:49.670   357   357 E         : [drm:dsi_display_dev_probe [msm_drm]] *ERROR* [msm-dsi-error]: resources required for display probe not present: rc=-517
03-23 03:26:49.670    10    10 E platform 16f2000.anoc_1_qtb: TBU failed probe, QSMMUV500 cannot continue!
03-23 03:26:49.670    10    10 I qcom_q6v5_pas 3000000.remoteproc-adsp: Low SVS vote for ICC is not set.
03-23 03:26:49.670    10    10 E         : q6v5_pdev exist
03-23 03:26:49.670    10    10 I remoteproc1: 3000000.remoteproc-adsp is available
03-23 03:26:49.670   357   357 I         : [drm:dp_pll_driver_probe][msm-dp-info][357 ]revision=DP_PLL_4NM_V1_1, ssc_en=0, bonding_en=0
03-23 03:26:49.670   167   167 W remoteproc1: Direct firmware load for adsp.mdt failed with error -2
03-23 03:26:49.670   167   167 I remoteproc1: powering up 3000000.remoteproc-adsp
03-23 03:26:49.670   167   167 W remoteproc1: Direct firmware load for adsp.mdt failed with error -2
03-23 03:26:49.670   167   167 E remoteproc1: request_firmware failed: -2
03-23 03:26:49.671    10    10 I qcom_q6v5_pas 32300000.remoteproc-cdsp: Low SVS vote for ICC is not set.
03-23 03:26:49.671    10    10 E         : q6v5_pdev exist
03-23 03:26:49.671    10    10 I remoteproc2: 32300000.remoteproc-cdsp is available
03-23 03:26:49.671   167   167 W remoteproc2: Direct firmware load for cdsp.mdt failed with error -2
03-23 03:26:49.671   167   167 I remoteproc2: powering up 32300000.remoteproc-cdsp
03-23 03:26:49.671   167   167 W remoteproc2: Direct firmware load for cdsp.mdt failed with error -2
03-23 03:26:49.671   167   167 E remoteproc2: request_firmware failed: -2
03-23 03:26:49.671   357   357 I init    : Loaded kernel module /lib/modules/msm_drm.ko
03-23 03:26:49.671     1     1 I init    : Loaded 336 modules from /lib/modules
03-23 03:26:49.671     1     1 I init    : Loaded 336 kernel modules took 289 ms
03-23 03:26:49.671     1     1 I init    : Copied ramdisk prop to /second_stage_resources/system/etc/ramdisk/build.prop
03-23 03:26:49.672     1     1 I init    : First stage mount skipped (recovery mode)
03-23 03:26:49.672     1     1 I init    : [libfstab] Using Android DT directory /proc/device-tree/firmware/android/
03-23 03:26:49.672     1     1 I init    : [libfstab] ReadFstabFromDt(): failed to read fstab from dt
03-23 03:26:49.672     1     1 W init    : [libfstab] Warning: unknown flag: sync
03-23 03:26:49.672    10    10 I qcom_q6v5_pas 4080000.remoteproc-mss: assigned reserved memory node linux,cma
03-23 03:26:49.672    10    10 I qcom_q6v5_pas 4080000.remoteproc-mss: Low SVS vote for ICC is not set.
03-23 03:26:49.672    10    10 E         : q6v5_pdev exist
03-23 03:26:49.672    10    10 I remoteproc3: 4080000.remoteproc-mss is available
03-23 03:26:49.673    10    10 I [drm:sde_power_mnoc_bus_parse:483]: mnoc interconnect path(s) not defined, rc: 0
03-23 03:26:49.673    10    10 I [sde_cesta:sde_cesta_probe:1305]: sde cesta index:0 probed successfully
03-23 03:26:49.673    10    10 I [drm:sde_dbg_init:2868] evtlog_status: enable:11, panic:1, dump:2
03-23 03:26:49.675    10    10 I goodix_fp: enter gf_probe
03-23 03:26:49.675    10    10 I input   : qwerty as /devices/virtual/input/input4
03-23 03:26:49.675    10    10 I goodix_fp: version V1.2.11
03-23 03:26:49.675    10    10 I arm-smmu 3da0000.kgsl-smmu: probing hardware configuration...
03-23 03:26:49.675    10    10 I arm-smmu 3da0000.kgsl-smmu: SMMUv2 with:
03-23 03:26:49.675    10    10 I arm-smmu 3da0000.kgsl-smmu: stage 1 translation
03-23 03:26:49.675    10    10 I arm-smmu 3da0000.kgsl-smmu: coherent table walk
03-23 03:26:49.675    10    10 I arm-smmu 3da0000.kgsl-smmu: stream matching with 24 register groups
03-23 03:26:49.676    10    10 I arm-smmu 3da0000.kgsl-smmu: 22 context banks (0 stage-2 only)
03-23 03:26:49.676    10    10 I arm-smmu 3da0000.kgsl-smmu: Supported page sizes: 0x61311000
03-23 03:26:49.676    10    10 I arm-smmu 3da0000.kgsl-smmu: Stage-1: 48-bit VA -> 36-bit IPA
03-23 03:26:49.676    10    10 I arm-smmu 3da0000.kgsl-smmu: preserved 0 boot mappings
03-23 03:26:49.677    10    10 E qcom-iommu-debug soc: iommu_test_device: Failed to create device link (0x180) with 3da0000.kgsl-smmu
03-23 03:26:49.677    10    10 E qcom-iommu-debug soc: iommu_test_device: Failed to create device link (0x180) with 3da0000.kgsl-smmu
03-23 03:26:49.680    10    10 I [drm:dsi_ctrl_dev_probe [msm_drm]] [msm-dsi-info]: dsi-ctrl-0: Probe successful
03-23 03:26:49.681    10    10 W qcom-bwmon: Zone thres larger than hw limit: hi:267 med:400 lo:0
03-23 03:26:49.681    10    10 I [drm:dsi_ctrl_dev_probe [msm_drm]] [msm-dsi-info]: dsi-ctrl-1: Probe successful
03-23 03:26:49.681    10    10 E OF      : graph: no port node found in /soc/qcom,dsi-display-primary
03-23 03:26:49.681    10    10 E         : [drm:dsi_panel_get [msm_drm]] *ERROR* [msm-dsi-error]: failed to read qcom,mdss-dsi-panel-version, rc=-22
03-23 03:26:49.695   133   133 E         : [NT_reserve_kernel_log] Get partition failed, retry count 192
03-23 03:26:49.696    10    10 W irq     : type mismatch, failed to map hwirq-739 for interrupt-controller@17100000!
03-23 03:26:49.696    10    10 I arm-smmu 15000000.apps-smmu: probing hardware configuration...
03-23 03:26:49.696    10    10 I arm-smmu 15000000.apps-smmu: SMMUv2 with:
03-23 03:26:49.696    10    10 I arm-smmu 15000000.apps-smmu: stage 1 translation
03-23 03:26:49.696    10    10 I arm-smmu 15000000.apps-smmu: coherent table walk
03-23 03:26:49.696    10    10 I arm-smmu 15000000.apps-smmu: stream matching with 138 register groups
03-23 03:26:49.696    10    10 I arm-smmu 15000000.apps-smmu: 83 context banks (0 stage-2 only)
03-23 03:26:49.696    10    10 I arm-smmu 15000000.apps-smmu: Supported page sizes: 0x61311000
03-23 03:26:49.696    10    10 I arm-smmu 15000000.apps-smmu: Stage-1: 36-bit VA -> 36-bit IPA
03-23 03:26:49.697    10    10 I arm-smmu 15000000.apps-smmu: preserved 0 boot mappings
03-23 03:26:49.699    10    10 E qcom_q6v5_pas 32300000.remoteproc-cdsp: Failed to create device link (0x180) with 15000000.apps-smmu
03-23 03:26:49.699    10    10 E qcom_q6v5_pas 32300000.remoteproc-cdsp: Failed to create device link (0x180) with 15000000.apps-smmu
03-23 03:26:49.699    10    10 E qcom_q6v5_pas 32300000.remoteproc-cdsp: Failed to create device link (0x180) with 15000000.apps-smmu
03-23 03:26:49.699    10    10 E qcom_q6v5_pas 32300000.remoteproc-cdsp: Failed to create device link (0x180) with 15000000.apps-smmu
03-23 03:26:49.699    10    10 E qcom_q6v5_pas 32300000.remoteproc-cdsp: Failed to create device link (0x180) with 15000000.apps-smmu
03-23 03:26:49.699    10    10 E qcom_q6v5_pas 32300000.remoteproc-cdsp: Failed to create device link (0x180) with 15000000.apps-smmu
03-23 03:26:49.699    10    10 E qcom_q6v5_pas 32300000.remoteproc-cdsp: Failed to create device link (0x180) with 15000000.apps-smmu
03-23 03:26:49.699    10    10 E qcom_q6v5_pas 32300000.remoteproc-cdsp: Failed to create device link (0x180) with 15000000.apps-smmu
03-23 03:26:49.699    10    10 E qcom_q6v5_pas 32300000.remoteproc-cdsp: Failed to create device link (0x180) with 15000000.apps-smmu
03-23 03:26:49.699    10    10 E qcom_q6v5_pas 32300000.remoteproc-cdsp: Failed to create device link (0x180) with 15000000.apps-smmu
03-23 03:26:49.699    10    10 E qcom_q6v5_pas 32300000.remoteproc-cdsp: Failed to create device link (0x180) with 15000000.apps-smmu
03-23 03:26:49.699    10    10 E qcom_q6v5_pas 32300000.remoteproc-cdsp: Failed to create device link (0x180) with 15000000.apps-smmu
03-23 03:26:49.699    10    10 E qcom_q6v5_pas 3000000.remoteproc-adsp: Failed to create device link (0x180) with 15000000.apps-smmu
03-23 03:26:49.699    10    10 E qcom_q6v5_pas 3000000.remoteproc-adsp: Failed to create device link (0x180) with 15000000.apps-smmu
03-23 03:26:49.699    10    10 E qcom_q6v5_pas 3000000.remoteproc-adsp: Failed to create device link (0x180) with 15000000.apps-smmu
03-23 03:26:49.699    10    10 E qcom_q6v5_pas 3000000.remoteproc-adsp: Failed to create device link (0x180) with 15000000.apps-smmu
03-23 03:26:49.699    10    10 E qcom_q6v5_pas 3000000.remoteproc-adsp: Failed to create device link (0x180) with 15000000.apps-smmu
03-23 03:26:49.699    10    10 E qcom_q6v5_pas 3000000.remoteproc-adsp: Failed to create device link (0x180) with 15000000.apps-smmu
03-23 03:26:49.699    10    10 E qcom-iommu-debug soc: iommu_test_device: Failed to create device link (0x180) with 15000000.apps-smmu
03-23 03:26:49.699    10    10 E qcom-iommu-debug soc: iommu_test_device: Failed to create device link (0x180) with 15000000.apps-smmu
03-23 03:26:49.699    10    10 E qcom-iommu-debug soc: iommu_test_device: Failed to create device link (0x180) with 15000000.apps-smmu
03-23 03:26:49.699    10    10 E qcom-iommu-debug soc: iommu_test_device: Failed to create device link (0x180) with 15000000.apps-smmu
03-23 03:26:49.699    10    10 E qcom-iommu-debug soc: iommu_test_device: Failed to create device link (0x180) with 15000000.apps-smmu
03-23 03:26:49.700    10    10 I [drm:dsi_display_dev_probe [msm_drm]] [msm-dsi-info]: secondary default panel not found
03-23 03:26:49.701    10    10 I tcsr_cc-tuna 1fbf000.clock-controller: sync_state
03-23 03:26:49.701    10    10 I msmdrm_smmu soc: qcom,smmu_sde_unsec_cb: Adding to iommu group 0
03-23 03:26:49.701    10    10 I         : [drm] probing device qcom,smmu_sde_unsec
03-23 03:26:49.701    10    10 I         : [drm] Created domain mdp_ns, secure=0
03-23 03:26:49.701    10    10 I msmdrm_smmu soc: qcom,smmu_sde_sec_cb: Adding to iommu group 1
03-23 03:26:49.702    10    10 I         : [drm] probing device qcom,smmu_sde_sec
03-23 03:26:49.702    10    10 I         : [drm] Created domain mdp_s, secure=1
03-23 03:26:49.702    10    10 I [drm:dsi_display_bind [msm_drm]] [msm-dsi-info]: Successfully bind display panel 'qcom,mdss_dsi_rm692j0_120hz_fhd_plus_dsc_cmd '
03-23 03:26:49.702    10    10 I msm_drm ae00000.qcom,mdss_mdp: bound soc:qcom,dsi-display-primary (ops dsi_display_comp_ops [msm_drm])
03-23 03:26:49.702    10    10 I msm_drm ae00000.qcom,mdss_mdp: bound soc:qcom,dsi-display-secondary (ops dsi_display_comp_ops [msm_drm])
03-23 03:26:49.703    10    10 I msm_drm ae00000.qcom,mdss_mdp: bound soc:qcom,smmu_sde_unsec_cb (ops msm_smmu_comp_ops [msm_drm])
03-23 03:26:49.703    10    10 I msm_drm ae00000.qcom,mdss_mdp: bound soc:qcom,smmu_sde_sec_cb (ops msm_smmu_comp_ops [msm_drm])
03-23 03:26:49.703    10    10 I msm_drm ae00000.qcom,mdss_mdp: bound soc:qcom,wb-display@1 (ops sde_wb_comp_ops [msm_drm])
03-23 03:26:49.703    10    10 I msm_drm ae00000.qcom,mdss_mdp: bound soc:qcom,wb-display@2 (ops sde_wb_comp_ops [msm_drm])
03-23 03:26:49.703    10    10 I msm_drm ae00000.qcom,mdss_mdp: bound af54000.qcom,dp_display (ops dp_display_comp_ops [msm_drm])
03-23 03:26:49.703    10    10 I msm_drm ae00000.qcom,mdss_mdp: bound af20000.qcom,sde_cesta (ops sde_cesta_comp_ops [msm_drm])
03-23 03:26:49.703    10    10 I         : [drm] mapped mdp address space @00000000bcb1616f
03-23 03:26:49.704    10    10 I [drm:sde_hw_check_ssip_fuse:6346] ssip: disable = 0 polarity = 0
03-23 03:26:49.704    10    10 I         : [drm:_sde_kms_hw_init_blocks:5288] sde hardware revision:0xc0030000
03-23 03:26:49.705    10    10 I         : [drm:_sde_rm_hw_blk_create_new:898] failed to init hw-fences, disabling hw-fences
03-23 03:26:49.710    10    10 I [drm:dsi_panel_get_mode [msm_drm]] [msm-dsi-info]: default topology: lm: 2 comp_enc:2 intf: 1
03-23 03:26:49.710    10    10 I [drm:dsi_panel_get_mode [msm_drm]] [msm-dsi-info]: default topology: lm: 2 comp_enc:2 intf: 1
03-23 03:26:49.710    10    10 I [drm:dsi_panel_get_mode [msm_drm]] [msm-dsi-info]: default topology: lm: 2 comp_enc:2 intf: 1
03-23 03:26:49.712    10    10 I         : [drm:dp_display_initialize_hdcp][msm-dp-info][10  ]HDCP 1.3 initialized
03-23 03:26:49.712    10    10 I         : [drm:dp_display_initialize_hdcp][msm-dp-info][10  ]HDCP 2.2 initialized
03-23 03:26:49.713    10    10 I gh_msgq : Registered client for label: 2
03-23 03:26:49.714    10    10 I         : [drm] cont_splash enabled in 1 of 1 display(s)
03-23 03:26:49.714    10    10 I [drm:dsi_ctrl_isr_configure [msm_drm]] [msm-dsi-info]: dsi-ctrl-0: IRQ 251 registered
03-23 03:26:49.714    10    10 I         : [drm] Initialized msm_drm 1.4.0 20130625 for ae00000.qcom,mdss_mdp on minor 0
03-23 03:26:49.714    10    10 I disp_cc-tuna af00000.clock-controller: sync_state
03-23 03:26:49.716    10    10 I gpi_dma a00000.qcom,gpi-dma: Adding to iommu group 2
03-23 03:26:49.716    10    10 I gpi_dma 800000.qcom,gpi-dma: Adding to iommu group 3
03-23 03:26:49.719    10    10 I uaudio-qmi soc: usb_audio_qmi_dev: Adding to iommu group 4
03-23 03:26:49.721     1     1 I init    : bool android::init::BlockDevInitializer::InitDevices(std::set<std::string>): partition(s) not found in /sys, waiting for their uevent(s): boot_a, dtbo_a, init_boot_a, metadata, nt_log, recovery_a, super, vbmeta_a, vbmeta_system_a, vbmeta_vendor_a, vendor_boot_a
03-23 03:26:49.721    10    10 I coresight-tmc 10048000.tmc: Adding to iommu group 5
03-23 03:26:49.722    10    10 I coresight-tmc 1004f000.tmc: Adding to iommu group 6
03-23 03:26:49.722    10    10 E 1004f000.tmc: ETR usb property is not configured!
03-23 03:26:49.722    10    10 I ufshcd-qcom 1d84000.ufshc: Adding to iommu group 7
03-23 03:26:49.723    10    10 I ufshcd-qcom 1d84000.ufshc: ufshcd_populate_vreg: unable to find vdd-hba-max-microamp
03-23 03:26:49.723    10    10 I ufshcd-qcom 1d84000.ufshc: ufshcd_populate_vreg: Unable to find vccq2-supply regulator, assuming enabled
03-23 03:26:49.724    10    10 I ufshcd-qcom 1d84000.ufshc: ufs_qcom_parse_reg_info: Unable to find qcom,vccq2-parent-supply regulator, assuming enabled
03-23 03:26:49.724    10    10 I ufshcd-qcom 1d84000.ufshc: Found QC Inline Crypto Engine (ICE) v4.0.3
03-23 03:26:49.731   133   133 E         : [NT_reserve_kernel_log] Get partition failed, retry count 191
03-23 03:26:49.734    10    10 I geni_se_qup ac0000.qcom,qupv3_1_geni_se: Adding to iommu group 8
03-23 03:26:49.735    10    10 I boot_kpi: M - DRIVER GENI_I2C Init
03-23 03:26:49.735    10    10 I i2c_geni a80000.i2c: Bus frequency is set to 1000000Hz.
03-23 03:26:49.735    10    10 I boot_kpi: M - DRIVER GENI_I2C_0 Ready
03-23 03:26:49.735    10    10 I i2c_geni a80000.i2c: I2C probed
03-23 03:26:49.735    10    10 I boot_kpi: M - DRIVER GENI_SPI Init
03-23 03:26:49.735    10    10 I spi_geni a88000.spi: spi_geni_probe: completed 0
03-23 03:26:49.735    10    10 I boot_kpi: M - DRIVER GENI_SPI_2 Ready
03-23 03:26:49.736    10    10 I boot_kpi: M - DRIVER GENI_I2C Init
03-23 03:26:49.736    10    10 I i2c_geni a8c000.i2c: Bus frequency is set to 400000Hz.
03-23 03:26:49.736    10    10 I boot_kpi: M - DRIVER GENI_I2C_3 Ready
03-23 03:26:49.736    10    10 I i2c_geni a8c000.i2c: I2C probed
03-23 03:26:49.736    10    10 I boot_kpi: M - DRIVER GENI_SPI Init
03-23 03:26:49.736    10    10 I spi_geni a90000.spi: LA-VM usecase
03-23 03:26:49.737    10    10 I spi_geni a90000.spi: spi_geni_probe: completed 0
03-23 03:26:49.737    10    10 I boot_kpi: M - DRIVER GENI_SPI_4 Ready
03-23 03:26:49.737    10    10 I boot_kpi: M - DRIVER GENI_I2C Init
03-23 03:26:49.737    10    10 I i2c_geni a94000.i2c: Bus frequency is set to 400000Hz.
03-23 03:26:49.737    10    10 I i2c_geni a94000.i2c: Multi-EE usecase
03-23 03:26:49.738    10    10 E ssusb-redriver 5-001c: writing reg 0x00 failure
03-23 03:26:49.738    10    10 I boot_kpi: M - DRIVER GENI_I2C_5 Ready
03-23 03:26:49.738    10    10 I i2c_geni a94000.i2c: I2C probed
03-23 03:26:49.738    10    10 I a9c000.qcom,qup_uart: ttyMSM0 at MMIO 0xa9c000 (irq = 271, base_baud = 0) is a MSM
03-23 03:26:49.739    10    10 I geni_se_qup 8c0000.qcom,qupv3_2_geni_se: Adding to iommu group 9
03-23 03:26:49.739    86    86 I wcd-usbss-i2c-driver 3-000e: sdam registration successful
03-23 03:26:49.739    10    10 I boot_kpi: M - DRIVER GENI_I2C Init
03-23 03:26:49.739    10    10 I i2c_geni 880000.i2c: Bus frequency is set to 400000Hz.
03-23 03:26:49.740    10    10 I wl28681 8-0061: RESET GPIO number is 535
03-23 03:26:49.740    86    86 I wcd-usbss-i2c-driver 3-000e: Probe completed!
03-23 03:26:49.740   418   418 E wcd-usbss-i2c-driver 3-000e: wcd_usbss_is_in_reset_state: Surge check #3 failed
03-23 03:26:49.767   133   133 E         : [NT_reserve_kernel_log] Get partition failed, retry count 190
03-23 03:26:49.773    10    10 I WL_L1N  : Bringing 0uV into 1000000-1000000uV
03-23 03:26:49.775    10    10 I WL_L2N  : Bringing 0uV into 1000000-1000000uV
03-23 03:26:49.776    10    10 I WL_L3N  : Bringing 0uV into 1500000-1500000uV
03-23 03:26:49.777    10    10 I WL_L4N  : Bringing 0uV into 1500000-1500000uV
03-23 03:26:49.778    10    10 I WL_L5N  : Bringing 0uV into 1500000-1500000uV
03-23 03:26:49.779    10    10 I WL_L6N  : Bringing 0uV into 1500000-1500000uV
03-23 03:26:49.780    11    11 I ufshcd-qcom 1d84000.ufshc: Resource mcq not provided
03-23 03:26:49.780    11    11 I ufshcd-qcom 1d84000.ufshc: Resource mcq_sqis not provided
03-23 03:26:49.780    11    11 I ufshcd-qcom 1d84000.ufshc: Resource mcq_cqd not provided
03-23 03:26:49.780    11    11 I ufshcd-qcom 1d84000.ufshc: Resource mcq_cqis not provided
03-23 03:26:49.780    10    10 I WL_L7N  : Bringing 0uV into 1500000-1500000uV
03-23 03:26:49.781    11    11 I ufshcd-qcom 1d84000.ufshc: ESI configured
03-23 03:26:49.781    11    11 I ufshcd-qcom 1d84000.ufshc: MCQ configured, nr_queues=9, io_queues=8, read_queue=0, poll_queues=1, queue_depth=64
03-23 03:26:49.781    11    11 I scsi host0: ufshcd
03-23 03:26:49.782    10    10 I wl28681 8-0061: WL28681_UVP_INT_MASK = 0 ret = 0
03-23 03:26:49.783    10    10 I wl28681 8-0061: WL28681_OCP_INT_MASK = 0 ret = 0
03-23 03:26:49.783    10    10 I wl28681 8-0061: WL28681_TSD_UVLO_INT_MASK = 0 ret = 0
03-23 03:26:49.783    10    10 I wl28681 8-0061: wl28681 WL_LDO0 value is 0x7c
03-23 03:26:49.783    10    10 I wl28681 8-0061: wl28681 WL_LDO1 value is 0x7c
03-23 03:26:49.783    10    10 I wl28681 8-0061: wl28681 WL_LDO2 value is 0x11
03-23 03:26:49.783    10    10 I wl28681 8-0061: wl28681 WL_LDO3 value is 0x11
03-23 03:26:49.784    10    10 I wl28681 8-0061: wl28681 WL_LDO4 value is 0x11
03-23 03:26:49.784    10    10 I wl28681 8-0061: wl28681 WL_LDO5 value is 0x11
03-23 03:26:49.784    10    10 I wl28681 8-0061: wl28681 WL_LDO6 value is 0x11
03-23 03:26:49.784    10    10 I wl28681 8-0035: RESET GPIO number is 534
03-23 03:26:49.796    11    11 I scsi 0  : 0:0:49488: Well-known LUN    SKhynix  HN8T174EJKX075   A304 PQ: 0 ANSI: 6
03-23 03:26:49.796    11    11 I ufs_device_wlun 0: 0:0:49488: Attached scsi generic sg0 type 30
03-23 03:26:49.796    11    11 I scsi 0  : 0:0:49476: Well-known LUN    SKhynix  HN8T174EJKX075   A304 PQ: 0 ANSI: 6
03-23 03:26:49.796    11    11 I scsi 0  : 0:0:49476: Attached scsi generic sg1 type 30
03-23 03:26:49.797    11    11 I scsi 0  : 0:0:49456: Well-known LUN    SKhynix  HN8T174EJKX075   A304 PQ: 0 ANSI: 6
03-23 03:26:49.797    11    11 I scsi 0  : 0:0:49456: Attached scsi generic sg2 type 30
03-23 03:26:49.797    11    11 I scsi 0  : 0:0:0: Direct-Access     SKhynix  HN8T174EJKX075   A304 PQ: 0 ANSI: 6
03-23 03:26:49.797    11    11 I scsi 0  : 0:0:1: Direct-Access     SKhynix  HN8T174EJKX075   A304 PQ: 0 ANSI: 6
03-23 03:26:49.798    11    11 I scsi 0  : 0:0:2: Direct-Access     SKhynix  HN8T174EJKX075   A304 PQ: 0 ANSI: 6
03-23 03:26:49.798    11    11 I scsi 0  : 0:0:3: Direct-Access     SKhynix  HN8T174EJKX075   A304 PQ: 0 ANSI: 6
03-23 03:26:49.798    11    11 I scsi 0  : 0:0:4: Direct-Access     SKhynix  HN8T174EJKX075   A304 PQ: 0 ANSI: 6
03-23 03:26:49.799    11    11 I scsi 0  : 0:0:5: Direct-Access     SKhynix  HN8T174EJKX075   A304 PQ: 0 ANSI: 6
03-23 03:26:49.799    11    11 I sd 0    : 0:0:0: Attached scsi generic sg3 type 0
03-23 03:26:49.799    11    11 I sd 0    : 0:0:1: Attached scsi generic sg4 type 0
03-23 03:26:49.799    86    86 I sd 0    : 0:0:0: [sda] 61521920 4096-byte logical blocks: (252 GB/235 GiB)
03-23 03:26:49.799    86    86 I sd 0    : 0:0:0: [sda] Write Protect is off
03-23 03:26:49.799    86    86 D sd 0    : 0:0:0: [sda] Mode Sense: 00 32 00 10
03-23 03:26:49.799    86    86 I sd 0    : 0:0:0: [sda] Disabling FUA
03-23 03:26:49.799    86    86 I sd 0    : 0:0:0: [sda] Write cache: enabled, read cache: enabled, doesn't support DPO or FUA
03-23 03:26:49.799    86    86 I sd 0    : 0:0:0: [sda] Preferred minimum I/O size 4096 bytes
03-23 03:26:49.799    86    86 I sd 0    : 0:0:0: [sda] Optimal transfer size 524288 bytes
03-23 03:26:49.800    89    89 I sd 0    : 0:0:1: [sdb] 5120 4096-byte logical blocks: (21.0 MB/20.0 MiB)
03-23 03:26:49.800    11    11 I scsi 0  : 0:0:2: Attached scsi generic sg5 type 0
03-23 03:26:49.800    11    11 I scsi 0  : 0:0:3: Attached scsi generic sg6 type 0
03-23 03:26:49.800    11    11 I scsi 0  : 0:0:4: Attached scsi generic sg7 type 0
03-23 03:26:49.800    11    11 I scsi 0  : 0:0:5: Attached scsi generic sg8 type 0
03-23 03:26:49.800    89    89 I sd 0    : 0:0:1: [sdb] Write Protect is off
03-23 03:26:49.800    89    89 D sd 0    : 0:0:1: [sdb] Mode Sense: 00 32 00 10
03-23 03:26:49.800    11    11 I sd 0    : 0:0:2: [sdc] 5120 4096-byte logical blocks: (21.0 MB/20.0 MiB)
03-23 03:26:49.800    89    89 I sd 0    : 0:0:1: [sdb] Disabling FUA
03-23 03:26:49.800    89    89 I sd 0    : 0:0:1: [sdb] Write cache: disabled, read cache: enabled, doesn't support DPO or FUA
03-23 03:26:49.800    89    89 I sd 0    : 0:0:1: [sdb] Preferred minimum I/O size 4096 bytes
03-23 03:26:49.800    89    89 I sd 0    : 0:0:1: [sdb] Optimal transfer size 524288 bytes
03-23 03:26:49.800    11    11 I sd 0    : 0:0:2: [sdc] Write Protect is off
03-23 03:26:49.800    11    11 D sd 0    : 0:0:2: [sdc] Mode Sense: 00 32 00 10
03-23 03:26:49.800   408   408 I sd 0    : 0:0:3: [sdd] 8192 4096-byte logical blocks: (33.6 MB/32.0 MiB)
03-23 03:26:49.800    11    11 I sd 0    : 0:0:2: [sdc] Disabling FUA
03-23 03:26:49.800    11    11 I sd 0    : 0:0:2: [sdc] Write cache: disabled, read cache: enabled, doesn't support DPO or FUA
03-23 03:26:49.800    11    11 I sd 0    : 0:0:2: [sdc] Preferred minimum I/O size 4096 bytes
03-23 03:26:49.800    11    11 I sd 0    : 0:0:2: [sdc] Optimal transfer size 524288 bytes
03-23 03:26:49.800   408   408 I sd 0    : 0:0:3: [sdd] Write Protect is off
03-23 03:26:49.800   408   408 D sd 0    : 0:0:3: [sdd] Mode Sense: 00 32 00 10
03-23 03:26:49.800   408   408 I sd 0    : 0:0:3: [sdd] Disabling FUA
03-23 03:26:49.800   408   408 I sd 0    : 0:0:3: [sdd] Write cache: enabled, read cache: enabled, doesn't support DPO or FUA
03-23 03:26:49.800   408   408 I sd 0    : 0:0:3: [sdd] Preferred minimum I/O size 4096 bytes
03-23 03:26:49.800   408   408 I sd 0    : 0:0:3: [sdd] Optimal transfer size 524288 bytes
03-23 03:26:49.800   420   420 I sd 0    : 0:0:5: [sdf] 8192 4096-byte logical blocks: (33.6 MB/32.0 MiB)
03-23 03:26:49.800   420   420 I sd 0    : 0:0:5: [sdf] Write Protect is off
03-23 03:26:49.800   420   420 D sd 0    : 0:0:5: [sdf] Mode Sense: 00 32 00 10
03-23 03:26:49.800   420   420 I sd 0    : 0:0:5: [sdf] Disabling FUA
03-23 03:26:49.800   420   420 I sd 0    : 0:0:5: [sdf] Write cache: enabled, read cache: enabled, doesn't support DPO or FUA
03-23 03:26:49.800   420   420 I sd 0    : 0:0:5: [sdf] Preferred minimum I/O size 4096 bytes
03-23 03:26:49.800   420   420 I sd 0    : 0:0:5: [sdf] Optimal transfer size 524288 bytes
03-23 03:26:49.801   419   419 I sd 0    : 0:0:4: [sde] 917504 4096-byte logical blocks: (3.76 GB/3.50 GiB)
03-23 03:26:49.801   419   419 I sd 0    : 0:0:4: [sde] Write Protect is off
03-23 03:26:49.801   419   419 D sd 0    : 0:0:4: [sde] Mode Sense: 00 32 00 10
03-23 03:26:49.801   419   419 I sd 0    : 0:0:4: [sde] Disabling FUA
03-23 03:26:49.801   419   419 I sd 0    : 0:0:4: [sde] Write cache: enabled, read cache: enabled, doesn't support DPO or FUA
03-23 03:26:49.801   419   419 I sd 0    : 0:0:4: [sde] Preferred minimum I/O size 4096 bytes
03-23 03:26:49.801   419   419 I sd 0    : 0:0:4: [sde] Optimal transfer size 524288 bytes
03-23 03:26:49.801    11    11 I sdc     : sdc1 sdc2 sdc3 sdc4 sdc5
03-23 03:26:49.801   408   408 I sdd     : sdd1 sdd2 sdd3
03-23 03:26:49.801   420   420 I sdf     : sdf1 sdf2 sdf3 sdf4 sdf5
03-23 03:26:49.801    89    89 I sdb     : sdb1 sdb2 sdb3 sdb4 sdb5
03-23 03:26:49.801    11    11 I sd 0    : 0:0:2: [sdc] Attached SCSI disk
03-23 03:26:49.802   408   408 I sd 0    : 0:0:3: [sdd] Attached SCSI disk
03-23 03:26:49.802    86    86 I sda     : sda1 sda2 sda3 sda4 sda5 sda6 sda7 sda8 sda9 sda10 sda11 sda12 sda13 sda14
03-23 03:26:49.802   420   420 I sd 0    : 0:0:5: [sdf] Attached SCSI disk
03-23 03:26:49.802    89    89 I sd 0    : 0:0:1: [sdb] Attached SCSI disk
03-23 03:26:49.802    86    86 I sd 0    : 0:0:0: [sda] Attached SCSI disk
03-23 03:26:49.802   419   419 I sde     : sde1 sde2 sde3 sde4 sde5 sde6 sde7 sde8 sde9 sde10 sde11 sde12 sde13 sde14 sde15 sde16 sde17 sde18 sde19 sde20 sde21 sde22 sde23 sde24 sde25 sde26 sde27 sde28 sde29 sde30 sde31 sde32 sde33 sde34 sde35 sde36 sde37 sde38 sde39 sde40 sde41 sde42 sde43 sde44 sde45 sde46 sde47 sde48 sde49 sde50 sde51 sde52 sde53 sde54 sde55 sde56 sde57 sde58 sde59 sde60 sde61 sde62 sde63 sde64 sde65 sde66 sde67 sde68 sde69 sde70 sde71 sde72 sde73 sde74 sde75 sde76 sde77 sde78 sde79 sde80 sde81 sde82 sde83
03-23 03:26:49.803   133   133 E         : [NT_reserve_kernel_log] Get partition failed, retry count 189
03-23 03:26:49.803   419   419 I sd 0    : 0:0:4: [sde] Attached SCSI disk
03-23 03:26:49.804     1     1 I init    : Wait for partitions returned after 82ms
03-23 03:26:49.807     1     1 I init    : [libfs_avb] Returning avb_handle with status: VerificationError
03-23 03:26:49.807     1     1 I init    : init first stage completed!
03-23 03:26:49.807     1     1 I KernelSU: /system/bin/init argc: 2
03-23 03:26:49.807     1     1 I KernelSU: /system/bin/init first arg: selinux_setup
03-23 03:26:49.815     1     1 W init    : [libfs_mgr]Warning: unknown flag: sync
03-23 03:26:49.815     1     1 W init    : DM_DEV_STATUS failed for system_ext_a: No such device or address
03-23 03:26:49.815     1     1 E init    : Could not update logical partition
03-23 03:26:49.815     1     1 W init    : DM_DEV_STATUS failed for product_a: No such device or address
03-23 03:26:49.815     1     1 E init    : Could not update logical partition
03-23 03:26:49.815     1     1 I init    : Opening SELinux policy
03-23 03:26:49.816     1     1 I init    : Loading SELinux policy
03-23 03:26:49.818    10    10 I WL_L1M  : Bringing 0uV into 1000000-1000000uV
03-23 03:26:49.818     1     1 I SELinux : Permission nlmsg_getneigh in class netlink_route_socket not defined in policy.
03-23 03:26:49.818     1     1 I SELinux : Permission bpf in class capability2 not defined in policy.
03-23 03:26:49.818     1     1 I SELinux : Permission checkpoint_restore in class capability2 not defined in policy.
03-23 03:26:49.818     1     1 I SELinux : Permission bpf in class cap2_userns not defined in policy.
03-23 03:26:49.818     1     1 I SELinux : Permission checkpoint_restore in class cap2_userns not defined in policy.
03-23 03:26:49.818     1     1 I SELinux : Class mctp_socket not defined in policy.
03-23 03:26:49.818     1     1 I SELinux : Class io_uring not defined in policy.
03-23 03:26:49.818     1     1 I SELinux : Class user_namespace not defined in policy.
03-23 03:26:49.818     1     1 I SELinux : the above unknown classes and permissions will be denied
03-23 03:26:49.819     1     1 I SELinux : policy capability network_peer_controls=1
03-23 03:26:49.819     1     1 I SELinux : policy capability open_perms=1
03-23 03:26:49.819     1     1 I SELinux : policy capability extended_socket_class=1
03-23 03:26:49.819     1     1 I SELinux : policy capability always_check_network=0
03-23 03:26:49.819     1     1 I SELinux : policy capability cgroup_seclabel=0
03-23 03:26:49.819     1     1 I SELinux : policy capability nnp_nosuid_transition=1
03-23 03:26:49.819     1     1 I SELinux : policy capability genfs_seclabel_symlinks=0
03-23 03:26:49.819     1     1 I SELinux : policy capability ioctl_skip_cloexec=0
03-23 03:26:49.819    10    10 I WL_L2M  : Bringing 0uV into 1000000-1000000uV
03-23 03:26:49.820    10    10 I WL_L3M  : Bringing 0uV into 1500000-1500000uV
03-23 03:26:49.821    10    10 I WL_L4M  : Bringing 0uV into 1500000-1500000uV
03-23 03:26:49.823    10    10 I WL_L5M  : Bringing 0uV into 1500000-1500000uV
03-23 03:26:49.824    10    10 I WL_L6M  : Bringing 0uV into 1500000-1500000uV
03-23 03:26:49.825    10    10 I WL_L7M  : Bringing 0uV into 1500000-1500000uV
03-23 03:26:49.826    10    10 I wl28681 8-0035: WL28681_UVP_INT_MASK = 0 ret = 0
03-23 03:26:49.826    10    10 I wl28681 8-0035: WL28681_OCP_INT_MASK = 0 ret = 0
03-23 03:26:49.827    10    10 I wl28681 8-0035: WL28681_TSD_UVLO_INT_MASK = 0 ret = 0
03-23 03:26:49.827    10    10 I wl28681 8-0035: wl28681 WL_LDO0 value is 0x7c
03-23 03:26:49.827    10    10 I wl28681 8-0035: wl28681 WL_LDO1 value is 0x7c
03-23 03:26:49.827    10    10 I wl28681 8-0035: wl28681 WL_LDO2 value is 0x11
03-23 03:26:49.827    10    10 I wl28681 8-0035: wl28681 WL_LDO3 value is 0x11
03-23 03:26:49.827    10    10 I wl28681 8-0035: wl28681 WL_LDO4 value is 0x11
03-23 03:26:49.828    10    10 I wl28681 8-0035: wl28681 WL_LDO5 value is 0x11
03-23 03:26:49.828    10    10 I wl28681 8-0035: wl28681 WL_LDO6 value is 0x11
03-23 03:26:49.828    10    10 I         : aw9380x probe entry
03-23 03:26:49.828    10    10 I aw9380x_cap 8-0012: [aw9380x_regulator_power:960] regulator-power-supply = <1>
03-23 03:26:49.828    10    10 I aw9380x_cap 8-0012: [aw9380x_regulator_power_init:894] aw9380x power init enter
03-23 03:26:49.828    10    10 I aw9380x_cap 8-0012: [aw9380x_power_enable:923] aw9380x power enable enter
03-23 03:26:49.839   133   133 E         : [NT_reserve_kernel_log] Get partition: nt_uefi
03-23 03:26:49.831   437   437 W auditd  : type=1403 audit(0.0:2): auid=4294967295 ses=4294967295 lsm=selinux res=1
03-23 03:26:49.831   437   437 W auditd  : type=1404 audit(0.0:3): enforcing=1 old_enforcing=0 auid=4294967295 ses=4294967295 enabled=1 old-enabled=1 lsm=selinux res=1
03-23 03:26:49.839   133   133 E         : [NT_reserve_kernel_log] Get partition: nt_kmsg
03-23 03:26:49.839   133   133 E         : [NT_reserve_kernel_log] Match magic NOTING_RKL_V0
03-23 03:26:49.839   133   133 E         : [NT_reserve_kernel_log] boot_count is 114 bootloader_count is 141
03-23 03:26:49.839   133   133 E         : [NT_reserve_kernel_log] write_back_kernel_boot_log start!
03-23 03:26:49.840     1     1 I selinux : SELinux: Loaded file_contexts
03-23 03:26:49.840     1     1 I selinux :  
03-23 03:26:49.840     1     1 I KernelSU: /system/bin/init argc: 2
03-23 03:26:49.840     1     1 I KernelSU: /system/bin/init first arg: second_stage
03-23 03:26:49.840     1     1 I KernelSU: /system/bin/init second_stage executed
03-23 03:26:49.851    10    10 E aw9380x_cap 8-0012: [aw9380x_regulator_is_get_voltage:266] aw9380x voltage is : 3000000 uv
03-23 03:26:49.851    10    10 I aw9380x_cap 8-0012: [aw9380x_parse_dts:1047] cap num = 0
03-23 03:26:49.851    10    10 I aw9380x_cap 8-0012: [aw9380x_parse_dts:1060] irq gpio provided ok.
03-23 03:26:49.851    10    10 I aw9380x_cap 8-0012: [aw9380x_parse_dts:1064] channel_use_flag = 0x1fff
03-23 03:26:49.851    10    10 I aw9380x_cap 8-0012: [aw9380x_parse_dts:1072] aw_cap,use_inter_pull_up = <0>
03-23 03:26:49.851    10    10 I aw9380x_cap 8-0012: [aw9380x_parse_dts:1076] aw_cap, using_pm_ops = <0>
03-23 03:26:49.851    10    10 E aw9380x_cap 8-0012: [aw9380x_create_node:3693] enter
03-23 03:26:49.851    10    10 I aw9380x_cap 8-0012: [aw9380x_create_sysclass_group_register:3658] sysfs_class have be created
03-23 03:26:49.851    10    10 I aw9380x_cap 8-0012: [aw9380x_create_sysclass_group_register:3670] sysfs_dev have be created
03-23 03:26:49.851    10    10 I aw9380x_cap 8-0012: [aw9380x_create_sysclass_group_register:3683] sysfs_create have be created
03-23 03:26:49.851    10    10 I aw9380x_cap 8-0012: [aw9380x_irq_init:4179] IRQ request successfully!
03-23 03:26:49.851    10    10 I aw9380x_cap 8-0012: [aw9380x_irq_init:4188] disable_irq
03-23 03:26:49.851    10    10 I aw9380x_cap 8-0012: [aw9380x_irq_init:4192] irq init success!
03-23 03:26:49.851    10    10 I input   : aw9380x_0_ch0 as /devices/platform/soc/8c0000.qcom,qupv3_2_geni_se/880000.i2c/i2c-8/8-0012/input/input5
03-23 03:26:49.851    10    10 I input   : aw9380x_0_ch1 as /devices/platform/soc/8c0000.qcom,qupv3_2_geni_se/880000.i2c/i2c-8/8-0012/input/input6
03-23 03:26:49.851    10    10 I input   : aw9380x_0_ch2 as /devices/platform/soc/8c0000.qcom,qupv3_2_geni_se/880000.i2c/i2c-8/8-0012/input/input7
03-23 03:26:49.851    10    10 I input   : aw9380x_0_ch3 as /devices/platform/soc/8c0000.qcom,qupv3_2_geni_se/880000.i2c/i2c-8/8-0012/input/input8
03-23 03:26:49.851    10    10 I input   : aw9380x_0_ch4 as /devices/platform/soc/8c0000.qcom,qupv3_2_geni_se/880000.i2c/i2c-8/8-0012/input/input9
03-23 03:26:49.851    10    10 I input   : aw9380x_0_ch5 as /devices/platform/soc/8c0000.qcom,qupv3_2_geni_se/880000.i2c/i2c-8/8-0012/input/input10
03-23 03:26:49.851    10    10 I input   : aw9380x_0_ch6 as /devices/platform/soc/8c0000.qcom,qupv3_2_geni_se/880000.i2c/i2c-8/8-0012/input/input11
03-23 03:26:49.851    10    10 I input   : aw9380x_0_ch7 as /devices/platform/soc/8c0000.qcom,qupv3_2_geni_se/880000.i2c/i2c-8/8-0012/input/input12
03-23 03:26:49.851    10    10 I input   : aw9380x_0_ch8 as /devices/platform/soc/8c0000.qcom,qupv3_2_geni_se/880000.i2c/i2c-8/8-0012/input/input13
03-23 03:26:49.851    10    10 I input   : aw9380x_0_ch9 as /devices/platform/soc/8c0000.qcom,qupv3_2_geni_se/880000.i2c/i2c-8/8-0012/input/input14
03-23 03:26:49.851    10    10 I input   : aw9380x_0_ch10 as /devices/platform/soc/8c0000.qcom,qupv3_2_geni_se/880000.i2c/i2c-8/8-0012/input/input15
03-23 03:26:49.851    10    10 I input   : aw9380x_0_ch11 as /devices/platform/soc/8c0000.qcom,qupv3_2_geni_se/880000.i2c/i2c-8/8-0012/input/input16
03-23 03:26:49.851    10    10 I input   : aw9380x_0_wear as /devices/platform/soc/8c0000.qcom,qupv3_2_geni_se/880000.i2c/i2c-8/8-0012/input/input17
03-23 03:26:49.852    10    10 I aw9380x_cap 8-0012: [aw9380x_check_chipid:1100] AW93804 detected 0xa9331010
03-23 03:26:49.857     1     1 I init    : init second stage started!
03-23 03:26:49.861     1     1 I init    : Using Android DT directory /proc/device-tree/firmware/android/
03-23 03:26:49.862     1     1 W init    : Overriding previous property 'persist.sys.usb.config':'adb' with new value 'none'
03-23 03:26:49.862     1     1 W init    : Overriding previous property 'ro.bootimage.build.date.utc':'1766167282' with new value '1763377771'
03-23 03:26:49.862     1     1 W init    : Couldn't load property file '/system/build.prop': open() failed: No such file or directory: No such file or directory
03-23 03:26:49.862     1     1 W init    : Couldn't load property file '/system_ext/etc/build.prop': open() failed: No such file or directory: No such file or directory
03-23 03:26:49.862     1     1 W init    : Couldn't load property file '/system_ext/default.prop': open() failed: No such file or directory: No such file or directory
03-23 03:26:49.862     1     1 W init    : Couldn't load property file '/system_ext/build.prop': open() failed: No such file or directory: No such file or directory
03-23 03:26:49.862     1     1 W init    : Couldn't load property file '/system_ext/default.prop': open() failed: No such file or directory: No such file or directory
03-23 03:26:49.862     1     1 W init    : Couldn't load property file '/system_ext/build.prop': open() failed: No such file or directory: No such file or directory
03-23 03:26:49.862     1     1 W init    : Couldn't load property file '/vendor/default.prop': open() failed: No such file or directory: No such file or directory
03-23 03:26:49.862     1     1 W init    : Couldn't load property file '/vendor/build.prop': open() failed: No such file or directory: No such file or directory
03-23 03:26:49.862     1     1 W init    : Couldn't load property file '/vendor_dlkm/etc/build.prop': open() failed: No such file or directory: No such file or directory
03-23 03:26:49.862     1     1 W init    : Couldn't load property file '/odm_dlkm/etc/build.prop': open() failed: No such file or directory: No such file or directory
03-23 03:26:49.862     1     1 W init    : Couldn't load property file '/odm/etc/build.prop': open() failed: No such file or directory: No such file or directory
03-23 03:26:49.862     1     1 W init    : Couldn't load property file '/odm/default.prop': open() failed: No such file or directory: No such file or directory
03-23 03:26:49.862     1     1 W init    : Couldn't load property file '/odm/build.prop': open() failed: No such file or directory: No such file or directory
03-23 03:26:49.862     1     1 W init    : Couldn't load property file '/odm/default.prop': open() failed: No such file or directory: No such file or directory
03-23 03:26:49.862     1     1 W init    : Couldn't load property file '/odm/build.prop': open() failed: No such file or directory: No such file or directory
03-23 03:26:49.862     1     1 W init    : Couldn't load property file '/product/etc/build.prop': open() failed: No such file or directory: No such file or directory
03-23 03:26:49.862     1     1 W init    : Couldn't load property file '/product/default.prop': open() failed: No such file or directory: No such file or directory
03-23 03:26:49.862     1     1 W init    : Couldn't load property file '/product/build.prop': open() failed: No such file or directory: No such file or directory
03-23 03:26:49.862     1     1 W init    : Couldn't load property file '/product/default.prop': open() failed: No such file or directory: No such file or directory
03-23 03:26:49.862     1     1 W init    : Couldn't load property file '/product/build.prop': open() failed: No such file or directory: No such file or directory
03-23 03:26:49.862     1     1 I init    : Setting product property ro.product.brand to 'nothing' (from ro.product.product.brand)
03-23 03:26:49.862     1     1 I init    : Setting product property ro.product.device to 'Metroid' (from ro.product.product.device)
03-23 03:26:49.862     1     1 I init    : Setting product property ro.product.manufacturer to 'nothing' (from ro.product.product.manufacturer)
03-23 03:26:49.862     1     1 I init    : Setting product property ro.product.model to 'NOTHING_Metroid' (from ro.product.product.model)
03-23 03:26:49.862     1     1 I init    : Setting product property ro.product.name to 'fox_Metroid' (from ro.product.product.name)
03-23 03:26:49.862     1     1 I init    : Setting property 'ro.build.fingerprint' to 'nothing/fox_Metroid/Metroid:99.87.36/SP2A.220405.004/eng.user.20251219.175643:eng/test-keys'
03-23 03:26:49.862     1     1 I init    : Setting property 'ro.product.cpu.abilist' to 'arm64-v8a'
03-23 03:26:49.862     1     1 I init    : Setting property 'ro.product.cpu.abilist32' to ''
03-23 03:26:49.862     1     1 I init    : Setting property 'ro.product.cpu.abilist64' to 'arm64-v8a'
03-23 03:26:49.863     1     1 I selinux : SELinux: Loaded file_contexts
03-23 03:26:49.863     1     1 I selinux :  
03-23 03:26:49.863     1     1 I init    : Running restorecon...
03-23 03:26:49.865     1     1 E selinux : SELinux: Could not get canonical path for /metadata/ota/rollback-indicator restorecon: No such file or directory.
03-23 03:26:49.865     1     1 E selinux :  
03-23 03:26:49.865     1     1 E selinux : SELinux:  Could not stat /metadata/gsi: No such file or directory.
03-23 03:26:49.865     1     1 E selinux :  
03-23 03:26:49.865     1     1 I init    : Created socket '/dev/socket/property_service', mode 666, user 0, group 0
03-23 03:26:49.866     1     1 I init    : SetupMountNamespaces done
03-23 03:26:49.866     1     1 I init    : Forked subcontext for 'u:r:vendor_init:s0' with pid 424
